2026-05-17 04:20:30.761 [info] I0517 04:20:30.751558 215038 server.go:1236] Starting language server process with pid 215038
2026-05-17 04:20:30.761 [info] I0517 04:20:30.751639 215038 server.go:301] Setting GOMAXPROCS to 4
2026-05-17 04:20:30.761 [info] I0517 04:20:30.752613 215038 server.go:440] Language server will attempt to listen on host 127.0.0.1
2026-05-17 04:20:30.761 [info] I0517 04:20:30.752803 215038 server.go:454] Language server listening on random port at 35871 for HTTPS (gRPC)
2026-05-17 04:20:30.761 [info] I0517 04:20:30.752830 215038 server.go:461] Language server listening on random port at 35075 for HTTP
2026-05-17 04:20:31.179 [info] I0517 04:20:31.179670 215038 server.go:433] Created extension server client at port 45881
2026-05-17 04:20:31.199 [info] I0517 04:20:31.199674 215038 cascade_manager.go:773] Reactive state is disabled
2026-05-17 04:20:31.219 [info] (Antigravity) 2026-05-17 04:20:31.218 [INFO]: Language server started
2026-05-17 04:20:31.242 [info] I0517 04:20:31.231518 215038 server.go:1693] initialized server successfully in 479.846647ms
2026-05-17 04:20:31.728 [info] (Antigravity) 2026-05-17 04:20:31.728 [INFO]: LS lspClient started successfully
2026-05-17 04:20:32.056 [info] I0517 04:20:31.953928 215038 http_helpers.go:151] URL: https://daily-cloudcode-pa.googleapis.com/v1internal:loadCodeAssist Trace: 0xc8554932f42553f6
2026-05-17 04:20:32.472 [info] I0517 04:20:32.472200 215038 http_helpers.go:151] URL: https://daily-cloudcode-pa.googleapis.com/v1internal:fetchAvailableModels Trace: 0xc02d294755ca6ef0
2026-05-17 04:20:45.616 [info] I0517 04:20:45.605040 215374 server.go:1236] Starting language server process with pid 215374
2026-05-17 04:20:45.616 [info] I0517 04:20:45.605108 215374 server.go:301] Setting GOMAXPROCS to 4
2026-05-17 04:20:45.616 [info] I0517 04:20:45.605965 215374 server.go:440] Language server will attempt to listen on host 127.0.0.1
2026-05-17 04:20:45.616 [info] I0517 04:20:45.606161 215374 server.go:454] Language server listening on random port at 39881 for HTTPS (gRPC)
2026-05-17 04:20:45.616 [info] I0517 04:20:45.606187 215374 server.go:461] Language server listening on random port at 34119 for HTTP
2026-05-17 04:20:46.045 [info] I0517 04:20:46.045725 215374 server.go:433] Created extension server client at port 39927
2026-05-17 04:20:46.098 [info] I0517 04:20:46.076519 215374 cascade_manager.go:773] Reactive state is disabled
2026-05-17 04:20:46.106 [info] (Antigravity) 2026-05-17 04:20:46.105 [INFO]: Language server started
2026-05-17 04:20:46.125 [info] I0517 04:20:46.118064 215374 server.go:1693] initialized server successfully in 512.917537ms
2026-05-17 04:20:46.524 [info] (Antigravity) 2026-05-17 04:20:46.524 [INFO]: LS lspClient started successfully
2026-05-17 04:20:47.948 [info] I0517 04:20:47.948304 215374 http_helpers.go:151] URL: https://daily-cloudcode-pa.googleapis.com/v1internal:loadCodeAssist Trace: 0x331473117119f315
2026-05-17 04:20:48.393 [info] I0517 04:20:48.393575 215374 http_helpers.go:151] URL: https://daily-cloudcode-pa.googleapis.com/v1internal:fetchAvailableModels Trace: 0x97b67fda07f9dfbc
2026-05-17 04:24:27.887 [info] (Antigravity) 2026-05-17 04:24:27.886 [INFO]: [Terminal] Command completed: cd dashboard exit code 0
2026-05-17 04:24:33.750 [info] (Antigravity) 2026-05-17 04:24:33.750 [INFO]: [Terminal] Command completed: npm install exit code 0
2026-05-17 04:26:46.693 [info] I0517 04:26:46.686587 215374 http_helpers.go:151] URL: https://daily-cloudcode-pa.googleapis.com/v1internal:fetchAvailableModels Trace: 0x1cf1371ede6e8970
2026-05-17 04:26:47.176 [info] I0517 04:26:47.176480 215374 http_helpers.go:151] URL: https://daily-cloudcode-pa.googleapis.com/v1internal:loadCodeAssist Trace: 0xd3ebcf96d1bcab01
2026-05-17 04:32:46.789 [info] I0517 04:32:46.789359 215374 http_helpers.go:151] URL: https://daily-cloudcode-pa.googleapis.com/v1internal:fetchAvailableModels Trace: 0xb19d2406ba1174e
2026-05-17 04:32:47.191 [info] I0517 04:32:47.191611 215374 http_helpers.go:151] URL: https://daily-cloudcode-pa.googleapis.com/v1internal:loadCodeAssist Trace: 0xef2839b5d4420fe
2026-05-17 04:38:47.108 [info] I0517 04:38:47.108449 215374 http_helpers.go:151] URL: https://daily-cloudcode-pa.googleapis.com/v1internal:loadCodeAssist Trace: 0xcabfa3f92c30a298
2026-05-17 04:38:47.137 [info] I0517 04:38:47.137469 215374 http_helpers.go:151] URL: https://daily-cloudcode-pa.googleapis.com/v1internal:fetchAvailableModels Trace: 0x1e65f8a0eba72ce0
2026-05-17 04:39:46.816 [info] I0517 04:39:46.816040 215374 http_helpers.go:151] URL: https://daily-cloudcode-pa.googleapis.com/v1internal:loadCodeAssist Trace: 0xe362035928cff099
2026-05-17 04:39:47.143 [info] I0517 04:39:47.143244 215374 http_helpers.go:151] URL: https://daily-cloudcode-pa.googleapis.com/v1internal:fetchAvailableModels Trace: 0xd7c7a64cf006359
2026-05-17 04:45:46.602 [info] I0517 04:45:46.601826 215374 http_helpers.go:151] URL: https://daily-cloudcode-pa.googleapis.com/v1internal:fetchAvailableModels Trace: 0x85721cf5b39c9593
2026-05-17 04:45:47.159 [info] I0517 04:45:47.159238 215374 http_helpers.go:151] URL: https://daily-cloudcode-pa.googleapis.com/v1internal:loadCodeAssist Trace: 0x40abfc5df0b7502
2026-05-17 04:50:27.737 [info] E0517 04:50:27.736709 215374 log.go:398] while decoding file, failed to detect charset with sufficient confidence
2026-05-17 04:50:28.044 [info] E0517 04:50:28.043791 215374 log.go:398] while decoding file, failed to detect charset with sufficient confidence
2026-05-17 04:50:28.323 [info] E0517 04:50:28.323151 215374 log.go:398] while decoding file, failed to detect charset with sufficient confidence
2026-05-17 04:50:28.544 [info] E0517 04:50:28.544596 215374 log.go:398] while decoding file, failed to detect charset with sufficient confidence
2026-05-17 04:51:46.836 [info] I0517 04:51:46.836171 215374 http_helpers.go:151] URL: https://daily-cloudcode-pa.googleapis.com/v1internal:fetchAvailableModels Trace: 0x4957177680ea7b20
2026-05-17 04:51:47.202 [info] I0517 04:51:47.202010 215374 http_helpers.go:151] URL: https://daily-cloudcode-pa.googleapis.com/v1internal:loadCodeAssist Trace: 0xeb19a42b0b3e9e6e
2026-05-17 04:52:38.243 [info] E0517 04:52:38.243224 215374 log.go:398] while decoding file, failed to detect charset with sufficient confidence
2026-05-17 04:52:38.494 [info] E0517 04:52:38.494002 215374 log.go:398] while decoding file, failed to detect charset with sufficient confidence
2026-05-17 04:52:38.501 [info] E0517 04:52:38.500995 215374 log.go:398] file size (4800984) exceeds limit (4194304)
2026-05-17 04:53:16.314 [info] E0517 04:53:16.314042 215374 log.go:398] while decoding file, failed to detect charset with sufficient confidence
2026-05-17 04:53:16.320 [info] E0517 04:53:16.319869 215374 log.go:398] while decoding file, failed to detect charset with sufficient confidence
2026-05-17 04:53:16.320 [info] E0517 04:53:16.320570 215374 log.go:398] while decoding file, failed to detect charset with sufficient confidence
2026-05-17 04:53:16.321 [info] E0517 04:53:16.321561 215374 log.go:398] while decoding file, failed to detect charset with sufficient confidence
2026-05-17 04:53:16.327 [info] E0517 04:53:16.326946 215374 log.go:398] while decoding file, failed to detect charset with sufficient confidence
2026-05-17 04:53:16.329 [info] E0517 04:53:16.329719 215374 log.go:398] while decoding file, failed to detect charset with sufficient confidence
2026-05-17 04:53:17.594 [info] E0517 04:53:17.586804 215374 log.go:398] file size (315240458) exceeds limit (4194304)
2026-05-17 04:53:17.594 [info] E0517 04:53:17.588686 215374 log.go:398] while decoding file, failed to detect charset with sufficient confidence
2026-05-17 04:53:17.603 [info] E0517 04:53:17.599297 215374 log.go:398] while decoding file, failed to detect charset with sufficient confidence
2026-05-17 04:53:17.624 [info] E0517 04:53:17.607657 215374 log.go:398] while decoding file, failed to detect charset with sufficient confidence
2026-05-17 04:53:17.624 [info] E0517 04:53:17.609860 215374 log.go:398] while decoding file, failed to detect charset with sufficient confidence
2026-05-17 04:53:17.624 [info] E0517 04:53:17.611373 215374 log.go:398] while decoding file, failed to detect charset with sufficient confidence
2026-05-17 04:53:17.624 [info] E0517 04:53:17.612834 215374 log.go:398] while decoding file, failed to detect charset with sufficient confidence
2026-05-17 04:53:17.624 [info] E0517 04:53:17.614554 215374 log.go:398] while decoding file, failed to detect charset with sufficient confidence
2026-05-17 04:53:17.624 [info] E0517 04:53:17.616405 215374 log.go:398] while decoding file, failed to detect charset with sufficient confidence
2026-05-17 04:53:17.624 [info] E0517 04:53:17.618400 215374 log.go:398] while decoding file, failed to detect charset with sufficient confidence
2026-05-17 04:53:17.624 [info] E0517 04:53:17.620045 215374 log.go:398] while decoding file, failed to detect charset with sufficient confidence
2026-05-17 04:53:17.624 [info] E0517 04:53:17.621186 215374 log.go:398] while decoding file, failed to detect charset with sufficient confidence
2026-05-17 04:53:17.624 [info] E0517 04:53:17.622229 215374 log.go:398] while decoding file, failed to detect charset with sufficient confidence
2026-05-17 04:53:17.624 [info] E0517 04:53:17.623889 215374 log.go:398] while decoding file, failed to detect charset with sufficient confidence
2026-05-17 04:53:17.625 [info] E0517 04:53:17.625303 215374 log.go:398] while decoding file, failed to detect charset with sufficient confidence
2026-05-17 04:53:17.626 [info] E0517 04:53:17.626604 215374 log.go:398] while decoding file, failed to detect charset with sufficient confidence
2026-05-17 04:53:17.628 [info] E0517 04:53:17.628145 215374 log.go:398] while decoding file, failed to detect charset with sufficient confidence
2026-05-17 04:53:17.629 [info] E0517 04:53:17.629474 215374 log.go:398] while decoding file, failed to detect charset with sufficient confidence
2026-05-17 04:53:17.631 [info] E0517 04:53:17.631146 215374 log.go:398] while decoding file, failed to detect charset with sufficient confidence
2026-05-17 04:53:17.632 [info] E0517 04:53:17.632660 215374 log.go:398] while decoding file, failed to detect charset with sufficient confidence
2026-05-17 04:53:17.634 [info] E0517 04:53:17.633928 215374 log.go:398] while decoding file, failed to detect charset with sufficient confidence
2026-05-17 04:53:17.635 [info] E0517 04:53:17.635483 215374 log.go:398] while decoding file, failed to detect charset with sufficient confidence
2026-05-17 04:53:17.636 [info] E0517 04:53:17.636636 215374 log.go:398] while decoding file, failed to detect charset with sufficient confidence
2026-05-17 04:53:17.638 [info] E0517 04:53:17.638456 215374 log.go:398] while decoding file, failed to detect charset with sufficient confidence
2026-05-17 04:53:17.639 [info] E0517 04:53:17.639788 215374 log.go:398] while decoding file, failed to detect charset with sufficient confidence
2026-05-17 04:53:17.641 [info] E0517 04:53:17.641128 215374 log.go:398] while decoding file, failed to detect charset with sufficient confidence
2026-05-17 04:53:17.642 [info] E0517 04:53:17.642566 215374 log.go:398] while decoding file, failed to detect charset with sufficient confidence
2026-05-17 04:53:17.644 [info] E0517 04:53:17.644264 215374 log.go:398] while decoding file, failed to detect charset with sufficient confidence
2026-05-17 04:53:17.655 [info] E0517 04:53:17.646269 215374 log.go:398] while decoding file, failed to detect charset with sufficient confidence
2026-05-17 04:53:17.655 [info] E0517 04:53:17.647585 215374 log.go:398] while decoding file, failed to detect charset with sufficient confidence
2026-05-17 04:53:17.655 [info] E0517 04:53:17.649133 215374 log.go:398] while decoding file, failed to detect charset with sufficient confidence
2026-05-17 04:53:17.655 [info] E0517 04:53:17.651186 215374 log.go:398] while decoding file, failed to detect charset with sufficient confidence
2026-05-17 04:53:17.655 [info] E0517 04:53:17.653226 215374 log.go:398] while decoding file, failed to detect charset with sufficient confidence
2026-05-17 04:53:17.655 [info] E0517 04:53:17.655249 215374 log.go:398] while decoding file, failed to detect charset with sufficient confidence
2026-05-17 04:53:17.658 [info] E0517 04:53:17.656746 215374 log.go:398] while decoding file, failed to detect charset with sufficient confidence
2026-05-17 04:53:17.658 [info] E0517 04:53:17.658816 215374 log.go:398] while decoding file, failed to detect charset with sufficient confidence
2026-05-17 04:53:17.660 [info] E0517 04:53:17.660250 215374 log.go:398] while decoding file, failed to detect charset with sufficient confidence
2026-05-17 04:53:17.662 [info] E0517 04:53:17.662291 215374 log.go:398] while decoding file, failed to detect charset with sufficient confidence
2026-05-17 04:53:17.664 [info] E0517 04:53:17.664354 215374 log.go:398] while decoding file, failed to detect charset with sufficient confidence
2026-05-17 04:53:17.666 [info] E0517 04:53:17.666411 215374 log.go:398] while decoding file, failed to detect charset with sufficient confidence
2026-05-17 04:53:17.668 [info] E0517 04:53:17.668451 215374 log.go:398] while decoding file, failed to detect charset with sufficient confidence
2026-05-17 04:53:17.669 [info] E0517 04:53:17.669803 215374 log.go:398] while decoding file, failed to detect charset with sufficient confidence
2026-05-17 04:53:17.671 [info] E0517 04:53:17.671129 215374 log.go:398] while decoding file, failed to detect charset with sufficient confidence
2026-05-17 04:53:17.673 [info] E0517 04:53:17.672975 215374 log.go:398] while decoding file, failed to detect charset with sufficient confidence
2026-05-17 04:53:17.675 [info] E0517 04:53:17.674855 215374 log.go:398] while decoding file, failed to detect charset with sufficient confidence
2026-05-17 04:53:17.676 [info] E0517 04:53:17.676105 215374 log.go:398] while decoding file, failed to detect charset with sufficient confidence
2026-05-17 04:53:17.677 [info] E0517 04:53:17.677921 215374 log.go:398] while decoding file, failed to detect charset with sufficient confidence
2026-05-17 04:53:17.679 [info] E0517 04:53:17.679839 215374 log.go:398] while decoding file, failed to detect charset with sufficient confidence
2026-05-17 04:53:17.681 [info] E0517 04:53:17.681477 215374 log.go:398] while decoding file, failed to detect charset with sufficient confidence
2026-05-17 04:53:17.682 [info] E0517 04:53:17.682851 215374 log.go:398] while decoding file, failed to detect charset with sufficient confidence
2026-05-17 04:53:17.684 [info] E0517 04:53:17.684365 215374 log.go:398] while decoding file, failed to detect charset with sufficient confidence
2026-05-17 04:53:17.685 [info] E0517 04:53:17.685734 215374 log.go:398] while decoding file, failed to detect charset with sufficient confidence
2026-05-17 04:53:17.687 [info] E0517 04:53:17.687237 215374 log.go:398] while decoding file, failed to detect charset with sufficient confidence
2026-05-17 04:53:17.688 [info] E0517 04:53:17.688819 215374 log.go:398] while decoding file, failed to detect charset with sufficient confidence
2026-05-17 04:53:17.690 [info] E0517 04:53:17.690154 215374 log.go:398] while decoding file, failed to detect charset with sufficient confidence
2026-05-17 04:53:17.691 [info] E0517 04:53:17.691535 215374 log.go:398] while decoding file, failed to detect charset with sufficient confidence
2026-05-17 04:53:17.693 [info] E0517 04:53:17.693135 215374 log.go:398] while decoding file, failed to detect charset with sufficient confidence
2026-05-17 04:53:17.694 [info] E0517 04:53:17.694559 215374 log.go:398] while decoding file, failed to detect charset with sufficient confidence
2026-05-17 04:53:17.696 [info] E0517 04:53:17.696036 215374 log.go:398] while decoding file, failed to detect charset with sufficient confidence
2026-05-17 04:53:17.698 [info] E0517 04:53:17.698226 215374 log.go:398] while decoding file, failed to detect charset with sufficient confidence
2026-05-17 04:53:17.700 [info] E0517 04:53:17.700083 215374 log.go:398] while decoding file, failed to detect charset with sufficient confidence
2026-05-17 04:53:17.701 [info] E0517 04:53:17.701364 215374 log.go:398] while decoding file, failed to detect charset with sufficient confidence
2026-05-17 04:53:17.737 [info] E0517 04:53:17.737583 215374 log.go:398] while decoding file, failed to detect charset with sufficient confidence
2026-05-17 04:53:17.887 [info] E0517 04:53:17.767208 215374 log.go:398] while decoding file, failed to detect charset with sufficient confidence
2026-05-17 04:53:17.887 [info] E0517 04:53:17.769327 215374 log.go:398] while decoding file, failed to detect charset with sufficient confidence
2026-05-17 04:53:17.887 [info] E0517 04:53:17.773706 215374 log.go:398] while decoding file, failed to detect charset with sufficient confidence
2026-05-17 04:53:17.887 [info] E0517 04:53:17.795788 215374 log.go:398] while decoding file, failed to detect charset with sufficient confidence
2026-05-17 04:53:17.887 [info] E0517 04:53:17.833101 215374 log.go:398] while decoding file, failed to detect charset with sufficient confidence
2026-05-17 04:53:17.923 [info] E0517 04:53:17.923015 215374 log.go:398] while decoding file, failed to detect charset with sufficient confidence
2026-05-17 04:53:17.990 [info] E0517 04:53:17.989996 215374 log.go:398] while decoding file, failed to detect charset with sufficient confidence
2026-05-17 04:53:18.000 [info] E0517 04:53:18.000090 215374 log.go:398] while decoding file, failed to detect charset with sufficient confidence
2026-05-17 04:53:18.034 [info] E0517 04:53:18.034662 215374 log.go:398] while decoding file, failed to detect charset with sufficient confidence
2026-05-17 04:53:19.154 [info] W0517 04:53:19.154002 215374 workspace_manager.go:673] Too many changes in DidChangeWatchedFiles: 1369
2026-05-17 04:57:46.781 [info] I0517 04:57:46.781266 215374 http_helpers.go:151] URL: https://daily-cloudcode-pa.googleapis.com/v1internal:fetchAvailableModels Trace: 0xe14c7d80b02b5b98
2026-05-17 04:57:47.195 [info] I0517 04:57:47.118820 215374 http_helpers.go:151] URL: https://daily-cloudcode-pa.googleapis.com/v1internal:loadCodeAssist Trace: 0x9c5a622a929c7f21
2026-05-17 05:03:46.902 [info] I0517 05:03:46.902253 215374 http_helpers.go:151] URL: https://daily-cloudcode-pa.googleapis.com/v1internal:fetchAvailableModels Trace: 0x66befa51b79cf845
2026-05-17 05:03:47.452 [info] I0517 05:03:47.451881 215374 http_helpers.go:151] URL: https://daily-cloudcode-pa.googleapis.com/v1internal:loadCodeAssist Trace: 0xde1695927b4b3f0d
2026-05-17 05:09:46.928 [info] I0517 05:09:46.927816 215374 http_helpers.go:151] URL: https://daily-cloudcode-pa.googleapis.com/v1internal:fetchAvailableModels Trace: 0xb31ea2a7d82318d1
2026-05-17 05:09:47.335 [info] I0517 05:09:47.334953 215374 http_helpers.go:151] URL: https://daily-cloudcode-pa.googleapis.com/v1internal:loadCodeAssist Trace: 0x988a0bc0a27bf745
2026-05-17 05:12:46.902 [info] (Antigravity) 2026-05-17 05:12:46.901 [INFO]: [Terminal] Command completed: npm run dev exit code 130
2026-05-17 05:15:46.930 [info] I0517 05:15:46.930673 215374 http_helpers.go:151] URL: https://daily-cloudcode-pa.googleapis.com/v1internal:fetchAvailableModels Trace: 0xfe03e6a2f72af064
2026-05-17 05:15:47.098 [info] I0517 05:15:47.098430 215374 http_helpers.go:151] URL: https://daily-cloudcode-pa.googleapis.com/v1internal:loadCodeAssist Trace: 0xc17b312eadc7630b
2026-05-17 05:16:23.454 [info] W0517 05:16:23.454305 215374 workspace_manager.go:673] Too many changes in DidChangeWatchedFiles: 4000
2026-05-17 05:16:23.803 [info] E0517 05:16:23.803546 215374 log.go:398] while decoding file, failed to detect charset with sufficient confidence
2026-05-17 05:16:23.805 [info] E0517 05:16:23.805760 215374 log.go:398] while decoding file, failed to detect charset with sufficient confidence
2026-05-17 05:16:23.808 [info] E0517 05:16:23.807946 215374 log.go:398] while decoding file, failed to detect charset with sufficient confidence
2026-05-17 05:16:23.810 [info] E0517 05:16:23.810535 215374 log.go:398] while decoding file, failed to detect charset with sufficient confidence
2026-05-17 05:16:23.852 [info] E0517 05:16:23.852314 215374 log.go:398] while decoding file, failed to detect charset with sufficient confidence
2026-05-17 05:16:23.988 [info] E0517 05:16:23.988415 215374 log.go:398] while decoding file, failed to detect charset with sufficient confidence
2026-05-17 05:16:24.987 [info] W0517 05:16:24.987599 215374 workspace_manager.go:673] Too many changes in DidChangeWatchedFiles: 4478
2026-05-17 05:16:26.008 [info] E0517 05:16:26.008398 215374 log.go:398] file size (9820374) exceeds limit (4194304)
2026-05-17 05:16:34.778 [info] E0517 05:16:34.778538 215374 log.go:398] while decoding file, failed to detect charset with sufficient confidence
2026-05-17 05:21:46.839 [info] I0517 05:21:46.839132 215374 http_helpers.go:151] URL: https://daily-cloudcode-pa.googleapis.com/v1internal:fetchAvailableModels Trace: 0x17c62ab2696f7a0a
2026-05-17 05:21:47.252 [info] I0517 05:21:47.252592 215374 http_helpers.go:151] URL: https://daily-cloudcode-pa.googleapis.com/v1internal:loadCodeAssist Trace: 0x5095c6801ae9de2d
2026-05-17 05:27:46.781 [info] I0517 05:27:46.780894 215374 http_helpers.go:151] URL: https://daily-cloudcode-pa.googleapis.com/v1internal:fetchAvailableModels Trace: 0xb8784fa15c45a5fe
2026-05-17 05:27:47.410 [info] I0517 05:27:47.410342 215374 http_helpers.go:151] URL: https://daily-cloudcode-pa.googleapis.com/v1internal:loadCodeAssist Trace: 0x5180457c01ee218f
2026-05-17 05:29:27.147 [info] (Antigravity) 2026-05-17 05:29:27.146 [INFO]: [Terminal] Command completed: clear exit code 0
2026-05-17 05:29:43.095 [info] (Antigravity) 2026-05-17 05:29:43.095 [INFO]: [Terminal] Command completed: cp config/secrets/.env.template config/secrets/.env exit code 1
2026-05-17 05:29:48.840 [info] (Antigravity) 2026-05-17 05:29:48.840 [INFO]: [Terminal] Command completed: cd exit code 0
2026-05-17 05:29:58.668 [info] (Antigravity) 2026-05-17 05:29:58.668 [INFO]: [Terminal] Command completed: cd AI_Workflow exit code 0
2026-05-17 05:30:01.064 [info] (Antigravity) 2026-05-17 05:30:01.064 [INFO]: [Terminal] Command completed: cp config/secrets/.env.template config/secrets/.env exit code 0
2026-05-17 05:30:35.633 [info] (Antigravity) 2026-05-17 05:30:35.633 [INFO]: [Terminal] Command completed: nano config/secrets/.env exit code 0
2026-05-17 05:33:46.882 [info] I0517 05:33:46.882564 215374 http_helpers.go:151] URL: https://daily-cloudcode-pa.googleapis.com/v1internal:fetchAvailableModels Trace: 0x65b7c6f474f939c7
2026-05-17 05:33:47.041 [info] I0517 05:33:47.041275 215374 http_helpers.go:151] URL: https://daily-cloudcode-pa.googleapis.com/v1internal:loadCodeAssist Trace: 0x9c6541b436c9e6ac
2026-05-17 05:34:47.026 [info] I0517 05:34:47.026619 215374 http_helpers.go:151] URL: https://daily-cloudcode-pa.googleapis.com/v1internal:loadCodeAssist Trace: 0xd7cbc92c7d4b4a61
2026-05-17 05:34:47.473 [info] I0517 05:34:47.473092 215374 http_helpers.go:151] URL: https://daily-cloudcode-pa.googleapis.com/v1internal:fetchAvailableModels Trace: 0xa9e020d4d8dbcf01
2026-05-17 05:36:21.218 [info] (Antigravity) 2026-05-17 05:36:21.218 [INFO]: [Terminal] Command completed: nano config/secrets/.env exit code 0
2026-05-17 05:39:18.242 [info] E0517 05:39:18.242696 215374 client.go:55] Clearcut responded with HTTP code401
2026-05-17 05:39:23.402 [info] E0517 05:39:23.402529 215374 client.go:55] Clearcut responded with HTTP code401
2026-05-17 05:39:28.570 [info] E0517 05:39:28.569833 215374 client.go:55] Clearcut responded with HTTP code401
2026-05-17 05:39:33.771 [info] E0517 05:39:33.770848 215374 client.go:55] Clearcut responded with HTTP code401
2026-05-17 05:39:38.934 [info] E0517 05:39:38.933902 215374 client.go:55] Clearcut responded with HTTP code401
2026-05-17 05:39:44.103 [info] E0517 05:39:44.102962 215374 client.go:55] Clearcut responded with HTTP code401
2026-05-17 05:39:49.264 [info] E0517 05:39:49.264515 215374 client.go:55] Clearcut responded with HTTP code401
2026-05-17 05:39:54.451 [info] E0517 05:39:54.451591 215374 client.go:55] Clearcut responded with HTTP code401
2026-05-17 05:39:59.730 [info] E0517 05:39:59.729886 215374 client.go:55] Clearcut responded with HTTP code401
2026-05-17 05:40:04.884 [info] E0517 05:40:04.884564 215374 client.go:55] Clearcut responded with HTTP code401
2026-05-17 05:40:10.057 [info] E0517 05:40:10.057740 215374 client.go:55] Clearcut responded with HTTP code401
2026-05-17 05:40:15.580 [info] E0517 05:40:15.580562 215374 client.go:55] Clearcut responded with HTTP code401
2026-05-17 05:40:21.321 [info] E0517 05:40:21.321087 215374 client.go:55] Clearcut responded with HTTP code401
2026-05-17 05:40:27.292 [info] E0517 05:40:27.292616 215374 client.go:55] Clearcut responded with HTTP code401
2026-05-17 05:40:32.920 [info] E0517 05:40:32.919989 215374 client.go:55] Clearcut responded with HTTP code401
2026-05-17 05:40:38.438 [info] E0517 05:40:38.438462 215374 client.go:55] Clearcut responded with HTTP code401
2026-05-17 05:40:43.603 [info] E0517 05:40:43.603588 215374 client.go:55] Clearcut responded with HTTP code401
2026-05-17 05:40:46.757 [info] I0517 05:40:46.757352 215374 http_helpers.go:151] URL: https://daily-cloudcode-pa.googleapis.com/v1internal:fetchAvailableModels Trace: 0x1765a789b6a04c4
2026-05-17 05:40:46.995 [info] I0517 05:40:46.995091 215374 http_helpers.go:151] URL: https://daily-cloudcode-pa.googleapis.com/v1internal:loadCodeAssist Trace: 0x952bffe75dfb018c
2026-05-17 05:40:48.770 [info] E0517 05:40:48.770468 215374 client.go:55] Clearcut responded with HTTP code401
2026-05-17 05:40:53.939 [info] E0517 05:40:53.939489 215374 client.go:55] Clearcut responded with HTTP code401
2026-05-17 05:40:59.099 [info] E0517 05:40:59.099102 215374 client.go:55] Clearcut responded with HTTP code401
2026-05-17 05:41:04.273 [info] E0517 05:41:04.273633 215374 client.go:55] Clearcut responded with HTTP code401
2026-05-17 05:41:09.598 [info] E0517 05:41:09.598065 215374 client.go:55] Clearcut responded with HTTP code401
2026-05-17 05:41:15.229 [info] E0517 05:41:15.229541 215374 client.go:55] Clearcut responded with HTTP code401
2026-05-17 05:41:20.880 [info] E0517 05:41:20.879799 215374 client.go:55] Clearcut responded with HTTP code401
2026-05-17 05:41:26.866 [info] E0517 05:41:26.866177 215374 client.go:55] Clearcut responded with HTTP code401
2026-05-17 05:41:32.034 [info] E0517 05:41:32.033782 215374 client.go:55] Clearcut responded with HTTP code401
2026-05-17 05:41:37.208 [info] E0517 05:41:37.207853 215374 client.go:55] Clearcut responded with HTTP code401
2026-05-17 05:41:42.378 [info] E0517 05:41:42.377761 215374 client.go:55] Clearcut responded with HTTP code401
2026-05-17 05:41:47.618 [info] E0517 05:41:47.618132 215374 client.go:55] Clearcut responded with HTTP code401
2026-05-17 05:41:52.786 [info] E0517 05:41:52.786110 215374 client.go:55] Clearcut responded with HTTP code401
2026-05-17 05:41:57.976 [info] E0517 05:41:57.976634 215374 client.go:55] Clearcut responded with HTTP code401
2026-05-17 05:42:03.139 [info] E0517 05:42:03.138734 215374 client.go:55] Clearcut responded with HTTP code401
2026-05-17 05:46:46.804 [info] I0517 05:46:46.804103 215374 http_helpers.go:151] URL: https://daily-cloudcode-pa.googleapis.com/v1internal:fetchAvailableModels Trace: 0xb986cb40b2efaed4
2026-05-17 05:46:47.248 [info] I0517 05:46:47.247782 215374 http_helpers.go:151] URL: https://daily-cloudcode-pa.googleapis.com/v1internal:loadCodeAssist Trace: 0x1f0dd48bf3be3cf3
2026-05-17 05:52:46.728 [info] I0517 05:52:46.728217 215374 http_helpers.go:151] URL: https://daily-cloudcode-pa.googleapis.com/v1internal:fetchAvailableModels Trace: 0x4e3e41a8300f35a3
2026-05-17 05:52:47.194 [info] I0517 05:52:47.193954 215374 http_helpers.go:151] URL: https://daily-cloudcode-pa.googleapis.com/v1internal:loadCodeAssist Trace: 0x7c1347de0af42f4e
2026-05-17 05:58:16.681 [info] I0517 05:58:16.681009 215374 http_helpers.go:151] URL: https://daily-cloudcode-pa.googleapis.com/v1internal:fetchAvailableModels Trace: 0xbd6ac97cf82bca64
2026-05-17 05:58:16.922 [info] I0517 05:58:16.921737 215374 http_helpers.go:151] URL: https://daily-cloudcode-pa.googleapis.com/v1internal:loadCodeAssist Trace: 0x1718afe442fa4def
2026-05-17 06:03:47.145 [info] I0517 06:03:47.145640 215374 http_helpers.go:151] URL: https://daily-cloudcode-pa.googleapis.com/v1internal:loadCodeAssist Trace: 0x73921e892c7c9659
2026-05-17 06:03:47.146 [info] I0517 06:03:47.146579 215374 http_helpers.go:151] URL: https://daily-cloudcode-pa.googleapis.com/v1internal:fetchAvailableModels Trace: 0xa67f881d0724e671
2026-05-17 06:09:46.705 [info] I0517 06:09:46.705612 215374 http_helpers.go:151] URL: https://daily-cloudcode-pa.googleapis.com/v1internal:fetchAvailableModels Trace: 0x3bc8e41dd6332a77
2026-05-17 06:09:47.009 [info] I0517 06:09:47.008797 215374 http_helpers.go:151] URL: https://daily-cloudcode-pa.googleapis.com/v1internal:loadCodeAssist Trace: 0xf76b0e601de361b3
2026-05-17 06:15:46.746 [info] I0517 06:15:46.746780 215374 http_helpers.go:151] URL: https://daily-cloudcode-pa.googleapis.com/v1internal:fetchAvailableModels Trace: 0x3e77899b6832a3d4
2026-05-17 06:15:47.342 [info] I0517 06:15:47.342434 215374 http_helpers.go:151] URL: https://daily-cloudcode-pa.googleapis.com/v1internal:loadCodeAssist Trace: 0xad6927d5041180a
2026-05-17 06:21:46.994 [info] I0517 06:21:46.994756 215374 http_helpers.go:151] URL: https://daily-cloudcode-pa.googleapis.com/v1internal:fetchAvailableModels Trace: 0x2c1150c6857c2037
2026-05-17 06:21:47.226 [info] I0517 06:21:47.226779 215374 http_helpers.go:151] URL: https://daily-cloudcode-pa.googleapis.com/v1internal:loadCodeAssist Trace: 0xbdab986cc0f20c58
2026-05-17 06:22:53.968 [info] (Antigravity) 2026-05-17 06:22:53.968 [INFO]: [SupercompleteProvider] No supercomplete response
2026-05-17 06:25:10.835 [info] (Antigravity) 2026-05-17 06:25:10.835 [INFO]: [SupercompleteProvider] No supercomplete response
2026-05-17 06:25:32.310 [info] (Antigravity) 2026-05-17 06:25:32.310 [INFO]: [SupercompleteProvider] No supercomplete response
2026-05-17 06:27:46.769 [info] I0517 06:27:46.769386 215374 http_helpers.go:151] URL: https://daily-cloudcode-pa.googleapis.com/v1internal:fetchAvailableModels Trace: 0xb3a8999de02369b
2026-05-17 06:27:47.418 [info] I0517 06:27:47.417971 215374 http_helpers.go:151] URL: https://daily-cloudcode-pa.googleapis.com/v1internal:loadCodeAssist Trace: 0xc82ee61124eef2fa
