2026-05-17 17:20:39.942 [info] Reading sessions from keychain...
2026-05-17 17:20:39.942 [info] Got stored sessions!
2026-05-17 17:20:39.942 [info] Got 1 verified sessions.
2026-05-17 17:20:39.942 [info] Getting sessions for all scopes...
2026-05-17 17:20:39.942 [info] Got 1 sessions for ...
2026-05-17 17:20:39.942 [info] Getting sessions for all scopes...
2026-05-17 17:20:39.942 [info] Got 1 sessions for ...
2026-05-17 17:20:39.942 [info] Getting sessions for all scopes...
2026-05-17 17:20:39.942 [info] Got 1 sessions for ...
2026-05-17 17:20:39.942 [info] Getting sessions for read:user,repo,user:email...
2026-05-17 17:20:39.942 [info] Got 0 sessions for read:user,repo,user:email...
2026-05-17 17:20:39.962 [info] Getting sessions for all scopes...
2026-05-17 17:20:39.962 [info] Got 1 sessions for ...
2026-05-17 17:20:40.066 [info] Getting sessions for all scopes...
2026-05-17 17:20:40.066 [info] Got 1 sessions for ...
2026-05-17 17:20:40.833 [info] Getting sessions for all scopes...
2026-05-17 17:20:40.833 [info] Got 1 sessions for ...
2026-05-17 17:20:40.834 [info] Getting sessions for all scopes...
2026-05-17 17:20:40.834 [info] Got 1 sessions for ...
2026-05-17 17:20:42.211 [info] FetcherService: Electron fetch failed with status: 401 
2026-05-17 17:20:43.010 [info] FetcherService: Node fetch failed with status: 401 Unauthorized
2026-05-17 17:20:43.841 [info] FetcherService: Node http/s failed with status: 401 Unauthorized
2026-05-17 17:20:46.530 [info] Reading sessions from keychain...
2026-05-17 17:20:46.530 [info] Got stored sessions!
2026-05-17 17:20:46.530 [info] Got 1 verified sessions.
2026-05-17 17:20:46.530 [info] Getting sessions for all scopes...
2026-05-17 17:20:46.530 [info] Got 1 sessions for ...
2026-05-17 17:20:46.530 [info] Getting sessions for all scopes...
2026-05-17 17:20:46.530 [info] Got 1 sessions for ...
2026-05-17 17:20:46.530 [info] Getting sessions for all scopes...
2026-05-17 17:20:46.530 [info] Got 1 sessions for ...
2026-05-17 17:20:46.530 [info] Getting sessions for read:user,repo,user:email...
2026-05-17 17:20:46.530 [info] Got 0 sessions for read:user,repo,user:email...
2026-05-17 17:20:46.956 [info] Getting sessions for read:user,repo,user:email...
2026-05-17 17:20:46.956 [info] Got 0 sessions for read:user,repo,user:email...
2026-05-17 17:20:47.026 [info] Getting sessions for read:user,repo,user:email...
2026-05-17 17:20:47.026 [info] Got 0 sessions for read:user,repo,user:email...
2026-05-17 17:20:47.082 [info] Getting sessions for read:user,repo,user:email,workflow...
2026-05-17 17:20:47.082 [info] Got 1 sessions for read:user,repo,user:email,workflow...
2026-05-17 17:20:47.515 [info] Getting sessions for all scopes...
2026-05-17 17:20:47.515 [info] Got 1 sessions for ...
2026-05-17 17:20:47.529 [info] Getting sessions for all scopes...
2026-05-17 17:20:47.529 [info] Got 1 sessions for ...
2026-05-17 17:20:47.937 [info] FetcherService: Electron fetch failed with status: 401 
2026-05-17 17:20:50.037 [info] FetcherService: Node fetch failed with status: 401 Unauthorized
2026-05-17 17:20:50.851 [info] FetcherService: Node http/s failed with status: 401 Unauthorized
2026-05-17 17:20:52.545 [info] Getting sessions for all scopes...
2026-05-17 17:20:52.545 [info] Got 1 sessions for ...
