2026-05-16 00:53:17.321 [info] [tsrelay] url: http://127.0.0.1:45593
2026-05-16 00:53:17.321 [info] websocket is open
2026-05-16 00:53:17.328 [info] [tsrelay] initial ports are set
2026-05-16 00:53:17.329 [info] [serve-status] Funnel is off
2026-05-16 00:53:17.329 [info] [serve-status] HTTPS is off
2026-05-16 00:53:17.366 [info] terminal opened
2026-05-16 00:53:17.803 [info] pid is 26921
2026-05-16 00:53:17.803 [info] pid sent
2026-05-16 00:53:17.842 [info] terminal opened
2026-05-16 00:53:18.176 [info] pid is 27045
2026-05-16 00:53:18.176 [info] pid sent
2026-05-16 00:54:21.962 [info] terminal opened
2026-05-16 00:54:22.641 [info] pid is 27564
2026-05-16 00:54:22.641 [info] pid sent
2026-05-16 00:54:53.018 [info] got message
2026-05-16 00:54:53.018 [info] msg is newPort
2026-05-16 00:55:00.866 [info] terminal opened
2026-05-16 00:55:01.290 [info] pid is 28239
2026-05-16 00:55:01.290 [info] pid sent
2026-05-16 01:26:44.491 [info] shutting down tsrelay
2026-05-16 01:26:44.494 [warning] [tsrelay] child process exited with code null
