2026-05-17 17:14:05.069 [info] [LS Main] Starting language server from: /usr/share/antigravity/resources/app/extensions/antigravity/bin/language_server_linux_x64
2026-05-17 17:14:05.094 [info] [LS Main] Args: --csrf_token c12bce9d-32cb-463e-85f1-32b211d38b11 --extension_server_port 39803 --extension_server_csrf_token a436743e-6907-4e72-8078-401f75cc981c --app_data_dir antigravity --cloud_code_endpoint https://cloudcode-pa.googleapis.com
2026-05-17 17:14:05.297 [info] [LS Main] Process spawned with PID: 26667
2026-05-17 17:14:05.388 [error] [LS Main stderr] I0517 17:14:05.388131 26667 server.go:1236] Starting language server process with pid 26667
I0517 17:14:05.388220 26667 server.go:301] Setting GOMAXPROCS to 4

2026-05-17 17:14:05.389 [error] [LS Main stderr] I0517 17:14:05.389237 26667 server.go:440] Language server will attempt to listen on host 127.0.0.1

2026-05-17 17:14:05.389 [error] [LS Main stderr] I0517 17:14:05.389425 26667 server.go:454] Language server listening on random port at 34495 for HTTPS (gRPC)
I0517 17:14:05.389449 26667 server.go:461] Language server listening on random port at 44635 for HTTP

2026-05-17 17:14:05.818 [error] [LS Main stderr] I0517 17:14:05.818262 26667 server.go:433] Created extension server client at port 39803

2026-05-17 17:14:05.833 [error] [LS Main stderr] I0517 17:14:05.833020 26667 cascade_manager.go:773] Reactive state is disabled

2026-05-17 17:14:05.851 [info] [LS Main] LS started on port 34495
2026-05-17 17:14:05.852 [error] [LS Main stderr] I0517 17:14:05.852606 26667 server.go:1693] initialized server successfully in 464.366976ms

2026-05-17 17:14:06.964 [error] [LS Main stderr] I0517 17:14:06.964185 26667 http_helpers.go:151] URL: https://cloudcode-pa.googleapis.com/v1internal:loadCodeAssist Trace: 0xa1bcc86217f1fc82

2026-05-17 17:14:07.587 [error] [LS Main stderr] I0517 17:14:07.587247 26667 http_helpers.go:151] URL: https://daily-cloudcode-pa.googleapis.com/v1internal:fetchAvailableModels Trace: 0x4fe78d64e8dfa4af

2026-05-17 17:14:08.059 [error] [LS Main stderr] I0517 17:14:08.059043 26667 http_helpers.go:151] URL: https://daily-cloudcode-pa.googleapis.com/v1internal:loadCodeAssist Trace: 0x56e6bc59b036e079

2026-05-17 17:14:09.923 [error] [LS Main stderr] I0517 17:14:09.923559 26667 http_helpers.go:151] URL: https://daily-cloudcode-pa.googleapis.com/v1internal:loadCodeAssist Trace: 0x33785a4731459d5b

2026-05-17 17:14:10.642 [error] [LS Main stderr] I0517 17:14:10.642232 26667 http_helpers.go:151] URL: https://daily-cloudcode-pa.googleapis.com/v1internal:fetchAvailableModels Trace: 0xd2cc3bc15c338bce

2026-05-17 17:14:11.137 [error] [LS Main stderr] I0517 17:14:11.137016 26667 http_helpers.go:151] URL: https://daily-cloudcode-pa.googleapis.com/v1internal:loadCodeAssist Trace: 0x434d30a40c6dca86

2026-05-17 17:14:39.551 [error] [LS Main stderr] I0517 17:14:39.551530 26667 http_helpers.go:151] URL: https://daily-cloudcode-pa.googleapis.com/v1internal:streamGenerateContent?alt=sse Trace: 0x81a603d70958776e

2026-05-17 17:14:40.601 [error] [LS Main stderr] I0517 17:14:40.601336 26667 http_helpers.go:151] URL: https://daily-cloudcode-pa.googleapis.com/v1internal:streamGenerateContent?alt=sse Trace: 0x2061a7bbff5db411

2026-05-17 17:14:40.897 [error] [LS Main stderr] I0517 17:14:40.897505 26667 http_helpers.go:151] URL: https://daily-cloudcode-pa.googleapis.com/v1internal:streamGenerateContent?alt=sse Trace: 0xe1cb75aded6d3cb7

2026-05-17 17:14:47.996 [error] [LS Main stderr] I0517 17:14:47.996365 26667 http_helpers.go:151] URL: https://daily-cloudcode-pa.googleapis.com/v1internal:streamGenerateContent?alt=sse Trace: 0x3ce56c28c604153d

2026-05-17 17:14:48.141 [error] [LS Main stderr] I0517 17:14:48.141534 26667 http_helpers.go:151] URL: https://daily-cloudcode-pa.googleapis.com/v1internal:streamGenerateContent?alt=sse Trace: 0x76659830c85d8690

2026-05-17 17:14:52.487 [error] [LS Main stderr] I0517 17:14:52.486823 26667 http_helpers.go:151] URL: https://daily-cloudcode-pa.googleapis.com/v1internal:streamGenerateContent?alt=sse Trace: 0x20f2ec4c685bd837

2026-05-17 17:14:52.633 [error] [LS Main stderr] I0517 17:14:52.633736 26667 http_helpers.go:151] URL: https://daily-cloudcode-pa.googleapis.com/v1internal:streamGenerateContent?alt=sse Trace: 0xcbd8756f8d21078c

2026-05-17 17:14:54.543 [error] [LS Main stderr] I0517 17:14:54.542888 26667 http_helpers.go:151] URL: https://daily-cloudcode-pa.googleapis.com/v1internal:streamGenerateContent?alt=sse Trace: 0xe01ff51b1014ae27

2026-05-17 17:14:54.690 [error] [LS Main stderr] I0517 17:14:54.689936 26667 http_helpers.go:151] URL: https://daily-cloudcode-pa.googleapis.com/v1internal:streamGenerateContent?alt=sse Trace: 0xadcf2ae86b814a8b

