2026-05-20 23:14:58.951 [info] Reading sessions from keychain...
2026-05-20 23:14:58.951 [info] Getting sessions for all scopes...
2026-05-20 23:14:58.951 [info] Got stored sessions!
2026-05-20 23:14:58.951 [info] Got 2 verified sessions.
2026-05-20 23:14:58.951 [info] Got 2 sessions for ...
2026-05-20 23:14:58.951 [info] Getting sessions for read:user,repo,user:email...
2026-05-20 23:14:58.951 [info] Got 0 sessions for read:user,repo,user:email...
2026-05-20 23:14:58.951 [info] Getting sessions for all scopes...
2026-05-20 23:14:58.951 [info] Got 2 sessions for ...
2026-05-20 23:14:58.951 [info] Getting sessions for all scopes...
2026-05-20 23:14:58.951 [info] Got 2 sessions for ...
2026-05-20 23:14:59.033 [info] Getting sessions for read:user,repo,user:email...
2026-05-20 23:14:59.033 [info] Got 0 sessions for read:user,repo,user:email...
2026-05-20 23:15:00.803 [info] FetcherService: Electron fetch failed with status: 401 
2026-05-20 23:15:01.796 [info] FetcherService: Node fetch failed with status: 401 Unauthorized
2026-05-20 23:15:02.720 [info] FetcherService: Node http/s failed with status: 401 Unauthorized
2026-05-20 23:15:27.222 [info] Getting sessions for all scopes...
2026-05-20 23:15:27.222 [info] Got 2 sessions for ...
2026-05-20 23:15:28.122 [info] Getting sessions for all scopes...
2026-05-20 23:15:28.122 [info] Got 2 sessions for ...
