2026-05-17 02:13:00.578 [info] [tsrelay] url: http://127.0.0.1:45853
2026-05-17 02:13:00.578 [info] websocket is open
2026-05-17 02:13:00.578 [info] [tsrelay] initial ports are set
2026-05-17 02:13:00.578 [info] [serve-status] Funnel is off
2026-05-17 02:13:00.578 [info] [serve-status] HTTPS is off
2026-05-17 02:13:00.592 [info] terminal opened
2026-05-17 02:13:00.680 [info] pid is 117447
2026-05-17 02:13:00.680 [info] pid sent
2026-05-17 02:13:40.378 [info] shutting down tsrelay
2026-05-17 02:13:40.381 [warning] [tsrelay] child process exited with code null
2026-05-17 02:13:42.395 [info] [tsrelay] url: http://127.0.0.1:36963
2026-05-17 02:13:42.395 [info] websocket is open
2026-05-17 02:13:42.395 [info] [serve-status] Funnel is off
2026-05-17 02:13:42.395 [info] [serve-status] HTTPS is off
2026-05-17 02:13:42.395 [info] [tsrelay] initial ports are set
2026-05-17 02:13:42.750 [info] terminal opened
2026-05-17 02:13:42.810 [info] pid is 118377
2026-05-17 02:13:42.810 [info] pid sent
2026-05-17 02:13:49.879 [info] shutting down tsrelay
2026-05-17 02:13:49.896 [warning] [tsrelay] child process exited with code null
2026-05-17 02:13:49.898 [info] websocket is closed
2026-05-17 02:13:55.319 [info] [tsrelay] url: http://127.0.0.1:41885
2026-05-17 02:13:55.320 [info] websocket is open
2026-05-17 02:13:55.320 [info] [serve-status] Funnel is off
2026-05-17 02:13:55.320 [info] [serve-status] HTTPS is off
2026-05-17 02:13:55.327 [info] [tsrelay] initial ports are set
2026-05-17 02:13:55.663 [info] terminal opened
2026-05-17 02:13:55.742 [info] pid is 118686
2026-05-17 02:13:55.742 [info] pid sent
2026-05-17 02:14:21.299 [info] shutting down tsrelay
2026-05-17 02:14:21.303 [warning] [tsrelay] child process exited with code null
2026-05-17 02:14:23.635 [info] [tsrelay] url: http://127.0.0.1:45289
2026-05-17 02:14:23.635 [info] websocket is open
2026-05-17 02:14:23.649 [info] [serve-status] Funnel is off
2026-05-17 02:14:23.649 [info] [serve-status] HTTPS is off
2026-05-17 02:14:23.649 [info] [tsrelay] initial ports are set
2026-05-17 02:14:23.954 [info] terminal opened
2026-05-17 02:14:24.052 [info] pid is 118943
2026-05-17 02:14:24.052 [info] pid sent
2026-05-17 02:14:36.839 [info] shutting down tsrelay
2026-05-17 02:14:36.845 [warning] [tsrelay] child process exited with code null
2026-05-17 02:14:36.846 [info] websocket is closed
2026-05-17 02:14:39.406 [info] [tsrelay] url: http://127.0.0.1:38601
2026-05-17 02:14:39.406 [info] websocket is open
2026-05-17 02:14:39.406 [info] [serve-status] Funnel is off
2026-05-17 02:14:39.406 [info] [serve-status] HTTPS is off
2026-05-17 02:14:39.406 [info] [tsrelay] initial ports are set
2026-05-17 02:14:39.789 [info] terminal opened
2026-05-17 02:14:40.159 [info] pid is 119251
2026-05-17 02:14:40.159 [info] pid sent
2026-05-17 02:17:14.387 [info] shutting down tsrelay
2026-05-17 02:17:14.390 [warning] [tsrelay] child process exited with code null
2026-05-17 02:17:14.393 [info] websocket is closed
2026-05-17 02:17:16.757 [info] [tsrelay] url: http://127.0.0.1:46305
2026-05-17 02:17:16.758 [info] websocket is open
2026-05-17 02:17:16.758 [info] [serve-status] Funnel is off
2026-05-17 02:17:16.758 [info] [serve-status] HTTPS is off
2026-05-17 02:17:16.758 [info] [tsrelay] initial ports are set
2026-05-17 02:17:17.392 [info] terminal opened
2026-05-17 02:17:17.408 [info] pid is 120253
2026-05-17 02:17:17.408 [info] pid sent
2026-05-17 02:17:32.438 [info] shutting down tsrelay
2026-05-17 02:17:32.440 [warning] [tsrelay] child process exited with code null
