2026-05-15 18:47:32.546 [warning] Dir "/home/dev/Documents/Dev/scalping_bot_v2/.pixi/envs" is not watchable (directory does not exist)
2026-05-15 18:47:32.620 [info] Starting Environment refresh
2026-05-15 18:47:32.621 [info] Starting Environment refresh
2026-05-15 18:47:32.641 [info] > hatch env show --json
2026-05-15 18:47:32.641 [info] cwd: .
2026-05-15 18:47:32.642 [info] Skipping ActivatedEnv Detection:  process.env.VSCODE_CLI !== '1'
2026-05-15 18:47:32.642 [info] Skipping ActivatedEnv Detection:  process.env.VSCODE_CLI !== '1'
2026-05-15 18:47:34.355 [info] > ./venv/bin/python -I ~/.antigravity/extensions/ms-python.python-2026.4.0-universal/python_files/get_output_via_markers.py ~/.antigravity/extensions/ms-python.python-2026.4.0-universal/python_files/interpreterInfo.py
2026-05-15 18:47:34.355 [info] Environments refresh paths discovered: 1735 milliseconds
2026-05-15 18:47:34.355 [info] Environments refresh paths discovered: 1734 milliseconds
2026-05-15 18:47:34.356 [error] [Error: Command failed: /home/dev/Documents/Dev/scalping_bot_v2/venv/bin/python -I /home/dev/.antigravity/extensions/ms-python.python-2026.4.0-universal/python_files/get_output_via_markers.py /home/dev/.antigravity/extensions/ms-python.python-2026.4.0-universal/python_files/interpreterInfo.py
/bin/sh: 1: /home/dev/Documents/Dev/scalping_bot_v2/venv/bin/python: not found

	at genericNodeError (node:internal/errors:983:15)
	at wrappedFn (node:internal/errors:537:14)
	at ChildProcess.exithandler (node:child_process:417:12)
	at ChildProcess.emit (node:events:531:35)
	at maybeClose (node:internal/child_process:1101:16)
	at Socket.<anonymous> (node:internal/child_process:456:11)
	at Socket.emit (node:events:519:28)
	at Pipe.<anonymous> (node:net:346:12)
	at Pipe.callbackTrampoline (node:internal/async_hooks:130:17)] {
  code: 127,
  killed: false,
  signal: null,
  cmd: '/home/dev/Documents/Dev/scalping_bot_v2/venv/bin/python -I /home/dev/.antigravity/extensions/ms-python.python-2026.4.0-universal/python_files/get_output_via_markers.py /home/dev/.antigravity/extensions/ms-python.python-2026.4.0-universal/python_files/interpreterInfo.py'
}
2026-05-15 18:47:36.472 [info] > ./venv/bin/python -I ~/.antigravity/extensions/ms-python.python-2026.4.0-universal/python_files/get_output_via_markers.py ~/.antigravity/extensions/ms-python.python-2026.4.0-universal/python_files/interpreterInfo.py
2026-05-15 18:47:36.575 [error] [Error: Command failed: /home/dev/Documents/Dev/scalping_bot_v2/venv/bin/python -I /home/dev/.antigravity/extensions/ms-python.python-2026.4.0-universal/python_files/get_output_via_markers.py /home/dev/.antigravity/extensions/ms-python.python-2026.4.0-universal/python_files/interpreterInfo.py
/bin/sh: 1: /home/dev/Documents/Dev/scalping_bot_v2/venv/bin/python: not found

	at genericNodeError (node:internal/errors:983:15)
	at wrappedFn (node:internal/errors:537:14)
	at ChildProcess.exithandler (node:child_process:417:12)
	at ChildProcess.emit (node:events:531:35)
	at maybeClose (node:internal/child_process:1101:16)
	at Socket.<anonymous> (node:internal/child_process:456:11)
	at Socket.emit (node:events:519:28)
	at Pipe.<anonymous> (node:net:346:12)
	at Pipe.callbackTrampoline (node:internal/async_hooks:130:17)] {
  code: 127,
  killed: false,
  signal: null,
  cmd: '/home/dev/Documents/Dev/scalping_bot_v2/venv/bin/python -I /home/dev/.antigravity/extensions/ms-python.python-2026.4.0-universal/python_files/get_output_via_markers.py /home/dev/.antigravity/extensions/ms-python.python-2026.4.0-universal/python_files/interpreterInfo.py'
}
2026-05-15 18:47:36.575 [info] Environments refresh finished (event): 3955 milliseconds
2026-05-15 18:47:36.575 [info] Environments refresh finished (event): 3954 milliseconds
2026-05-15 18:47:36.582 [info] Environment refresh took 3963 milliseconds
2026-05-15 18:47:36.582 [info] Environment refresh took 3962 milliseconds
2026-05-15 18:47:36.600 [info] > pyenv which python
2026-05-15 18:47:36.600 [info] cwd: .
2026-05-15 18:47:36.646 [info] Python interpreter path: /bin/python3
2026-05-15 18:47:36.690 [info] Editor support is inactive since language server is set to None.
