2026-05-15 19:29:39.162 [info] [main] Log level: Info
2026-05-15 19:29:39.163 [info] [main] Validating found git in: "git"
2026-05-15 19:29:39.163 [info] [main] Using git "2.53.0" from "git"
2026-05-15 19:29:39.163 [info] [Model][doInitialScan] Initial repository scan started
2026-05-15 19:29:39.163 [info] > git rev-parse --show-toplevel [4ms]
2026-05-15 19:29:39.163 [info] fatal: this operation must be run in a work tree
2026-05-15 19:29:39.169 [info] > git rev-parse --show-toplevel [1ms]
2026-05-15 19:29:39.169 [info] fatal: this operation must be run in a work tree
2026-05-15 19:29:39.181 [info] > git rev-parse --show-toplevel [6ms]
2026-05-15 19:29:39.181 [info] fatal: this operation must be run in a work tree
2026-05-15 19:29:39.190 [info] > git rev-parse --show-toplevel [3ms]
2026-05-15 19:29:39.190 [info] fatal: this operation must be run in a work tree
2026-05-15 19:29:39.196 [info] > git rev-parse --show-toplevel [2ms]
2026-05-15 19:29:39.196 [info] fatal: this operation must be run in a work tree
2026-05-15 19:29:39.202 [info] > git rev-parse --show-toplevel [1ms]
2026-05-15 19:29:39.202 [info] fatal: this operation must be run in a work tree
2026-05-15 19:29:39.207 [info] > git rev-parse --show-toplevel [2ms]
2026-05-15 19:29:39.207 [info] fatal: this operation must be run in a work tree
2026-05-15 19:29:39.209 [info] [Model][doInitialScan] Initial repository scan completed - repositories (0), closed repositories (0), parent repositories (0), unsafe repositories (0)
2026-05-15 19:29:39.215 [info] > git rev-parse --show-toplevel [2ms]
2026-05-15 19:29:39.215 [info] fatal: this operation must be run in a work tree
2026-05-15 19:29:39.713 [info] > git rev-parse --show-toplevel [8ms]
2026-05-15 19:29:39.713 [info] fatal: this operation must be run in a work tree
2026-05-15 19:29:39.756 [info] > git rev-parse --show-toplevel [37ms]
2026-05-15 19:29:39.756 [info] fatal: this operation must be run in a work tree
2026-05-15 19:29:39.780 [info] > git rev-parse --show-toplevel [2ms]
2026-05-15 19:29:39.796 [info] > git rev-parse --git-dir --git-common-dir --show-superproject-working-tree [11ms]
2026-05-15 19:29:39.809 [info] [Model][openRepository] Opened repository (path): /home/dev/Documents/Dev/Tradingview
2026-05-15 19:29:39.809 [info] [Model][openRepository] Opened repository (real path): /home/dev/Documents/Dev/Tradingview
2026-05-15 19:29:39.809 [info] [Model][openRepository] Opened repository (kind): repository
2026-05-15 19:29:39.823 [info] > git config --get commit.template [7ms]
2026-05-15 19:29:40.137 [info] > git for-each-ref --format=%(refname)%00%(upstream:short)%00%(objectname)%00%(upstream:track)%00%(upstream:remotename)%00%(upstream:remoteref) refs/heads/main refs/remotes/main [13ms]
2026-05-15 19:29:40.152 [info] > git status -z -uall [7ms]
2026-05-15 19:29:40.153 [info] > git for-each-ref --sort -committerdate --format %(refname)%00%(objectname)%00%(*objectname) [2ms]
2026-05-15 19:29:40.170 [info] > git for-each-ref --format=%(refname)%00%(upstream:short)%00%(objectname)%00%(upstream:track)%00%(upstream:remotename)%00%(upstream:remoteref) refs/heads/main refs/remotes/main [7ms]
2026-05-15 19:29:40.178 [info] > git config --get --local branch.main.vscode-merge-base [2ms]
2026-05-15 19:29:40.184 [info] > git config --get commit.template [14ms]
2026-05-15 19:29:40.192 [info] > git for-each-ref --format=%(refname)%00%(upstream:short)%00%(objectname)%00%(upstream:track)%00%(upstream:remotename)%00%(upstream:remoteref) refs/heads/origin/main refs/remotes/origin/main [8ms]
2026-05-15 19:29:40.209 [info] > git for-each-ref --format=%(refname)%00%(upstream:short)%00%(objectname)%00%(upstream:track)%00%(upstream:remotename)%00%(upstream:remoteref) refs/heads/main refs/remotes/main [5ms]
2026-05-15 19:29:40.209 [info] > git merge-base refs/heads/main refs/remotes/origin/main [11ms]
2026-05-15 19:29:40.218 [info] > git diff --name-status -z --diff-filter=ADMR --find-renames=50% 121928d6fc4360d6d6d38a4f7ef87602b7aaaf29...refs/remotes/origin/main -- [2ms]
2026-05-15 19:29:40.293 [info] > git status -z -uall [41ms]
2026-05-15 19:29:40.293 [info] > git for-each-ref --sort -committerdate --format %(refname)%00%(objectname)%00%(*objectname) [36ms]
2026-05-15 19:29:40.618 [info] > git check-ignore -v -z --stdin [16ms]
2026-05-15 19:29:41.966 [info] > git fetch [2158ms]
2026-05-15 19:29:41.987 [info] > git config --get commit.template [10ms]
2026-05-15 19:29:41.988 [info] > git for-each-ref --format=%(refname)%00%(upstream:short)%00%(objectname)%00%(upstream:track)%00%(upstream:remotename)%00%(upstream:remoteref) refs/heads/main refs/remotes/main [2ms]
2026-05-15 19:29:42.007 [info] > git status -z -uall [10ms]
2026-05-15 19:29:42.008 [info] > git for-each-ref --sort -committerdate --format %(refname)%00%(objectname)%00%(*objectname) [1ms]
2026-05-15 19:29:51.175 [info] > git config --get commit.template [11ms]
2026-05-15 19:29:51.175 [info] > git for-each-ref --format=%(refname)%00%(upstream:short)%00%(objectname)%00%(upstream:track)%00%(upstream:remotename)%00%(upstream:remoteref) refs/heads/main refs/remotes/main [1ms]
2026-05-15 19:29:51.197 [info] > git status -z -uall [12ms]
2026-05-15 19:29:51.198 [info] > git for-each-ref --sort -committerdate --format %(refname)%00%(objectname)%00%(*objectname) [2ms]
2026-05-15 19:29:56.223 [info] > git config --get commit.template [12ms]
2026-05-15 19:29:56.236 [info] > git for-each-ref --format=%(refname)%00%(upstream:short)%00%(objectname)%00%(upstream:track)%00%(upstream:remotename)%00%(upstream:remoteref) refs/heads/main refs/remotes/main [1ms]
2026-05-15 19:29:56.261 [info] > git status -z -uall [13ms]
2026-05-15 19:29:56.262 [info] > git for-each-ref --sort -committerdate --format %(refname)%00%(objectname)%00%(*objectname) [2ms]
