2026-05-17 17:21:19.322 [info] Reading sessions from keychain...
2026-05-17 17:21:19.322 [info] Got stored sessions!
2026-05-17 17:21:19.322 [info] Got 1 verified sessions.
2026-05-17 17:21:19.322 [info] Getting sessions for all scopes...
2026-05-17 17:21:19.322 [info] Got 1 sessions for ...
2026-05-17 17:21:19.322 [info] Getting sessions for read:user,repo,user:email,workflow...
2026-05-17 17:21:19.322 [info] Got 1 sessions for read:user,repo,user:email,workflow...
2026-05-17 17:21:19.322 [info] Getting sessions for read:user,repo,user:email...
2026-05-17 17:21:19.322 [info] Got 0 sessions for read:user,repo,user:email...
2026-05-17 17:21:19.363 [info] Getting sessions for read:user,repo,user:email...
2026-05-17 17:21:19.363 [info] Got 0 sessions for read:user,repo,user:email...
2026-05-17 17:21:20.804 [info] FetcherService: Electron fetch failed with status: 401 
2026-05-17 17:21:21.703 [info] FetcherService: Node fetch failed with status: 401 Unauthorized
2026-05-17 17:21:22.512 [info] FetcherService: Node http/s failed with status: 401 Unauthorized
2026-05-17 17:21:22.741 [info] Getting sessions for all scopes...
2026-05-17 17:21:22.741 [info] Got 1 sessions for ...
2026-05-17 17:21:23.752 [info] Getting sessions for all scopes...
2026-05-17 17:21:23.752 [info] Got 1 sessions for ...
2026-05-17 17:21:25.019 [info] Getting sessions for all scopes...
2026-05-17 17:21:25.019 [info] Got 1 sessions for ...
2026-05-17 17:21:25.044 [info] Getting sessions for all scopes...
2026-05-17 17:21:25.044 [info] Got 1 sessions for ...
2026-05-17 17:21:25.119 [info] Getting sessions for all scopes...
2026-05-17 17:21:25.119 [info] Got 1 sessions for ...
