2026-05-17 02:13:01.227 [info] Reading sessions from keychain...
2026-05-17 02:13:01.243 [info] Got stored sessions!
2026-05-17 02:13:01.243 [info] Got 1 verified sessions.
2026-05-17 02:13:01.243 [info] Getting sessions for all scopes...
2026-05-17 02:13:01.243 [info] Got 1 sessions for ...
2026-05-17 02:13:01.243 [info] Getting sessions for all scopes...
2026-05-17 02:13:01.243 [info] Got 1 sessions for ...
2026-05-17 02:13:01.243 [info] Getting sessions for all scopes...
2026-05-17 02:13:01.243 [info] Got 1 sessions for ...
2026-05-17 02:13:01.257 [info] Getting sessions for read:user,repo,user:email...
2026-05-17 02:13:01.257 [info] Got 0 sessions for read:user,repo,user:email...
2026-05-17 02:13:01.259 [info] Getting sessions for all scopes...
2026-05-17 02:13:01.259 [info] Got 1 sessions for ...
2026-05-17 02:13:01.851 [info] Getting sessions for all scopes...
2026-05-17 02:13:01.851 [info] Got 1 sessions for ...
2026-05-17 02:13:01.895 [info] Getting sessions for all scopes...
2026-05-17 02:13:01.895 [info] Got 1 sessions for ...
2026-05-17 02:13:03.176 [info] FetcherService: Electron fetch failed with status: 401 
2026-05-17 02:13:03.993 [info] FetcherService: Node fetch failed with status: 401 Unauthorized
2026-05-17 02:13:04.805 [info] FetcherService: Node http/s failed with status: 401 Unauthorized
2026-05-17 02:13:42.832 [info] Reading sessions from keychain...
2026-05-17 02:13:42.832 [info] Getting sessions for all scopes...
2026-05-17 02:13:42.832 [info] Got stored sessions!
2026-05-17 02:13:42.832 [info] Got 1 verified sessions.
2026-05-17 02:13:42.832 [info] Got 1 sessions for ...
2026-05-17 02:13:42.832 [info] Getting sessions for all scopes...
2026-05-17 02:13:42.832 [info] Got 1 sessions for ...
2026-05-17 02:13:42.966 [info] Getting sessions for repo,workflow...
2026-05-17 02:13:42.966 [info] Got 0 sessions for repo,workflow...
2026-05-17 02:13:43.198 [info] Getting sessions for all scopes...
2026-05-17 02:13:43.198 [info] Got 1 sessions for ...
2026-05-17 02:13:43.199 [info] Getting sessions for all scopes...
2026-05-17 02:13:43.199 [info] Got 1 sessions for ...
2026-05-17 02:13:43.500 [info] Getting sessions for repo,workflow...
2026-05-17 02:13:43.500 [info] Got 0 sessions for repo,workflow...
2026-05-17 02:13:44.560 [info] Getting sessions for read:user,repo,user:email...
2026-05-17 02:13:44.560 [info] Got 0 sessions for read:user,repo,user:email...
2026-05-17 02:13:44.585 [info] Getting sessions for all scopes...
2026-05-17 02:13:44.585 [info] Got 1 sessions for ...
2026-05-17 02:13:44.685 [info] Getting sessions for all scopes...
2026-05-17 02:13:44.685 [info] Got 1 sessions for ...
2026-05-17 02:13:44.686 [info] Getting sessions for repo,workflow...
2026-05-17 02:13:44.686 [info] Got 0 sessions for repo,workflow...
2026-05-17 02:13:44.788 [info] Getting sessions for read:user,repo,user:email...
2026-05-17 02:13:44.788 [info] Got 0 sessions for read:user,repo,user:email...
2026-05-17 02:13:44.892 [info] Getting sessions for repo,workflow...
2026-05-17 02:13:44.892 [info] Got 0 sessions for repo,workflow...
2026-05-17 02:13:45.009 [info] Getting sessions for all scopes...
2026-05-17 02:13:45.009 [info] Got 1 sessions for ...
2026-05-17 02:13:45.117 [info] FetcherService: Electron fetch failed with status: 401 
2026-05-17 02:13:46.704 [info] FetcherService: Node fetch failed with status: 401 Unauthorized
2026-05-17 02:13:47.621 [info] FetcherService: Node http/s failed with status: 401 Unauthorized
2026-05-17 02:13:56.212 [info] Reading sessions from keychain...
2026-05-17 02:13:56.212 [info] Got stored sessions!
2026-05-17 02:13:56.212 [info] Got 1 verified sessions.
2026-05-17 02:13:56.212 [info] Getting sessions for all scopes...
2026-05-17 02:13:56.212 [info] Got 1 sessions for ...
2026-05-17 02:13:56.212 [info] Getting sessions for all scopes...
2026-05-17 02:13:56.212 [info] Got 1 sessions for ...
2026-05-17 02:13:56.212 [info] Getting sessions for all scopes...
2026-05-17 02:13:56.212 [info] Got 1 sessions for ...
2026-05-17 02:13:56.237 [info] Getting sessions for read:user,repo,user:email...
2026-05-17 02:13:56.237 [info] Got 0 sessions for read:user,repo,user:email...
2026-05-17 02:13:56.250 [info] Getting sessions for all scopes...
2026-05-17 02:13:56.250 [info] Got 1 sessions for ...
2026-05-17 02:13:57.188 [info] Getting sessions for all scopes...
2026-05-17 02:13:57.188 [info] Got 1 sessions for ...
2026-05-17 02:13:57.189 [info] Getting sessions for all scopes...
2026-05-17 02:13:57.189 [info] Got 1 sessions for ...
2026-05-17 02:13:57.599 [info] FetcherService: Electron fetch failed with status: 401 
2026-05-17 02:13:58.462 [info] FetcherService: Node fetch failed with status: 401 Unauthorized
2026-05-17 02:13:59.283 [info] FetcherService: Node http/s failed with status: 401 Unauthorized
2026-05-17 02:14:01.123 [info] Getting sessions for all scopes...
2026-05-17 02:14:01.123 [info] Got 1 sessions for ...
2026-05-17 02:14:02.551 [info] Getting sessions for all scopes...
2026-05-17 02:14:02.551 [info] Got 1 sessions for ...
2026-05-17 02:14:23.527 [info] Reading sessions from keychain...
2026-05-17 02:14:23.527 [info] Getting sessions for all scopes...
2026-05-17 02:14:23.527 [info] Got stored sessions!
2026-05-17 02:14:23.527 [info] Got 1 verified sessions.
2026-05-17 02:14:23.527 [info] Got 1 sessions for ...
2026-05-17 02:14:23.527 [info] Getting sessions for all scopes...
2026-05-17 02:14:23.527 [info] Got 1 sessions for ...
2026-05-17 02:14:23.527 [info] Getting sessions for all scopes...
2026-05-17 02:14:23.527 [info] Got 1 sessions for ...
2026-05-17 02:14:23.527 [info] Getting sessions for all scopes...
2026-05-17 02:14:23.527 [info] Got 1 sessions for ...
2026-05-17 02:14:23.568 [info] Getting sessions for read:user,repo,user:email...
2026-05-17 02:14:23.568 [info] Got 0 sessions for read:user,repo,user:email...
2026-05-17 02:14:24.323 [info] Getting sessions for repo,workflow...
2026-05-17 02:14:24.323 [info] Got 0 sessions for repo,workflow...
2026-05-17 02:14:24.365 [info] Getting sessions for repo,workflow...
2026-05-17 02:14:24.365 [info] Got 0 sessions for repo,workflow...
2026-05-17 02:14:24.368 [info] Getting sessions for repo,workflow...
2026-05-17 02:14:24.368 [info] Got 0 sessions for repo,workflow...
2026-05-17 02:14:24.369 [info] Getting sessions for repo,workflow...
2026-05-17 02:14:24.369 [info] Got 0 sessions for repo,workflow...
2026-05-17 02:14:25.067 [info] FetcherService: Electron fetch failed with status: 401 
2026-05-17 02:14:25.930 [info] FetcherService: Node fetch failed with status: 401 Unauthorized
2026-05-17 02:14:26.740 [info] FetcherService: Node http/s failed with status: 401 Unauthorized
2026-05-17 02:14:40.451 [info] Reading sessions from keychain...
2026-05-17 02:14:40.451 [info] Getting sessions for all scopes...
2026-05-17 02:14:40.451 [info] Got stored sessions!
2026-05-17 02:14:40.451 [info] Got 1 verified sessions.
2026-05-17 02:14:40.451 [info] Got 1 sessions for ...
2026-05-17 02:14:40.451 [info] Getting sessions for all scopes...
2026-05-17 02:14:40.451 [info] Got 1 sessions for ...
2026-05-17 02:14:40.451 [info] Getting sessions for repo,workflow...
2026-05-17 02:14:40.451 [info] Got 0 sessions for repo,workflow...
2026-05-17 02:14:40.451 [info] Getting sessions for all scopes...
2026-05-17 02:14:40.451 [info] Got 1 sessions for ...
2026-05-17 02:14:40.451 [info] Getting sessions for all scopes...
2026-05-17 02:14:40.451 [info] Got 1 sessions for ...
2026-05-17 02:14:40.524 [info] Getting sessions for repo,workflow...
2026-05-17 02:14:40.524 [info] Got 0 sessions for repo,workflow...
2026-05-17 02:14:40.640 [info] Getting sessions for read:user,repo,user:email...
2026-05-17 02:14:40.640 [info] Got 0 sessions for read:user,repo,user:email...
2026-05-17 02:14:40.653 [info] Getting sessions for repo,workflow...
2026-05-17 02:14:40.653 [info] Got 0 sessions for repo,workflow...
2026-05-17 02:14:40.664 [info] Getting sessions for all scopes...
2026-05-17 02:14:40.664 [info] Got 1 sessions for ...
2026-05-17 02:14:40.674 [info] Getting sessions for read:user,repo,user:email...
2026-05-17 02:14:40.674 [info] Got 0 sessions for read:user,repo,user:email...
2026-05-17 02:14:40.693 [info] Getting sessions for repo,workflow...
2026-05-17 02:14:40.693 [info] Got 0 sessions for repo,workflow...
2026-05-17 02:14:41.916 [info] Getting sessions for all scopes...
2026-05-17 02:14:41.916 [info] Got 1 sessions for ...
2026-05-17 02:14:41.917 [info] Getting sessions for all scopes...
2026-05-17 02:14:41.917 [info] Got 1 sessions for ...
2026-05-17 02:14:42.835 [info] FetcherService: Electron fetch failed with status: 401 
2026-05-17 02:14:44.094 [info] FetcherService: Node fetch failed with status: 401 Unauthorized
2026-05-17 02:14:44.995 [info] FetcherService: Node http/s failed with status: 401 Unauthorized
2026-05-17 02:17:17.957 [info] Reading sessions from keychain...
2026-05-17 02:17:17.957 [info] Getting sessions for all scopes...
2026-05-17 02:17:17.957 [info] Got stored sessions!
2026-05-17 02:17:17.957 [info] Got 1 verified sessions.
2026-05-17 02:17:17.957 [info] Got 1 sessions for ...
2026-05-17 02:17:17.957 [info] Getting sessions for all scopes...
2026-05-17 02:17:17.957 [info] Got 1 sessions for ...
2026-05-17 02:17:17.957 [info] Getting sessions for all scopes...
2026-05-17 02:17:17.957 [info] Got 1 sessions for ...
2026-05-17 02:17:17.957 [info] Getting sessions for all scopes...
2026-05-17 02:17:17.957 [info] Got 1 sessions for ...
2026-05-17 02:17:17.957 [info] Getting sessions for read:user,repo,user:email...
2026-05-17 02:17:17.957 [info] Got 0 sessions for read:user,repo,user:email...
2026-05-17 02:17:17.959 [info] Getting sessions for read:user,repo,user:email...
2026-05-17 02:17:17.959 [info] Got 0 sessions for read:user,repo,user:email...
2026-05-17 02:17:18.401 [info] Getting sessions for all scopes...
2026-05-17 02:17:18.402 [info] Got 1 sessions for ...
2026-05-17 02:17:18.434 [info] Getting sessions for all scopes...
2026-05-17 02:17:18.434 [info] Got 1 sessions for ...
2026-05-17 02:17:19.968 [info] FetcherService: Electron fetch failed with status: 401 
2026-05-17 02:17:21.077 [info] FetcherService: Node fetch failed with status: 401 Unauthorized
2026-05-17 02:17:21.892 [info] FetcherService: Node http/s failed with status: 401 Unauthorized
