2026-05-17 01:49:19.322 [info] [tsrelay] url: http://127.0.0.1:44415
2026-05-17 01:49:19.322 [info] websocket is open
2026-05-17 01:49:19.322 [info] [tsrelay] initial ports are set
2026-05-17 01:49:19.322 [info] [serve-status] Funnel is off
2026-05-17 01:49:19.322 [info] [serve-status] HTTPS is off
2026-05-17 01:49:19.334 [info] terminal opened
2026-05-17 01:49:19.491 [info] pid is 106072
2026-05-17 01:49:19.491 [info] pid sent
2026-05-17 01:49:19.819 [info] terminal opened
2026-05-17 01:49:19.894 [info] pid is 106125
2026-05-17 01:49:19.894 [info] pid sent
2026-05-17 01:50:17.326 [info] shutting down tsrelay
2026-05-17 01:50:17.329 [warning] [tsrelay] child process exited with code null
2026-05-17 01:50:19.292 [info] [tsrelay] url: http://127.0.0.1:33825
2026-05-17 01:50:19.292 [info] websocket is open
2026-05-17 01:50:19.299 [info] [tsrelay] initial ports are set
2026-05-17 01:50:19.301 [info] [serve-status] Funnel is off
2026-05-17 01:50:19.301 [info] [serve-status] HTTPS is off
2026-05-17 01:50:19.639 [info] terminal opened
2026-05-17 01:50:19.916 [info] pid is 106747
2026-05-17 01:50:19.916 [info] pid sent
2026-05-17 01:50:59.068 [info] terminal opened
2026-05-17 01:50:59.282 [info] pid is 107447
2026-05-17 01:50:59.282 [info] pid sent
2026-05-17 01:51:01.299 [info] got message
2026-05-17 01:51:01.299 [info] msg is newPort
2026-05-17 01:57:52.779 [info] terminal opened
2026-05-17 01:57:52.871 [info] pid is 111692
2026-05-17 01:57:52.871 [info] pid sent
2026-05-17 03:38:02.785 [info] terminal opened
2026-05-17 03:38:03.589 [info] pid is 197058
2026-05-17 03:38:03.589 [info] pid sent
2026-05-17 03:41:16.148 [info] terminal opened
2026-05-17 03:41:16.360 [info] pid is 197989
2026-05-17 03:41:16.360 [info] pid sent
2026-05-17 03:42:04.980 [info] terminal opened
2026-05-17 03:42:05.171 [info] pid is 198615
2026-05-17 03:42:05.171 [info] pid sent
2026-05-17 03:58:52.310 [info] got message
2026-05-17 03:58:52.311 [info] msg is newPort
2026-05-17 04:03:16.291 [info] got message
2026-05-17 04:03:16.291 [info] msg is newPort
2026-05-17 06:03:57.210 [info] terminal opened
2026-05-17 06:03:58.183 [info] pid is 269721
2026-05-17 06:03:58.183 [info] pid sent
2026-05-17 06:04:52.068 [info] shutting down tsrelay
2026-05-17 06:04:52.072 [warning] [tsrelay] child process exited with code null
2026-05-17 06:04:52.076 [info] websocket is closed
