2026-05-16 00:53:18.322 [info] Reading sessions from keychain...
2026-05-16 00:53:18.322 [info] Got stored sessions!
2026-05-16 00:53:18.322 [info] Got 1 verified sessions.
2026-05-16 00:53:18.322 [info] Getting sessions for all scopes...
2026-05-16 00:53:18.322 [info] Got 1 sessions for ...
2026-05-16 00:53:18.322 [info] Getting sessions for all scopes...
2026-05-16 00:53:18.322 [info] Got 1 sessions for ...
2026-05-16 00:53:18.322 [info] Getting sessions for read:user,repo,user:email,workflow...
2026-05-16 00:53:18.322 [info] Got 1 sessions for read:user,repo,user:email,workflow...
2026-05-16 00:53:18.322 [info] Getting sessions for read:user,repo,user:email...
2026-05-16 00:53:18.322 [info] Got 0 sessions for read:user,repo,user:email...
2026-05-16 00:53:18.347 [info] Getting sessions for all scopes...
2026-05-16 00:53:18.347 [info] Got 1 sessions for ...
2026-05-16 00:53:18.349 [info] Getting sessions for all scopes...
2026-05-16 00:53:18.349 [info] Got 1 sessions for ...
2026-05-16 00:53:18.364 [info] Getting sessions for read:user,repo,user:email...
2026-05-16 00:53:18.364 [info] Got 0 sessions for read:user,repo,user:email...
2026-05-16 00:53:20.043 [info] FetcherService: Electron fetch failed with status: 401 
2026-05-16 00:53:21.194 [info] FetcherService: Node fetch failed with status: 401 Unauthorized
2026-05-16 00:53:21.988 [info] FetcherService: Node http/s failed with status: 401 Unauthorized
2026-05-16 00:54:16.308 [info] Getting sessions for all scopes...
2026-05-16 00:54:16.308 [info] Got 1 sessions for ...
2026-05-16 00:54:22.688 [info] Getting sessions for all scopes...
2026-05-16 00:54:22.688 [info] Got 1 sessions for ...
