2026-05-17 04:20:30.762 [info] Reading sessions from keychain...
2026-05-17 04:20:30.762 [info] Got stored sessions!
2026-05-17 04:20:30.762 [info] Got 1 verified sessions.
2026-05-17 04:20:30.762 [info] Getting sessions for all scopes...
2026-05-17 04:20:30.762 [info] Got 1 sessions for ...
2026-05-17 04:20:30.762 [info] Getting sessions for all scopes...
2026-05-17 04:20:30.762 [info] Got 1 sessions for ...
2026-05-17 04:20:30.762 [info] Getting sessions for all scopes...
2026-05-17 04:20:30.762 [info] Got 1 sessions for ...
2026-05-17 04:20:30.766 [info] Getting sessions for read:user,repo,user:email...
2026-05-17 04:20:30.766 [info] Got 0 sessions for read:user,repo,user:email...
2026-05-17 04:20:30.768 [info] Getting sessions for all scopes...
2026-05-17 04:20:30.768 [info] Got 1 sessions for ...
2026-05-17 04:20:31.720 [info] Getting sessions for all scopes...
2026-05-17 04:20:31.720 [info] Got 1 sessions for ...
2026-05-17 04:20:31.721 [info] Getting sessions for all scopes...
2026-05-17 04:20:31.721 [info] Got 1 sessions for ...
2026-05-17 04:20:32.953 [info] FetcherService: Electron fetch failed with status: 401 
2026-05-17 04:20:33.747 [info] FetcherService: Node fetch failed with status: 401 Unauthorized
2026-05-17 04:20:34.550 [info] FetcherService: Node http/s failed with status: 401 Unauthorized
2026-05-17 04:20:36.401 [info] Getting sessions for all scopes...
2026-05-17 04:20:36.401 [info] Got 1 sessions for ...
2026-05-17 04:20:45.182 [info] Reading sessions from keychain...
2026-05-17 04:20:45.182 [info] Getting sessions for all scopes...
2026-05-17 04:20:45.182 [info] Got stored sessions!
2026-05-17 04:20:45.182 [info] Got 1 verified sessions.
2026-05-17 04:20:45.182 [info] Got 1 sessions for ...
2026-05-17 04:20:45.182 [info] Getting sessions for all scopes...
2026-05-17 04:20:45.182 [info] Got 1 sessions for ...
2026-05-17 04:20:45.182 [info] Getting sessions for repo,workflow...
2026-05-17 04:20:45.182 [info] Got 0 sessions for repo,workflow...
2026-05-17 04:20:45.182 [info] Getting sessions for all scopes...
2026-05-17 04:20:45.182 [info] Got 1 sessions for ...
2026-05-17 04:20:45.182 [info] Getting sessions for all scopes...
2026-05-17 04:20:45.182 [info] Got 1 sessions for ...
2026-05-17 04:20:45.470 [info] Getting sessions for repo,workflow...
2026-05-17 04:20:45.470 [info] Got 0 sessions for repo,workflow...
2026-05-17 04:20:45.517 [info] Getting sessions for read:user,repo,user:email...
2026-05-17 04:20:45.517 [info] Got 0 sessions for read:user,repo,user:email...
2026-05-17 04:20:45.572 [info] Getting sessions for repo,workflow...
2026-05-17 04:20:45.572 [info] Got 0 sessions for repo,workflow...
2026-05-17 04:20:45.589 [info] Getting sessions for read:user,repo,user:email...
2026-05-17 04:20:45.589 [info] Got 0 sessions for read:user,repo,user:email...
2026-05-17 04:20:45.591 [info] Getting sessions for repo,workflow...
2026-05-17 04:20:45.591 [info] Got 0 sessions for repo,workflow...
2026-05-17 04:20:45.605 [info] Getting sessions for all scopes...
2026-05-17 04:20:45.605 [info] Got 1 sessions for ...
2026-05-17 04:20:45.834 [info] Getting sessions for all scopes...
2026-05-17 04:20:45.834 [info] Got 1 sessions for ...
2026-05-17 04:20:45.844 [info] Getting sessions for all scopes...
2026-05-17 04:20:45.844 [info] Got 1 sessions for ...
2026-05-17 04:20:46.067 [info] FetcherService: Electron fetch failed with status: 401 
2026-05-17 04:20:47.402 [info] FetcherService: Node fetch failed with status: 401 Unauthorized
2026-05-17 04:20:48.204 [info] FetcherService: Node http/s failed with status: 401 Unauthorized
2026-05-17 04:22:41.285 [info] Getting sessions for all scopes...
2026-05-17 04:22:41.285 [info] Got 1 sessions for ...
2026-05-17 04:24:22.861 [info] Getting sessions for all scopes...
2026-05-17 04:24:22.861 [info] Got 1 sessions for ...
2026-05-17 05:12:19.264 [info] Getting sessions for all scopes...
2026-05-17 05:12:19.264 [info] Got 1 sessions for ...
2026-05-17 05:12:51.563 [info] Getting sessions for all scopes...
2026-05-17 05:12:51.563 [info] Got 1 sessions for ...
2026-05-17 05:12:53.689 [info] Getting sessions for all scopes...
2026-05-17 05:12:53.689 [info] Got 1 sessions for ...
2026-05-17 05:13:03.239 [info] Getting sessions for all scopes...
2026-05-17 05:13:03.239 [info] Got 1 sessions for ...
2026-05-17 05:13:54.191 [info] Getting sessions for read:user,repo,user:email...
2026-05-17 05:13:54.191 [info] Got 0 sessions for read:user,repo,user:email...
2026-05-17 05:14:19.135 [info] Getting sessions for read:user,repo,user:email...
2026-05-17 05:14:19.135 [info] Got 0 sessions for read:user,repo,user:email...
2026-05-17 05:14:25.599 [info] Getting sessions for all scopes...
2026-05-17 05:14:25.599 [info] Got 1 sessions for ...
2026-05-17 05:14:25.658 [info] Getting sessions for read:user,repo,user:email...
2026-05-17 05:14:25.658 [info] Got 0 sessions for read:user,repo,user:email...
2026-05-17 05:29:20.341 [info] Getting sessions for all scopes...
2026-05-17 05:29:20.341 [info] Got 1 sessions for ...
2026-05-17 05:29:21.817 [info] Getting sessions for all scopes...
2026-05-17 05:29:21.817 [info] Got 1 sessions for ...
2026-05-17 05:48:26.384 [info] Getting sessions for all scopes...
2026-05-17 05:48:26.384 [info] Got 1 sessions for ...
2026-05-17 05:53:36.131 [info] Getting sessions for read:user,repo,user:email...
2026-05-17 05:53:36.131 [info] Got 0 sessions for read:user,repo,user:email...
