2026-05-15 18:47:24.624 [info] I0515 18:47:24.623579 13929 server.go:1236] Starting language server process with pid 13929
2026-05-15 18:47:24.624 [info] I0515 18:47:24.623640 13929 server.go:301] Setting GOMAXPROCS to 4
2026-05-15 18:47:24.624 [info] I0515 18:47:24.624624 13929 server.go:440] Language server will attempt to listen on host 127.0.0.1
2026-05-15 18:47:24.624 [info] I0515 18:47:24.624830 13929 server.go:454] Language server listening on random port at 34051 for HTTPS (gRPC)
2026-05-15 18:47:24.624 [info] I0515 18:47:24.624864 13929 server.go:461] Language server listening on random port at 37277 for HTTP
2026-05-15 18:47:25.051 [info] I0515 18:47:25.051242 13929 server.go:433] Created extension server client at port 40335
2026-05-15 18:47:25.078 [info] I0515 18:47:25.078656 13929 cascade_manager.go:773] Reactive state is disabled
2026-05-15 18:47:25.094 [info] (Antigravity) 2026-05-15 18:47:25.093 [INFO]: Language server started
2026-05-15 18:47:25.218 [info] I0515 18:47:25.218529 13929 server.go:1693] initialized server successfully in 594.854989ms
2026-05-15 18:47:25.249 [info] (Antigravity) 2026-05-15 18:47:25.248 [INFO]: LS lspClient started successfully
2026-05-15 18:47:26.491 [info] I0515 18:47:26.490977 13929 http_helpers.go:151] URL: https://daily-cloudcode-pa.googleapis.com/v1internal:loadCodeAssist Trace: 0xb76a5b47805b4088
2026-05-15 18:47:27.519 [info] I0515 18:47:27.519223 13929 http_helpers.go:151] URL: https://daily-cloudcode-pa.googleapis.com/v1internal:fetchAvailableModels Trace: 0xd1a3adc2bcd18e17
2026-05-15 18:47:28.005 [info] I0515 18:47:27.942133 13929 http_helpers.go:151] URL: https://daily-cloudcode-pa.googleapis.com/v1internal:loadCodeAssist Trace: 0xc8b067c13bdf3384
2026-05-15 18:47:33.381 [info] I0515 18:47:33.359202 14399 server.go:1236] Starting language server process with pid 14399
2026-05-15 18:47:33.381 [info] I0515 18:47:33.359278 14399 server.go:301] Setting GOMAXPROCS to 4
2026-05-15 18:47:33.381 [info] I0515 18:47:33.360311 14399 server.go:440] Language server will attempt to listen on host 127.0.0.1
2026-05-15 18:47:33.381 [info] I0515 18:47:33.360499 14399 server.go:454] Language server listening on random port at 33823 for HTTPS (gRPC)
2026-05-15 18:47:33.381 [info] I0515 18:47:33.360530 14399 server.go:461] Language server listening on random port at 45123 for HTTP
2026-05-15 18:47:34.151 [info] I0515 18:47:33.798614 14399 server.go:433] Created extension server client at port 41181
2026-05-15 18:47:35.132 [info] (Antigravity) 2026-05-15 18:47:35.132 [INFO]: Language server started
2026-05-15 18:47:35.145 [info] I0515 18:47:35.110620 14399 cascade_manager.go:773] Reactive state is disabled
2026-05-15 18:47:35.145 [info] I0515 18:47:35.140643 14399 server.go:1693] initialized server successfully in 1.781333429s
2026-05-15 18:47:35.510 [info] E0515 18:47:35.176413 14399 log.go:398] failed to get git info for workspace /home/dev/Documents/Dev/scalping_bot_v2: reference not found: reference not found
2026-05-15 18:47:35.517 [info] (Antigravity) 2026-05-15 18:47:35.517 [INFO]: LS lspClient started successfully
2026-05-15 18:47:37.554 [info] I0515 18:47:37.553948 14399 http_helpers.go:151] URL: https://daily-cloudcode-pa.googleapis.com/v1internal:loadCodeAssist Trace: 0x46cac8accfa9ee07
2026-05-15 18:47:38.403 [info] I0515 18:47:38.403694 14399 http_helpers.go:151] URL: https://daily-cloudcode-pa.googleapis.com/v1internal:fetchAvailableModels Trace: 0x62740b303eab49e4
