2026-05-15 17:08:34.199 [info] I0515 17:08:34.199151 62824 server.go:1236] Starting language server process with pid 62824
2026-05-15 17:08:34.199 [info] I0515 17:08:34.199205 62824 server.go:301] Setting GOMAXPROCS to 4
2026-05-15 17:08:34.200 [info] I0515 17:08:34.200156 62824 server.go:440] Language server will attempt to listen on host 127.0.0.1
2026-05-15 17:08:34.200 [info] I0515 17:08:34.200339 62824 server.go:454] Language server listening on random port at 40317 for HTTPS (gRPC)
2026-05-15 17:08:34.200 [info] I0515 17:08:34.200369 62824 server.go:461] Language server listening on random port at 39691 for HTTP
2026-05-15 17:08:34.727 [info] I0515 17:08:34.727236 62824 server.go:433] Created extension server client at port 34285
2026-05-15 17:08:34.740 [info] I0515 17:08:34.740312 62824 cascade_manager.go:773] Reactive state is disabled
2026-05-15 17:08:34.757 [info] (Antigravity) 2026-05-15 17:08:34.756 [INFO]: Language server started
2026-05-15 17:08:35.482 [info] I0515 17:08:34.768634 62824 server.go:1693] initialized server successfully in 569.39752ms
2026-05-15 17:08:35.862 [info] I0515 17:08:35.672188 62824 http_helpers.go:151] URL: https://daily-cloudcode-pa.googleapis.com/v1internal:loadCodeAssist Trace: 0x8a3bf768de8162a8
2026-05-15 17:08:35.888 [info] (Antigravity) 2026-05-15 17:08:35.888 [INFO]: LS lspClient started successfully
2026-05-15 17:08:36.126 [info] I0515 17:08:36.124439 62824 http_helpers.go:151] URL: https://daily-cloudcode-pa.googleapis.com/v1internal:fetchAvailableModels Trace: 0x6d4a8639eda551e0
2026-05-15 17:08:57.386 [info] I0515 17:08:57.386146 63233 server.go:1236] Starting language server process with pid 63233
2026-05-15 17:08:57.386 [info] I0515 17:08:57.386209 63233 server.go:301] Setting GOMAXPROCS to 4
2026-05-15 17:08:57.387 [info] I0515 17:08:57.387189 63233 server.go:440] Language server will attempt to listen on host 127.0.0.1
2026-05-15 17:08:57.387 [info] I0515 17:08:57.387371 63233 server.go:454] Language server listening on random port at 41261 for HTTPS (gRPC)
2026-05-15 17:08:57.387 [info] I0515 17:08:57.387395 63233 server.go:461] Language server listening on random port at 38521 for HTTP
2026-05-15 17:08:57.973 [info] I0515 17:08:57.867129 63233 server.go:433] Created extension server client at port 41003
2026-05-15 17:08:58.783 [info] I0515 17:08:58.783231 63233 cascade_manager.go:773] Reactive state is disabled
2026-05-15 17:08:58.800 [info] (Antigravity) 2026-05-15 17:08:58.799 [INFO]: Language server started
2026-05-15 17:08:58.816 [info] I0515 17:08:58.809701 63233 server.go:1693] initialized server successfully in 1.423472584s
2026-05-15 17:08:59.203 [info] (Antigravity) 2026-05-15 17:08:59.202 [INFO]: LS lspClient started successfully
2026-05-15 17:09:00.159 [info] I0515 17:08:59.764217 63233 http_helpers.go:151] URL: https://daily-cloudcode-pa.googleapis.com/v1internal:loadCodeAssist Trace: 0x7949e6236b249433
2026-05-15 17:09:00.533 [info] I0515 17:09:00.293758 63233 http_helpers.go:151] URL: https://daily-cloudcode-pa.googleapis.com/v1internal:fetchAvailableModels Trace: 0x609dcf242d61d80c
