2026-05-15 18:49:50.735 [error] Failed to set Cloud Code URL on Language Server: Language server client has not been initialized!
2026-05-15 18:49:52.354 [info] [CloudCode] POST v1internal:loadCodeAssist traceId: 668f1aa572362193
2026-05-15 18:49:52.361 [info] [CloudCode] POST v1internal:loadCodeAssist traceId: 35d93976391ce4b7
2026-05-15 18:49:53.355 [info] [CloudCode] POST v1internal:fetchAvailableModels traceId: 70ecbd09105fcdf1
2026-05-15 18:49:53.858 [info] [CloudCode] POST v1internal:onboardUser traceId: 47bcd17a03af654c
2026-05-15 18:49:55.068 [info] [CloudCode] POST v1internal:loadCodeAssist traceId: 128798b2915f0bc3
2026-05-15 18:49:55.876 [info] [CloudCode] POST v1internal:fetchAvailableModels traceId: 9bb31eb9433207f8
2026-05-15 18:54:15.733 [info] [CloudCode] POST v1internal:recordCodeAssistMetrics traceId: 9e6d5fc0bc13bacb
2026-05-15 18:54:51.450 [info] [CloudCode] POST v1internal:loadCodeAssist traceId: eaa9a066eb16c326
2026-05-15 18:54:51.902 [info] [CloudCode] POST v1internal:fetchAvailableModels traceId: 32b85e36eec96250
2026-05-15 18:56:11.271 [info] [CloudCode] POST v1internal:recordCodeAssistMetrics traceId: 9a8217d885a7c201
2026-05-15 18:56:13.885 [info] [CloudCode] POST v1internal:recordCodeAssistMetrics traceId: 90e466786f6af2ed
2026-05-15 18:56:34.504 [info] [CloudCode] POST v1internal:recordCodeAssistMetrics traceId: bce28d2e4e255895
2026-05-15 18:56:36.182 [info] [CloudCode] POST v1internal:recordCodeAssistMetrics traceId: e911bc3e89757eba
2026-05-15 18:57:16.302 [info] [CloudCode] POST v1internal:recordCodeAssistMetrics traceId: 720bdeb079d6ea64
2026-05-15 18:57:23.342 [info] [CloudCode] POST v1internal:recordCodeAssistMetrics traceId: 523be1412ef30863
2026-05-15 18:57:26.943 [info] [CloudCode] POST v1internal:recordCodeAssistMetrics traceId: 25b6c4738f76666d
2026-05-15 18:57:30.738 [info] [CloudCode] POST v1internal:recordCodeAssistMetrics traceId: e9c5c81f8157cd2
2026-05-15 18:57:34.377 [info] [CloudCode] POST v1internal:recordCodeAssistMetrics traceId: 222b4aee45e1fb76
2026-05-15 18:57:48.652 [info] [CloudCode] POST v1internal:recordCodeAssistMetrics traceId: f4c5e7f9eaef6473
2026-05-15 18:58:02.897 [info] [CloudCode] POST v1internal:recordCodeAssistMetrics traceId: 6fbce39f70ace437
2026-05-15 18:59:51.314 [info] [CloudCode] POST v1internal:loadCodeAssist traceId: 552a9a0ce5407bd1
2026-05-15 18:59:51.836 [info] [CloudCode] POST v1internal:fetchAvailableModels traceId: 53429800eb977d0c
2026-05-15 19:04:51.492 [info] [CloudCode] POST v1internal:loadCodeAssist traceId: 6493bad8592cac32
2026-05-15 19:04:52.296 [info] [CloudCode] POST v1internal:fetchAvailableModels traceId: d4c2aa5d2b72d3db
2026-05-15 19:09:51.287 [info] [CloudCode] POST v1internal:loadCodeAssist traceId: 227a8daa96831bc5
2026-05-15 19:09:51.797 [info] [CloudCode] POST v1internal:fetchAvailableModels traceId: 26c9393ac79c0ee9
2026-05-15 19:14:51.296 [info] [CloudCode] POST v1internal:loadCodeAssist traceId: d7b7194ae33acac8
2026-05-15 19:14:51.746 [info] [CloudCode] POST v1internal:fetchAvailableModels traceId: 993e98dbd7c479c
2026-05-15 19:19:51.543 [info] [CloudCode] POST v1internal:loadCodeAssist traceId: d6aeb9fbe9543421
2026-05-15 19:19:52.046 [info] [CloudCode] POST v1internal:fetchAvailableModels traceId: 58c4c6a87813c9e5
2026-05-15 19:24:51.484 [info] [CloudCode] POST v1internal:loadCodeAssist traceId: 2ccb465a215dfa4e
2026-05-15 19:24:51.961 [info] [CloudCode] POST v1internal:fetchAvailableModels traceId: 74d6de259de1cec0
2026-05-15 19:29:51.275 [info] [CloudCode] POST v1internal:loadCodeAssist traceId: b8744ab184d3567b
2026-05-15 19:29:51.584 [info] [CloudCode] POST v1internal:fetchAvailableModels traceId: 4765aeb2783aaa10
2026-05-15 19:29:56.028 [info] [CloudCode] POST v1internal:fetchAvailableModels traceId: 324f8de5c48816b7
2026-05-15 19:29:56.252 [info] [CloudCode] POST v1internal:loadCodeAssist traceId: 7be47287cae4f4c1
2026-05-15 19:34:16.788 [info] [CloudCode] POST v1internal:recordCodeAssistMetrics traceId: 27b5fc3583aaa929
2026-05-15 19:34:51.342 [info] [CloudCode] POST v1internal:loadCodeAssist traceId: a2ae51e0bcf005b4
2026-05-15 19:34:52.393 [info] [CloudCode] POST v1internal:fetchAvailableModels traceId: 53ee9f66a3c82f9a
2026-05-15 19:37:22.444 [info] [CloudCode] POST v1internal:recordCodeAssistMetrics traceId: 4dbcf89705a20ba6
2026-05-15 19:37:27.277 [info] [CloudCode] POST v1internal:recordCodeAssistMetrics traceId: 1acffdf021a23728
2026-05-15 19:37:29.472 [info] [CloudCode] POST v1internal:recordCodeAssistMetrics traceId: eb9ac79f26b002f1
2026-05-15 19:38:14.222 [info] [CloudCode] POST v1internal:recordCodeAssistMetrics traceId: d0a3b82f7b4cecc8
2026-05-15 19:39:51.405 [info] [CloudCode] POST v1internal:loadCodeAssist traceId: 214025a2692ddae
2026-05-15 19:39:51.701 [info] [CloudCode] POST v1internal:fetchAvailableModels traceId: e99b93219d5d506e
2026-05-15 19:44:51.452 [info] [CloudCode] POST v1internal:loadCodeAssist traceId: a221175d7777662b
2026-05-15 19:44:51.897 [info] [CloudCode] POST v1internal:fetchAvailableModels traceId: f93e48e5bf7cbe8f
2026-05-15 19:46:19.860 [info] [CloudCode] POST v1internal:recordCodeAssistMetrics traceId: f24aae3b6a3a4457
