2026-05-15 18:49:50.516 [info] [LS Main] Starting language server from: /usr/share/antigravity/resources/app/extensions/antigravity/bin/language_server_linux_x64
2026-05-15 18:49:50.712 [info] [LS Main] Args: --csrf_token 13b18110-3468-41b2-8ed6-78fa5249726f --extension_server_port 42309 --extension_server_csrf_token 71c60024-594f-4f4b-8fa8-0218b9f975d0 --app_data_dir antigravity --cloud_code_endpoint https://cloudcode-pa.googleapis.com
2026-05-15 18:49:50.752 [info] [LS Main] Process spawned with PID: 30830
2026-05-15 18:49:50.861 [error] [LS Main stderr] I0515 18:49:50.859907 30830 server.go:1236] Starting language server process with pid 30830
I0515 18:49:50.859999 30830 server.go:301] Setting GOMAXPROCS to 4

2026-05-15 18:49:50.861 [error] [LS Main stderr] I0515 18:49:50.861059 30830 server.go:440] Language server will attempt to listen on host 127.0.0.1

2026-05-15 18:49:50.861 [error] [LS Main stderr] I0515 18:49:50.861301 30830 server.go:454] Language server listening on random port at 35517 for HTTPS (gRPC)
I0515 18:49:50.861329 30830 server.go:461] Language server listening on random port at 37395 for HTTP

2026-05-15 18:49:51.289 [error] [LS Main stderr] I0515 18:49:51.288895 30830 server.go:433] Created extension server client at port 42309

2026-05-15 18:49:51.307 [error] [LS Main stderr] I0515 18:49:51.306291 30830 cascade_manager.go:773] Reactive state is disabled

2026-05-15 18:49:51.345 [info] [LS Main] LS started on port 35517
2026-05-15 18:49:51.356 [error] [LS Main stderr] I0515 18:49:51.348513 30830 server.go:1693] initialized server successfully in 488.48041ms

2026-05-15 18:49:52.543 [error] [LS Main stderr] I0515 18:49:52.543497 30830 http_helpers.go:151] URL: https://cloudcode-pa.googleapis.com/v1internal:loadCodeAssist Trace: 0x8c2aa816d79da9e3

2026-05-15 18:49:53.315 [error] [LS Main stderr] I0515 18:49:53.314937 30830 http_helpers.go:151] URL: https://daily-cloudcode-pa.googleapis.com/v1internal:fetchAvailableModels Trace: 0x588fff9e896e06fe

2026-05-15 18:49:53.454 [error] [LS Main stderr] I0515 18:49:53.454611 30830 http_helpers.go:151] URL: https://daily-cloudcode-pa.googleapis.com/v1internal:loadCodeAssist Trace: 0xc24a272243fe3bd7

2026-05-15 18:49:56.019 [error] [LS Main stderr] I0515 18:49:56.019576 30830 http_helpers.go:151] URL: https://daily-cloudcode-pa.googleapis.com/v1internal:loadCodeAssist Trace: 0x580be5969e565413

2026-05-15 18:49:57.109 [error] [LS Main stderr] I0515 18:49:57.109754 30830 http_helpers.go:151] URL: https://daily-cloudcode-pa.googleapis.com/v1internal:loadCodeAssist Trace: 0x5822032f164bba78

2026-05-15 18:49:57.330 [error] [LS Main stderr] I0515 18:49:57.329672 30830 http_helpers.go:151] URL: https://daily-cloudcode-pa.googleapis.com/v1internal:fetchAvailableModels Trace: 0xa5b3c63cf74eaa16

2026-05-15 18:50:19.645 [error] [LS Main stderr] I0515 18:50:19.645314 30830 http_helpers.go:151] URL: https://daily-cloudcode-pa.googleapis.com/v1internal:streamGenerateContent?alt=sse Trace: 0xc9be7e3cbad43bbb

2026-05-15 18:52:29.248 [error] [LS Main stderr] E0515 18:52:29.247937 30830 log.go:398] Failed to set trajectory start index for sync refresh: could not convert a single message before hitting truncation

2026-05-15 18:52:29.248 [error] [LS Main stderr] E0515 18:52:29.248430 30830 log.go:398] Failed to set trajectory start index for sync refresh: could not convert a single message before hitting truncation

2026-05-15 18:52:29.257 [error] [LS Main stderr] E0515 18:52:29.257606 30830 log.go:398] Failed to set trajectory start index for async refresh: could not convert a single message before hitting truncation
E0515 18:52:29.257674 30830 log.go:398] Failed to set trajectory start index for async refresh: could not convert a single message before hitting truncation

2026-05-15 18:52:30.226 [error] [LS Main stderr] I0515 18:52:30.226254 30830 http_helpers.go:151] URL: https://daily-cloudcode-pa.googleapis.com/v1internal:streamGenerateContent?alt=sse Trace: 0xeec055481dc9efc

2026-05-15 18:52:30.341 [error] [LS Main stderr] I0515 18:52:30.341455 30830 http_helpers.go:151] URL: https://daily-cloudcode-pa.googleapis.com/v1internal:streamGenerateContent?alt=sse Trace: 0x5884e45ae43a12ee

2026-05-15 18:52:31.469 [error] [LS Main stderr] I0515 18:52:31.468878 30830 http_helpers.go:151] URL: https://daily-cloudcode-pa.googleapis.com/v1internal:streamGenerateContent?alt=sse Trace: 0xfa4981a746400507

2026-05-15 18:53:46.076 [error] [LS Main stderr] E0515 18:53:46.075833 30830 log.go:398] failed to check terminal shell support: internal: internal error

2026-05-15 18:53:46.124 [error] [LS Main stderr] I0515 18:53:46.124272 30830 planner_generator.go:283] Requesting planner with 3 chat messages at model retry attempt 1 and API retry attempt 1

2026-05-15 18:53:47.576 [error] [LS Main stderr] I0515 18:53:47.576711 30830 http_helpers.go:151] URL: https://daily-cloudcode-pa.googleapis.com/v1internal:streamGenerateContent?alt=sse Trace: 0xa27d77ac42d12b88

2026-05-15 18:53:51.375 [error] [LS Main stderr] I0515 18:53:51.375308 30830 planner_generator.go:283] Requesting planner with 5 chat messages at model retry attempt 1 and API retry attempt 1

2026-05-15 18:53:52.576 [error] [LS Main stderr] I0515 18:53:52.576149 30830 http_helpers.go:151] URL: https://daily-cloudcode-pa.googleapis.com/v1internal:streamGenerateContent?alt=sse Trace: 0x42adba9128f830ac

2026-05-15 18:53:57.605 [error] [LS Main stderr] I0515 18:53:57.605231 30830 http_helpers.go:151] URL: https://daily-cloudcode-pa.googleapis.com/v1internal:streamGenerateContent?alt=sse Trace: 0xe861cd987da6526a

2026-05-15 18:54:04.395 [error] [LS Main stderr] I0515 18:54:04.395085 30830 planner_generator.go:283] Requesting planner with 7 chat messages at model retry attempt 1 and API retry attempt 1

2026-05-15 18:54:06.556 [error] [LS Main stderr] I0515 18:54:06.556215 30830 http_helpers.go:151] URL: https://daily-cloudcode-pa.googleapis.com/v1internal:streamGenerateContent?alt=sse Trace: 0x8843d7798625642a

2026-05-15 18:54:12.334 [error] [LS Main stderr] I0515 18:54:12.334200 30830 http_helpers.go:151] URL: https://daily-cloudcode-pa.googleapis.com/v1internal:streamGenerateContent?alt=sse Trace: 0x91e8004adc7465bf

2026-05-15 18:54:12.764 [error] [LS Main stderr] I0515 18:54:12.727458 30830 http_helpers.go:151] URL: https://daily-cloudcode-pa.googleapis.com/v1internal:streamGenerateContent?alt=sse Trace: 0xdb2c8f54484f915d

2026-05-15 18:54:13.295 [error] [LS Main stderr] I0515 18:54:13.295327 30830 planner_generator.go:283] Requesting planner with 9 chat messages at model retry attempt 1 and API retry attempt 1

2026-05-15 18:54:15.137 [error] [LS Main stderr] I0515 18:54:15.137676 30830 http_helpers.go:151] URL: https://daily-cloudcode-pa.googleapis.com/v1internal:streamGenerateContent?alt=sse Trace: 0x9422e3d9caa08b87

2026-05-15 18:54:21.614 [error] [LS Main stderr] I0515 18:54:21.613846 30830 http_helpers.go:151] URL: https://daily-cloudcode-pa.googleapis.com/v1internal:loadCodeAssist Trace: 0xfa66e9c0260845ab

2026-05-15 18:54:22.072 [error] [LS Main stderr] I0515 18:54:22.072469 30830 http_helpers.go:151] URL: https://daily-cloudcode-pa.googleapis.com/v1internal:fetchAvailableModels Trace: 0xfcbc25f842125d7e

2026-05-15 18:54:22.842 [error] [LS Main stderr] I0515 18:54:22.841995 30830 http_helpers.go:151] URL: https://daily-cloudcode-pa.googleapis.com/v1internal:streamGenerateContent?alt=sse Trace: 0x49edaf85a7468292

2026-05-15 18:54:22.898 [error] [LS Main stderr] I0515 18:54:22.897862 30830 http_helpers.go:151] URL: https://daily-cloudcode-pa.googleapis.com/v1internal:streamGenerateContent?alt=sse Trace: 0x6ddffd824e9b9a8f

2026-05-15 18:54:28.453 [error] [LS Main stderr] I0515 18:54:28.453561 30830 http_helpers.go:151] URL: https://daily-cloudcode-pa.googleapis.com/v1internal:streamGenerateContent?alt=sse Trace: 0xbf9ce296e0837d3a

2026-05-15 18:54:28.511 [error] [LS Main stderr] I0515 18:54:28.511279 30830 http_helpers.go:151] URL: https://daily-cloudcode-pa.googleapis.com/v1internal:streamGenerateContent?alt=sse Trace: 0x487c52fcfc09bcbd

2026-05-15 18:54:52.333 [error] [LS Main stderr] I0515 18:54:52.333513 30830 http_helpers.go:151] URL: https://daily-cloudcode-pa.googleapis.com/v1internal:loadCodeAssist Trace: 0xb1d0c53ccf91e8b

2026-05-15 18:54:52.618 [error] [LS Main stderr] I0515 18:54:52.618582 30830 http_helpers.go:151] URL: https://daily-cloudcode-pa.googleapis.com/v1internal:fetchAvailableModels Trace: 0xb292f07a8dfa9bb5

2026-05-15 18:55:24.465 [error] [LS Main stderr] E0515 18:55:24.464779 30830 log.go:398] failed to check terminal shell support: internal: internal error

2026-05-15 18:55:24.499 [error] [LS Main stderr] I0515 18:55:24.498986 30830 planner_generator.go:283] Requesting planner with 13 chat messages at model retry attempt 1 and API retry attempt 1

2026-05-15 18:55:26.523 [error] [LS Main stderr] I0515 18:55:26.523822 30830 http_helpers.go:151] URL: https://daily-cloudcode-pa.googleapis.com/v1internal:streamGenerateContent?alt=sse Trace: 0xb00c8d03fe56a1fd

2026-05-15 18:55:29.353 [error] [LS Main stderr] I0515 18:55:29.353049 30830 planner_generator.go:283] Requesting planner with 15 chat messages at model retry attempt 1 and API retry attempt 1

2026-05-15 18:55:32.511 [error] [LS Main stderr] I0515 18:55:32.511218 30830 http_helpers.go:151] URL: https://daily-cloudcode-pa.googleapis.com/v1internal:streamGenerateContent?alt=sse Trace: 0x7b42e6246e995f52

2026-05-15 18:55:35.053 [error] [LS Main stderr] I0515 18:55:35.053083 30830 planner_generator.go:283] Requesting planner with 19 chat messages at model retry attempt 1 and API retry attempt 1

2026-05-15 18:55:37.568 [error] [LS Main stderr] I0515 18:55:37.567974 30830 http_helpers.go:151] URL: https://daily-cloudcode-pa.googleapis.com/v1internal:streamGenerateContent?alt=sse Trace: 0x4fa647587ea81eac

2026-05-15 18:55:42.286 [error] [LS Main stderr] I0515 18:55:42.286635 30830 planner_generator.go:283] Requesting planner with 22 chat messages at model retry attempt 1 and API retry attempt 1

2026-05-15 18:55:44.475 [error] [LS Main stderr] I0515 18:55:44.474811 30830 http_helpers.go:151] URL: https://daily-cloudcode-pa.googleapis.com/v1internal:streamGenerateContent?alt=sse Trace: 0x583b6d71a2838805

2026-05-15 18:56:03.475 [error] [LS Main stderr] I0515 18:56:03.475117 30830 http_helpers.go:151] URL: https://daily-cloudcode-pa.googleapis.com/v1internal:streamGenerateContent?alt=sse Trace: 0xc654390bdf025910

2026-05-15 18:56:03.584 [error] [LS Main stderr] I0515 18:56:03.583911 30830 http_helpers.go:151] URL: https://daily-cloudcode-pa.googleapis.com/v1internal:streamGenerateContent?alt=sse Trace: 0x97fd9633499184c4

2026-05-15 18:56:08.433 [error] [LS Main stderr] I0515 18:56:08.432931 30830 planner_generator.go:283] Requesting planner with 25 chat messages at model retry attempt 1 and API retry attempt 1

2026-05-15 18:56:09.417 [error] [LS Main stderr] I0515 18:56:09.417242 30830 http_helpers.go:151] URL: https://daily-cloudcode-pa.googleapis.com/v1internal:streamGenerateContent?alt=sse Trace: 0xdbe5b02c2d942130

2026-05-15 18:56:09.417 [error] [LS Main stderr] I0515 18:56:09.417791 30830 http_helpers.go:151] URL: https://daily-cloudcode-pa.googleapis.com/v1internal:streamGenerateContent?alt=sse Trace: 0x810bff89f2c1ddd

2026-05-15 18:56:10.141 [error] [LS Main stderr] I0515 18:56:10.140832 30830 http_helpers.go:151] URL: https://daily-cloudcode-pa.googleapis.com/v1internal:streamGenerateContent?alt=sse Trace: 0xc72b2a86e722ebe0

2026-05-15 18:56:10.784 [error] [LS Main stderr] I0515 18:56:10.783854 30830 http_helpers.go:151] URL: https://daily-cloudcode-pa.googleapis.com/v1internal:streamGenerateContent?alt=sse Trace: 0xee5b248d7be7fb73

2026-05-15 18:56:31.390 [error] [LS Main stderr] I0515 18:56:31.390164 30830 planner_generator.go:283] Requesting planner with 27 chat messages at model retry attempt 1 and API retry attempt 1

2026-05-15 18:56:31.680 [error] [LS Main stderr] I0515 18:56:31.680667 30830 http_helpers.go:151] URL: https://daily-cloudcode-pa.googleapis.com/v1internal:streamGenerateContent?alt=sse Trace: 0xfe63c6ec0a432b99

2026-05-15 18:56:31.791 [error] [LS Main stderr] I0515 18:56:31.791162 30830 http_helpers.go:151] URL: https://daily-cloudcode-pa.googleapis.com/v1internal:streamGenerateContent?alt=sse Trace: 0x3f587ffd0faf7a87

2026-05-15 18:56:33.611 [error] [LS Main stderr] I0515 18:56:33.611348 30830 http_helpers.go:151] URL: https://daily-cloudcode-pa.googleapis.com/v1internal:streamGenerateContent?alt=sse Trace: 0xe84b78e3c6e1f45c

2026-05-15 18:56:36.940 [error] [LS Main stderr] I0515 18:56:36.939742 30830 planner_generator.go:283] Requesting planner with 29 chat messages at model retry attempt 1 and API retry attempt 1

2026-05-15 18:56:38.950 [error] [LS Main stderr] I0515 18:56:38.950134 30830 http_helpers.go:151] URL: https://daily-cloudcode-pa.googleapis.com/v1internal:streamGenerateContent?alt=sse Trace: 0xc7c31bdec0cf2d03

2026-05-15 18:57:01.997 [error] [LS Main stderr] I0515 18:57:01.997515 30830 http_helpers.go:151] URL: https://daily-cloudcode-pa.googleapis.com/v1internal:streamGenerateContent?alt=sse Trace: 0xa1a9a7091428be7b

2026-05-15 18:57:02.111 [error] [LS Main stderr] I0515 18:57:02.111751 30830 http_helpers.go:151] URL: https://daily-cloudcode-pa.googleapis.com/v1internal:streamGenerateContent?alt=sse Trace: 0xd38cbf9f6a27815e

2026-05-15 18:57:02.571 [error] [LS Main stderr] I0515 18:57:02.570930 30830 planner_generator.go:283] Requesting planner with 32 chat messages at model retry attempt 1 and API retry attempt 1

2026-05-15 18:57:07.991 [error] [LS Main stderr] I0515 18:57:07.991051 30830 http_helpers.go:151] URL: https://daily-cloudcode-pa.googleapis.com/v1internal:streamGenerateContent?alt=sse Trace: 0x5cbb84794bc2ae3a

2026-05-15 18:57:21.397 [error] [LS Main stderr] I0515 18:57:21.397077 30830 http_helpers.go:151] URL: https://daily-cloudcode-pa.googleapis.com/v1internal:streamGenerateContent?alt=sse Trace: 0x50230beca1a858b2

2026-05-15 18:57:21.569 [error] [LS Main stderr] I0515 18:57:21.569703 30830 http_helpers.go:151] URL: https://daily-cloudcode-pa.googleapis.com/v1internal:streamGenerateContent?alt=sse Trace: 0x13b0e135399f5db2

2026-05-15 18:57:26.085 [error] [LS Main stderr] I0515 18:57:26.085124 30830 http_helpers.go:151] URL: https://daily-cloudcode-pa.googleapis.com/v1internal:streamGenerateContent?alt=sse Trace: 0x1d2e42dad20d6588

2026-05-15 18:57:26.481 [error] [LS Main stderr] I0515 18:57:26.481268 30830 http_helpers.go:151] URL: https://daily-cloudcode-pa.googleapis.com/v1internal:streamGenerateContent?alt=sse Trace: 0x59d92b54c36b514b

2026-05-15 18:57:27.566 [error] [LS Main stderr] I0515 18:57:27.566325 30830 planner_generator.go:283] Requesting planner with 36 chat messages at model retry attempt 1 and API retry attempt 1

2026-05-15 18:57:29.663 [error] [LS Main stderr] I0515 18:57:29.663728 30830 http_helpers.go:151] URL: https://daily-cloudcode-pa.googleapis.com/v1internal:streamGenerateContent?alt=sse Trace: 0xbd96a4fd62f33394

2026-05-15 18:57:29.810 [error] [LS Main stderr] I0515 18:57:29.810048 30830 http_helpers.go:151] URL: https://daily-cloudcode-pa.googleapis.com/v1internal:streamGenerateContent?alt=sse Trace: 0x4d7539d5a5106491

2026-05-15 18:57:29.979 [error] [LS Main stderr] I0515 18:57:29.979225 30830 http_helpers.go:151] URL: https://daily-cloudcode-pa.googleapis.com/v1internal:streamGenerateContent?alt=sse Trace: 0xd06a84372b026063

2026-05-15 18:57:33.085 [error] [LS Main stderr] I0515 18:57:33.085762 30830 http_helpers.go:151] URL: https://daily-cloudcode-pa.googleapis.com/v1internal:streamGenerateContent?alt=sse Trace: 0x1209b6d4313f1479

2026-05-15 18:57:33.141 [error] [LS Main stderr] I0515 18:57:33.141430 30830 http_helpers.go:151] URL: https://daily-cloudcode-pa.googleapis.com/v1internal:streamGenerateContent?alt=sse Trace: 0xf9b2e5e235e57656

2026-05-15 18:57:33.272 [error] [LS Main stderr] I0515 18:57:33.272550 30830 planner_generator.go:283] Requesting planner with 38 chat messages at model retry attempt 1 and API retry attempt 1

2026-05-15 18:57:35.929 [error] [LS Main stderr] I0515 18:57:35.928897 30830 http_helpers.go:151] URL: https://daily-cloudcode-pa.googleapis.com/v1internal:streamGenerateContent?alt=sse Trace: 0x57cc3d92d6cc35ce

2026-05-15 18:57:44.202 [error] [LS Main stderr] I0515 18:57:44.202260 30830 http_helpers.go:151] URL: https://daily-cloudcode-pa.googleapis.com/v1internal:streamGenerateContent?alt=sse Trace: 0x158a3ba0c0e32417

2026-05-15 18:57:44.711 [error] [LS Main stderr] I0515 18:57:44.711041 30830 http_helpers.go:151] URL: https://daily-cloudcode-pa.googleapis.com/v1internal:streamGenerateContent?alt=sse Trace: 0xfb3b511f222fdc6f

2026-05-15 18:57:44.712 [error] [LS Main stderr] I0515 18:57:44.712245 30830 http_helpers.go:151] URL: https://daily-cloudcode-pa.googleapis.com/v1internal:streamGenerateContent?alt=sse Trace: 0xe821eeba9ed451a9

2026-05-15 18:57:45.374 [error] [LS Main stderr] I0515 18:57:45.374620 30830 planner_generator.go:283] Requesting planner with 41 chat messages at model retry attempt 1 and API retry attempt 1

2026-05-15 18:57:46.632 [error] [LS Main stderr] I0515 18:57:46.632403 30830 http_helpers.go:151] URL: https://daily-cloudcode-pa.googleapis.com/v1internal:streamGenerateContent?alt=sse Trace: 0x7482c0716af52243

2026-05-15 18:57:46.804 [error] [LS Main stderr] I0515 18:57:46.804400 30830 http_helpers.go:151] URL: https://daily-cloudcode-pa.googleapis.com/v1internal:streamGenerateContent?alt=sse Trace: 0x13d9a6590887f9ab

2026-05-15 18:57:47.575 [error] [LS Main stderr] I0515 18:57:47.575567 30830 http_helpers.go:151] URL: https://daily-cloudcode-pa.googleapis.com/v1internal:streamGenerateContent?alt=sse Trace: 0x356770c207d47d9c

2026-05-15 18:57:48.469 [error] [LS Main stderr] I0515 18:57:48.469585 30830 planner_generator.go:283] Requesting planner with 43 chat messages at model retry attempt 1 and API retry attempt 1

2026-05-15 18:57:51.394 [error] [LS Main stderr] I0515 18:57:51.394038 30830 http_helpers.go:151] URL: https://daily-cloudcode-pa.googleapis.com/v1internal:streamGenerateContent?alt=sse Trace: 0x75c0b0ecf54a4cde

2026-05-15 18:57:57.952 [error] [LS Main stderr] I0515 18:57:57.952415 30830 planner_generator.go:283] Requesting planner with 45 chat messages at model retry attempt 1 and API retry attempt 1

2026-05-15 18:58:00.235 [error] [LS Main stderr] I0515 18:58:00.234780 30830 http_helpers.go:151] URL: https://daily-cloudcode-pa.googleapis.com/v1internal:streamGenerateContent?alt=sse Trace: 0xdb4e7cc69539b18b

2026-05-15 18:58:01.163 [error] [LS Main stderr] I0515 18:58:01.163266 30830 http_helpers.go:151] URL: https://daily-cloudcode-pa.googleapis.com/v1internal:streamGenerateContent?alt=sse Trace: 0xf4123b1281fef0f9

2026-05-15 18:58:01.275 [error] [LS Main stderr] I0515 18:58:01.275281 30830 http_helpers.go:151] URL: https://daily-cloudcode-pa.googleapis.com/v1internal:streamGenerateContent?alt=sse Trace: 0xc614d7d21c7fc09e

2026-05-15 18:58:03.221 [error] [LS Main stderr] I0515 18:58:03.221739 30830 planner_generator.go:283] Requesting planner with 47 chat messages at model retry attempt 1 and API retry attempt 1

2026-05-15 18:58:05.236 [error] [LS Main stderr] I0515 18:58:05.236442 30830 http_helpers.go:151] URL: https://daily-cloudcode-pa.googleapis.com/v1internal:streamGenerateContent?alt=sse Trace: 0xabe354842188fe36

2026-05-15 18:58:11.493 [error] [LS Main stderr] I0515 18:58:11.493376 30830 planner_generator.go:283] Requesting planner with 49 chat messages at model retry attempt 1 and API retry attempt 1

2026-05-15 18:58:13.948 [error] [LS Main stderr] I0515 18:58:13.947764 30830 http_helpers.go:151] URL: https://daily-cloudcode-pa.googleapis.com/v1internal:streamGenerateContent?alt=sse Trace: 0xe200c395830a3aad

2026-05-15 18:58:18.046 [error] [LS Main stderr] I0515 18:58:18.046115 30830 planner_generator.go:283] Requesting planner with 51 chat messages at model retry attempt 1 and API retry attempt 1

2026-05-15 18:58:20.063 [error] [LS Main stderr] I0515 18:58:20.063182 30830 http_helpers.go:151] URL: https://daily-cloudcode-pa.googleapis.com/v1internal:streamGenerateContent?alt=sse Trace: 0x84ab2f5a2f84cd7b

2026-05-15 18:58:25.658 [error] [LS Main stderr] I0515 18:58:25.658237 30830 planner_generator.go:283] Requesting planner with 53 chat messages at model retry attempt 1 and API retry attempt 1

2026-05-15 18:58:29.955 [error] [LS Main stderr] I0515 18:58:29.955383 30830 http_helpers.go:151] URL: https://daily-cloudcode-pa.googleapis.com/v1internal:streamGenerateContent?alt=sse Trace: 0xd00d786e2767b43b

2026-05-15 18:58:33.163 [error] [LS Main stderr] I0515 18:58:33.163669 30830 planner_generator.go:283] Requesting planner with 55 chat messages at model retry attempt 1 and API retry attempt 1

2026-05-15 18:58:35.508 [error] [LS Main stderr] I0515 18:58:35.508259 30830 http_helpers.go:151] URL: https://daily-cloudcode-pa.googleapis.com/v1internal:streamGenerateContent?alt=sse Trace: 0x6694b9637f762639

2026-05-15 18:58:43.696 [error] [LS Main stderr] I0515 18:58:43.695885 30830 planner_generator.go:283] Requesting planner with 57 chat messages at model retry attempt 1 and API retry attempt 1

2026-05-15 18:58:45.258 [error] [LS Main stderr] I0515 18:58:45.257979 30830 http_helpers.go:151] URL: https://daily-cloudcode-pa.googleapis.com/v1internal:streamGenerateContent?alt=sse Trace: 0x9ebfcf3c4ef8b5bc

2026-05-15 18:58:45.262 [error] [LS Main stderr] I0515 18:58:45.262237 30830 http_helpers.go:151] URL: https://daily-cloudcode-pa.googleapis.com/v1internal:streamGenerateContent?alt=sse Trace: 0x70360780b89432c1

2026-05-15 18:58:45.546 [error] [LS Main stderr] I0515 18:58:45.546704 30830 http_helpers.go:151] URL: https://daily-cloudcode-pa.googleapis.com/v1internal:streamGenerateContent?alt=sse Trace: 0x3957d07c486527d4

2026-05-15 18:58:45.919 [error] [LS Main stderr] I0515 18:58:45.918926 30830 http_helpers.go:151] URL: https://daily-cloudcode-pa.googleapis.com/v1internal:streamGenerateContent?alt=sse Trace: 0x3373fea45755aef7

2026-05-15 18:58:48.893 [error] [LS Main stderr] I0515 18:58:48.892978 30830 planner_generator.go:283] Requesting planner with 59 chat messages at model retry attempt 1 and API retry attempt 1

2026-05-15 18:58:51.417 [error] [LS Main stderr] I0515 18:58:51.417593 30830 http_helpers.go:151] URL: https://daily-cloudcode-pa.googleapis.com/v1internal:streamGenerateContent?alt=sse Trace: 0xf5ad581c956c86b7

2026-05-15 18:58:53.762 [error] [LS Main stderr] I0515 18:58:53.762112 30830 planner_generator.go:283] Requesting planner with 61 chat messages at model retry attempt 1 and API retry attempt 1

2026-05-15 18:58:55.892 [error] [LS Main stderr] I0515 18:58:55.892018 30830 http_helpers.go:151] URL: https://daily-cloudcode-pa.googleapis.com/v1internal:streamGenerateContent?alt=sse Trace: 0xaa59514c3c814ee4

2026-05-15 18:58:58.781 [error] [LS Main stderr] I0515 18:58:58.781676 30830 planner_generator.go:283] Requesting planner with 63 chat messages at model retry attempt 1 and API retry attempt 1

2026-05-15 18:59:01.487 [error] [LS Main stderr] I0515 18:59:01.487169 30830 http_helpers.go:151] URL: https://daily-cloudcode-pa.googleapis.com/v1internal:streamGenerateContent?alt=sse Trace: 0x523187288636f6c1

2026-05-15 18:59:04.311 [error] [LS Main stderr] I0515 18:59:04.311585 30830 planner_generator.go:283] Requesting planner with 65 chat messages at model retry attempt 1 and API retry attempt 1

2026-05-15 18:59:06.380 [error] [LS Main stderr] I0515 18:59:06.380047 30830 http_helpers.go:151] URL: https://daily-cloudcode-pa.googleapis.com/v1internal:streamGenerateContent?alt=sse Trace: 0x948d87259d6c810f

2026-05-15 18:59:52.317 [error] [LS Main stderr] I0515 18:59:52.317055 30830 http_helpers.go:151] URL: https://daily-cloudcode-pa.googleapis.com/v1internal:loadCodeAssist Trace: 0x9271c898022457fd

2026-05-15 18:59:52.805 [error] [LS Main stderr] I0515 18:59:52.805012 30830 http_helpers.go:151] URL: https://daily-cloudcode-pa.googleapis.com/v1internal:fetchAvailableModels Trace: 0xe4cbd67fb24dd5c6

2026-05-15 19:01:24.096 [error] [LS Main stderr] E0515 19:01:24.096325 30830 log.go:398] failed to check terminal shell support: internal: internal error

2026-05-15 19:01:24.144 [error] [LS Main stderr] I0515 19:01:24.143853 30830 planner_generator.go:283] Requesting planner with 67 chat messages at model retry attempt 1 and API retry attempt 1

2026-05-15 19:01:27.498 [error] [LS Main stderr] I0515 19:01:27.498790 30830 http_helpers.go:151] URL: https://daily-cloudcode-pa.googleapis.com/v1internal:streamGenerateContent?alt=sse Trace: 0xfe3ce0753603c4d6

2026-05-15 19:01:30.662 [error] [LS Main stderr] I0515 19:01:30.662505 30830 planner_generator.go:283] Requesting planner with 69 chat messages at model retry attempt 1 and API retry attempt 1

2026-05-15 19:01:32.794 [error] [LS Main stderr] I0515 19:01:32.793985 30830 http_helpers.go:151] URL: https://daily-cloudcode-pa.googleapis.com/v1internal:streamGenerateContent?alt=sse Trace: 0xfb6e02373221c2b2

2026-05-15 19:02:14.616 [error] [LS Main stderr] E0515 19:02:14.616465 30830 client.go:55] Clearcut responded with HTTP code503

2026-05-15 19:03:23.231 [error] [LS Main stderr] E0515 19:03:23.231232 30830 log.go:398] failed to check terminal shell support: internal: internal error

2026-05-15 19:03:23.293 [error] [LS Main stderr] I0515 19:03:23.292635 30830 planner_generator.go:283] Requesting planner with 79 chat messages at model retry attempt 1 and API retry attempt 1

2026-05-15 19:03:26.786 [error] [LS Main stderr] I0515 19:03:26.786148 30830 http_helpers.go:151] URL: https://daily-cloudcode-pa.googleapis.com/v1internal:streamGenerateContent?alt=sse Trace: 0x6e43e795790189cf

2026-05-15 19:03:34.137 [error] [LS Main stderr] I0515 19:03:34.137588 30830 planner_generator.go:283] Requesting planner with 81 chat messages at model retry attempt 1 and API retry attempt 1

2026-05-15 19:03:38.839 [error] [LS Main stderr] I0515 19:03:38.838811 30830 http_helpers.go:151] URL: https://daily-cloudcode-pa.googleapis.com/v1internal:streamGenerateContent?alt=sse Trace: 0x686717cd52e9d21c

2026-05-15 19:04:52.810 [error] [LS Main stderr] I0515 19:04:52.810290 30830 http_helpers.go:151] URL: https://daily-cloudcode-pa.googleapis.com/v1internal:loadCodeAssist Trace: 0x71699500482e660a

2026-05-15 19:04:53.304 [error] [LS Main stderr] I0515 19:04:53.304042 30830 http_helpers.go:151] URL: https://daily-cloudcode-pa.googleapis.com/v1internal:fetchAvailableModels Trace: 0x90e72fe32c6b1f5c

2026-05-15 19:07:24.398 [error] [LS Main stderr] E0515 19:07:24.398011 30830 log.go:398] failed to check terminal shell support: internal: internal error

2026-05-15 19:07:24.459 [error] [LS Main stderr] I0515 19:07:24.458057 30830 planner_generator.go:283] Requesting planner with 91 chat messages at model retry attempt 1 and API retry attempt 1

2026-05-15 19:07:28.140 [error] [LS Main stderr] I0515 19:07:28.139979 30830 http_helpers.go:151] URL: https://daily-cloudcode-pa.googleapis.com/v1internal:streamGenerateContent?alt=sse Trace: 0xa1375bc211ccceb0

2026-05-15 19:07:44.639 [error] [LS Main stderr] I0515 19:07:44.639065 30830 planner_generator.go:283] Requesting planner with 93 chat messages at model retry attempt 1 and API retry attempt 1

2026-05-15 19:07:47.940 [error] [LS Main stderr] I0515 19:07:47.939992 30830 http_helpers.go:151] URL: https://daily-cloudcode-pa.googleapis.com/v1internal:streamGenerateContent?alt=sse Trace: 0x26133050b8408920

2026-05-15 19:07:58.506 [error] [LS Main stderr] I0515 19:07:58.506066 30830 planner_generator.go:283] Requesting planner with 95 chat messages at model retry attempt 1 and API retry attempt 1

2026-05-15 19:08:01.012 [error] [LS Main stderr] I0515 19:08:01.011987 30830 http_helpers.go:151] URL: https://daily-cloudcode-pa.googleapis.com/v1internal:streamGenerateContent?alt=sse Trace: 0x26a056b25d5bea35

2026-05-15 19:08:27.736 [error] [LS Main stderr] E0515 19:08:27.735995 30830 log.go:398] failed to check terminal shell support: internal: internal error

2026-05-15 19:08:27.796 [error] [LS Main stderr] I0515 19:08:27.796446 30830 planner_generator.go:283] Requesting planner with 97 chat messages at model retry attempt 1 and API retry attempt 1

2026-05-15 19:08:30.696 [error] [LS Main stderr] I0515 19:08:30.695965 30830 http_helpers.go:151] URL: https://daily-cloudcode-pa.googleapis.com/v1internal:streamGenerateContent?alt=sse Trace: 0x5d2340c749abd50e

2026-05-15 19:08:58.780 [error] [LS Main stderr] E0515 19:08:58.779730 30830 log.go:398] failed to check terminal shell support: internal: internal error

2026-05-15 19:08:58.846 [error] [LS Main stderr] I0515 19:08:58.845974 30830 planner_generator.go:283] Requesting planner with 99 chat messages at model retry attempt 1 and API retry attempt 1

2026-05-15 19:09:01.612 [error] [LS Main stderr] I0515 19:09:01.612404 30830 http_helpers.go:151] URL: https://daily-cloudcode-pa.googleapis.com/v1internal:streamGenerateContent?alt=sse Trace: 0x652668011df4ce17

2026-05-15 19:09:12.024 [error] [LS Main stderr] E0515 19:09:12.023693 30830 log.go:398] failed to check terminal shell support: internal: internal error

2026-05-15 19:09:12.095 [error] [LS Main stderr] I0515 19:09:12.094777 30830 planner_generator.go:283] Requesting planner with 101 chat messages at model retry attempt 1 and API retry attempt 1

2026-05-15 19:09:14.543 [error] [LS Main stderr] I0515 19:09:14.543040 30830 http_helpers.go:151] URL: https://daily-cloudcode-pa.googleapis.com/v1internal:streamGenerateContent?alt=sse Trace: 0x174dae7a591473d1

2026-05-15 19:09:19.899 [error] [LS Main stderr] W0515 19:09:19.897507 30830 browser_subagent_handler.go:175] Failed to launch browser and/or initialize extension: failed to create browser context: failed to create browser instance: wrong CDP URL: invalid CDP URL: 

2026-05-15 19:09:20.549 [error] [LS Main stderr] E0515 19:09:20.549577 30830 log.go:398] failed to start browser recording: failed to create browser context: failed to create browser instance: wrong CDP URL: invalid CDP URL: 

2026-05-15 19:09:20.556 [error] [LS Main stderr] E0515 19:09:20.556598 30830 log.go:398] failed DOM for browser ephemeral message: no browser session active

2026-05-15 19:09:20.556 [error] [LS Main stderr] E0515 19:09:20.556660 30830 log.go:398] failed page view for browser ephemeral message: no browser session active

2026-05-15 19:09:20.557 [error] [LS Main stderr] I0515 19:09:20.557338 30830 planner_generator.go:283] Requesting planner with 1 chat messages at model retry attempt 1 and API retry attempt 1

2026-05-15 19:09:23.970 [error] [LS Main stderr] I0515 19:09:23.970520 30830 http_helpers.go:151] URL: https://daily-cloudcode-pa.googleapis.com/v1internal:streamGenerateContent?alt=sse Trace: 0xb3c781a5b561adf4

2026-05-15 19:09:23.992 [error] [LS Main stderr] E0515 19:09:23.992343 30830 log.go:398] failed DOM for browser ephemeral message: no browser session active
E0515 19:09:23.992435 30830 log.go:398] failed page view for browser ephemeral message: no browser session active

2026-05-15 19:09:23.993 [error] [LS Main stderr] I0515 19:09:23.993237 30830 planner_generator.go:283] Requesting planner with 3 chat messages at model retry attempt 1 and API retry attempt 1

2026-05-15 19:09:27.137 [error] [LS Main stderr] I0515 19:09:27.137458 30830 http_helpers.go:151] URL: https://daily-cloudcode-pa.googleapis.com/v1internal:streamGenerateContent?alt=sse Trace: 0xe1260fa58fe1cc7a

2026-05-15 19:09:27.161 [error] [LS Main stderr] E0515 19:09:27.161117 30830 log.go:398] error executing cascade step: CORTEX_STEP_TYPE_CODE_ACTION: Could not successfully apply any edits. Please review the file and try smaller edits that you are more confident about.: chunk 0: cannot have nonempty target content in empty file

2026-05-15 19:09:27.162 [error] [LS Main stderr] E0515 19:09:27.162051 30830 log.go:398] failed DOM for browser ephemeral message: no browser session active
E0515 19:09:27.162077 30830 log.go:398] failed page view for browser ephemeral message: no browser session active

2026-05-15 19:09:27.163 [error] [LS Main stderr] I0515 19:09:27.162996 30830 planner_generator.go:283] Requesting planner with 5 chat messages at model retry attempt 1 and API retry attempt 1

2026-05-15 19:09:31.983 [error] [LS Main stderr] I0515 19:09:31.983168 30830 http_helpers.go:151] URL: https://daily-cloudcode-pa.googleapis.com/v1internal:streamGenerateContent?alt=sse Trace: 0x6a56beaae1a83d09

2026-05-15 19:09:32.459 [error] [LS Main stderr] E0515 19:09:32.459376 30830 common_browser_handler.go:434] No browser pages are currently open.

2026-05-15 19:09:52.252 [error] [LS Main stderr] I0515 19:09:52.252001 30830 http_helpers.go:151] URL: https://daily-cloudcode-pa.googleapis.com/v1internal:loadCodeAssist Trace: 0xb49e95ae9006dbe8

2026-05-15 19:09:52.753 [error] [LS Main stderr] I0515 19:09:52.753588 30830 http_helpers.go:151] URL: https://daily-cloudcode-pa.googleapis.com/v1internal:fetchAvailableModels Trace: 0x1ee20bf9a79d6dcc

2026-05-15 19:10:43.519 [error] [LS Main stderr] E0515 19:10:43.519627 30830 log.go:398] error executing cascade step: CORTEX_STEP_TYPE_OPEN_BROWSER_URL: failed to open URL in Antigravity Browser. DO NOT try alternative ways of opening the page. If this tool has failed multiple times, end the task, and state that the open_browser_url tool failed with the following error: failed to create browser context: failed to create browser instance: wrong CDP URL: invalid CDP URL: 

2026-05-15 19:10:43.520 [error] [LS Main stderr] E0515 19:10:43.520602 30830 log.go:398] failed DOM for browser ephemeral message: no browser session active

2026-05-15 19:10:43.520 [error] [LS Main stderr] E0515 19:10:43.520602 30830 log.go:398] failed page view for browser ephemeral message: no browser session active

2026-05-15 19:10:43.521 [error] [LS Main stderr] I0515 19:10:43.521778 30830 planner_generator.go:283] Requesting planner with 7 chat messages at model retry attempt 1 and API retry attempt 1

2026-05-15 19:10:45.668 [error] [LS Main stderr] I0515 19:10:45.668103 30830 http_helpers.go:151] URL: https://daily-cloudcode-pa.googleapis.com/v1internal:streamGenerateContent?alt=sse Trace: 0x86b022a877f3067b

2026-05-15 19:10:46.317 [error] [LS Main stderr] E0515 19:10:46.316638 30830 log.go:398] error executing cascade step: CORTEX_STEP_TYPE_OPEN_BROWSER_URL: failed to open URL in Antigravity Browser. DO NOT try alternative ways of opening the page. If this tool has failed multiple times, end the task, and state that the open_browser_url tool failed with the following error: failed to create browser context: failed to create browser instance: wrong CDP URL: invalid CDP URL: 

2026-05-15 19:10:46.318 [error] [LS Main stderr] E0515 19:10:46.317380 30830 log.go:398] failed page view for browser ephemeral message: no browser session active
E0515 19:10:46.317418 30830 log.go:398] failed DOM for browser ephemeral message: no browser session active

2026-05-15 19:10:46.318 [error] [LS Main stderr] I0515 19:10:46.318696 30830 planner_generator.go:283] Requesting planner with 9 chat messages at model retry attempt 1 and API retry attempt 1

2026-05-15 19:10:49.102 [error] [LS Main stderr] I0515 19:10:49.102415 30830 http_helpers.go:151] URL: https://daily-cloudcode-pa.googleapis.com/v1internal:streamGenerateContent?alt=sse Trace: 0x7561f5f6585e0fb0

2026-05-15 19:10:49.123 [error] [LS Main stderr] E0515 19:10:49.123187 30830 log.go:398] failed DOM for browser ephemeral message: no browser session active
E0515 19:10:49.123222 30830 log.go:398] failed page view for browser ephemeral message: no browser session active

2026-05-15 19:10:49.125 [error] [LS Main stderr] I0515 19:10:49.125342 30830 planner_generator.go:283] Requesting planner with 11 chat messages at model retry attempt 1 and API retry attempt 1

2026-05-15 19:10:52.021 [error] [LS Main stderr] I0515 19:10:52.021476 30830 http_helpers.go:151] URL: https://daily-cloudcode-pa.googleapis.com/v1internal:streamGenerateContent?alt=sse Trace: 0xfcb484412a41d480

2026-05-15 19:10:52.192 [error] [LS Main stderr] E0515 19:10:52.192012 30830 common_browser_handler.go:434] No browser pages are currently open.

2026-05-15 19:10:54.042 [error] [LS Main stderr] E0515 19:10:54.041904 30830 log.go:398] error executing cascade step: CORTEX_STEP_TYPE_OPEN_BROWSER_URL: failed to open URL in Antigravity Browser. DO NOT try alternative ways of opening the page. If this tool has failed multiple times, end the task, and state that the open_browser_url tool failed with the following error: failed to create browser context: failed to create browser instance: wrong CDP URL: invalid CDP URL: 

2026-05-15 19:10:54.042 [error] [LS Main stderr] E0515 19:10:54.042856 30830 log.go:398] failed page view for browser ephemeral message: no browser session active

2026-05-15 19:10:54.043 [error] [LS Main stderr] E0515 19:10:54.042965 30830 log.go:398] failed DOM for browser ephemeral message: no browser session active

2026-05-15 19:10:54.045 [error] [LS Main stderr] I0515 19:10:54.045335 30830 planner_generator.go:283] Requesting planner with 13 chat messages at model retry attempt 1 and API retry attempt 1

2026-05-15 19:10:57.582 [error] [LS Main stderr] I0515 19:10:57.582448 30830 http_helpers.go:151] URL: https://daily-cloudcode-pa.googleapis.com/v1internal:streamGenerateContent?alt=sse Trace: 0xcf24a6425598e156

2026-05-15 19:11:02.607 [error] [LS Main stderr] E0515 19:11:02.607510 30830 log.go:398] failed DOM for browser ephemeral message: no browser session active

2026-05-15 19:11:02.607 [error] [LS Main stderr] E0515 19:11:02.607615 30830 log.go:398] failed page view for browser ephemeral message: no browser session active

2026-05-15 19:11:02.609 [error] [LS Main stderr] I0515 19:11:02.609661 30830 planner_generator.go:283] Requesting planner with 15 chat messages at model retry attempt 1 and API retry attempt 1

2026-05-15 19:11:04.609 [error] [LS Main stderr] I0515 19:11:04.609683 30830 http_helpers.go:151] URL: https://daily-cloudcode-pa.googleapis.com/v1internal:streamGenerateContent?alt=sse Trace: 0xb98b65987ab502c

2026-05-15 19:11:05.962 [error] [LS Main stderr] E0515 19:11:05.962087 30830 log.go:398] failed to remove actuation overlay: failed to create browser context: failed to create browser instance: wrong CDP URL: invalid CDP URL: 

2026-05-15 19:11:34.728 [error] [LS Main stderr] E0515 19:11:34.727872 30830 log.go:398] failed to check terminal shell support: internal: internal error

2026-05-15 19:11:34.798 [error] [LS Main stderr] I0515 19:11:34.797705 30830 planner_generator.go:283] Requesting planner with 105 chat messages at model retry attempt 1 and API retry attempt 1

2026-05-15 19:11:38.663 [error] [LS Main stderr] I0515 19:11:38.663442 30830 http_helpers.go:151] URL: https://daily-cloudcode-pa.googleapis.com/v1internal:streamGenerateContent?alt=sse Trace: 0x34893ba758e3b44b

2026-05-15 19:12:12.442 [error] [LS Main stderr] I0515 19:12:12.442350 30830 http_helpers.go:151] URL: https://daily-cloudcode-pa.googleapis.com/v1internal:streamGenerateContent?alt=sse Trace: 0x2e360c97c98eb57f

2026-05-15 19:12:12.443 [error] [LS Main stderr] I0515 19:12:12.443759 30830 http_helpers.go:151] URL: https://daily-cloudcode-pa.googleapis.com/v1internal:streamGenerateContent?alt=sse Trace: 0x19af6752e695577f

2026-05-15 19:12:20.759 [error] [LS Main stderr] E0515 19:12:20.759205 30830 log.go:398] failed to check terminal shell support: internal: internal error

2026-05-15 19:12:20.823 [error] [LS Main stderr] I0515 19:12:20.823203 30830 planner_generator.go:283] Requesting planner with 108 chat messages at model retry attempt 1 and API retry attempt 1

2026-05-15 19:12:24.379 [error] [LS Main stderr] I0515 19:12:24.378956 30830 http_helpers.go:151] URL: https://daily-cloudcode-pa.googleapis.com/v1internal:streamGenerateContent?alt=sse Trace: 0xd9e704863648705c

2026-05-15 19:12:27.463 [error] [LS Main stderr] I0515 19:12:27.463069 30830 planner_generator.go:283] Requesting planner with 110 chat messages at model retry attempt 1 and API retry attempt 1

2026-05-15 19:12:29.965 [error] [LS Main stderr] I0515 19:12:29.965435 30830 http_helpers.go:151] URL: https://daily-cloudcode-pa.googleapis.com/v1internal:streamGenerateContent?alt=sse Trace: 0x359c13786c591d68

2026-05-15 19:12:34.861 [error] [LS Main stderr] I0515 19:12:34.861207 30830 planner_generator.go:283] Requesting planner with 112 chat messages at model retry attempt 1 and API retry attempt 1

2026-05-15 19:12:37.457 [error] [LS Main stderr] I0515 19:12:37.457017 30830 http_helpers.go:151] URL: https://daily-cloudcode-pa.googleapis.com/v1internal:streamGenerateContent?alt=sse Trace: 0x6eb56375b606f396

2026-05-15 19:12:39.773 [error] [LS Main stderr] I0515 19:12:39.773156 30830 planner_generator.go:283] Requesting planner with 114 chat messages at model retry attempt 1 and API retry attempt 1

2026-05-15 19:12:43.731 [error] [LS Main stderr] I0515 19:12:43.731696 30830 http_helpers.go:151] URL: https://daily-cloudcode-pa.googleapis.com/v1internal:streamGenerateContent?alt=sse Trace: 0xe7f0b58950dc68b5

2026-05-15 19:12:45.625 [error] [LS Main stderr] I0515 19:12:45.625126 30830 planner_generator.go:283] Requesting planner with 116 chat messages at model retry attempt 1 and API retry attempt 1

2026-05-15 19:12:48.831 [error] [LS Main stderr] I0515 19:12:48.831430 30830 http_helpers.go:151] URL: https://daily-cloudcode-pa.googleapis.com/v1internal:streamGenerateContent?alt=sse Trace: 0xdffbdeac8e5da03a

2026-05-15 19:12:50.653 [error] [LS Main stderr] I0515 19:12:50.653078 30830 planner_generator.go:283] Requesting planner with 118 chat messages at model retry attempt 1 and API retry attempt 1

2026-05-15 19:12:53.472 [error] [LS Main stderr] I0515 19:12:53.472632 30830 http_helpers.go:151] URL: https://daily-cloudcode-pa.googleapis.com/v1internal:streamGenerateContent?alt=sse Trace: 0x6a7396abf92e2fa1

2026-05-15 19:12:56.035 [error] [LS Main stderr] I0515 19:12:56.034877 30830 planner_generator.go:283] Requesting planner with 120 chat messages at model retry attempt 1 and API retry attempt 1

2026-05-15 19:12:59.614 [error] [LS Main stderr] I0515 19:12:59.614157 30830 http_helpers.go:151] URL: https://daily-cloudcode-pa.googleapis.com/v1internal:streamGenerateContent?alt=sse Trace: 0xbf3e9344d02d2b2f

2026-05-15 19:13:03.242 [error] [LS Main stderr] I0515 19:13:03.242052 30830 planner_generator.go:283] Requesting planner with 122 chat messages at model retry attempt 1 and API retry attempt 1

2026-05-15 19:13:07.519 [error] [LS Main stderr] I0515 19:13:07.519088 30830 http_helpers.go:151] URL: https://daily-cloudcode-pa.googleapis.com/v1internal:streamGenerateContent?alt=sse Trace: 0x94a69be95338a971

2026-05-15 19:13:09.332 [error] [LS Main stderr] I0515 19:13:09.332508 30830 planner_generator.go:283] Requesting planner with 124 chat messages at model retry attempt 1 and API retry attempt 1

2026-05-15 19:13:12.653 [error] [LS Main stderr] I0515 19:13:12.652819 30830 http_helpers.go:151] URL: https://daily-cloudcode-pa.googleapis.com/v1internal:streamGenerateContent?alt=sse Trace: 0xd7407154da12b29d

2026-05-15 19:13:15.463 [error] [LS Main stderr] I0515 19:13:15.463290 30830 planner_generator.go:283] Requesting planner with 126 chat messages at model retry attempt 1 and API retry attempt 1

2026-05-15 19:13:20.719 [error] [LS Main stderr] I0515 19:13:20.719043 30830 http_helpers.go:151] URL: https://daily-cloudcode-pa.googleapis.com/v1internal:streamGenerateContent?alt=sse Trace: 0xe217f3fa46851443

2026-05-15 19:13:22.685 [error] [LS Main stderr] I0515 19:13:22.684816 30830 planner_generator.go:283] Requesting planner with 128 chat messages at model retry attempt 1 and API retry attempt 1

2026-05-15 19:13:25.600 [error] [LS Main stderr] I0515 19:13:25.599751 30830 http_helpers.go:151] URL: https://daily-cloudcode-pa.googleapis.com/v1internal:streamGenerateContent?alt=sse Trace: 0xf4ecc61399eba80e

2026-05-15 19:13:28.367 [error] [LS Main stderr] I0515 19:13:28.367146 30830 planner_generator.go:283] Requesting planner with 130 chat messages at model retry attempt 1 and API retry attempt 1

2026-05-15 19:13:33.234 [error] [LS Main stderr] I0515 19:13:33.233992 30830 http_helpers.go:151] URL: https://daily-cloudcode-pa.googleapis.com/v1internal:streamGenerateContent?alt=sse Trace: 0xf98f4e570eb2ce10

2026-05-15 19:13:34.906 [error] [LS Main stderr] I0515 19:13:34.906546 30830 planner_generator.go:283] Requesting planner with 132 chat messages at model retry attempt 1 and API retry attempt 1

2026-05-15 19:13:38.093 [error] [LS Main stderr] I0515 19:13:38.093694 30830 http_helpers.go:151] URL: https://daily-cloudcode-pa.googleapis.com/v1internal:streamGenerateContent?alt=sse Trace: 0xeb78e8c8d7f90d5

2026-05-15 19:13:42.176 [error] [LS Main stderr] I0515 19:13:42.176557 30830 planner_generator.go:283] Requesting planner with 134 chat messages at model retry attempt 1 and API retry attempt 1

2026-05-15 19:13:45.032 [error] [LS Main stderr] I0515 19:13:45.031692 30830 http_helpers.go:151] URL: https://daily-cloudcode-pa.googleapis.com/v1internal:streamGenerateContent?alt=sse Trace: 0x90b159332a4dd871

2026-05-15 19:13:47.440 [error] [LS Main stderr] I0515 19:13:47.439998 30830 planner_generator.go:283] Requesting planner with 136 chat messages at model retry attempt 1 and API retry attempt 1

2026-05-15 19:13:50.321 [error] [LS Main stderr] I0515 19:13:50.321010 30830 http_helpers.go:151] URL: https://daily-cloudcode-pa.googleapis.com/v1internal:streamGenerateContent?alt=sse Trace: 0xd9ded361e40a750e

2026-05-15 19:14:52.124 [error] [LS Main stderr] I0515 19:14:52.124566 30830 http_helpers.go:151] URL: https://daily-cloudcode-pa.googleapis.com/v1internal:loadCodeAssist Trace: 0xde686af79ecc411f

2026-05-15 19:14:52.592 [error] [LS Main stderr] I0515 19:14:52.592574 30830 http_helpers.go:151] URL: https://daily-cloudcode-pa.googleapis.com/v1internal:fetchAvailableModels Trace: 0x36068d65101dd41e

2026-05-15 19:16:21.594 [error] [LS Main stderr] E0515 19:16:21.593849 30830 log.go:398] failed to check terminal shell support: internal: internal error

2026-05-15 19:16:21.674 [error] [LS Main stderr] I0515 19:16:21.673752 30830 planner_generator.go:283] Requesting planner with 148 chat messages at model retry attempt 1 and API retry attempt 1

2026-05-15 19:16:26.772 [error] [LS Main stderr] I0515 19:16:26.772634 30830 http_helpers.go:151] URL: https://daily-cloudcode-pa.googleapis.com/v1internal:streamGenerateContent?alt=sse Trace: 0x4be2d06e31bdda2b

2026-05-15 19:16:41.371 [error] [LS Main stderr] I0515 19:16:41.371437 30830 planner_generator.go:283] Requesting planner with 150 chat messages at model retry attempt 1 and API retry attempt 1

2026-05-15 19:16:45.986 [error] [LS Main stderr] I0515 19:16:45.986220 30830 http_helpers.go:151] URL: https://daily-cloudcode-pa.googleapis.com/v1internal:streamGenerateContent?alt=sse Trace: 0xd7d778fb753b97cd

2026-05-15 19:16:47.825 [error] [LS Main stderr] I0515 19:16:47.824879 30830 planner_generator.go:283] Requesting planner with 152 chat messages at model retry attempt 1 and API retry attempt 1

2026-05-15 19:16:50.824 [error] [LS Main stderr] I0515 19:16:50.824170 30830 http_helpers.go:151] URL: https://daily-cloudcode-pa.googleapis.com/v1internal:streamGenerateContent?alt=sse Trace: 0xf327dd2508db41cb

2026-05-15 19:17:03.997 [error] [LS Main stderr] I0515 19:17:03.997651 30830 planner_generator.go:283] Requesting planner with 154 chat messages at model retry attempt 1 and API retry attempt 1

2026-05-15 19:17:06.871 [error] [LS Main stderr] I0515 19:17:06.871061 30830 http_helpers.go:151] URL: https://daily-cloudcode-pa.googleapis.com/v1internal:streamGenerateContent?alt=sse Trace: 0xc14526ceaf4e2f25

2026-05-15 19:17:15.689 [error] [LS Main stderr] I0515 19:17:15.689371 30830 planner_generator.go:283] Requesting planner with 156 chat messages at model retry attempt 1 and API retry attempt 1

2026-05-15 19:17:17.259 [error] [LS Main stderr] E0515 19:17:17.259507 30830 log.go:398] agent executor error: RESOURCE_EXHAUSTED (code 429): You have exhausted your capacity on this model. Your quota will reset after 4h36m28s.: RESOURCE_EXHAUSTED (code 429): You have exhausted your capacity on this model. Your quota will reset after 4h36m28s.

2026-05-15 19:17:17.261 [error] [LS Main stderr] E0515 19:17:17.261865 30830 log.go:398] RESOURCE_EXHAUSTED (code 429): You have exhausted your capacity on this model. Your quota will reset after 4h36m28s.: RESOURCE_EXHAUSTED (code 429): You have exhausted your capacity on this model. Your quota will reset after 4h36m28s.

2026-05-15 19:19:52.376 [error] [LS Main stderr] I0515 19:19:52.375855 30830 http_helpers.go:151] URL: https://daily-cloudcode-pa.googleapis.com/v1internal:loadCodeAssist Trace: 0x156245b810284851

2026-05-15 19:19:52.848 [error] [LS Main stderr] I0515 19:19:52.848696 30830 http_helpers.go:151] URL: https://daily-cloudcode-pa.googleapis.com/v1internal:fetchAvailableModels Trace: 0xa7627271a501d367

2026-05-15 19:24:52.381 [error] [LS Main stderr] I0515 19:24:52.381741 30830 http_helpers.go:151] URL: https://daily-cloudcode-pa.googleapis.com/v1internal:loadCodeAssist Trace: 0x82f66fa2df84ab92

2026-05-15 19:24:52.857 [error] [LS Main stderr] I0515 19:24:52.857641 30830 http_helpers.go:151] URL: https://daily-cloudcode-pa.googleapis.com/v1internal:fetchAvailableModels Trace: 0xa677d0192adb2062

2026-05-15 19:29:52.134 [error] [LS Main stderr] I0515 19:29:52.134426 30830 http_helpers.go:151] URL: https://daily-cloudcode-pa.googleapis.com/v1internal:loadCodeAssist Trace: 0x19ea2cc2856358ca

2026-05-15 19:29:52.435 [error] [LS Main stderr] I0515 19:29:52.434838 30830 http_helpers.go:151] URL: https://daily-cloudcode-pa.googleapis.com/v1internal:fetchAvailableModels Trace: 0xf9d96251bb8717a9

2026-05-15 19:29:56.891 [error] [LS Main stderr] I0515 19:29:56.891510 30830 http_helpers.go:151] URL: https://daily-cloudcode-pa.googleapis.com/v1internal:loadCodeAssist Trace: 0x439722700ac6b917

2026-05-15 19:29:57.389 [error] [LS Main stderr] I0515 19:29:57.388855 30830 http_helpers.go:151] URL: https://daily-cloudcode-pa.googleapis.com/v1internal:fetchAvailableModels Trace: 0x6aaab9abba675234

