2026-05-20 23:14:50.870 [info] [LS Main] Starting language server from: /usr/share/antigravity/resources/app/extensions/antigravity/bin/language_server_linux_x64
2026-05-20 23:14:51.026 [info] [LS Main] Args: --csrf_token 343fcedf-6e6d-4862-a068-6f56442313e0 --extension_server_port 34167 --extension_server_csrf_token 83b46bec-5b05-460f-ad6a-8d12e8feedc8 --app_data_dir antigravity --cloud_code_endpoint https://cloudcode-pa.googleapis.com
2026-05-20 23:14:51.146 [info] [LS Main] Process spawned with PID: 11996
2026-05-20 23:14:52.406 [error] [LS Main stderr] I0520 23:14:52.403414 11996 server.go:1236] Starting language server process with pid 11996
I0520 23:14:52.404572 11996 server.go:301] Setting GOMAXPROCS to 4

2026-05-20 23:14:52.408 [error] [LS Main stderr] I0520 23:14:52.408647 11996 server.go:440] Language server will attempt to listen on host 127.0.0.1

2026-05-20 23:14:52.410 [error] [LS Main stderr] I0520 23:14:52.409991 11996 server.go:454] Language server listening on random port at 34789 for HTTPS (gRPC)
I0520 23:14:52.410017 11996 server.go:461] Language server listening on random port at 37871 for HTTP

2026-05-20 23:14:52.795 [error] No LS client info found for local authority
2026-05-20 23:14:52.952 [error] [LS Main stderr] I0520 23:14:52.952333 11996 server.go:433] Created extension server client at port 34167

2026-05-20 23:14:52.995 [error] [LS Main stderr] I0520 23:14:52.990625 11996 cascade_manager.go:773] Reactive state is disabled

2026-05-20 23:14:53.596 [info] [LS Main] LS started on port 34789
2026-05-20 23:14:53.618 [error] [LS Main stderr] I0520 23:14:53.608133 11996 server.go:1693] initialized server successfully in 1.204243513s

2026-05-20 23:14:53.651 [error] [LS Main stderr] 2026/05/20 23:14:53 http2: server: error reading preface from client 127.0.0.1:44132: read tcp 127.0.0.1:34789->127.0.0.1:44132: read: connection reset by peer

2026-05-20 23:14:54.274 [error] [LS Main stderr] I0520 23:14:54.274099 11996 http_helpers.go:151] URL: https://cloudcode-pa.googleapis.com/v1internal:loadCodeAssist Trace: 0xe94c63a5d18c5b32

2026-05-20 23:14:54.987 [error] [LS Main stderr] I0520 23:14:54.985834 11996 http_helpers.go:151] URL: https://daily-cloudcode-pa.googleapis.com/v1internal:fetchAvailableModels Trace: 0xa3290d17d2251c43

2026-05-20 23:14:55.507 [error] [LS Main stderr] I0520 23:14:55.507613 11996 http_helpers.go:151] URL: https://daily-cloudcode-pa.googleapis.com/v1internal:loadCodeAssist Trace: 0x434e53491daf4d12

2026-05-20 23:14:57.013 [error] [LS Main stderr] I0520 23:14:56.936933 11996 http_helpers.go:151] URL: https://daily-cloudcode-pa.googleapis.com/v1internal:loadCodeAssist Trace: 0xf4b4d8ee61eb0d41

2026-05-20 23:14:57.599 [error] [LS Main stderr] I0520 23:14:57.599288 11996 http_helpers.go:151] URL: https://daily-cloudcode-pa.googleapis.com/v1internal:fetchAvailableModels Trace: 0x9eb76374860250ab

2026-05-20 23:14:57.758 [error] [LS Main stderr] I0520 23:14:57.757730 11996 http_helpers.go:151] URL: https://daily-cloudcode-pa.googleapis.com/v1internal:loadCodeAssist Trace: 0x51d71d5033183bb1

2026-05-20 23:15:53.916 [error] [LS Main stderr] I0520 23:15:53.915884 11996 http_helpers.go:151] URL: https://daily-cloudcode-pa.googleapis.com/v1internal:loadCodeAssist Trace: 0xd8852258160c92ba

2026-05-20 23:15:54.724 [error] [LS Main stderr] I0520 23:15:54.723959 11996 http_helpers.go:151] URL: https://daily-cloudcode-pa.googleapis.com/v1internal:fetchAvailableModels Trace: 0x7eda689f14f534da

2026-05-20 23:19:52.929 [error] [LS Main stderr] I0520 23:19:52.929264 11996 http_helpers.go:151] URL: https://daily-cloudcode-pa.googleapis.com/v1internal:loadCodeAssist Trace: 0x5b1a5cb6708ede24

2026-05-20 23:19:53.251 [error] [LS Main stderr] I0520 23:19:53.251088 11996 http_helpers.go:151] URL: https://daily-cloudcode-pa.googleapis.com/v1internal:fetchAvailableModels Trace: 0x53c80bc3847ab29

2026-05-20 23:19:53.929 [error] [LS Main stderr] I0520 23:19:53.929435 11996 http_helpers.go:151] URL: https://daily-cloudcode-pa.googleapis.com/v1internal:loadCodeAssist Trace: 0xd3e2ef1e8a7f8106

2026-05-20 23:24:52.844 [error] [LS Main stderr] I0520 23:24:52.843916 11996 http_helpers.go:151] URL: https://daily-cloudcode-pa.googleapis.com/v1internal:loadCodeAssist Trace: 0x515cfe600ca50878

2026-05-20 23:24:53.525 [error] [LS Main stderr] I0520 23:24:53.525496 11996 http_helpers.go:151] URL: https://daily-cloudcode-pa.googleapis.com/v1internal:fetchAvailableModels Trace: 0xa7441a06c36574f2

2026-05-20 23:29:52.279 [error] [LS Main stderr] I0520 23:29:52.279372 11996 http_helpers.go:151] URL: https://daily-cloudcode-pa.googleapis.com/v1internal:loadCodeAssist Trace: 0x737fb785ddfdfa90

2026-05-20 23:29:52.928 [error] [LS Main stderr] I0520 23:29:52.927908 11996 http_helpers.go:151] URL: https://daily-cloudcode-pa.googleapis.com/v1internal:fetchAvailableModels Trace: 0xd132378e073ce864

