2026-05-17 17:20:38.875 [info] [tsrelay] url: http://127.0.0.1:43411
2026-05-17 17:20:38.875 [info] websocket is open
2026-05-17 17:20:38.879 [info] [serve-status] Funnel is off
2026-05-17 17:20:38.879 [info] [serve-status] HTTPS is off
2026-05-17 17:20:38.883 [info] [tsrelay] initial ports are set
2026-05-17 17:20:39.195 [info] terminal opened
2026-05-17 17:20:39.289 [info] pid is 39774
2026-05-17 17:20:39.289 [info] pid sent
2026-05-17 17:20:43.996 [info] shutting down tsrelay
2026-05-17 17:20:44.017 [warning] [tsrelay] child process exited with code null
2026-05-17 17:20:46.464 [info] [tsrelay] url: http://127.0.0.1:37359
2026-05-17 17:20:46.464 [info] websocket is open
2026-05-17 17:20:46.464 [info] [serve-status] Funnel is off
2026-05-17 17:20:46.464 [info] [serve-status] HTTPS is off
2026-05-17 17:20:46.464 [info] [tsrelay] initial ports are set
2026-05-17 17:20:46.508 [info] terminal opened
2026-05-17 17:20:46.875 [info] pid is 40154
2026-05-17 17:20:46.875 [info] pid sent
2026-05-17 17:20:53.645 [info] terminal opened
2026-05-17 17:20:53.732 [info] pid is 40618
2026-05-17 17:20:53.732 [info] pid sent
2026-05-17 17:20:56.492 [info] shutting down tsrelay
2026-05-17 17:20:56.589 [warning] [tsrelay] child process exited with code null
