2026-05-17 01:49:23.168 [info] [tsrelay] url: http://127.0.0.1:34041
2026-05-17 01:49:23.168 [info] websocket is open
2026-05-17 01:49:23.168 [info] [serve-status] Funnel is off
2026-05-17 01:49:23.168 [info] [serve-status] HTTPS is off
2026-05-17 01:49:23.168 [info] [tsrelay] initial ports are set
2026-05-17 01:49:23.177 [info] terminal opened
2026-05-17 01:49:23.269 [info] pid is 106343
2026-05-17 01:49:23.269 [info] pid sent
2026-05-17 01:50:28.333 [info] shutting down tsrelay
2026-05-17 01:50:28.335 [warning] [tsrelay] child process exited with code null
2026-05-17 01:50:30.294 [info] [tsrelay] url: http://127.0.0.1:43373
2026-05-17 01:50:30.294 [info] websocket is open
2026-05-17 01:50:30.584 [info] [tsrelay] initial ports are set
2026-05-17 01:50:30.586 [info] [serve-status] Funnel is off
2026-05-17 01:50:30.586 [info] [serve-status] HTTPS is off
2026-05-17 01:50:30.651 [info] terminal opened
2026-05-17 01:50:30.957 [info] pid is 107006
2026-05-17 01:50:30.957 [info] pid sent
2026-05-17 01:50:47.764 [info] terminal opened
2026-05-17 01:50:48.808 [info] pid is 107184
2026-05-17 01:50:48.808 [info] pid sent
2026-05-17 01:50:51.301 [info] got message
2026-05-17 01:50:51.301 [info] msg is newPort
2026-05-17 02:12:46.394 [info] shutting down tsrelay
2026-05-17 02:12:46.399 [warning] [tsrelay] child process exited with code null
