2026-05-20 23:14:58.134 [info] [        335ms] [/home/dev/AI_Workflow] git rev-parse --show-toplevel --git-dir --git-common-dir --show-superproject-working-tree • completed
2026-05-20 23:14:59.059 [info] [         16ms] [/home/dev/AI_Workflow] git remote -v • completed
2026-05-20 23:14:59.116 [info] [         41ms] [/home/dev/AI_Workflow] git config --get -f /home/dev/AI_Workflow/.git/gk/config gk.defaultRemote • completed
2026-05-20 23:15:10.557 [info] [         23ms] [/home/dev/AI_Workflow] git for-each-ref --format=%1E%(HEAD)%1D%(refname)%1D%(upstream)%1D%(upstream:track)%1D%(objectname)%1D%(committerdate:iso8601)%1D%(worktreepath)%1D refs/heads/ refs/remotes/ • completed
2026-05-20 23:15:10.559 [info] [         13ms] [/home/dev/AI_Workflow] git config --get-regex -f /home/dev/AI_Workflow/.git/gk/config ^branch\..*\.gk-(last-(accessed|modified)|disposition)$ • completed
2026-05-20 23:15:10.574 [error] [         12ms] [/home/dev/AI_Workflow] git for-each-ref --format=%1E%(refname)%1D%(objectname)%1D%(*objectname)%1D%(creatordate:iso8601)%1D%(authordate:iso8601)%1D%(subject)%1D refs/tags/ • FAILED
CancellationError: Operation cancelled; command=/usr/bin/git -c core.quotepath=false -c color.ui=false for-each-ref --format=%1E%(refname)%1D%(objectname)%1D%(*objectname)%1D%(creatordate:iso8601)%1D%(authordate:iso8601)%1D%(subject)%1D refs/tags/
2026-05-20 23:15:10.588 [info] [         12ms] [/home/dev/AI_Workflow] git for-each-ref --format=%1E%(refname)%1D%(objectname)%1D%(*objectname)%1D%(creatordate:iso8601)%1D%(authordate:iso8601)%1D%(subject)%1D refs/tags/ • completed
2026-05-20 23:15:34.032 [info] [         24ms] [/home/dev/AI_Workflow] git rev-list --max-parents=0 HEAD -- • completed
2026-05-20 23:15:34.034 [info] [         25ms] [/home/dev/AI_Workflow] git shortlog -s --all --no-min-parents --since=1.year.ago • completed
2026-05-20 23:15:52.611 [info] [         16ms] [/home/dev/AI_Workflow] git ls-files -- knowledge/docs/notes.md • completed
2026-05-20 23:15:52.627 [info] [         14ms] [/home/dev/AI_Workflow] git config --get-regex ^user\.(name|email)$ • completed
2026-05-20 23:15:52.819 [info] [        190ms] [/home/dev/AI_Workflow] git check-mailmap Abdullah Abdul Hakim <abdullaabdulhakeem25@gmail.com> • completed
2026-05-20 23:15:52.858 [info] [→1           ] (spawn) [/home/dev/AI_Workflow] git blame --root --incremental --encoding=utf-8 -- knowledge/docs/notes.md • starting...
2026-05-20 23:15:52.996 [info] [←1      149ms] (spawn) [/home/dev/AI_Workflow] git blame --root --incremental --encoding=utf-8 -- knowledge/docs/notes.md • completed
2026-05-20 23:15:53.019 [info] [         21ms] [/home/dev/AI_Workflow] git show --textconv HEAD:./knowledge/docs/notes.md -- • completed
2026-05-20 23:17:27.478 [info] [         12ms] [/home/dev/AI_Workflow] git log -n1 --format=%ct -- • completed
2026-05-20 23:17:27.489 [info] [         10ms] [/home/dev/AI_Workflow] git config --get -f /home/dev/AI_Workflow/.git/gk/config branch.master.gk-last-accessed • completed
2026-05-20 23:17:27.500 [info] [         10ms] [/home/dev/AI_Workflow] git config -f /home/dev/AI_Workflow/.git/gk/config branch.master.gk-last-accessed 2026-05-20T19:17:27.479Z • completed
2026-05-20 23:18:30.501 [info] [         13ms] [/home/dev/AI_Workflow] git rev-parse --verify --end-of-options 15487b3041e65228cae24980a3f796c905ef582c^{commit} • completed
