2026-05-20 23:14:58.134 [info] To enable debug logging, run "GitLens: Enable Debug Logging" or "Developer: Set Log Level..." from the Command Palette
2026-05-20 23:14:58.134 [info]    [            1] GitLens v17.12.2  activating in Antigravity (1.107.0) on the desktop; mode=production,language='en', logLevel='info', defaultDateLocale='null' (antigravity|fba7d0e441f79ff4c5be727cba943b67ef55086d924406756b80b02747a938ee|aafa1735-9d75-49e8-bd1c-adab9a56701c1779304492418)
2026-05-20 23:14:58.134 [info]    [            1] GitLens v17.12.2 activated [95ms]
2026-05-20 23:14:58.134 [info]    [   6e →    6f] GlCliGitProvider.findGit Git (2.53.0) found in /usr/bin/git [154ms]
2026-05-20 23:14:58.134 [info]    [   6e →    91] GlCliGitProvider.repositorySearch(/home/dev/AI_Workflow) searching (depth=1)...
2026-05-20 23:14:58.134 [info]    [GIT     335ms] [/home/dev/AI_Workflow] git rev-parse --show-toplevel --git-dir --git-common-dir --show-superproject-working-tree [335ms]
2026-05-20 23:14:58.134 [info]    [   6e →    91] GlCliGitProvider.repositorySearch(/home/dev/AI_Workflow) found root repository in '/home/dev/AI_Workflow'
2026-05-20 23:14:58.138 [info]    [IPC          ] Server started on http://127.0.0.1:45039
2026-05-20 23:14:58.562 [warning] [    c →     d] ServerConnection.fetch(url=https://configs.gitkraken.dev/gitlens/product.json, options=undefined) completed [*1710ms] (slow)
2026-05-20 23:14:58.562 [warning] [    b →     c] ServerConnection.fetchGkConfig(path=product.json, options=undefined) completed [*1710ms] (slow)
2026-05-20 23:14:58.900 [warning] [   74 →    8d] GitHubIntegration.isConnected returned false [*1953ms] (slow)
2026-05-20 23:14:59.002 [warning] [   91 →    a1] GlCliGitProvider.repositorySearchCore(root=/home/dev/AI_Workflow, depth=1) returned [/home/dev/AI_Workflow/.git] [*1536ms] (slow)
2026-05-20 23:14:59.003 [warning] [   6e →    91] GlCliGitProvider.repositorySearch(/home/dev/AI_Workflow) returned 1 repositories [GlRepository(/home/dev/AI_Workflow|1)] [*1940ms] (slow)
2026-05-20 23:14:59.003 [warning] [   6d →    6e] GlCliGitProvider.discoverRepositories(e=Uri(file:///home/dev/AI_Workflow)) returned [GlRepository(/home/dev/AI_Workflow|1)] [*2096ms] (slow)
2026-05-20 23:14:59.003 [warning] [   6c →    6d] GitProviderService.discoverRepositoriesCore(e=WorkspaceFolder(AI_Workflow, index=0, file:///home/dev/AI_Workflow)) returned [GlRepository(/home/dev/AI_Workflow|1)] [*2096ms] (slow)
2026-05-20 23:14:59.006 [warning] [   6b →    6c] GitProviderService.discoverRepositories(folders=1) completed [*2099ms] (slow)
2026-05-20 23:14:59.006 [warning] [   43 →    6b] GitProviderService.registrationComplete completed • repositories=1, workspaceFolders=1, git.autoRepositoryDetection=true [*2102ms] (slow)
2026-05-20 23:14:59.059 [info]    [GIT      16ms] [/home/dev/AI_Workflow] git remote -v [16ms]
2026-05-20 23:14:59.116 [info]    [GIT      41ms] [/home/dev/AI_Workflow] git config --get -f /home/dev/AI_Workflow/.git/gk/config gk.defaultRemote [41ms]
2026-05-20 23:15:10.557 [info]    [GIT      23ms] [/home/dev/AI_Workflow] git for-each-ref --format=%1E%(HEAD)%1D%(refname)%1D%(upstream)%1D%(upstream:track)%1D%(objectname)%1D%(committerdate:iso8601)%1D%(worktreepath)%1D refs/heads/ refs/remotes/ [23ms]
2026-05-20 23:15:10.559 [info]    [GIT      13ms] [/home/dev/AI_Workflow] git config --get-regex -f /home/dev/AI_Workflow/.git/gk/config ^branch\..*\.gk-(last-(accessed|modified)|disposition)$ [13ms]
2026-05-20 23:15:10.574 [warning] [GIT          ] [/home/dev/AI_Workflow] git for-each-ref --format=%1E%(refname)%1D%(objectname)%1D%(*objectname)%1D%(creatordate:iso8601)%1D%(authordate:iso8601)%1D%(subject)%1D refs/tags/ · ABORTED after 11ms (cancellation)
2026-05-20 23:15:10.574 [error]   [GIT          ] [/home/dev/AI_Workflow] git for-each-ref --format=%1E%(refname)%1D%(objectname)%1D%(*objectname)%1D%(creatordate:iso8601)%1D%(authordate:iso8601)%1D%(subject)%1D refs/tags/ · cancelled [12ms]
2026-05-20 23:15:10.575 [error] CancellationError: Operation cancelled; command=/usr/bin/git -c core.quotepath=false -c color.ui=false for-each-ref --format=%1E%(refname)%1D%(objectname)%1D%(*objectname)%1D%(creatordate:iso8601)%1D%(authordate:iso8601)%1D%(subject)%1D refs/tags/   [          10f] TagsGitSubProvider.getTags 
2026-05-20 23:15:10.575 [error] CancellationError: Operation cancelled; command=/usr/bin/git -c core.quotepath=false -c color.ui=false for-each-ref --format=%1E%(refname)%1D%(objectname)%1D%(*objectname)%1D%(creatordate:iso8601)%1D%(authordate:iso8601)%1D%(subject)%1D refs/tags/   [          10f] TagsGitSubProvider.getTags — failed [13ms]
2026-05-20 23:15:10.575 [error] CancellationError: Operation cancelled; command=/usr/bin/git -c core.quotepath=false -c color.ui=false for-each-ref --format=%1E%(refname)%1D%(objectname)%1D%(*objectname)%1D%(creatordate:iso8601)%1D%(authordate:iso8601)%1D%(subject)%1D refs/tags/   [          111] TagsGitSubProvider.getTags — failed [1ms]
2026-05-20 23:15:10.588 [info]    [GIT      12ms] [/home/dev/AI_Workflow] git for-each-ref --format=%1E%(refname)%1D%(objectname)%1D%(*objectname)%1D%(creatordate:iso8601)%1D%(authordate:iso8601)%1D%(subject)%1D refs/tags/ [12ms]
2026-05-20 23:15:34.032 [info]    [GIT      24ms] [/home/dev/AI_Workflow] git rev-list --max-parents=0 HEAD -- [24ms]
2026-05-20 23:15:34.034 [info]    [GIT      25ms] [/home/dev/AI_Workflow] git shortlog -s --all --no-min-parents --since=1.year.ago [25ms]
2026-05-20 23:15:34.036 [info]    [  144 →   145] LocalSharedGkStorageLocationProvider.load Using legacy shared GK path: /home/dev/.gk
2026-05-20 23:15:52.611 [info]    [GIT      16ms] [/home/dev/AI_Workflow] git ls-files -- knowledge/docs/notes.md [16ms]
2026-05-20 23:15:52.627 [info]    [GIT      14ms] [/home/dev/AI_Workflow] git config --get-regex ^user\.(name|email)$ [14ms]
2026-05-20 23:15:52.819 [info]    [GIT     190ms] [/home/dev/AI_Workflow] git check-mailmap Abdullah Abdul Hakim <abdullaabdulhakeem25@gmail.com> [190ms]
2026-05-20 23:15:52.858 [info]    [GIT:→1       ] (spawn) [/home/dev/AI_Workflow] git blame --root --incremental --encoding=utf-8 -- knowledge/docs/notes.md · starting...
2026-05-20 23:15:52.996 [info]    [GIT:←1  149ms] (spawn) [/home/dev/AI_Workflow] git blame --root --incremental --encoding=utf-8 -- knowledge/docs/notes.md [149ms]
2026-05-20 23:15:53.008 [error] TypeError: Cannot read properties of undefined (reading 'sha')   [  153 →   155] GitProviderService.getBlameForLine — failed [396ms]
2026-05-20 23:15:53.011 [error] TypeError: Cannot read properties of undefined (reading 'sha')   [          153] LineTracker.updateState — failed [396ms]
2026-05-20 23:15:53.019 [info]    [GIT      21ms] [/home/dev/AI_Workflow] git show --textconv HEAD:./knowledge/docs/notes.md -- [21ms]
2026-05-20 23:17:27.478 [info]    [GIT      12ms] [/home/dev/AI_Workflow] git log -n1 --format=%ct -- [12ms]
2026-05-20 23:17:27.489 [info]    [GIT      10ms] [/home/dev/AI_Workflow] git config --get -f /home/dev/AI_Workflow/.git/gk/config branch.master.gk-last-accessed [10ms]
2026-05-20 23:17:27.500 [info]    [GIT      10ms] [/home/dev/AI_Workflow] git config -f /home/dev/AI_Workflow/.git/gk/config branch.master.gk-last-accessed 2026-05-20T19:17:27.479Z [10ms]
2026-05-20 23:18:30.501 [info]    [GIT      13ms] [/home/dev/AI_Workflow] git rev-parse --verify --end-of-options 15487b3041e65228cae24980a3f796c905ef582c^{commit} [13ms]
