2026-05-16 00:53:17.352 [info] [main] Log level: Info
2026-05-16 00:53:17.352 [info] [main] Validating found git in: "git"
2026-05-16 00:53:17.352 [info] [main] Using git "2.53.0" from "git"
2026-05-16 00:53:17.352 [info] [Model][doInitialScan] Initial repository scan started
2026-05-16 00:53:17.352 [info] > git rev-parse --show-toplevel [19ms]
2026-05-16 00:53:17.395 [info] > git rev-parse --git-dir --git-common-dir --show-superproject-working-tree [68ms]
2026-05-16 00:53:17.408 [info] [Model][openRepository] Opened repository (path): /home/dev/Documents/Dev/Tradingview
2026-05-16 00:53:17.408 [info] [Model][openRepository] Opened repository (real path): /home/dev/Documents/Dev/Tradingview
2026-05-16 00:53:17.408 [info] [Model][openRepository] Opened repository (kind): repository
2026-05-16 00:53:17.420 [info] > git rev-parse --show-toplevel [2ms]
2026-05-16 00:53:17.420 [info] > git config --get commit.template [6ms]
2026-05-16 00:53:17.429 [info] > git rev-parse --show-toplevel [5ms]
2026-05-16 00:53:17.434 [info] > git for-each-ref --format=%(refname)%00%(upstream:short)%00%(objectname)%00%(upstream:track)%00%(upstream:remotename)%00%(upstream:remoteref) refs/heads/lightweight-charts refs/remotes/lightweight-charts [5ms]
2026-05-16 00:53:17.435 [info] > git rev-parse --show-toplevel [2ms]
2026-05-16 00:53:17.451 [info] > git status -z -uall [6ms]
2026-05-16 00:53:17.451 [info] > git rev-parse --show-toplevel [11ms]
2026-05-16 00:53:17.761 [info] > git rev-parse --show-toplevel [305ms]
2026-05-16 00:53:17.762 [info] [Model][doInitialScan] Initial repository scan completed - repositories (1), closed repositories (0), parent repositories (0), unsafe repositories (0)
2026-05-16 00:53:17.763 [info] > git for-each-ref --sort -committerdate --format %(refname)%00%(objectname)%00%(*objectname) [312ms]
2026-05-16 00:53:17.830 [info] > git for-each-ref --format=%(refname)%00%(upstream:short)%00%(objectname)%00%(upstream:track)%00%(upstream:remotename)%00%(upstream:remoteref) refs/heads/lightweight-charts refs/remotes/lightweight-charts [51ms]
2026-05-16 00:53:17.844 [info] > git config --get --local branch.lightweight-charts.vscode-merge-base [7ms]
2026-05-16 00:53:17.851 [info] > git config --get commit.template [30ms]
2026-05-16 00:53:18.044 [info] > git for-each-ref --format=%(refname)%00%(upstream:short)%00%(objectname)%00%(upstream:track)%00%(upstream:remotename)%00%(upstream:remoteref) refs/heads/origin/main refs/remotes/origin/main [192ms]
2026-05-16 00:53:18.195 [info] > git merge-base refs/heads/lightweight-charts refs/remotes/origin/lightweight-charts [144ms]
2026-05-16 00:53:18.247 [info] > git diff --name-status -z --diff-filter=ADMR --find-renames=50% 7fa9b5e2bc81860681d1228680aaf777458b348b...refs/remotes/origin/lightweight-charts -- [45ms]
2026-05-16 00:53:18.247 [info] > git for-each-ref --format=%(refname)%00%(upstream:short)%00%(objectname)%00%(upstream:track)%00%(upstream:remotename)%00%(upstream:remoteref) refs/heads/lightweight-charts refs/remotes/lightweight-charts [62ms]
2026-05-16 00:53:18.295 [info] > git status -z -uall [12ms]
2026-05-16 00:53:18.295 [info] > git for-each-ref --sort -committerdate --format %(refname)%00%(objectname)%00%(*objectname) [5ms]
2026-05-16 00:53:19.943 [info] > git fetch [2535ms]
2026-05-16 00:53:19.962 [info] > git config --get commit.template [10ms]
2026-05-16 00:53:19.962 [info] > git for-each-ref --format=%(refname)%00%(upstream:short)%00%(objectname)%00%(upstream:track)%00%(upstream:remotename)%00%(upstream:remoteref) refs/heads/lightweight-charts refs/remotes/lightweight-charts [1ms]
2026-05-16 00:53:19.980 [info] > git status -z -uall [9ms]
2026-05-16 00:53:19.981 [info] > git for-each-ref --sort -committerdate --format %(refname)%00%(objectname)%00%(*objectname) [1ms]
2026-05-16 00:54:16.728 [info] > git check-ignore -v -z --stdin [4ms]
2026-05-16 00:54:34.253 [info] > git check-ignore -v -z --stdin [211ms]
2026-05-16 00:54:34.320 [info] > git show --textconv :SETUP.md [9ms]
2026-05-16 00:54:34.322 [info] > git ls-files --stage -- SETUP.md [2ms]
2026-05-16 00:54:34.332 [info] > git cat-file -s b80a4a05be3496a6911bbe0083d40098bafdb881 [1ms]
2026-05-16 00:54:34.424 [info] > git blame --root --incremental 7fa9b5e2bc81860681d1228680aaf777458b348b -- SETUP.md [11ms]
2026-05-16 00:54:35.328 [info] > git check-ignore -v -z --stdin [2ms]
2026-05-16 00:54:47.082 [info] > git config --get commit.template [9ms]
2026-05-16 00:54:47.084 [info] > git for-each-ref --format=%(refname)%00%(upstream:short)%00%(objectname)%00%(upstream:track)%00%(upstream:remotename)%00%(upstream:remoteref) refs/heads/lightweight-charts refs/remotes/lightweight-charts [3ms]
2026-05-16 00:54:47.103 [info] > git status -z -uall [10ms]
2026-05-16 00:54:47.105 [info] > git for-each-ref --sort -committerdate --format %(refname)%00%(objectname)%00%(*objectname) [4ms]
2026-05-16 00:55:21.054 [info] > git config --get commit.template [12ms]
2026-05-16 00:55:21.054 [info] > git for-each-ref --format=%(refname)%00%(upstream:short)%00%(objectname)%00%(upstream:track)%00%(upstream:remotename)%00%(upstream:remoteref) refs/heads/lightweight-charts refs/remotes/lightweight-charts [1ms]
2026-05-16 00:55:21.080 [info] > git status -z -uall [13ms]
2026-05-16 00:55:21.081 [info] > git for-each-ref --sort -committerdate --format %(refname)%00%(objectname)%00%(*objectname) [3ms]
2026-05-16 00:55:21.146 [info] > git ls-files --stage -- SETUP.md [2ms]
2026-05-16 00:55:21.159 [info] > git cat-file -s b80a4a05be3496a6911bbe0083d40098bafdb881 [2ms]
2026-05-16 00:55:21.173 [info] > git show --textconv :SETUP.md [2ms]
2026-05-16 00:55:43.532 [info] > git config --get commit.template [11ms]
2026-05-16 00:55:43.533 [info] > git for-each-ref --format=%(refname)%00%(upstream:short)%00%(objectname)%00%(upstream:track)%00%(upstream:remotename)%00%(upstream:remoteref) refs/heads/lightweight-charts refs/remotes/lightweight-charts [2ms]
2026-05-16 00:55:43.556 [info] > git status -z -uall [11ms]
2026-05-16 00:55:43.558 [info] > git for-each-ref --sort -committerdate --format %(refname)%00%(objectname)%00%(*objectname) [2ms]
2026-05-16 00:55:48.584 [info] > git config --get commit.template [11ms]
2026-05-16 00:55:48.585 [info] > git for-each-ref --format=%(refname)%00%(upstream:short)%00%(objectname)%00%(upstream:track)%00%(upstream:remotename)%00%(upstream:remoteref) refs/heads/lightweight-charts refs/remotes/lightweight-charts [2ms]
2026-05-16 00:55:48.607 [info] > git status -z -uall [11ms]
2026-05-16 00:55:48.609 [info] > git for-each-ref --sort -committerdate --format %(refname)%00%(objectname)%00%(*objectname) [2ms]
2026-05-16 00:56:22.218 [info] > git fetch [2222ms]
2026-05-16 00:56:22.242 [info] > git config --get commit.template [13ms]
2026-05-16 00:56:22.243 [info] > git for-each-ref --format=%(refname)%00%(upstream:short)%00%(objectname)%00%(upstream:track)%00%(upstream:remotename)%00%(upstream:remoteref) refs/heads/lightweight-charts refs/remotes/lightweight-charts [2ms]
2026-05-16 00:56:22.265 [info] > git status -z -uall [12ms]
2026-05-16 00:56:22.266 [info] > git for-each-ref --sort -committerdate --format %(refname)%00%(objectname)%00%(*objectname) [2ms]
2026-05-16 00:56:45.550 [info] > git config --get commit.template [9ms]
2026-05-16 00:56:45.551 [info] > git for-each-ref --format=%(refname)%00%(upstream:short)%00%(objectname)%00%(upstream:track)%00%(upstream:remotename)%00%(upstream:remoteref) refs/heads/lightweight-charts refs/remotes/lightweight-charts [1ms]
2026-05-16 00:56:45.568 [info] > git status -z -uall [8ms]
2026-05-16 00:56:45.570 [info] > git for-each-ref --sort -committerdate --format %(refname)%00%(objectname)%00%(*objectname) [2ms]
2026-05-16 00:57:47.563 [info] > git config --get commit.template [1ms]
2026-05-16 00:57:47.577 [info] > git for-each-ref --format=%(refname)%00%(upstream:short)%00%(objectname)%00%(upstream:track)%00%(upstream:remotename)%00%(upstream:remoteref) refs/heads/lightweight-charts refs/remotes/lightweight-charts [2ms]
2026-05-16 00:57:47.602 [info] > git status -z -uall [13ms]
2026-05-16 00:57:47.603 [info] > git for-each-ref --sort -committerdate --format %(refname)%00%(objectname)%00%(*objectname) [2ms]
2026-05-16 00:58:49.063 [info] > git config --get commit.template [10ms]
2026-05-16 00:58:49.064 [info] > git for-each-ref --format=%(refname)%00%(upstream:short)%00%(objectname)%00%(upstream:track)%00%(upstream:remotename)%00%(upstream:remoteref) refs/heads/lightweight-charts refs/remotes/lightweight-charts [2ms]
2026-05-16 00:58:49.082 [info] > git status -z -uall [10ms]
2026-05-16 00:58:49.083 [info] > git for-each-ref --sort -committerdate --format %(refname)%00%(objectname)%00%(*objectname) [2ms]
2026-05-16 00:59:24.607 [info] > git fetch [2327ms]
2026-05-16 00:59:24.631 [info] > git config --get commit.template [13ms]
2026-05-16 00:59:24.632 [info] > git for-each-ref --format=%(refname)%00%(upstream:short)%00%(objectname)%00%(upstream:track)%00%(upstream:remotename)%00%(upstream:remoteref) refs/heads/lightweight-charts refs/remotes/lightweight-charts [2ms]
2026-05-16 00:59:24.655 [info] > git status -z -uall [13ms]
2026-05-16 00:59:24.655 [info] > git for-each-ref --sort -committerdate --format %(refname)%00%(objectname)%00%(*objectname) [2ms]
2026-05-16 00:59:49.016 [info] > git config --get commit.template [12ms]
2026-05-16 00:59:49.016 [info] > git for-each-ref --format=%(refname)%00%(upstream:short)%00%(objectname)%00%(upstream:track)%00%(upstream:remotename)%00%(upstream:remoteref) refs/heads/lightweight-charts refs/remotes/lightweight-charts [1ms]
2026-05-16 00:59:49.040 [info] > git status -z -uall [13ms]
2026-05-16 00:59:49.040 [info] > git for-each-ref --sort -committerdate --format %(refname)%00%(objectname)%00%(*objectname) [1ms]
2026-05-16 00:59:54.058 [info] > git config --get commit.template [1ms]
2026-05-16 00:59:54.071 [info] > git for-each-ref --format=%(refname)%00%(upstream:short)%00%(objectname)%00%(upstream:track)%00%(upstream:remotename)%00%(upstream:remoteref) refs/heads/lightweight-charts refs/remotes/lightweight-charts [2ms]
2026-05-16 00:59:54.096 [info] > git status -z -uall [13ms]
2026-05-16 00:59:54.096 [info] > git for-each-ref --sort -committerdate --format %(refname)%00%(objectname)%00%(*objectname) [2ms]
2026-05-16 01:00:51.347 [info] > git config --get commit.template [13ms]
2026-05-16 01:00:51.347 [info] > git for-each-ref --format=%(refname)%00%(upstream:short)%00%(objectname)%00%(upstream:track)%00%(upstream:remotename)%00%(upstream:remoteref) refs/heads/lightweight-charts refs/remotes/lightweight-charts [1ms]
2026-05-16 01:00:51.370 [info] > git status -z -uall [12ms]
2026-05-16 01:00:51.371 [info] > git for-each-ref --sort -committerdate --format %(refname)%00%(objectname)%00%(*objectname) [2ms]
2026-05-16 01:00:56.389 [info] > git config --get commit.template [2ms]
2026-05-16 01:00:56.402 [info] > git for-each-ref --format=%(refname)%00%(upstream:short)%00%(objectname)%00%(upstream:track)%00%(upstream:remotename)%00%(upstream:remoteref) refs/heads/lightweight-charts refs/remotes/lightweight-charts [2ms]
2026-05-16 01:00:56.424 [info] > git status -z -uall [12ms]
2026-05-16 01:00:56.425 [info] > git for-each-ref --sort -committerdate --format %(refname)%00%(objectname)%00%(*objectname) [2ms]
2026-05-16 01:01:54.876 [info] > git config --get commit.template [10ms]
2026-05-16 01:01:54.876 [info] > git for-each-ref --format=%(refname)%00%(upstream:short)%00%(objectname)%00%(upstream:track)%00%(upstream:remotename)%00%(upstream:remoteref) refs/heads/lightweight-charts refs/remotes/lightweight-charts [1ms]
2026-05-16 01:01:54.895 [info] > git status -z -uall [9ms]
2026-05-16 01:01:54.896 [info] > git for-each-ref --sort -committerdate --format %(refname)%00%(objectname)%00%(*objectname) [2ms]
2026-05-16 01:02:26.975 [info] > git fetch [2306ms]
2026-05-16 01:02:26.997 [info] > git config --get commit.template [11ms]
2026-05-16 01:02:26.998 [info] > git for-each-ref --format=%(refname)%00%(upstream:short)%00%(objectname)%00%(upstream:track)%00%(upstream:remotename)%00%(upstream:remoteref) refs/heads/lightweight-charts refs/remotes/lightweight-charts [2ms]
2026-05-16 01:02:27.018 [info] > git status -z -uall [11ms]
2026-05-16 01:02:27.019 [info] > git for-each-ref --sort -committerdate --format %(refname)%00%(objectname)%00%(*objectname) [1ms]
2026-05-16 01:02:54.868 [info] > git config --get commit.template [1ms]
2026-05-16 01:02:54.879 [info] > git for-each-ref --format=%(refname)%00%(upstream:short)%00%(objectname)%00%(upstream:track)%00%(upstream:remotename)%00%(upstream:remoteref) refs/heads/lightweight-charts refs/remotes/lightweight-charts [1ms]
2026-05-16 01:02:54.898 [info] > git status -z -uall [11ms]
2026-05-16 01:02:54.900 [info] > git for-each-ref --sort -committerdate --format %(refname)%00%(objectname)%00%(*objectname) [3ms]
2026-05-16 01:02:59.927 [info] > git config --get commit.template [12ms]
2026-05-16 01:02:59.927 [info] > git for-each-ref --format=%(refname)%00%(upstream:short)%00%(objectname)%00%(upstream:track)%00%(upstream:remotename)%00%(upstream:remoteref) refs/heads/lightweight-charts refs/remotes/lightweight-charts [1ms]
2026-05-16 01:02:59.950 [info] > git status -z -uall [12ms]
2026-05-16 01:02:59.951 [info] > git for-each-ref --sort -committerdate --format %(refname)%00%(objectname)%00%(*objectname) [1ms]
2026-05-16 01:03:21.674 [info] > git config --get commit.template [9ms]
2026-05-16 01:03:21.675 [info] > git for-each-ref --format=%(refname)%00%(upstream:short)%00%(objectname)%00%(upstream:track)%00%(upstream:remotename)%00%(upstream:remoteref) refs/heads/lightweight-charts refs/remotes/lightweight-charts [2ms]
2026-05-16 01:03:21.692 [info] > git status -z -uall [10ms]
2026-05-16 01:03:21.693 [info] > git for-each-ref --sort -committerdate --format %(refname)%00%(objectname)%00%(*objectname) [2ms]
2026-05-16 01:03:26.718 [info] > git config --get commit.template [11ms]
2026-05-16 01:03:26.719 [info] > git for-each-ref --format=%(refname)%00%(upstream:short)%00%(objectname)%00%(upstream:track)%00%(upstream:remotename)%00%(upstream:remoteref) refs/heads/lightweight-charts refs/remotes/lightweight-charts [2ms]
2026-05-16 01:03:26.737 [info] > git status -z -uall [9ms]
2026-05-16 01:03:26.738 [info] > git for-each-ref --sort -committerdate --format %(refname)%00%(objectname)%00%(*objectname) [1ms]
2026-05-16 01:03:39.840 [info] > git config --get commit.template [8ms]
2026-05-16 01:03:39.841 [info] > git for-each-ref --format=%(refname)%00%(upstream:short)%00%(objectname)%00%(upstream:track)%00%(upstream:remotename)%00%(upstream:remoteref) refs/heads/lightweight-charts refs/remotes/lightweight-charts [2ms]
2026-05-16 01:03:39.857 [info] > git status -z -uall [9ms]
2026-05-16 01:03:39.859 [info] > git for-each-ref --sort -committerdate --format %(refname)%00%(objectname)%00%(*objectname) [2ms]
2026-05-16 01:03:44.880 [info] > git config --get commit.template [10ms]
2026-05-16 01:03:44.881 [info] > git for-each-ref --format=%(refname)%00%(upstream:short)%00%(objectname)%00%(upstream:track)%00%(upstream:remotename)%00%(upstream:remoteref) refs/heads/lightweight-charts refs/remotes/lightweight-charts [2ms]
2026-05-16 01:03:44.899 [info] > git status -z -uall [9ms]
2026-05-16 01:03:44.900 [info] > git for-each-ref --sort -committerdate --format %(refname)%00%(objectname)%00%(*objectname) [2ms]
2026-05-16 01:03:58.424 [info] > git config --get commit.template [12ms]
2026-05-16 01:03:58.424 [info] > git for-each-ref --format=%(refname)%00%(upstream:short)%00%(objectname)%00%(upstream:track)%00%(upstream:remotename)%00%(upstream:remoteref) refs/heads/lightweight-charts refs/remotes/lightweight-charts [1ms]
2026-05-16 01:03:58.446 [info] > git status -z -uall [12ms]
2026-05-16 01:03:58.448 [info] > git for-each-ref --sort -committerdate --format %(refname)%00%(objectname)%00%(*objectname) [1ms]
2026-05-16 01:05:00.169 [info] > git config --get commit.template [13ms]
2026-05-16 01:05:00.170 [info] > git for-each-ref --format=%(refname)%00%(upstream:short)%00%(objectname)%00%(upstream:track)%00%(upstream:remotename)%00%(upstream:remoteref) refs/heads/lightweight-charts refs/remotes/lightweight-charts [2ms]
2026-05-16 01:05:00.194 [info] > git status -z -uall [13ms]
2026-05-16 01:05:00.194 [info] > git for-each-ref --sort -committerdate --format %(refname)%00%(objectname)%00%(*objectname) [2ms]
2026-05-16 01:05:29.198 [info] > git fetch [2163ms]
2026-05-16 01:05:29.215 [info] > git config --get commit.template [9ms]
2026-05-16 01:05:29.215 [info] > git for-each-ref --format=%(refname)%00%(upstream:short)%00%(objectname)%00%(upstream:track)%00%(upstream:remotename)%00%(upstream:remoteref) refs/heads/lightweight-charts refs/remotes/lightweight-charts [1ms]
2026-05-16 01:05:29.234 [info] > git status -z -uall [10ms]
2026-05-16 01:05:29.235 [info] > git for-each-ref --sort -committerdate --format %(refname)%00%(objectname)%00%(*objectname) [2ms]
2026-05-16 01:06:01.605 [info] > git config --get commit.template [1ms]
2026-05-16 01:06:01.617 [info] > git for-each-ref --format=%(refname)%00%(upstream:short)%00%(objectname)%00%(upstream:track)%00%(upstream:remotename)%00%(upstream:remoteref) refs/heads/lightweight-charts refs/remotes/lightweight-charts [1ms]
2026-05-16 01:06:01.643 [info] > git status -z -uall [13ms]
2026-05-16 01:06:01.644 [info] > git for-each-ref --sort -committerdate --format %(refname)%00%(objectname)%00%(*objectname) [3ms]
2026-05-16 01:07:03.062 [info] > git config --get commit.template [11ms]
2026-05-16 01:07:03.062 [info] > git for-each-ref --format=%(refname)%00%(upstream:short)%00%(objectname)%00%(upstream:track)%00%(upstream:remotename)%00%(upstream:remoteref) refs/heads/lightweight-charts refs/remotes/lightweight-charts [1ms]
2026-05-16 01:07:03.080 [info] > git status -z -uall [10ms]
2026-05-16 01:07:03.081 [info] > git for-each-ref --sort -committerdate --format %(refname)%00%(objectname)%00%(*objectname) [2ms]
2026-05-16 01:08:04.815 [info] > git for-each-ref --format=%(refname)%00%(upstream:short)%00%(objectname)%00%(upstream:track)%00%(upstream:remotename)%00%(upstream:remoteref) refs/heads/lightweight-charts refs/remotes/lightweight-charts [4ms]
2026-05-16 01:08:04.816 [info] > git config --get commit.template [14ms]
2026-05-16 01:08:04.839 [info] > git status -z -uall [13ms]
2026-05-16 01:08:04.840 [info] > git for-each-ref --sort -committerdate --format %(refname)%00%(objectname)%00%(*objectname) [2ms]
2026-05-16 01:08:31.488 [info] > git fetch [2238ms]
2026-05-16 01:08:31.505 [info] > git config --get commit.template [9ms]
2026-05-16 01:08:31.506 [info] > git for-each-ref --format=%(refname)%00%(upstream:short)%00%(objectname)%00%(upstream:track)%00%(upstream:remotename)%00%(upstream:remoteref) refs/heads/lightweight-charts refs/remotes/lightweight-charts [1ms]
2026-05-16 01:08:31.530 [info] > git status -z -uall [11ms]
2026-05-16 01:08:31.531 [info] > git for-each-ref --sort -committerdate --format %(refname)%00%(objectname)%00%(*objectname) [1ms]
2026-05-16 01:08:37.877 [info] > git ls-files --stage -- SETUP.md [1ms]
2026-05-16 01:08:37.891 [info] > git cat-file -s b80a4a05be3496a6911bbe0083d40098bafdb881 [1ms]
2026-05-16 01:08:37.909 [info] > git show --textconv :SETUP.md [1ms]
2026-05-16 01:09:06.255 [info] > git config --get commit.template [13ms]
2026-05-16 01:09:06.256 [info] > git for-each-ref --format=%(refname)%00%(upstream:short)%00%(objectname)%00%(upstream:track)%00%(upstream:remotename)%00%(upstream:remoteref) refs/heads/lightweight-charts refs/remotes/lightweight-charts [2ms]
2026-05-16 01:09:06.280 [info] > git status -z -uall [14ms]
2026-05-16 01:09:06.280 [info] > git for-each-ref --sort -committerdate --format %(refname)%00%(objectname)%00%(*objectname) [1ms]
2026-05-16 01:09:41.493 [info] > git config --get commit.template [12ms]
2026-05-16 01:09:41.494 [info] > git for-each-ref --format=%(refname)%00%(upstream:short)%00%(objectname)%00%(upstream:track)%00%(upstream:remotename)%00%(upstream:remoteref) refs/heads/lightweight-charts refs/remotes/lightweight-charts [2ms]
2026-05-16 01:09:41.514 [info] > git status -z -uall [9ms]
2026-05-16 01:09:41.515 [info] > git for-each-ref --sort -committerdate --format %(refname)%00%(objectname)%00%(*objectname) [2ms]
2026-05-16 01:10:07.854 [info] > git config --get commit.template [2ms]
2026-05-16 01:10:07.866 [info] > git for-each-ref --format=%(refname)%00%(upstream:short)%00%(objectname)%00%(upstream:track)%00%(upstream:remotename)%00%(upstream:remoteref) refs/heads/lightweight-charts refs/remotes/lightweight-charts [1ms]
2026-05-16 01:10:07.892 [info] > git status -z -uall [12ms]
2026-05-16 01:10:07.893 [info] > git for-each-ref --sort -committerdate --format %(refname)%00%(objectname)%00%(*objectname) [3ms]
2026-05-16 01:10:41.352 [info] > git config --get commit.template [2ms]
2026-05-16 01:10:41.366 [info] > git for-each-ref --format=%(refname)%00%(upstream:short)%00%(objectname)%00%(upstream:track)%00%(upstream:remotename)%00%(upstream:remoteref) refs/heads/lightweight-charts refs/remotes/lightweight-charts [2ms]
2026-05-16 01:10:41.388 [info] > git status -z -uall [12ms]
2026-05-16 01:10:41.389 [info] > git for-each-ref --sort -committerdate --format %(refname)%00%(objectname)%00%(*objectname) [1ms]
2026-05-16 01:11:09.329 [info] > git config --get commit.template [9ms]
2026-05-16 01:11:09.330 [info] > git for-each-ref --format=%(refname)%00%(upstream:short)%00%(objectname)%00%(upstream:track)%00%(upstream:remotename)%00%(upstream:remoteref) refs/heads/lightweight-charts refs/remotes/lightweight-charts [1ms]
2026-05-16 01:11:09.351 [info] > git status -z -uall [11ms]
2026-05-16 01:11:09.352 [info] > git for-each-ref --sort -committerdate --format %(refname)%00%(objectname)%00%(*objectname) [1ms]
2026-05-16 01:11:33.681 [info] > git fetch [2137ms]
2026-05-16 01:11:33.702 [info] > git config --get commit.template [10ms]
2026-05-16 01:11:33.703 [info] > git for-each-ref --format=%(refname)%00%(upstream:short)%00%(objectname)%00%(upstream:track)%00%(upstream:remotename)%00%(upstream:remoteref) refs/heads/lightweight-charts refs/remotes/lightweight-charts [2ms]
2026-05-16 01:11:33.721 [info] > git status -z -uall [8ms]
2026-05-16 01:11:33.723 [info] > git for-each-ref --sort -committerdate --format %(refname)%00%(objectname)%00%(*objectname) [2ms]
2026-05-16 01:11:43.176 [info] > git config --get commit.template [12ms]
2026-05-16 01:11:43.177 [info] > git for-each-ref --format=%(refname)%00%(upstream:short)%00%(objectname)%00%(upstream:track)%00%(upstream:remotename)%00%(upstream:remoteref) refs/heads/lightweight-charts refs/remotes/lightweight-charts [2ms]
2026-05-16 01:11:43.204 [info] > git status -z -uall [14ms]
2026-05-16 01:11:43.205 [info] > git for-each-ref --sort -committerdate --format %(refname)%00%(objectname)%00%(*objectname) [2ms]
2026-05-16 01:11:53.413 [info] > git config --get commit.template [12ms]
2026-05-16 01:11:53.415 [info] > git for-each-ref --format=%(refname)%00%(upstream:short)%00%(objectname)%00%(upstream:track)%00%(upstream:remotename)%00%(upstream:remoteref) refs/heads/lightweight-charts refs/remotes/lightweight-charts [1ms]
2026-05-16 01:11:53.440 [info] > git status -z -uall [13ms]
2026-05-16 01:11:53.441 [info] > git for-each-ref --sort -committerdate --format %(refname)%00%(objectname)%00%(*objectname) [2ms]
2026-05-16 01:12:09.283 [info] > git config --get commit.template [12ms]
2026-05-16 01:12:09.284 [info] > git for-each-ref --format=%(refname)%00%(upstream:short)%00%(objectname)%00%(upstream:track)%00%(upstream:remotename)%00%(upstream:remoteref) refs/heads/lightweight-charts refs/remotes/lightweight-charts [2ms]
2026-05-16 01:12:09.306 [info] > git status -z -uall [12ms]
2026-05-16 01:12:09.307 [info] > git for-each-ref --sort -committerdate --format %(refname)%00%(objectname)%00%(*objectname) [2ms]
2026-05-16 01:12:14.332 [info] > git config --get commit.template [10ms]
2026-05-16 01:12:14.333 [info] > git for-each-ref --format=%(refname)%00%(upstream:short)%00%(objectname)%00%(upstream:track)%00%(upstream:remotename)%00%(upstream:remoteref) refs/heads/lightweight-charts refs/remotes/lightweight-charts [2ms]
2026-05-16 01:12:14.352 [info] > git status -z -uall [9ms]
2026-05-16 01:12:14.353 [info] > git for-each-ref --sort -committerdate --format %(refname)%00%(objectname)%00%(*objectname) [1ms]
2026-05-16 01:12:45.258 [info] > git config --get commit.template [13ms]
2026-05-16 01:12:45.258 [info] > git for-each-ref --format=%(refname)%00%(upstream:short)%00%(objectname)%00%(upstream:track)%00%(upstream:remotename)%00%(upstream:remoteref) refs/heads/lightweight-charts refs/remotes/lightweight-charts [2ms]
2026-05-16 01:12:45.283 [info] > git status -z -uall [13ms]
2026-05-16 01:12:45.284 [info] > git for-each-ref --sort -committerdate --format %(refname)%00%(objectname)%00%(*objectname) [2ms]
2026-05-16 01:13:12.859 [info] > git config --get commit.template [12ms]
2026-05-16 01:13:12.860 [info] > git for-each-ref --format=%(refname)%00%(upstream:short)%00%(objectname)%00%(upstream:track)%00%(upstream:remotename)%00%(upstream:remoteref) refs/heads/lightweight-charts refs/remotes/lightweight-charts [2ms]
2026-05-16 01:13:12.882 [info] > git status -z -uall [10ms]
2026-05-16 01:13:12.883 [info] > git for-each-ref --sort -committerdate --format %(refname)%00%(objectname)%00%(*objectname) [2ms]
2026-05-16 01:13:47.119 [info] > git config --get commit.template [13ms]
2026-05-16 01:13:47.120 [info] > git for-each-ref --format=%(refname)%00%(upstream:short)%00%(objectname)%00%(upstream:track)%00%(upstream:remotename)%00%(upstream:remoteref) refs/heads/lightweight-charts refs/remotes/lightweight-charts [1ms]
2026-05-16 01:13:47.143 [info] > git status -z -uall [12ms]
2026-05-16 01:13:47.144 [info] > git for-each-ref --sort -committerdate --format %(refname)%00%(objectname)%00%(*objectname) [1ms]
2026-05-16 01:14:14.350 [info] > git config --get commit.template [9ms]
2026-05-16 01:14:14.351 [info] > git for-each-ref --format=%(refname)%00%(upstream:short)%00%(objectname)%00%(upstream:track)%00%(upstream:remotename)%00%(upstream:remoteref) refs/heads/lightweight-charts refs/remotes/lightweight-charts [1ms]
2026-05-16 01:14:14.368 [info] > git status -z -uall [8ms]
2026-05-16 01:14:14.369 [info] > git for-each-ref --sort -committerdate --format %(refname)%00%(objectname)%00%(*objectname) [1ms]
2026-05-16 01:14:35.898 [info] > git fetch [2164ms]
2026-05-16 01:14:35.917 [info] > git config --get commit.template [8ms]
2026-05-16 01:14:35.918 [info] > git for-each-ref --format=%(refname)%00%(upstream:short)%00%(objectname)%00%(upstream:track)%00%(upstream:remotename)%00%(upstream:remoteref) refs/heads/lightweight-charts refs/remotes/lightweight-charts [1ms]
2026-05-16 01:14:35.936 [info] > git status -z -uall [10ms]
2026-05-16 01:14:35.936 [info] > git for-each-ref --sort -committerdate --format %(refname)%00%(objectname)%00%(*objectname) [2ms]
2026-05-16 01:14:48.891 [info] > git config --get commit.template [12ms]
2026-05-16 01:14:48.892 [info] > git for-each-ref --format=%(refname)%00%(upstream:short)%00%(objectname)%00%(upstream:track)%00%(upstream:remotename)%00%(upstream:remoteref) refs/heads/lightweight-charts refs/remotes/lightweight-charts [2ms]
2026-05-16 01:14:48.916 [info] > git status -z -uall [12ms]
2026-05-16 01:14:48.917 [info] > git for-each-ref --sort -committerdate --format %(refname)%00%(objectname)%00%(*objectname) [2ms]
2026-05-16 01:15:15.827 [info] > git config --get commit.template [12ms]
2026-05-16 01:15:15.828 [info] > git for-each-ref --format=%(refname)%00%(upstream:short)%00%(objectname)%00%(upstream:track)%00%(upstream:remotename)%00%(upstream:remoteref) refs/heads/lightweight-charts refs/remotes/lightweight-charts [1ms]
2026-05-16 01:15:15.852 [info] > git status -z -uall [12ms]
2026-05-16 01:15:15.852 [info] > git for-each-ref --sort -committerdate --format %(refname)%00%(objectname)%00%(*objectname) [1ms]
2026-05-16 01:15:50.658 [info] > git config --get commit.template [13ms]
2026-05-16 01:15:50.659 [info] > git for-each-ref --format=%(refname)%00%(upstream:short)%00%(objectname)%00%(upstream:track)%00%(upstream:remotename)%00%(upstream:remoteref) refs/heads/lightweight-charts refs/remotes/lightweight-charts [1ms]
2026-05-16 01:15:50.686 [info] > git status -z -uall [13ms]
2026-05-16 01:15:50.687 [info] > git for-each-ref --sort -committerdate --format %(refname)%00%(objectname)%00%(*objectname) [2ms]
2026-05-16 01:16:18.484 [info] > git for-each-ref --format=%(refname)%00%(upstream:short)%00%(objectname)%00%(upstream:track)%00%(upstream:remotename)%00%(upstream:remoteref) refs/heads/lightweight-charts refs/remotes/lightweight-charts [2ms]
2026-05-16 01:16:18.485 [info] > git config --get commit.template [17ms]
2026-05-16 01:16:18.504 [info] > git status -z -uall [9ms]
2026-05-16 01:16:18.504 [info] > git for-each-ref --sort -committerdate --format %(refname)%00%(objectname)%00%(*objectname) [1ms]
2026-05-16 01:16:23.982 [info] > git config --get commit.template [10ms]
2026-05-16 01:16:23.982 [info] > git for-each-ref --format=%(refname)%00%(upstream:short)%00%(objectname)%00%(upstream:track)%00%(upstream:remotename)%00%(upstream:remoteref) refs/heads/lightweight-charts refs/remotes/lightweight-charts [1ms]
2026-05-16 01:16:24.001 [info] > git status -z -uall [10ms]
2026-05-16 01:16:24.002 [info] > git for-each-ref --sort -committerdate --format %(refname)%00%(objectname)%00%(*objectname) [2ms]
2026-05-16 01:16:29.032 [info] > git config --get commit.template [12ms]
2026-05-16 01:16:29.033 [info] > git for-each-ref --format=%(refname)%00%(upstream:short)%00%(objectname)%00%(upstream:track)%00%(upstream:remotename)%00%(upstream:remoteref) refs/heads/lightweight-charts refs/remotes/lightweight-charts [1ms]
2026-05-16 01:16:29.061 [info] > git status -z -uall [16ms]
2026-05-16 01:16:29.061 [info] > git for-each-ref --sort -committerdate --format %(refname)%00%(objectname)%00%(*objectname) [4ms]
2026-05-16 01:16:47.654 [info] > git config --get commit.template [10ms]
2026-05-16 01:16:47.654 [info] > git for-each-ref --format=%(refname)%00%(upstream:short)%00%(objectname)%00%(upstream:track)%00%(upstream:remotename)%00%(upstream:remoteref) refs/heads/lightweight-charts refs/remotes/lightweight-charts [2ms]
2026-05-16 01:16:47.679 [info] > git status -z -uall [14ms]
2026-05-16 01:16:47.680 [info] > git for-each-ref --sort -committerdate --format %(refname)%00%(objectname)%00%(*objectname) [1ms]
2026-05-16 01:16:52.698 [info] > git config --get commit.template [2ms]
2026-05-16 01:16:52.711 [info] > git for-each-ref --format=%(refname)%00%(upstream:short)%00%(objectname)%00%(upstream:track)%00%(upstream:remotename)%00%(upstream:remoteref) refs/heads/lightweight-charts refs/remotes/lightweight-charts [2ms]
2026-05-16 01:16:52.730 [info] > git status -z -uall [10ms]
2026-05-16 01:16:52.731 [info] > git for-each-ref --sort -committerdate --format %(refname)%00%(objectname)%00%(*objectname) [1ms]
2026-05-16 01:17:19.918 [info] > git config --get commit.template [12ms]
2026-05-16 01:17:19.919 [info] > git for-each-ref --format=%(refname)%00%(upstream:short)%00%(objectname)%00%(upstream:track)%00%(upstream:remotename)%00%(upstream:remoteref) refs/heads/lightweight-charts refs/remotes/lightweight-charts [1ms]
2026-05-16 01:17:19.943 [info] > git status -z -uall [12ms]
2026-05-16 01:17:19.944 [info] > git for-each-ref --sort -committerdate --format %(refname)%00%(objectname)%00%(*objectname) [1ms]
2026-05-16 01:17:38.276 [info] > git fetch [2323ms]
2026-05-16 01:17:38.304 [info] > git for-each-ref --format=%(refname)%00%(upstream:short)%00%(objectname)%00%(upstream:track)%00%(upstream:remotename)%00%(upstream:remoteref) refs/heads/lightweight-charts refs/remotes/lightweight-charts [4ms]
2026-05-16 01:17:38.305 [info] > git config --get commit.template [16ms]
2026-05-16 01:17:38.330 [info] > git status -z -uall [14ms]
2026-05-16 01:17:38.331 [info] > git for-each-ref --sort -committerdate --format %(refname)%00%(objectname)%00%(*objectname) [4ms]
2026-05-16 01:17:54.547 [info] > git config --get commit.template [14ms]
2026-05-16 01:17:54.548 [info] > git for-each-ref --format=%(refname)%00%(upstream:short)%00%(objectname)%00%(upstream:track)%00%(upstream:remotename)%00%(upstream:remoteref) refs/heads/lightweight-charts refs/remotes/lightweight-charts [2ms]
2026-05-16 01:17:54.572 [info] > git status -z -uall [11ms]
2026-05-16 01:17:54.574 [info] > git for-each-ref --sort -committerdate --format %(refname)%00%(objectname)%00%(*objectname) [2ms]
2026-05-16 01:18:21.349 [info] > git config --get commit.template [10ms]
2026-05-16 01:18:21.350 [info] > git for-each-ref --format=%(refname)%00%(upstream:short)%00%(objectname)%00%(upstream:track)%00%(upstream:remotename)%00%(upstream:remoteref) refs/heads/lightweight-charts refs/remotes/lightweight-charts [2ms]
2026-05-16 01:18:21.367 [info] > git status -z -uall [8ms]
2026-05-16 01:18:21.367 [info] > git for-each-ref --sort -committerdate --format %(refname)%00%(objectname)%00%(*objectname) [1ms]
2026-05-16 01:18:56.289 [info] > git config --get commit.template [12ms]
2026-05-16 01:18:56.290 [info] > git for-each-ref --format=%(refname)%00%(upstream:short)%00%(objectname)%00%(upstream:track)%00%(upstream:remotename)%00%(upstream:remoteref) refs/heads/lightweight-charts refs/remotes/lightweight-charts [2ms]
2026-05-16 01:18:56.312 [info] > git status -z -uall [11ms]
2026-05-16 01:18:56.313 [info] > git for-each-ref --sort -committerdate --format %(refname)%00%(objectname)%00%(*objectname) [1ms]
2026-05-16 01:19:22.779 [info] > git config --get commit.template [1ms]
2026-05-16 01:19:22.792 [info] > git for-each-ref --format=%(refname)%00%(upstream:short)%00%(objectname)%00%(upstream:track)%00%(upstream:remotename)%00%(upstream:remoteref) refs/heads/lightweight-charts refs/remotes/lightweight-charts [1ms]
2026-05-16 01:19:22.816 [info] > git status -z -uall [12ms]
2026-05-16 01:19:22.817 [info] > git for-each-ref --sort -committerdate --format %(refname)%00%(objectname)%00%(*objectname) [2ms]
2026-05-16 01:19:58.324 [info] > git config --get commit.template [2ms]
2026-05-16 01:19:58.335 [info] > git for-each-ref --format=%(refname)%00%(upstream:short)%00%(objectname)%00%(upstream:track)%00%(upstream:remotename)%00%(upstream:remoteref) refs/heads/lightweight-charts refs/remotes/lightweight-charts [1ms]
2026-05-16 01:19:58.360 [info] > git status -z -uall [13ms]
2026-05-16 01:19:58.360 [info] > git for-each-ref --sort -committerdate --format %(refname)%00%(objectname)%00%(*objectname) [1ms]
2026-05-16 01:20:22.730 [info] > git config --get commit.template [1ms]
2026-05-16 01:20:22.743 [info] > git for-each-ref --format=%(refname)%00%(upstream:short)%00%(objectname)%00%(upstream:track)%00%(upstream:remotename)%00%(upstream:remoteref) refs/heads/lightweight-charts refs/remotes/lightweight-charts [1ms]
2026-05-16 01:20:22.770 [info] > git status -z -uall [15ms]
2026-05-16 01:20:22.771 [info] > git for-each-ref --sort -committerdate --format %(refname)%00%(objectname)%00%(*objectname) [2ms]
2026-05-16 01:20:27.801 [info] > git config --get commit.template [13ms]
2026-05-16 01:20:27.802 [info] > git for-each-ref --format=%(refname)%00%(upstream:short)%00%(objectname)%00%(upstream:track)%00%(upstream:remotename)%00%(upstream:remoteref) refs/heads/lightweight-charts refs/remotes/lightweight-charts [2ms]
2026-05-16 01:20:27.823 [info] > git status -z -uall [11ms]
2026-05-16 01:20:27.824 [info] > git for-each-ref --sort -committerdate --format %(refname)%00%(objectname)%00%(*objectname) [1ms]
2026-05-16 01:20:40.653 [info] > git fetch [2308ms]
2026-05-16 01:20:40.676 [info] > git config --get commit.template [11ms]
2026-05-16 01:20:40.677 [info] > git for-each-ref --format=%(refname)%00%(upstream:short)%00%(objectname)%00%(upstream:track)%00%(upstream:remotename)%00%(upstream:remoteref) refs/heads/lightweight-charts refs/remotes/lightweight-charts [2ms]
2026-05-16 01:20:40.699 [info] > git status -z -uall [9ms]
2026-05-16 01:20:40.700 [info] > git for-each-ref --sort -committerdate --format %(refname)%00%(objectname)%00%(*objectname) [2ms]
2026-05-16 01:21:00.106 [info] > git config --get commit.template [2ms]
2026-05-16 01:21:00.118 [info] > git for-each-ref --format=%(refname)%00%(upstream:short)%00%(objectname)%00%(upstream:track)%00%(upstream:remotename)%00%(upstream:remoteref) refs/heads/lightweight-charts refs/remotes/lightweight-charts [1ms]
2026-05-16 01:21:00.142 [info] > git status -z -uall [13ms]
2026-05-16 01:21:00.143 [info] > git for-each-ref --sort -committerdate --format %(refname)%00%(objectname)%00%(*objectname) [1ms]
2026-05-16 01:21:26.296 [info] > git config --get commit.template [2ms]
2026-05-16 01:21:26.308 [info] > git for-each-ref --format=%(refname)%00%(upstream:short)%00%(objectname)%00%(upstream:track)%00%(upstream:remotename)%00%(upstream:remoteref) refs/heads/lightweight-charts refs/remotes/lightweight-charts [1ms]
2026-05-16 01:21:26.332 [info] > git status -z -uall [11ms]
2026-05-16 01:21:26.333 [info] > git for-each-ref --sort -committerdate --format %(refname)%00%(objectname)%00%(*objectname) [2ms]
2026-05-16 01:22:02.237 [info] > git config --get commit.template [10ms]
2026-05-16 01:22:02.238 [info] > git for-each-ref --format=%(refname)%00%(upstream:short)%00%(objectname)%00%(upstream:track)%00%(upstream:remotename)%00%(upstream:remoteref) refs/heads/lightweight-charts refs/remotes/lightweight-charts [1ms]
2026-05-16 01:22:02.261 [info] > git status -z -uall [11ms]
2026-05-16 01:22:02.263 [info] > git for-each-ref --sort -committerdate --format %(refname)%00%(objectname)%00%(*objectname) [2ms]
2026-05-16 01:22:27.727 [info] > git config --get commit.template [13ms]
2026-05-16 01:22:27.727 [info] > git for-each-ref --format=%(refname)%00%(upstream:short)%00%(objectname)%00%(upstream:track)%00%(upstream:remotename)%00%(upstream:remoteref) refs/heads/lightweight-charts refs/remotes/lightweight-charts [1ms]
2026-05-16 01:22:27.751 [info] > git status -z -uall [13ms]
2026-05-16 01:22:27.752 [info] > git for-each-ref --sort -committerdate --format %(refname)%00%(objectname)%00%(*objectname) [2ms]
2026-05-16 01:23:04.366 [info] > git config --get commit.template [1ms]
2026-05-16 01:23:04.378 [info] > git for-each-ref --format=%(refname)%00%(upstream:short)%00%(objectname)%00%(upstream:track)%00%(upstream:remotename)%00%(upstream:remoteref) refs/heads/lightweight-charts refs/remotes/lightweight-charts [2ms]
2026-05-16 01:23:04.404 [info] > git status -z -uall [13ms]
2026-05-16 01:23:04.405 [info] > git for-each-ref --sort -committerdate --format %(refname)%00%(objectname)%00%(*objectname) [2ms]
2026-05-16 01:23:27.671 [info] > git config --get commit.template [8ms]
2026-05-16 01:23:27.671 [info] > git for-each-ref --format=%(refname)%00%(upstream:short)%00%(objectname)%00%(upstream:track)%00%(upstream:remotename)%00%(upstream:remoteref) refs/heads/lightweight-charts refs/remotes/lightweight-charts [1ms]
2026-05-16 01:23:27.687 [info] > git status -z -uall [7ms]
2026-05-16 01:23:27.688 [info] > git for-each-ref --sort -committerdate --format %(refname)%00%(objectname)%00%(*objectname) [2ms]
2026-05-16 01:23:32.711 [info] > git config --get commit.template [10ms]
2026-05-16 01:23:32.712 [info] > git for-each-ref --format=%(refname)%00%(upstream:short)%00%(objectname)%00%(upstream:track)%00%(upstream:remotename)%00%(upstream:remoteref) refs/heads/lightweight-charts refs/remotes/lightweight-charts [2ms]
2026-05-16 01:23:32.735 [info] > git status -z -uall [12ms]
2026-05-16 01:23:32.736 [info] > git for-each-ref --sort -committerdate --format %(refname)%00%(objectname)%00%(*objectname) [3ms]
2026-05-16 01:23:42.891 [info] > git fetch [2178ms]
2026-05-16 01:23:42.915 [info] > git config --get commit.template [12ms]
2026-05-16 01:23:42.916 [info] > git for-each-ref --format=%(refname)%00%(upstream:short)%00%(objectname)%00%(upstream:track)%00%(upstream:remotename)%00%(upstream:remoteref) refs/heads/lightweight-charts refs/remotes/lightweight-charts [2ms]
2026-05-16 01:23:42.939 [info] > git status -z -uall [11ms]
2026-05-16 01:23:42.940 [info] > git for-each-ref --sort -committerdate --format %(refname)%00%(objectname)%00%(*objectname) [1ms]
2026-05-16 01:24:07.625 [info] > git config --get commit.template [9ms]
2026-05-16 01:24:07.626 [info] > git for-each-ref --format=%(refname)%00%(upstream:short)%00%(objectname)%00%(upstream:track)%00%(upstream:remotename)%00%(upstream:remoteref) refs/heads/lightweight-charts refs/remotes/lightweight-charts [1ms]
2026-05-16 01:24:07.649 [info] > git status -z -uall [12ms]
2026-05-16 01:24:07.650 [info] > git for-each-ref --sort -committerdate --format %(refname)%00%(objectname)%00%(*objectname) [2ms]
2026-05-16 01:24:29.423 [info] > git config --get commit.template [2ms]
2026-05-16 01:24:29.436 [info] > git for-each-ref --format=%(refname)%00%(upstream:short)%00%(objectname)%00%(upstream:track)%00%(upstream:remotename)%00%(upstream:remoteref) refs/heads/lightweight-charts refs/remotes/lightweight-charts [1ms]
2026-05-16 01:24:29.458 [info] > git status -z -uall [11ms]
2026-05-16 01:24:29.458 [info] > git for-each-ref --sort -committerdate --format %(refname)%00%(objectname)%00%(*objectname) [1ms]
2026-05-16 01:24:34.475 [info] > git config --get commit.template [1ms]
2026-05-16 01:24:34.490 [info] > git for-each-ref --format=%(refname)%00%(upstream:short)%00%(objectname)%00%(upstream:track)%00%(upstream:remotename)%00%(upstream:remoteref) refs/heads/lightweight-charts refs/remotes/lightweight-charts [2ms]
2026-05-16 01:24:34.512 [info] > git status -z -uall [11ms]
2026-05-16 01:24:34.513 [info] > git for-each-ref --sort -committerdate --format %(refname)%00%(objectname)%00%(*objectname) [1ms]
2026-05-16 01:25:07.491 [info] > git ls-files --stage -- SETUP.md [2ms]
2026-05-16 01:25:07.503 [info] > git cat-file -s b80a4a05be3496a6911bbe0083d40098bafdb881 [2ms]
2026-05-16 01:25:07.524 [info] > git show --textconv :SETUP.md [4ms]
2026-05-16 01:25:10.942 [info] > git config --get commit.template [12ms]
2026-05-16 01:25:10.943 [info] > git for-each-ref --format=%(refname)%00%(upstream:short)%00%(objectname)%00%(upstream:track)%00%(upstream:remotename)%00%(upstream:remoteref) refs/heads/lightweight-charts refs/remotes/lightweight-charts [2ms]
2026-05-16 01:25:10.967 [info] > git status -z -uall [14ms]
2026-05-16 01:25:10.968 [info] > git for-each-ref --sort -committerdate --format %(refname)%00%(objectname)%00%(*objectname) [2ms]
2026-05-16 01:25:34.599 [info] > git config --get commit.template [2ms]
2026-05-16 01:25:34.612 [info] > git for-each-ref --format=%(refname)%00%(upstream:short)%00%(objectname)%00%(upstream:track)%00%(upstream:remotename)%00%(upstream:remoteref) refs/heads/lightweight-charts refs/remotes/lightweight-charts [2ms]
2026-05-16 01:25:34.636 [info] > git status -z -uall [13ms]
2026-05-16 01:25:34.637 [info] > git for-each-ref --sort -committerdate --format %(refname)%00%(objectname)%00%(*objectname) [2ms]
2026-05-16 01:26:10.885 [info] > git config --get commit.template [9ms]
2026-05-16 01:26:10.886 [info] > git for-each-ref --format=%(refname)%00%(upstream:short)%00%(objectname)%00%(upstream:track)%00%(upstream:remotename)%00%(upstream:remoteref) refs/heads/lightweight-charts refs/remotes/lightweight-charts [2ms]
2026-05-16 01:26:10.902 [info] > git status -z -uall [8ms]
2026-05-16 01:26:10.903 [info] > git for-each-ref --sort -committerdate --format %(refname)%00%(objectname)%00%(*objectname) [1ms]
2026-05-16 01:26:15.928 [info] > git config --get commit.template [12ms]
2026-05-16 01:26:15.929 [info] > git for-each-ref --format=%(refname)%00%(upstream:short)%00%(objectname)%00%(upstream:track)%00%(upstream:remotename)%00%(upstream:remoteref) refs/heads/lightweight-charts refs/remotes/lightweight-charts [1ms]
2026-05-16 01:26:15.953 [info] > git status -z -uall [12ms]
2026-05-16 01:26:15.954 [info] > git for-each-ref --sort -committerdate --format %(refname)%00%(objectname)%00%(*objectname) [2ms]
2026-05-16 01:26:22.691 [info] > git config --get commit.template [1ms]
2026-05-16 01:26:22.703 [info] > git for-each-ref --format=%(refname)%00%(upstream:short)%00%(objectname)%00%(upstream:track)%00%(upstream:remotename)%00%(upstream:remoteref) refs/heads/lightweight-charts refs/remotes/lightweight-charts [2ms]
2026-05-16 01:26:22.727 [info] > git status -z -uall [11ms]
2026-05-16 01:26:22.727 [info] > git for-each-ref --sort -committerdate --format %(refname)%00%(objectname)%00%(*objectname) [1ms]
2026-05-16 01:26:36.470 [info] > git config --get commit.template [11ms]
2026-05-16 01:26:36.471 [info] > git for-each-ref --format=%(refname)%00%(upstream:short)%00%(objectname)%00%(upstream:track)%00%(upstream:remotename)%00%(upstream:remoteref) refs/heads/lightweight-charts refs/remotes/lightweight-charts [1ms]
2026-05-16 01:26:36.491 [info] > git status -z -uall [11ms]
2026-05-16 01:26:36.493 [info] > git for-each-ref --sort -committerdate --format %(refname)%00%(objectname)%00%(*objectname) [3ms]
2026-05-16 01:26:44.146 [info] > git ls-files --stage -- SETUP.md [1ms]
2026-05-16 01:26:44.154 [info] > git cat-file -s b80a4a05be3496a6911bbe0083d40098bafdb881 [1ms]
2026-05-16 01:26:44.165 [info] > git show --textconv :SETUP.md [1ms]
