Error loading "hint" package from "/home/dev/Documents/Dev/Tradingview"
Trying to load shared version
Found hint at /home/dev/.config/Antigravity/User/globalStorage/ms-edgedevtools.vscode-edge-devtools/node_modules/hint/dist/src/lib/index.js
Checking if shared version of "hint" needs updated
npm verb cli /usr/bin/node /usr/bin/npm
npm info using npm@9.2.0
npm info using node@v22.22.1
npm verb title npm install @hint/configuration-development@latest hint@latest typescript@latest
npm verb argv "install" "@hint/configuration-development@latest" "hint@latest" "typescript@latest" "--save-dev" "--loglevel" "verbose"
npm verb logfile logs-max:10 dir:/home/dev/.npm/_logs/2026-05-15T14_52_14_044Z-
npm verb logfile /home/dev/.npm/_logs/2026-05-15T14_52_14_044Z-debug-0.log
npm http fetch GET 200 https://registry.npmjs.org/hint 371ms (cache revalidated)
npm http fetch GET 200 https://registry.npmjs.org/typescript 395ms (cache revalidated)
npm http fetch GET 200 https://registry.npmjs.org/@hint%2fconfiguration-development 904ms (cache revalidated)
npm verb reify failed optional dependency /home/dev/.config/Antigravity/User/globalStorage/ms-edgedevtools.vscode-edge-devtools/node_modules/fsevents
npm WARN deprecated npmlog@5.0.1: This package is no longer supported.
npm WARN deprecated are-we-there-yet@2.0.0: This package is no longer supported.
npm WARN deprecated gauge@3.0.2: This package is no longer supported.
npm info run canvas@2.11.2 install node_modules/canvas node-pre-gyp install --fallback-to-build --update-binary
npm http fetch POST 200 https://registry.npmjs.org/-/npm/v1/security/advisories/bulk 296ms
npm http fetch GET 200 https://registry.npmjs.org/got 76ms (cache revalidated)
npm http fetch GET 200 https://registry.npmjs.org/fast-xml-parser 102ms (cache revalidated)
npm http fetch GET 200 https://registry.npmjs.org/tar-fs 107ms (cache revalidated)
npm http fetch GET 200 https://registry.npmjs.org/tar 113ms (cache revalidated)
npm http fetch GET 200 https://registry.npmjs.org/file-type 324ms (cache revalidated)
npm http fetch GET 200 https://registry.npmjs.org/ws 403ms (cache revalidated)
npm http fetch GET 200 https://registry.npmjs.org/@tootallnate%2fonce 626ms (cache revalidated)
npm http fetch GET 200 https://registry.npmjs.org/http-proxy-agent 273ms (cache revalidated)
npm info run canvas@2.11.2 install { code: 1, signal: null }
npm verb reify failed optional dependency /home/dev/.config/Antigravity/User/globalStorage/ms-edgedevtools.vscode-edge-devtools/node_modules/canvas
npm verb reify failed optional dependency /home/dev/.config/Antigravity/User/globalStorage/ms-edgedevtools.vscode-edge-devtools/node_modules/@mapbox/node-pre-gyp
npm verb reify failed optional dependency /home/dev/.config/Antigravity/User/globalStorage/ms-edgedevtools.vscode-edge-devtools/node_modules/nan
npm verb reify failed optional dependency /home/dev/.config/Antigravity/User/globalStorage/ms-edgedevtools.vscode-edge-devtools/node_modules/simple-get
npm verb reify failed optional dependency /home/dev/.config/Antigravity/User/globalStorage/ms-edgedevtools.vscode-edge-devtools/node_modules/detect-libc
npm verb reify failed optional dependency /home/dev/.config/Antigravity/User/globalStorage/ms-edgedevtools.vscode-edge-devtools/node_modules/nopt
npm verb reify failed optional dependency /home/dev/.config/Antigravity/User/globalStorage/ms-edgedevtools.vscode-edge-devtools/node_modules/npmlog
npm verb reify failed optional dependency /home/dev/.config/Antigravity/User/globalStorage/ms-edgedevtools.vscode-edge-devtools/node_modules/simple-get/node_modules/decompress-response
npm verb reify failed optional dependency /home/dev/.config/Antigravity/User/globalStorage/ms-edgedevtools.vscode-edge-devtools/node_modules/simple-concat
npm verb reify failed optional dependency /home/dev/.config/Antigravity/User/globalStorage/ms-edgedevtools.vscode-edge-devtools/node_modules/abbrev
npm verb reify failed optional dependency /home/dev/.config/Antigravity/User/globalStorage/ms-edgedevtools.vscode-edge-devtools/node_modules/are-we-there-yet
npm verb reify failed optional dependency /home/dev/.config/Antigravity/User/globalStorage/ms-edgedevtools.vscode-edge-devtools/node_modules/console-control-strings
npm verb reify failed optional dependency /home/dev/.config/Antigravity/User/globalStorage/ms-edgedevtools.vscode-edge-devtools/node_modules/gauge
npm verb reify failed optional dependency /home/dev/.config/Antigravity/User/globalStorage/ms-edgedevtools.vscode-edge-devtools/node_modules/set-blocking
npm verb reify failed optional dependency /home/dev/.config/Antigravity/User/globalStorage/ms-edgedevtools.vscode-edge-devtools/node_modules/simple-get/node_modules/mimic-response
npm verb reify failed optional dependency /home/dev/.config/Antigravity/User/globalStorage/ms-edgedevtools.vscode-edge-devtools/node_modules/delegates
npm verb reify failed optional dependency /home/dev/.config/Antigravity/User/globalStorage/ms-edgedevtools.vscode-edge-devtools/node_modules/aproba
npm verb reify failed optional dependency /home/dev/.config/Antigravity/User/globalStorage/ms-edgedevtools.vscode-edge-devtools/node_modules/color-support
npm verb reify failed optional dependency /home/dev/.config/Antigravity/User/globalStorage/ms-edgedevtools.vscode-edge-devtools/node_modules/has-unicode
npm verb reify failed optional dependency /home/dev/.config/Antigravity/User/globalStorage/ms-edgedevtools.vscode-edge-devtools/node_modules/object-assign
npm verb reify failed optional dependency /home/dev/.config/Antigravity/User/globalStorage/ms-edgedevtools.vscode-edge-devtools/node_modules/gauge/node_modules/string-width
npm verb reify failed optional dependency /home/dev/.config/Antigravity/User/globalStorage/ms-edgedevtools.vscode-edge-devtools/node_modules/wide-align
npm verb reify failed optional dependency /home/dev/.config/Antigravity/User/globalStorage/ms-edgedevtools.vscode-edge-devtools/node_modules/gauge/node_modules/emoji-regex
npm verb reify failed optional dependency /home/dev/.config/Antigravity/User/globalStorage/ms-edgedevtools.vscode-edge-devtools/node_modules/wide-align/node_modules/string-width
npm verb reify failed optional dependency /home/dev/.config/Antigravity/User/globalStorage/ms-edgedevtools.vscode-edge-devtools/node_modules/wide-align/node_modules/emoji-regex
npm http fetch GET 200 https://registry.npmjs.org/is-svg 419ms (cache revalidated)
npm http fetch GET 200 https://registry.npmjs.org/@hint%2futils 403ms (cache revalidated)
npm http fetch GET 200 https://registry.npmjs.org/package-json 28ms (cache revalidated)
npm http fetch GET 200 https://registry.npmjs.org/puppeteer-core 311ms (cache updated)
npm http fetch GET 200 https://registry.npmjs.org/cacache 29ms (cache revalidated)
npm http fetch GET 200 https://registry.npmjs.org/make-fetch-happen 40ms (cache revalidated)
npm http fetch GET 200 https://registry.npmjs.org/jsdom 325ms (cache revalidated)
npm http fetch GET 200 https://registry.npmjs.org/@hint%2fhint-html-checker 760ms (cache revalidated)
npm http fetch GET 200 https://registry.npmjs.org/@hint%2fformatter-json 773ms (cache revalidated)
npm http fetch GET 200 https://registry.npmjs.org/@hint%2fformatter-summary 779ms (cache revalidated)
npm http fetch GET 200 https://registry.npmjs.org/@hint%2fhint-content-type 779ms (cache revalidated)
npm http fetch GET 200 https://registry.npmjs.org/@hint%2fconnector-local 810ms (cache revalidated)
npm http fetch GET 200 https://registry.npmjs.org/@hint%2fformatter-stylish 815ms (cache revalidated)
npm http fetch GET 200 https://registry.npmjs.org/@hint%2fhint-no-bom 814ms (cache revalidated)
npm http fetch GET 200 https://registry.npmjs.org/@hint%2fformatter-html 820ms (cache revalidated)
npm http fetch GET 200 https://registry.npmjs.org/@hint%2fconnector-puppeteer 826ms (cache revalidated)
npm http fetch GET 200 https://registry.npmjs.org/@hint%2futils-connector-tools 823ms (cache revalidated)
npm http fetch GET 200 https://registry.npmjs.org/@hint%2fconnector-jsdom 831ms (cache revalidated)
npm http fetch GET 200 https://registry.npmjs.org/@hint%2fhint-http-compression 843ms (cache revalidated)
npm http fetch GET 200 https://registry.npmjs.org/@hint%2fhint-typescript-config 844ms (cache revalidated)
npm http fetch GET 200 https://registry.npmjs.org/@hint%2fhint-image-optimization-cloudinary 850ms (cache revalidated)
npm http fetch GET 200 https://registry.npmjs.org/@hint%2fhint-no-vulnerable-javascript-libraries 855ms (cache revalidated)
npm http fetch GET 200 https://registry.npmjs.org/@hint%2fhint-ssllabs 1413ms (cache revalidated)
npm http fetch GET 200 https://registry.npmjs.org/@hint%2fparser-webpack-config 1506ms (cache revalidated)
npm http fetch GET 200 https://registry.npmjs.org/@hint%2futils-network 1515ms (cache revalidated)
npm http fetch GET 200 https://registry.npmjs.org/@hint%2fparser-javascript 1538ms (cache revalidated)
npm http fetch GET 200 https://registry.npmjs.org/latest-version 28ms (cache revalidated)
npm http fetch GET 200 https://registry.npmjs.org/npm-registry-fetch 321ms (cache revalidated)
npm http fetch GET 200 https://registry.npmjs.org/@hint%2fhint-compat-api 559ms (cache revalidated)
npm http fetch GET 200 https://registry.npmjs.org/@hint%2fconfiguration-accessibility 808ms (cache revalidated)
npm http fetch GET 200 https://registry.npmjs.org/@hint%2fhint-apple-touch-icons 822ms (cache revalidated)
npm http fetch GET 200 https://registry.npmjs.org/@hint%2fhint-babel-config 846ms (cache revalidated)
npm http fetch GET 200 https://registry.npmjs.org/@hint%2fhint-create-element-svg 851ms (cache revalidated)
npm http fetch GET 200 https://registry.npmjs.org/@hint%2fhint-manifest-exists 853ms (cache revalidated)
npm http fetch GET 200 https://registry.npmjs.org/@hint%2fhint-highest-available-document-mode 857ms (cache revalidated)
npm http fetch GET 200 https://registry.npmjs.org/@hint%2fconfiguration-progressive-web-apps 866ms (cache revalidated)
npm http fetch GET 200 https://registry.npmjs.org/@hint%2fhint-manifest-file-extension 865ms (cache revalidated)
npm http fetch GET 200 https://registry.npmjs.org/@hint%2fhint-detect-css-reflows 878ms (cache revalidated)
npm http fetch GET 200 https://registry.npmjs.org/@hint%2fhint-disown-opener 888ms (cache revalidated)
npm http fetch GET 200 https://registry.npmjs.org/@hint%2fhint-css-prefix-order 894ms (cache revalidated)
npm http fetch GET 200 https://registry.npmjs.org/@hint%2fhint-axe 898ms (cache revalidated)
npm http fetch GET 200 https://registry.npmjs.org/@hint%2fhint-http-cache 909ms (cache revalidated)
npm http fetch GET 200 https://registry.npmjs.org/@hint%2fconfiguration-web-recommended 933ms (cache revalidated)
npm http fetch GET 200 https://registry.npmjs.org/@hint%2fhint-manifest-app-name 1253ms (cache revalidated)
npm http fetch GET 200 https://registry.npmjs.org/@hint%2fhint-manifest-is-valid 1516ms (cache revalidated)
npm http fetch GET 200 https://registry.npmjs.org/@hint%2fhint-button-type 1523ms (cache revalidated)
npm http fetch GET 200 https://registry.npmjs.org/@hint%2fhint-meta-viewport 1548ms (cache revalidated)
npm http fetch GET 200 https://registry.npmjs.org/@hint%2fhint-meta-charset-utf-8 1554ms (cache revalidated)
npm http fetch GET 200 https://registry.npmjs.org/@hint%2fhint-no-friendly-error-pages 1557ms (cache revalidated)
npm http fetch GET 200 https://registry.npmjs.org/@hint%2fhint-leading-dot-classlist 1566ms (cache revalidated)
npm http fetch GET 200 https://registry.npmjs.org/@hint%2fhint-scoped-svg-styles 1574ms (cache revalidated)
npm http fetch GET 200 https://registry.npmjs.org/@hint%2fhint-webpack-config 1591ms (cache revalidated)
npm http fetch GET 200 https://registry.npmjs.org/@hint%2fhint-no-html-only-headers 1598ms (cache revalidated)
npm http fetch GET 200 https://registry.npmjs.org/@hint%2fhint-no-disallowed-headers 1607ms (cache revalidated)
npm http fetch GET 200 https://registry.npmjs.org/@hint%2fhint-strict-transport-security 1609ms (cache revalidated)
npm http fetch GET 200 https://registry.npmjs.org/@hint%2fhint-no-http-redirects 1621ms (cache revalidated)
npm http fetch GET 200 https://registry.npmjs.org/@hint%2fhint-sri 1626ms (cache revalidated)
npm http fetch GET 200 https://registry.npmjs.org/@hint%2fhint-no-protocol-relative-urls 1631ms (cache revalidated)
npm http fetch GET 200 https://registry.npmjs.org/@hint%2fhint-x-content-type-options 1903ms (cache revalidated)
npm http fetch GET 200 https://registry.npmjs.org/@hint%2fparser-css 1941ms (cache revalidated)
npm http fetch GET 200 https://registry.npmjs.org/@hint%2fhint-no-inline-styles 2206ms (cache revalidated)
npm http fetch GET 200 https://registry.npmjs.org/@hint%2fparser-babel-config 2208ms (cache revalidated)
npm http fetch GET 200 https://registry.npmjs.org/@hint%2fparser-less 2211ms (cache revalidated)
npm http fetch GET 200 https://registry.npmjs.org/@hint%2fhint-validate-set-cookie-header 2247ms (cache revalidated)
npm http fetch GET 200 https://registry.npmjs.org/@hint%2fhint-stylesheet-limits 2259ms (cache revalidated)
npm http fetch GET 200 https://registry.npmjs.org/@hint%2fparser-typescript-config 2270ms (cache revalidated)
npm http fetch GET 200 https://registry.npmjs.org/@hint%2fparser-jsx 2280ms (cache revalidated)
npm http fetch GET 200 https://registry.npmjs.org/@hint%2fparser-manifest 2307ms (cache revalidated)
npm http fetch GET 200 https://registry.npmjs.org/@hint%2fparser-html 2321ms (cache revalidated)
npm http fetch GET 200 https://registry.npmjs.org/@hint%2fparser-sass 2342ms (cache revalidated)
npm http fetch GET 200 https://registry.npmjs.org/@hint%2fparser-typescript 2364ms (cache revalidated)
npm http fetch GET 200 https://registry.npmjs.org/@hint%2futils-json 1367ms (cache revalidated)
npm http fetch GET 200 https://registry.npmjs.org/update-notifier 274ms (cache revalidated)

up to date, audited 554 packages in 10s

97 packages are looking for funding
  run `npm fund` for details

83 vulnerabilities (4 low, 72 moderate, 7 high)

To address issues that do not require attention, run:
  npm audit fix

To address all issues (including breaking changes), run:
  npm audit fix --force

Run `npm audit` for details.
npm verb exit 0
npm info ok 
