starting generic LSP server
 INFO Reading messages
 INFO Handling non-canceled request pyrefly/textDocument/typeErrorDisplayStatus (1)
 INFO Language server processed event `LspRequest(pyrefly/textDocument/typeErrorDisplayStatus)` in 0.04s (0.00s waiting)
 INFO Ran task on sourcedb_queue heavy task queue. Queue time: 0.00, task time: 0.00
 INFO Language server processed event `DidOpenTextDocument` in 0.00s (0.04s waiting)
 INFO Handling non-canceled request pyrefly/textDocument/typeErrorDisplayStatus (2)
 INFO Language server processed event `LspRequest(pyrefly/textDocument/typeErrorDisplayStatus)` in 0.34s (0.04s waiting)
 INFO Handling non-canceled request pyrefly/textDocument/typeErrorDisplayStatus (3)
 INFO Language server processed event `LspRequest(pyrefly/textDocument/typeErrorDisplayStatus)` in 0.00s (0.38s waiting)
 INFO Request textDocument/documentSymbol (4) is canceled due to subsequent mutation
 INFO Language server processed event `LspRequest(textDocument/documentSymbol)` in 0.00s (0.38s waiting)
 INFO Request textDocument/codeAction (5) is canceled due to subsequent mutation
 INFO Language server processed event `LspRequest(textDocument/codeAction)` in 0.00s (0.38s waiting)
 INFO Request textDocument/inlayHint (6) is canceled due to subsequent mutation
 INFO Language server processed event `LspRequest(textDocument/inlayHint)` in 0.00s (0.38s waiting)
 INFO Language server processed event `LspResponse` in 0.00s (0.38s waiting)
 INFO Language server processed event `LspResponse` in 0.00s (0.34s waiting)
 INFO Handling non-canceled request textDocument/documentSymbol (7)
 INFO Language server processed event `LspRequest(textDocument/documentSymbol)` in 0.01s (0.09s waiting)
 INFO Handling non-canceled request textDocument/semanticTokens/full (8)
 INFO Language server processed event `LspRequest(textDocument/semanticTokens/full)` in 0.00s (0.00s waiting)
 INFO Handling non-canceled request textDocument/codeLens (9)
 INFO Language server processed event `LspRequest(textDocument/codeLens)` in 0.00s (0.00s waiting)
 INFO Handling non-canceled request textDocument/foldingRange (10)
 INFO Language server processed event `LspRequest(textDocument/foldingRange)` in 0.00s (0.00s waiting)
 INFO Published 0 diagnostics for file:///home/dev/Documents/Dev/Tradingview/api_server.py
 INFO Language server processed event `DidCloseTextDocument` in 0.00s (0.00s waiting)
 INFO Ran task on sourcedb_queue heavy task queue. Queue time: 0.00, task time: 0.00
 INFO Ran task on recheck_queue heavy task queue. Queue time: 0.00, task time: 0.00
 INFO Unhandled notification: Notification { method: "$/setTrace", params: Object {"value": String("off")}, activity_key: None }
 INFO Language server processed event `LspResponse` in 0.00s (0.00s waiting)
 INFO File /home/dev/Documents/Dev/Tradingview/bot_v2.py opened, prepare to validate open files.
 INFO Ran task on sourcedb_queue heavy task queue. Queue time: 0.00, task time: 0.00
 INFO Published 2 diagnostics for file:///home/dev/Documents/Dev/Tradingview/bot_v2.py
 INFO Validated open files and committed transaction.
 INFO Language server processed event `DidOpenTextDocument` in 0.16s (0.00s waiting)
 INFO Handling non-canceled request pyrefly/textDocument/typeErrorDisplayStatus (11)
 INFO Language server processed event `LspRequest(pyrefly/textDocument/typeErrorDisplayStatus)` in 0.00s (0.14s waiting)
 INFO Handling non-canceled request textDocument/codeAction (12)
 INFO Language server processed event `LspRequest(textDocument/codeAction)` in 0.00s (0.13s waiting)
 INFO Handling non-canceled request textDocument/documentSymbol (13)
 INFO Language server processed event `LspRequest(textDocument/documentSymbol)` in 0.00s (0.13s waiting)
 INFO Handling non-canceled request textDocument/semanticTokens/full (14)
 INFO Language server processed event `LspRequest(textDocument/semanticTokens/full)` in 0.00s (0.09s waiting)
 INFO Handling non-canceled request textDocument/inlayHint (15)
 INFO Language server processed event `LspRequest(textDocument/inlayHint)` in 0.02s (0.09s waiting)
 INFO Language server processed event `LspResponse` in 0.00s (0.02s waiting)
 INFO Language server processed event `LspResponse` in 0.00s (0.02s waiting)
 INFO Handling non-canceled request textDocument/foldingRange (16)
 INFO Language server processed event `LspRequest(textDocument/foldingRange)` in 0.00s (0.00s waiting)
 INFO Handling non-canceled request textDocument/codeLens (17)
 INFO Language server processed event `LspRequest(textDocument/codeLens)` in 0.00s (0.00s waiting)
 INFO Handling non-canceled request textDocument/documentSymbol (18)
 INFO Language server processed event `LspRequest(textDocument/documentSymbol)` in 0.00s (0.00s waiting)
 INFO Handling non-canceled request textDocument/codeAction (19)
 INFO Language server processed event `LspRequest(textDocument/codeAction)` in 0.00s (0.00s waiting)
 INFO Handling non-canceled request textDocument/semanticTokens/full (20)
 INFO Language server processed event `LspRequest(textDocument/semanticTokens/full)` in 0.00s (0.00s waiting)
 INFO Handling non-canceled request textDocument/inlayHint (21)
 INFO Language server processed event `LspRequest(textDocument/inlayHint)` in 0.00s (0.00s waiting)
 INFO Handling non-canceled request textDocument/codeAction (22)
 INFO Language server processed event `LspRequest(textDocument/codeAction)` in 0.00s (0.00s waiting)
 INFO Handling non-canceled request textDocument/codeAction (23)
 INFO Language server processed event `LspRequest(textDocument/codeAction)` in 0.00s (0.00s waiting)
 INFO Handling non-canceled request textDocument/inlayHint (24)
 INFO Language server processed event `LspRequest(textDocument/inlayHint)` in 0.00s (0.00s waiting)
 INFO Handling non-canceled request textDocument/inlayHint (25)
 INFO Language server processed event `LspRequest(textDocument/inlayHint)` in 0.00s (0.00s waiting)
 INFO Handling non-canceled request textDocument/inlayHint (26)
 INFO Language server processed event `LspRequest(textDocument/inlayHint)` in 0.00s (0.00s waiting)
 INFO Handling non-canceled request textDocument/inlayHint (27)
 INFO Language server processed event `LspRequest(textDocument/inlayHint)` in 0.00s (0.00s waiting)
 INFO Handling non-canceled request textDocument/inlayHint (28)
 INFO Language server processed event `LspRequest(textDocument/inlayHint)` in 0.00s (0.00s waiting)
 INFO Handling non-canceled request textDocument/hover (29)
 INFO Language server processed event `LspRequest(textDocument/hover)` in 0.00s (0.00s waiting)
 INFO Published 0 diagnostics for file:///home/dev/Documents/Dev/Tradingview/bot_v2.py
 INFO Language server processed event `DidCloseTextDocument` in 0.00s (0.00s waiting)
 INFO Ran task on sourcedb_queue heavy task queue. Queue time: 0.00, task time: 0.00
 INFO Ran task on recheck_queue heavy task queue. Queue time: 0.00, task time: 0.00
 INFO File /home/dev/Documents/Dev/Tradingview/bot_v2.py opened, prepare to validate open files.
 INFO Ran task on sourcedb_queue heavy task queue. Queue time: 0.00, task time: 0.00
 INFO Published 3 diagnostics for file:///home/dev/Documents/Dev/Tradingview/bot_v2.py
 INFO Validated open files and committed transaction.
 INFO Language server processed event `DidOpenTextDocument` in 0.03s (0.00s waiting)
 INFO Handling non-canceled request pyrefly/textDocument/typeErrorDisplayStatus (30)
 INFO Language server processed event `LspRequest(pyrefly/textDocument/typeErrorDisplayStatus)` in 0.00s (0.00s waiting)
 INFO Handling non-canceled request textDocument/codeAction (31)
 INFO Language server processed event `LspRequest(textDocument/codeAction)` in 0.00s (0.00s waiting)
 INFO Handling non-canceled request textDocument/documentSymbol (32)
 INFO Language server processed event `LspRequest(textDocument/documentSymbol)` in 0.00s (0.00s waiting)
 INFO Language server processed event `LspResponse` in 0.00s (0.00s waiting)
 INFO Language server processed event `LspResponse` in 0.00s (0.00s waiting)
 INFO Handling non-canceled request textDocument/inlayHint (33)
 INFO Language server processed event `LspRequest(textDocument/inlayHint)` in 0.00s (0.00s waiting)
 INFO [Pyrefly] DidChangeWatchedFiles: 1 file(s) changed (0 created, 1 modified, 0 removed, 0 unknown)
 INFO Language server processed event `DidChangeWatchedFiles` in 0.00s (0.00s waiting)
 INFO Request textDocument/semanticTokens/full (34) is canceled due to subsequent mutation
 INFO Language server processed event `LspRequest(textDocument/semanticTokens/full)` in 0.00s (0.00s waiting)
 INFO Invalidated state, prepare to recheck open files.
 INFO Language server processed event `DidOpenTextDocument` in 0.00s (0.00s waiting)
 INFO Ran task on recheck_queue heavy task queue. Queue time: 0.00, task time: 0.00
 INFO Ran task on sourcedb_queue heavy task queue. Queue time: 0.00, task time: 0.00
 INFO Published 3 diagnostics for file:///home/dev/Documents/Dev/Tradingview/bot_v2.py
 INFO Published 21 diagnostics for file:///__pyrefly_virtual__/inmemory/21-0.py
 INFO Validated open files and committed transaction.
 INFO Language server processed event `RecheckFinished` in 0.00s (0.00s waiting)
 INFO Language server processed event `DidOpenTextDocument` in 0.00s (0.01s waiting)
 INFO Ran task on sourcedb_queue heavy task queue. Queue time: 0.00, task time: 0.00
 INFO Language server processed event `DidOpenTextDocument` in 0.00s (0.00s waiting)
 INFO Ran task on sourcedb_queue heavy task queue. Queue time: 0.00, task time: 0.00
 INFO Language server processed event `DidOpenTextDocument` in 0.00s (0.00s waiting)
 INFO Ran task on sourcedb_queue heavy task queue. Queue time: 0.00, task time: 0.00
 INFO Language server processed event `DidOpenTextDocument` in 0.00s (0.00s waiting)
 INFO Request textDocument/codeAction (35) is canceled due to subsequent mutation
 INFO Language server processed event `LspRequest(textDocument/codeAction)` in 0.00s (0.00s waiting)
 INFO Request textDocument/semanticTokens/full (36) is canceled due to subsequent mutation
 INFO Ran task on sourcedb_queue heavy task queue. Queue time: 0.00, task time: 0.00
 INFO Language server processed event `LspRequest(textDocument/semanticTokens/full)` in 0.00s (0.01s waiting)
 INFO Request textDocument/semanticTokens/full (37) is canceled due to subsequent mutation
 INFO Language server processed event `LspRequest(textDocument/semanticTokens/full)` in 0.00s (0.01s waiting)
 INFO Request textDocument/semanticTokens/full (38) is canceled due to subsequent mutation
 INFO Language server processed event `LspRequest(textDocument/semanticTokens/full)` in 0.00s (0.01s waiting)
 INFO Request textDocument/semanticTokens/full (39) is canceled due to subsequent mutation
 INFO Language server processed event `LspRequest(textDocument/semanticTokens/full)` in 0.00s (0.01s waiting)
 INFO Request textDocument/semanticTokens/full (40) is canceled due to subsequent mutation
 INFO Language server processed event `LspRequest(textDocument/semanticTokens/full)` in 0.00s (0.01s waiting)
 INFO Request textDocument/foldingRange (41) is canceled due to subsequent mutation
 INFO Language server processed event `LspRequest(textDocument/foldingRange)` in 0.00s (0.01s waiting)
 INFO Request textDocument/inlayHint (42) is canceled due to subsequent mutation
 INFO Language server processed event `LspRequest(textDocument/inlayHint)` in 0.00s (0.01s waiting)
 INFO Request textDocument/codeLens (43) is canceled due to subsequent mutation
 INFO Language server processed event `LspRequest(textDocument/codeLens)` in 0.00s (0.01s waiting)
 INFO Request textDocument/documentSymbol (44) is canceled due to subsequent mutation
 INFO Language server processed event `LspRequest(textDocument/documentSymbol)` in 0.00s (0.01s waiting)
 INFO Language server processed event `LspResponse` in 0.00s (0.00s waiting)
 INFO Language server processed event `LspResponse` in 0.00s (0.00s waiting)
 INFO Language server processed event `LspResponse` in 0.00s (0.00s waiting)
 INFO Language server processed event `LspResponse` in 0.00s (0.00s waiting)
 INFO Language server processed event `LspResponse` in 0.00s (0.00s waiting)
 INFO Language server processed event `LspResponse` in 0.00s (0.00s waiting)
 INFO Language server processed event `LspResponse` in 0.00s (0.00s waiting)
 INFO Handling non-canceled request textDocument/foldingRange (45)
 INFO Language server processed event `LspRequest(textDocument/foldingRange)` in 0.00s (0.00s waiting)
 INFO Handling non-canceled request textDocument/semanticTokens/full (46)
 INFO Language server processed event `LspRequest(textDocument/semanticTokens/full)` in 0.00s (0.00s waiting)
 INFO Handling non-canceled request textDocument/inlayHint (47)
 INFO Language server processed event `LspRequest(textDocument/inlayHint)` in 0.00s (0.00s waiting)
 INFO Handling non-canceled request textDocument/codeAction (48)
 INFO Language server processed event `LspRequest(textDocument/codeAction)` in 0.00s (0.00s waiting)
 INFO Handling non-canceled request textDocument/semanticTokens/full (49)
 INFO Language server processed event `LspRequest(textDocument/semanticTokens/full)` in 0.00s (0.00s waiting)
 INFO Handling non-canceled request textDocument/semanticTokens/full (50)
 INFO Language server processed event `LspRequest(textDocument/semanticTokens/full)` in 0.00s (0.00s waiting)
 INFO Handling non-canceled request textDocument/semanticTokens/full (51)
 INFO Language server processed event `LspRequest(textDocument/semanticTokens/full)` in 0.00s (0.00s waiting)
 INFO Handling non-canceled request textDocument/semanticTokens/full (52)
 INFO Language server processed event `LspRequest(textDocument/semanticTokens/full)` in 0.00s (0.00s waiting)
 INFO Handling non-canceled request textDocument/semanticTokens/full (53)
 INFO Language server processed event `LspRequest(textDocument/semanticTokens/full)` in 0.00s (0.00s waiting)
 INFO Published 0 diagnostics for inmemory://model/21
 INFO Language server processed event `DidCloseTextDocument` in 0.00s (0.00s waiting)
 INFO Ran task on sourcedb_queue heavy task queue. Queue time: 0.00, task time: 0.00
 INFO Ran task on recheck_queue heavy task queue. Queue time: 0.00, task time: 0.00
 INFO Published 0 diagnostics for inmemory://model/22
 INFO Language server processed event `DidCloseTextDocument` in 0.00s (0.00s waiting)
 INFO Ran task on sourcedb_queue heavy task queue. Queue time: 0.00, task time: 0.00
 INFO Published 0 diagnostics for inmemory://model/23
 INFO Language server processed event `DidCloseTextDocument` in 0.00s (0.00s waiting)
 INFO Ran task on sourcedb_queue heavy task queue. Queue time: 0.00, task time: 0.00
 INFO Ran task on recheck_queue heavy task queue. Queue time: 0.00, task time: 0.00
 INFO Published 0 diagnostics for inmemory://model/24
 INFO Language server processed event `DidCloseTextDocument` in 0.00s (0.00s waiting)
 INFO Ran task on sourcedb_queue heavy task queue. Queue time: 0.00, task time: 0.00
 INFO Published 0 diagnostics for inmemory://model/25
 INFO Language server processed event `DidCloseTextDocument` in 0.00s (0.00s waiting)
 INFO Ran task on sourcedb_queue heavy task queue. Queue time: 0.00, task time: 0.00
 INFO Ran task on recheck_queue heavy task queue. Queue time: 0.00, task time: 0.00
 INFO File /__pyrefly_virtual__/inmemory/27-5.py opened, prepare to validate open files.
 INFO Ran task on sourcedb_queue heavy task queue. Queue time: 0.00, task time: 0.00
 INFO Ran task on recheck_queue heavy task queue. Queue time: 0.00, task time: 0.00
 INFO Published 0 diagnostics for file:///__pyrefly_virtual__/inmemory/27-5.py
 INFO Published 3 diagnostics for file:///home/dev/Documents/Dev/Tradingview/bot_v2.py
 INFO Validated open files and saved non-committable transaction.
 INFO Language server processed event `DidOpenTextDocument` in 0.00s (0.00s waiting)
 INFO Ran task on recheck_queue heavy task queue. Queue time: 0.00, task time: 0.00
 INFO File /__pyrefly_virtual__/inmemory/28-6.py opened, prepare to validate open files.
 INFO Ran task on sourcedb_queue heavy task queue. Queue time: 0.00, task time: 0.00
 INFO Published 0 diagnostics for file:///__pyrefly_virtual__/inmemory/27-5.py
 INFO Published 3 diagnostics for file:///home/dev/Documents/Dev/Tradingview/bot_v2.py
 INFO Published 0 diagnostics for file:///__pyrefly_virtual__/inmemory/28-6.py
 INFO Validated open files and committed transaction.
 INFO Language server processed event `DidOpenTextDocument` in 0.01s (0.00s waiting)
 INFO Language server processed event `LspResponse` in 0.00s (0.01s waiting)
 INFO Language server processed event `LspResponse` in 0.00s (0.01s waiting)
 INFO File /__pyrefly_virtual__/inmemory/29-7.py opened, prepare to validate open files.
 INFO Ran task on sourcedb_queue heavy task queue. Queue time: 0.00, task time: 0.00
 INFO Published 0 diagnostics for file:///__pyrefly_virtual__/inmemory/27-5.py
 INFO Published 3 diagnostics for file:///home/dev/Documents/Dev/Tradingview/bot_v2.py
 INFO Published 0 diagnostics for file:///__pyrefly_virtual__/inmemory/28-6.py
 INFO Published 3 diagnostics for file:///__pyrefly_virtual__/inmemory/29-7.py
 INFO Validated open files and committed transaction.
 INFO Language server processed event `DidOpenTextDocument` in 0.00s (0.00s waiting)
 INFO Language server processed event `DidOpenTextDocument` in 0.00s (0.00s waiting)
 INFO Language server processed event `LspResponse` in 0.00s (0.00s waiting)
 INFO Ran task on sourcedb_queue heavy task queue. Queue time: 0.00, task time: 0.00
 INFO Language server processed event `LspResponse` in 0.00s (0.00s waiting)
 INFO Language server processed event `LspResponse` in 0.00s (0.00s waiting)
 INFO Language server processed event `LspResponse` in 0.00s (0.00s waiting)
 INFO Language server processed event `LspResponse` in 0.00s (0.00s waiting)
 INFO Handling non-canceled request textDocument/semanticTokens/full (54)
 INFO Language server processed event `LspRequest(textDocument/semanticTokens/full)` in 0.00s (0.00s waiting)
 INFO Handling non-canceled request textDocument/semanticTokens/full (55)
 INFO Language server processed event `LspRequest(textDocument/semanticTokens/full)` in 0.00s (0.00s waiting)
 INFO Handling non-canceled request textDocument/semanticTokens/full (56)
 INFO Language server processed event `LspRequest(textDocument/semanticTokens/full)` in 0.00s (0.00s waiting)
 INFO Handling non-canceled request textDocument/semanticTokens/full (57)
 INFO Language server processed event `LspRequest(textDocument/semanticTokens/full)` in 0.00s (0.00s waiting)
 INFO Handling non-canceled request textDocument/inlayHint (58)
 INFO Language server processed event `LspRequest(textDocument/inlayHint)` in 0.00s (0.00s waiting)
 INFO Handling non-canceled request textDocument/semanticTokens/full (59)
 INFO Language server processed event `LspRequest(textDocument/semanticTokens/full)` in 0.00s (0.00s waiting)
 INFO Handling non-canceled request textDocument/codeAction (60)
 INFO Language server processed event `LspRequest(textDocument/codeAction)` in 0.00s (0.00s waiting)
 INFO Handling non-canceled request textDocument/semanticTokens/full (61)
 INFO Language server processed event `LspRequest(textDocument/semanticTokens/full)` in 0.00s (0.00s waiting)
 INFO Handling non-canceled request textDocument/semanticTokens/full (62)
 INFO Language server processed event `LspRequest(textDocument/semanticTokens/full)` in 0.00s (0.00s waiting)
 INFO Handling non-canceled request textDocument/semanticTokens/full (63)
 INFO Language server processed event `LspRequest(textDocument/semanticTokens/full)` in 0.00s (0.00s waiting)
 INFO Handling non-canceled request textDocument/semanticTokens/full (64)
 INFO Language server processed event `LspRequest(textDocument/semanticTokens/full)` in 0.00s (0.00s waiting)
 INFO Published 0 diagnostics for inmemory://model/27
 INFO Language server processed event `DidCloseTextDocument` in 0.00s (0.00s waiting)
 INFO Ran task on sourcedb_queue heavy task queue. Queue time: 0.00, task time: 0.00
 INFO Ran task on recheck_queue heavy task queue. Queue time: 0.00, task time: 0.00
 INFO Published 0 diagnostics for inmemory://model/28
 INFO Language server processed event `DidCloseTextDocument` in 0.00s (0.00s waiting)
 INFO Ran task on sourcedb_queue heavy task queue. Queue time: 0.00, task time: 0.00
 INFO Ran task on recheck_queue heavy task queue. Queue time: 0.00, task time: 0.00
 INFO Published 0 diagnostics for inmemory://model/29
 INFO Language server processed event `DidCloseTextDocument` in 0.00s (0.00s waiting)
 INFO Ran task on sourcedb_queue heavy task queue. Queue time: 0.00, task time: 0.00
 INFO Published 0 diagnostics for inmemory://model/30
 INFO Language server processed event `DidCloseTextDocument` in 0.00s (0.00s waiting)
 INFO Ran task on sourcedb_queue heavy task queue. Queue time: 0.00, task time: 0.00
 INFO Ran task on recheck_queue heavy task queue. Queue time: 0.00, task time: 0.00
 INFO File /__pyrefly_virtual__/inmemory/31-9.py opened, prepare to validate open files.
 INFO Ran task on sourcedb_queue heavy task queue. Queue time: 0.00, task time: 0.00
 INFO Published 0 diagnostics for file:///__pyrefly_virtual__/inmemory/31-9.py
 INFO Published 3 diagnostics for file:///home/dev/Documents/Dev/Tradingview/bot_v2.py
 INFO Validated open files and saved non-committable transaction.
 INFO Language server processed event `DidOpenTextDocument` in 0.00s (0.00s waiting)
 INFO File /__pyrefly_virtual__/inmemory/32-10.py opened, prepare to validate open files.
 INFO Ran task on sourcedb_queue heavy task queue. Queue time: 0.00, task time: 0.00
 INFO Ran task on recheck_queue heavy task queue. Queue time: 0.00, task time: 0.00
 INFO Published 0 diagnostics for file:///__pyrefly_virtual__/inmemory/31-9.py
 INFO Published 3 diagnostics for file:///home/dev/Documents/Dev/Tradingview/bot_v2.py
 INFO Published 0 diagnostics for file:///__pyrefly_virtual__/inmemory/32-10.py
 INFO Validated open files and saved non-committable transaction.
 INFO Language server processed event `DidOpenTextDocument` in 0.00s (0.00s waiting)
 INFO Language server processed event `LspResponse` in 0.00s (0.00s waiting)
 INFO Language server processed event `DidOpenTextDocument` in 0.00s (0.00s waiting)
 INFO Language server processed event `LspResponse` in 0.00s (0.00s waiting)
 INFO Ran task on sourcedb_queue heavy task queue. Queue time: 0.00, task time: 0.00
 INFO Language server processed event `LspResponse` in 0.00s (0.00s waiting)
 INFO Language server processed event `LspResponse` in 0.00s (0.00s waiting)
 INFO Language server processed event `LspResponse` in 0.00s (0.00s waiting)
 INFO File /__pyrefly_virtual__/inmemory/34-12.py opened, prepare to validate open files.
 INFO Ran task on sourcedb_queue heavy task queue. Queue time: 0.00, task time: 0.00
 INFO Published 0 diagnostics for file:///__pyrefly_virtual__/inmemory/31-9.py
 INFO Published 3 diagnostics for file:///home/dev/Documents/Dev/Tradingview/bot_v2.py
 INFO Published 4 diagnostics for file:///__pyrefly_virtual__/inmemory/34-12.py
 INFO Published 0 diagnostics for file:///__pyrefly_virtual__/inmemory/32-10.py
 INFO Published 3 diagnostics for file:///__pyrefly_virtual__/inmemory/33-11.py
 INFO Validated open files and committed transaction.
 INFO Language server processed event `DidOpenTextDocument` in 0.00s (0.00s waiting)
 INFO Language server processed event `LspResponse` in 0.00s (0.00s waiting)
 INFO Language server processed event `LspResponse` in 0.00s (0.00s waiting)
 INFO Handling non-canceled request textDocument/semanticTokens/full (65)
 INFO Language server processed event `LspRequest(textDocument/semanticTokens/full)` in 0.00s (0.00s waiting)
 INFO Handling non-canceled request textDocument/semanticTokens/full (66)
 INFO Language server processed event `LspRequest(textDocument/semanticTokens/full)` in 0.00s (0.00s waiting)
 INFO Handling non-canceled request textDocument/semanticTokens/full (67)
 INFO Language server processed event `LspRequest(textDocument/semanticTokens/full)` in 0.00s (0.00s waiting)
 INFO Handling non-canceled request textDocument/semanticTokens/full (68)
 INFO Language server processed event `LspRequest(textDocument/semanticTokens/full)` in 0.00s (0.00s waiting)
 INFO Handling non-canceled request textDocument/inlayHint (69)
 INFO Language server processed event `LspRequest(textDocument/inlayHint)` in 0.00s (0.00s waiting)
 INFO Handling non-canceled request textDocument/semanticTokens/full (70)
 INFO Language server processed event `LspRequest(textDocument/semanticTokens/full)` in 0.00s (0.00s waiting)
 INFO Handling non-canceled request textDocument/codeAction (71)
 INFO Language server processed event `LspRequest(textDocument/codeAction)` in 0.00s (0.00s waiting)
 INFO Handling non-canceled request textDocument/semanticTokens/full (72)
 INFO Language server processed event `LspRequest(textDocument/semanticTokens/full)` in 0.00s (0.00s waiting)
 INFO Handling non-canceled request textDocument/semanticTokens/full (73)
 INFO Language server processed event `LspRequest(textDocument/semanticTokens/full)` in 0.00s (0.00s waiting)
 INFO Handling non-canceled request textDocument/semanticTokens/full (74)
 INFO Language server processed event `LspRequest(textDocument/semanticTokens/full)` in 0.00s (0.00s waiting)
 INFO Handling non-canceled request textDocument/semanticTokens/full (75)
 INFO Language server processed event `LspRequest(textDocument/semanticTokens/full)` in 0.00s (0.00s waiting)
 INFO Published 0 diagnostics for inmemory://model/31
 INFO Language server processed event `DidCloseTextDocument` in 0.00s (0.00s waiting)
 INFO Ran task on sourcedb_queue heavy task queue. Queue time: 0.00, task time: 0.00
 INFO Ran task on recheck_queue heavy task queue. Queue time: 0.00, task time: 0.00
 INFO Published 0 diagnostics for inmemory://model/32
 INFO Language server processed event `DidCloseTextDocument` in 0.00s (0.00s waiting)
 INFO Ran task on sourcedb_queue heavy task queue. Queue time: 0.00, task time: 0.00
 INFO Ran task on recheck_queue heavy task queue. Queue time: 0.00, task time: 0.00
 INFO Published 0 diagnostics for inmemory://model/33
 INFO Language server processed event `DidCloseTextDocument` in 0.00s (0.00s waiting)
 INFO Ran task on sourcedb_queue heavy task queue. Queue time: 0.00, task time: 0.00
 INFO Published 0 diagnostics for inmemory://model/34
 INFO Language server processed event `DidCloseTextDocument` in 0.00s (0.00s waiting)
 INFO Ran task on sourcedb_queue heavy task queue. Queue time: 0.00, task time: 0.00
 INFO Ran task on recheck_queue heavy task queue. Queue time: 0.00, task time: 0.00
 INFO Ran task on recheck_queue heavy task queue. Queue time: 0.00, task time: 0.00
 INFO Handling non-canceled request textDocument/inlayHint (76)
 INFO Language server processed event `LspRequest(textDocument/inlayHint)` in 0.00s (0.00s waiting)
 INFO [Pyrefly] DidChangeWatchedFiles: 2 file(s) changed (1 created, 0 modified, 1 removed, 0 unknown)
 INFO [Pyrefly] Re-registering file watchers
 INFO Language server processed event `DidChangeWatchedFiles` in 0.00s (0.00s waiting)
 INFO Language server processed event `LspResponse` in 0.00s (0.01s waiting)
 INFO Language server processed event `LspResponse` in 0.00s (0.01s waiting)
 INFO Invalidated state, prepare to recheck open files.
 INFO Ran task on recheck_queue heavy task queue. Queue time: 0.00, task time: 0.08
 INFO Published 3 diagnostics for file:///home/dev/Documents/Dev/Tradingview/bot_v2.py
 INFO Validated open files and committed transaction.
 INFO Language server processed event `RecheckFinished` in 0.00s (0.00s waiting)
 INFO Language server processed event `LspResponse` in 0.00s (0.00s waiting)
 INFO Handling non-canceled request textDocument/semanticTokens/full (77)
 INFO Language server processed event `LspRequest(textDocument/semanticTokens/full)` in 0.00s (0.00s waiting)
 INFO Handling non-canceled request textDocument/codeAction (78)
 INFO Language server processed event `LspRequest(textDocument/codeAction)` in 0.00s (0.00s waiting)
 INFO File /home/dev/Documents/Dev/Tradingview/api_server.py opened, prepare to validate open files.
 INFO Ran task on sourcedb_queue heavy task queue. Queue time: 0.00, task time: 0.00
 INFO Published 3 diagnostics for file:///home/dev/Documents/Dev/Tradingview/bot_v2.py
 INFO Published 11 diagnostics for file:///home/dev/Documents/Dev/Tradingview/api_server.py
 INFO Validated open files and committed transaction.
 INFO Language server processed event `DidOpenTextDocument` in 0.02s (0.00s waiting)
 INFO Language server processed event `LspResponse` in 0.00s (0.00s waiting)
 INFO Language server processed event `LspResponse` in 0.00s (0.00s waiting)
 INFO Handling non-canceled request pyrefly/textDocument/typeErrorDisplayStatus (79)
 INFO Language server processed event `LspRequest(pyrefly/textDocument/typeErrorDisplayStatus)` in 0.00s (0.00s waiting)
 INFO Handling non-canceled request textDocument/codeAction (80)
 INFO Language server processed event `LspRequest(textDocument/codeAction)` in 0.00s (0.00s waiting)
 INFO Handling non-canceled request textDocument/documentSymbol (81)
 INFO Language server processed event `LspRequest(textDocument/documentSymbol)` in 0.00s (0.00s waiting)
 INFO Handling non-canceled request textDocument/inlayHint (82)
 INFO Language server processed event `LspRequest(textDocument/inlayHint)` in 0.00s (0.00s waiting)
 INFO Handling non-canceled request textDocument/semanticTokens/full (83)
 INFO Language server processed event `LspRequest(textDocument/semanticTokens/full)` in 0.00s (0.00s waiting)
 INFO Handling non-canceled request textDocument/foldingRange (84)
 INFO Language server processed event `LspRequest(textDocument/foldingRange)` in 0.00s (0.00s waiting)
 INFO Handling non-canceled request textDocument/codeAction (85)
 INFO Language server processed event `LspRequest(textDocument/codeAction)` in 0.01s (0.00s waiting)
 INFO Handling non-canceled request textDocument/codeLens (86)
 INFO Language server processed event `LspRequest(textDocument/codeLens)` in 0.00s (0.00s waiting)
 INFO Handling non-canceled request textDocument/documentSymbol (87)
 INFO Language server processed event `LspRequest(textDocument/documentSymbol)` in 0.00s (0.00s waiting)
 INFO File /__pyrefly_virtual__/inmemory/36-13.py opened, prepare to validate open files.
 INFO Ran task on sourcedb_queue heavy task queue. Queue time: 0.00, task time: 0.00
 INFO Published 3 diagnostics for file:///home/dev/Documents/Dev/Tradingview/bot_v2.py
 INFO Published 0 diagnostics for file:///__pyrefly_virtual__/inmemory/36-13.py
 INFO Published 11 diagnostics for file:///home/dev/Documents/Dev/Tradingview/api_server.py
 INFO Validated open files and committed transaction.
 INFO Language server processed event `DidOpenTextDocument` in 0.00s (0.00s waiting)
 INFO File /__pyrefly_virtual__/inmemory/37-14.py opened, prepare to validate open files.
 INFO Ran task on sourcedb_queue heavy task queue. Queue time: 0.00, task time: 0.00
 INFO Published 3 diagnostics for file:///home/dev/Documents/Dev/Tradingview/bot_v2.py
 INFO Published 0 diagnostics for file:///__pyrefly_virtual__/inmemory/36-13.py
 INFO Published 11 diagnostics for file:///home/dev/Documents/Dev/Tradingview/api_server.py
 INFO Published 0 diagnostics for file:///__pyrefly_virtual__/inmemory/37-14.py
 INFO Validated open files and committed transaction.
 INFO Language server processed event `DidOpenTextDocument` in 0.00s (0.00s waiting)
 INFO Language server processed event `LspResponse` in 0.00s (0.00s waiting)
 INFO Language server processed event `LspResponse` in 0.00s (0.00s waiting)
 INFO File /__pyrefly_virtual__/inmemory/38-15.py opened, prepare to validate open files.
 INFO Ran task on sourcedb_queue heavy task queue. Queue time: 0.00, task time: 0.00
 INFO Published 3 diagnostics for file:///home/dev/Documents/Dev/Tradingview/bot_v2.py
 INFO Published 0 diagnostics for file:///__pyrefly_virtual__/inmemory/36-13.py
 INFO Published 11 diagnostics for file:///home/dev/Documents/Dev/Tradingview/api_server.py
 INFO Published 1 diagnostics for file:///__pyrefly_virtual__/inmemory/38-15.py
 INFO Published 0 diagnostics for file:///__pyrefly_virtual__/inmemory/37-14.py
 INFO Validated open files and committed transaction.
 INFO Language server processed event `DidOpenTextDocument` in 0.00s (0.00s waiting)
 INFO Language server processed event `LspResponse` in 0.00s (0.00s waiting)
 INFO Language server processed event `LspResponse` in 0.00s (0.00s waiting)
 INFO File /__pyrefly_virtual__/inmemory/39-16.py opened, prepare to validate open files.
 INFO Ran task on sourcedb_queue heavy task queue. Queue time: 0.00, task time: 0.00
 INFO Published 3 diagnostics for file:///home/dev/Documents/Dev/Tradingview/bot_v2.py
 INFO Published 0 diagnostics for file:///__pyrefly_virtual__/inmemory/36-13.py
 INFO Published 11 diagnostics for file:///home/dev/Documents/Dev/Tradingview/api_server.py
 INFO Published 1 diagnostics for file:///__pyrefly_virtual__/inmemory/38-15.py
 INFO Published 2 diagnostics for file:///__pyrefly_virtual__/inmemory/39-16.py
 INFO Published 0 diagnostics for file:///__pyrefly_virtual__/inmemory/37-14.py
 INFO Validated open files and committed transaction.
 INFO Language server processed event `DidOpenTextDocument` in 0.00s (0.00s waiting)
 INFO Language server processed event `LspResponse` in 0.00s (0.00s waiting)
 INFO Language server processed event `LspResponse` in 0.00s (0.00s waiting)
 INFO File /__pyrefly_virtual__/inmemory/40-17.py opened, prepare to validate open files.
 INFO Ran task on sourcedb_queue heavy task queue. Queue time: 0.00, task time: 0.00
 INFO Published 3 diagnostics for file:///home/dev/Documents/Dev/Tradingview/bot_v2.py
 INFO Published 0 diagnostics for file:///__pyrefly_virtual__/inmemory/36-13.py
 INFO Published 11 diagnostics for file:///home/dev/Documents/Dev/Tradingview/api_server.py
 INFO Published 0 diagnostics for file:///__pyrefly_virtual__/inmemory/40-17.py
 INFO Published 1 diagnostics for file:///__pyrefly_virtual__/inmemory/38-15.py
 INFO Published 2 diagnostics for file:///__pyrefly_virtual__/inmemory/39-16.py
 INFO Published 0 diagnostics for file:///__pyrefly_virtual__/inmemory/37-14.py
 INFO Validated open files and committed transaction.
 INFO Language server processed event `DidOpenTextDocument` in 0.00s (0.00s waiting)
 INFO Language server processed event `LspResponse` in 0.00s (0.00s waiting)
 INFO Language server processed event `LspResponse` in 0.00s (0.00s waiting)
 INFO Language server processed event `LspResponse` in 0.00s (0.00s waiting)
 INFO Language server processed event `LspResponse` in 0.00s (0.00s waiting)
 INFO [Pyrefly] DidChangeWatchedFiles: 1 file(s) changed (0 created, 1 modified, 0 removed, 0 unknown)
 INFO Language server processed event `DidChangeWatchedFiles` in 0.00s (0.00s waiting)
 INFO Language server processed event `LspResponse` in 0.00s (0.00s waiting)
 INFO Invalidated state, prepare to recheck open files.
 INFO Ran task on recheck_queue heavy task queue. Queue time: 0.00, task time: 0.01
 INFO Published 3 diagnostics for file:///home/dev/Documents/Dev/Tradingview/bot_v2.py
 INFO Published 0 diagnostics for file:///__pyrefly_virtual__/inmemory/36-13.py
 INFO Published 11 diagnostics for file:///home/dev/Documents/Dev/Tradingview/api_server.py
 INFO Published 0 diagnostics for file:///__pyrefly_virtual__/inmemory/40-17.py
 INFO Published 1 diagnostics for file:///__pyrefly_virtual__/inmemory/38-15.py
 INFO Published 2 diagnostics for file:///__pyrefly_virtual__/inmemory/39-16.py
 INFO Published 0 diagnostics for file:///__pyrefly_virtual__/inmemory/37-14.py
 INFO Validated open files and committed transaction.
 INFO Language server processed event `RecheckFinished` in 0.00s (0.00s waiting)
 INFO Language server processed event `LspResponse` in 0.00s (0.00s waiting)
 INFO Handling non-canceled request textDocument/semanticTokens/full (88)
 INFO Language server processed event `LspRequest(textDocument/semanticTokens/full)` in 0.00s (0.00s waiting)
 INFO Handling non-canceled request textDocument/semanticTokens/full (89)
 INFO Language server processed event `LspRequest(textDocument/semanticTokens/full)` in 0.00s (0.00s waiting)
 INFO Handling non-canceled request textDocument/semanticTokens/full (90)
 INFO Language server processed event `LspRequest(textDocument/semanticTokens/full)` in 0.00s (0.00s waiting)
 INFO Handling non-canceled request textDocument/semanticTokens/full (91)
 INFO Language server processed event `LspRequest(textDocument/semanticTokens/full)` in 0.00s (0.00s waiting)
 INFO Handling non-canceled request textDocument/semanticTokens/full (92)
 INFO Language server processed event `LspRequest(textDocument/semanticTokens/full)` in 0.00s (0.00s waiting)
 INFO Handling non-canceled request textDocument/codeAction (93)
 INFO Language server processed event `LspRequest(textDocument/codeAction)` in 0.00s (0.00s waiting)
 INFO Handling non-canceled request textDocument/inlayHint (94)
 INFO Language server processed event `LspRequest(textDocument/inlayHint)` in 0.00s (0.00s waiting)
 INFO Handling non-canceled request textDocument/semanticTokens/full (95)
 INFO Language server processed event `LspRequest(textDocument/semanticTokens/full)` in 0.00s (0.00s waiting)
 INFO Handling non-canceled request textDocument/codeAction (96)
 INFO Language server processed event `LspRequest(textDocument/codeAction)` in 0.00s (0.00s waiting)
 INFO Handling non-canceled request textDocument/codeAction (97)
 INFO Language server processed event `LspRequest(textDocument/codeAction)` in 0.00s (0.00s waiting)
 INFO Handling non-canceled request textDocument/codeAction (98)
 INFO Language server processed event `LspRequest(textDocument/codeAction)` in 0.00s (0.00s waiting)
 INFO Handling non-canceled request textDocument/codeAction (99)
 INFO Language server processed event `LspRequest(textDocument/codeAction)` in 0.00s (0.00s waiting)
 INFO Handling non-canceled request textDocument/codeAction (100)
 INFO Language server processed event `LspRequest(textDocument/codeAction)` in 0.00s (0.00s waiting)
 INFO Handling non-canceled request textDocument/codeAction (101)
 INFO Language server processed event `LspRequest(textDocument/codeAction)` in 0.00s (0.00s waiting)
 INFO Handling non-canceled request textDocument/codeAction (102)
 INFO Language server processed event `LspRequest(textDocument/codeAction)` in 0.00s (0.00s waiting)
 INFO Handling non-canceled request textDocument/codeAction (103)
 INFO Language server processed event `LspRequest(textDocument/codeAction)` in 0.00s (0.00s waiting)
 INFO Handling non-canceled request textDocument/inlayHint (104)
 INFO Language server processed event `LspRequest(textDocument/inlayHint)` in 0.00s (0.00s waiting)
 INFO Handling non-canceled request textDocument/codeAction (105)
 INFO Language server processed event `LspRequest(textDocument/codeAction)` in 0.00s (0.00s waiting)
 INFO Handling non-canceled request textDocument/codeAction (106)
 INFO Language server processed event `LspRequest(textDocument/codeAction)` in 0.00s (0.00s waiting)
 INFO Handling non-canceled request textDocument/semanticTokens/full (107)
 INFO Language server processed event `LspRequest(textDocument/semanticTokens/full)` in 0.00s (0.00s waiting)
 INFO Handling non-canceled request textDocument/semanticTokens/full (108)
 INFO Language server processed event `LspRequest(textDocument/semanticTokens/full)` in 0.00s (0.00s waiting)
 INFO Handling non-canceled request textDocument/semanticTokens/full (109)
 INFO Language server processed event `LspRequest(textDocument/semanticTokens/full)` in 0.00s (0.00s waiting)
 INFO Handling non-canceled request textDocument/semanticTokens/full (110)
 INFO Language server processed event `LspRequest(textDocument/semanticTokens/full)` in 0.00s (0.00s waiting)
 INFO Handling non-canceled request textDocument/semanticTokens/full (111)
 INFO Language server processed event `LspRequest(textDocument/semanticTokens/full)` in 0.00s (0.00s waiting)
 INFO File /home/dev/Documents/Dev/Tradingview/backtester.py opened, prepare to validate open files.
 INFO Ran task on sourcedb_queue heavy task queue. Queue time: 0.00, task time: 0.00
 INFO Published 3 diagnostics for file:///home/dev/Documents/Dev/Tradingview/bot_v2.py
 INFO Published 0 diagnostics for file:///__pyrefly_virtual__/inmemory/36-13.py
 INFO Published 2 diagnostics for file:///__pyrefly_virtual__/inmemory/39-16.py
 INFO Published 0 diagnostics for file:///__pyrefly_virtual__/inmemory/37-14.py
 INFO Published 11 diagnostics for file:///home/dev/Documents/Dev/Tradingview/api_server.py
 INFO Published 0 diagnostics for file:///__pyrefly_virtual__/inmemory/40-17.py
 INFO Published 1 diagnostics for file:///__pyrefly_virtual__/inmemory/38-15.py
 INFO Published 3 diagnostics for file:///home/dev/Documents/Dev/Tradingview/backtester.py
 INFO Validated open files and committed transaction.
 INFO Language server processed event `DidOpenTextDocument` in 0.02s (0.00s waiting)
 INFO Language server processed event `LspResponse` in 0.00s (0.00s waiting)
 INFO Language server processed event `LspResponse` in 0.00s (0.00s waiting)
 INFO Handling non-canceled request textDocument/semanticTokens/full (112)
 INFO Language server processed event `LspRequest(textDocument/semanticTokens/full)` in 0.00s (0.00s waiting)
 INFO Handling non-canceled request textDocument/semanticTokens/full (113)
 INFO Language server processed event `LspRequest(textDocument/semanticTokens/full)` in 0.00s (0.00s waiting)
 INFO Handling non-canceled request textDocument/semanticTokens/full (114)
 INFO Language server processed event `LspRequest(textDocument/semanticTokens/full)` in 0.00s (0.00s waiting)
 INFO Handling non-canceled request textDocument/semanticTokens/full (115)
 INFO Language server processed event `LspRequest(textDocument/semanticTokens/full)` in 0.00s (0.00s waiting)
 INFO Handling non-canceled request textDocument/semanticTokens/full (116)
 INFO Language server processed event `LspRequest(textDocument/semanticTokens/full)` in 0.00s (0.00s waiting)
 INFO Handling non-canceled request textDocument/semanticTokens/full (117)
 INFO Language server processed event `LspRequest(textDocument/semanticTokens/full)` in 0.00s (0.00s waiting)
 INFO [Pyrefly] DidChangeWatchedFiles: 1 file(s) changed (0 created, 1 modified, 0 removed, 0 unknown)
 INFO Language server processed event `DidChangeWatchedFiles` in 0.00s (0.00s waiting)
 INFO Language server processed event `LspResponse` in 0.00s (0.00s waiting)
 INFO Invalidated state, prepare to recheck open files.
 INFO Ran task on recheck_queue heavy task queue. Queue time: 0.00, task time: 0.01
 INFO Published 3 diagnostics for file:///home/dev/Documents/Dev/Tradingview/bot_v2.py
 INFO Published 0 diagnostics for file:///__pyrefly_virtual__/inmemory/36-13.py
 INFO Published 2 diagnostics for file:///__pyrefly_virtual__/inmemory/39-16.py
 INFO Published 0 diagnostics for file:///__pyrefly_virtual__/inmemory/37-14.py
 INFO Published 11 diagnostics for file:///home/dev/Documents/Dev/Tradingview/api_server.py
 INFO Published 0 diagnostics for file:///__pyrefly_virtual__/inmemory/40-17.py
 INFO Published 1 diagnostics for file:///__pyrefly_virtual__/inmemory/38-15.py
 INFO Published 3 diagnostics for file:///home/dev/Documents/Dev/Tradingview/backtester.py
 INFO Validated open files and committed transaction.
 INFO Language server processed event `RecheckFinished` in 0.00s (0.00s waiting)
 INFO Language server processed event `LspResponse` in 0.00s (0.00s waiting)
 INFO Handling non-canceled request textDocument/semanticTokens/full (118)
 INFO Language server processed event `LspRequest(textDocument/semanticTokens/full)` in 0.00s (0.00s waiting)
 INFO Handling non-canceled request textDocument/semanticTokens/full (119)
 INFO Language server processed event `LspRequest(textDocument/semanticTokens/full)` in 0.00s (0.00s waiting)
 INFO Handling non-canceled request textDocument/semanticTokens/full (120)
 INFO Language server processed event `LspRequest(textDocument/semanticTokens/full)` in 0.00s (0.00s waiting)
 INFO Handling non-canceled request textDocument/semanticTokens/full (121)
 INFO Language server processed event `LspRequest(textDocument/semanticTokens/full)` in 0.00s (0.00s waiting)
 INFO Handling non-canceled request textDocument/semanticTokens/full (122)
 INFO Language server processed event `LspRequest(textDocument/semanticTokens/full)` in 0.00s (0.00s waiting)
 INFO Handling non-canceled request textDocument/semanticTokens/full (123)
 INFO Language server processed event `LspRequest(textDocument/semanticTokens/full)` in 0.00s (0.00s waiting)
 INFO Handling non-canceled request textDocument/codeAction (124)
 INFO Language server processed event `LspRequest(textDocument/codeAction)` in 0.00s (0.00s waiting)
 INFO Handling non-canceled request textDocument/codeAction (125)
 INFO Language server processed event `LspRequest(textDocument/codeAction)` in 0.00s (0.00s waiting)
 INFO Handling non-canceled request textDocument/codeAction (126)
 INFO Language server processed event `LspRequest(textDocument/codeAction)` in 0.00s (0.00s waiting)
 INFO Handling non-canceled request textDocument/codeAction (127)
 INFO Language server processed event `LspRequest(textDocument/codeAction)` in 0.00s (0.00s waiting)
 INFO Handling non-canceled request textDocument/codeAction (128)
 INFO Language server processed event `LspRequest(textDocument/codeAction)` in 0.00s (0.00s waiting)
 INFO Handling non-canceled request textDocument/codeAction (129)
 INFO Language server processed event `LspRequest(textDocument/codeAction)` in 0.00s (0.00s waiting)
 INFO Handling non-canceled request textDocument/codeAction (130)
 INFO Language server processed event `LspRequest(textDocument/codeAction)` in 0.00s (0.00s waiting)
 INFO Handling non-canceled request textDocument/codeAction (131)
 INFO Language server processed event `LspRequest(textDocument/codeAction)` in 0.00s (0.00s waiting)
 INFO Handling non-canceled request textDocument/codeAction (132)
 INFO Language server processed event `LspRequest(textDocument/codeAction)` in 0.00s (0.00s waiting)
 INFO Handling non-canceled request textDocument/codeAction (133)
 INFO Language server processed event `LspRequest(textDocument/codeAction)` in 0.00s (0.00s waiting)
 INFO Handling non-canceled request textDocument/codeAction (134)
 INFO Language server processed event `LspRequest(textDocument/codeAction)` in 0.00s (0.00s waiting)
 INFO Handling non-canceled request textDocument/codeAction (135)
 INFO Language server processed event `LspRequest(textDocument/codeAction)` in 0.00s (0.00s waiting)
 INFO Published 0 diagnostics for inmemory://model/36
 INFO Language server processed event `DidCloseTextDocument` in 0.00s (0.00s waiting)
 INFO Ran task on sourcedb_queue heavy task queue. Queue time: 0.00, task time: 0.00
 INFO Ran task on recheck_queue heavy task queue. Queue time: 0.00, task time: 0.00
 INFO Published 0 diagnostics for inmemory://model/37
 INFO Language server processed event `DidCloseTextDocument` in 0.00s (0.00s waiting)
 INFO Published 0 diagnostics for inmemory://model/38
 INFO Language server processed event `DidCloseTextDocument` in 0.00s (0.00s waiting)
 INFO Ran task on sourcedb_queue heavy task queue. Queue time: 0.00, task time: 0.00
 INFO Ran task on sourcedb_queue heavy task queue. Queue time: 0.00, task time: 0.00
 INFO Ran task on recheck_queue heavy task queue. Queue time: 0.00, task time: 0.00
 INFO Published 0 diagnostics for inmemory://model/39
 INFO Language server processed event `DidCloseTextDocument` in 0.00s (0.00s waiting)
 INFO Published 0 diagnostics for inmemory://model/40
 INFO Language server processed event `DidCloseTextDocument` in 0.00s (0.00s waiting)
 INFO Ran task on sourcedb_queue heavy task queue. Queue time: 0.00, task time: 0.00
 INFO Ran task on sourcedb_queue heavy task queue. Queue time: 0.00, task time: 0.00
 INFO Ran task on recheck_queue heavy task queue. Queue time: 0.00, task time: 0.00
 INFO Ran task on recheck_queue heavy task queue. Queue time: 0.00, task time: 0.00
 INFO Ran task on recheck_queue heavy task queue. Queue time: 0.00, task time: 0.00
 INFO Handling non-canceled request textDocument/inlayHint (136)
 INFO Language server processed event `LspRequest(textDocument/inlayHint)` in 0.00s (0.00s waiting)
 INFO Handling non-canceled request pyrefly/textDocument/typeErrorDisplayStatus (137)
 INFO Language server processed event `LspRequest(pyrefly/textDocument/typeErrorDisplayStatus)` in 0.00s (0.00s waiting)
 INFO Handling non-canceled request textDocument/codeAction (138)
 INFO Language server processed event `LspRequest(textDocument/codeAction)` in 0.00s (0.00s waiting)
 INFO Request textDocument/documentSymbol (139) is canceled due to subsequent mutation
 INFO Language server processed event `LspRequest(textDocument/documentSymbol)` in 0.00s (0.00s waiting)
 INFO File /__pyrefly_virtual__/inmemory/43-18.py opened, prepare to validate open files.
 INFO Ran task on sourcedb_queue heavy task queue. Queue time: 0.00, task time: 0.00
 INFO Published 3 diagnostics for file:///home/dev/Documents/Dev/Tradingview/bot_v2.py
 INFO Published 11 diagnostics for file:///home/dev/Documents/Dev/Tradingview/api_server.py
 INFO Published 0 diagnostics for file:///__pyrefly_virtual__/inmemory/43-18.py
 INFO Published 3 diagnostics for file:///home/dev/Documents/Dev/Tradingview/backtester.py
 INFO Validated open files and committed transaction.
 INFO Language server processed event `DidOpenTextDocument` in 0.00s (0.00s waiting)
 INFO File /__pyrefly_virtual__/inmemory/44-19.py opened, prepare to validate open files.
 INFO Ran task on sourcedb_queue heavy task queue. Queue time: 0.00, task time: 0.00
 INFO Published 3 diagnostics for file:///home/dev/Documents/Dev/Tradingview/bot_v2.py
 INFO Published 2 diagnostics for file:///__pyrefly_virtual__/inmemory/44-19.py
 INFO Published 11 diagnostics for file:///home/dev/Documents/Dev/Tradingview/api_server.py
 INFO Published 0 diagnostics for file:///__pyrefly_virtual__/inmemory/43-18.py
 INFO Published 3 diagnostics for file:///home/dev/Documents/Dev/Tradingview/backtester.py
 INFO Validated open files and committed transaction.
 INFO Language server processed event `DidOpenTextDocument` in 0.00s (0.00s waiting)
 INFO Language server processed event `LspResponse` in 0.00s (0.00s waiting)
 INFO Language server processed event `LspResponse` in 0.00s (0.00s waiting)
 INFO Language server processed event `LspResponse` in 0.00s (0.00s waiting)
 INFO Language server processed event `LspResponse` in 0.00s (0.00s waiting)
 INFO Handling non-canceled request textDocument/inlayHint (140)
 INFO Language server processed event `LspRequest(textDocument/inlayHint)` in 0.00s (0.00s waiting)
 INFO Handling non-canceled request textDocument/semanticTokens/full (141)
 INFO Language server processed event `LspRequest(textDocument/semanticTokens/full)` in 0.00s (0.00s waiting)
 INFO Handling non-canceled request textDocument/semanticTokens/full (142)
 INFO Language server processed event `LspRequest(textDocument/semanticTokens/full)` in 0.00s (0.00s waiting)
 INFO Published 0 diagnostics for inmemory://model/43
 INFO Language server processed event `DidCloseTextDocument` in 0.00s (0.00s waiting)
 INFO Ran task on sourcedb_queue heavy task queue. Queue time: 0.00, task time: 0.00
 INFO Published 0 diagnostics for inmemory://model/44
 INFO Language server processed event `DidCloseTextDocument` in 0.00s (0.00s waiting)
 INFO Ran task on sourcedb_queue heavy task queue. Queue time: 0.00, task time: 0.00
 INFO Ran task on recheck_queue heavy task queue. Queue time: 0.00, task time: 0.00
 INFO Ran task on recheck_queue heavy task queue. Queue time: 0.00, task time: 0.00
 INFO File /__pyrefly_virtual__/inmemory/45-20.py opened, prepare to validate open files.
 INFO Ran task on sourcedb_queue heavy task queue. Queue time: 0.00, task time: 0.00
 INFO Published 3 diagnostics for file:///home/dev/Documents/Dev/Tradingview/bot_v2.py
 INFO Published 11 diagnostics for file:///home/dev/Documents/Dev/Tradingview/api_server.py
 INFO Published 3 diagnostics for file:///home/dev/Documents/Dev/Tradingview/backtester.py
 INFO Published 0 diagnostics for file:///__pyrefly_virtual__/inmemory/45-20.py
 INFO Validated open files and committed transaction.
 INFO Language server processed event `DidOpenTextDocument` in 0.00s (0.00s waiting)
 INFO File /__pyrefly_virtual__/inmemory/46-21.py opened, prepare to validate open files.
 INFO Ran task on sourcedb_queue heavy task queue. Queue time: 0.00, task time: 0.00
 INFO Published 3 diagnostics for file:///home/dev/Documents/Dev/Tradingview/bot_v2.py
 INFO Published 2 diagnostics for file:///__pyrefly_virtual__/inmemory/46-21.py
 INFO Published 11 diagnostics for file:///home/dev/Documents/Dev/Tradingview/api_server.py
 INFO Published 3 diagnostics for file:///home/dev/Documents/Dev/Tradingview/backtester.py
 INFO Published 0 diagnostics for file:///__pyrefly_virtual__/inmemory/45-20.py
 INFO Validated open files and committed transaction.
 INFO Language server processed event `DidOpenTextDocument` in 0.00s (0.00s waiting)
 INFO Language server processed event `LspResponse` in 0.00s (0.00s waiting)
 INFO Language server processed event `LspResponse` in 0.00s (0.00s waiting)
 INFO Language server processed event `LspResponse` in 0.00s (0.00s waiting)
 INFO Language server processed event `LspResponse` in 0.00s (0.00s waiting)
 INFO Handling non-canceled request textDocument/foldingRange (143)
 INFO Language server processed event `LspRequest(textDocument/foldingRange)` in 0.00s (0.00s waiting)
 INFO Handling non-canceled request textDocument/codeAction (144)
 INFO Language server processed event `LspRequest(textDocument/codeAction)` in 0.00s (0.00s waiting)
 INFO Handling non-canceled request textDocument/semanticTokens/full (145)
 INFO Language server processed event `LspRequest(textDocument/semanticTokens/full)` in 0.00s (0.00s waiting)
 INFO Handling non-canceled request textDocument/semanticTokens/full (146)
 INFO Language server processed event `LspRequest(textDocument/semanticTokens/full)` in 0.00s (0.00s waiting)
 INFO Handling non-canceled request textDocument/semanticTokens/full (147)
 INFO Language server processed event `LspRequest(textDocument/semanticTokens/full)` in 0.00s (0.00s waiting)
 INFO Handling non-canceled request textDocument/codeAction (148)
 INFO Language server processed event `LspRequest(textDocument/codeAction)` in 0.00s (0.00s waiting)
 INFO Handling non-canceled request textDocument/codeLens (149)
 INFO Language server processed event `LspRequest(textDocument/codeLens)` in 0.00s (0.00s waiting)
 INFO Handling non-canceled request textDocument/documentSymbol (150)
 INFO Language server processed event `LspRequest(textDocument/documentSymbol)` in 0.00s (0.00s waiting)
 INFO Handling non-canceled request textDocument/inlayHint (151)
 INFO Language server processed event `LspRequest(textDocument/inlayHint)` in 0.00s (0.00s waiting)
 INFO Handling non-canceled request textDocument/codeAction (152)
 INFO Language server processed event `LspRequest(textDocument/codeAction)` in 0.00s (0.00s waiting)
 INFO Handling non-canceled request textDocument/inlayHint (153)
 INFO Language server processed event `LspRequest(textDocument/inlayHint)` in 0.00s (0.00s waiting)
 INFO Handling non-canceled request textDocument/codeAction (154)
 INFO Language server processed event `LspRequest(textDocument/codeAction)` in 0.00s (0.00s waiting)
 INFO Handling non-canceled request textDocument/codeAction (155)
 INFO Language server processed event `LspRequest(textDocument/codeAction)` in 0.00s (0.00s waiting)
 INFO Handling non-canceled request textDocument/codeAction (156)
 INFO Language server processed event `LspRequest(textDocument/codeAction)` in 0.00s (0.00s waiting)
 INFO Handling non-canceled request textDocument/codeAction (157)
 INFO Language server processed event `LspRequest(textDocument/codeAction)` in 0.00s (0.00s waiting)
 INFO Published 0 diagnostics for inmemory://model/45
 INFO Language server processed event `DidCloseTextDocument` in 0.00s (0.00s waiting)
 INFO Ran task on sourcedb_queue heavy task queue. Queue time: 0.00, task time: 0.00
 INFO Ran task on recheck_queue heavy task queue. Queue time: 0.00, task time: 0.00
 INFO Published 0 diagnostics for inmemory://model/46
 INFO Language server processed event `DidCloseTextDocument` in 0.00s (0.00s waiting)
 INFO Ran task on sourcedb_queue heavy task queue. Queue time: 0.00, task time: 0.00
 INFO Ran task on recheck_queue heavy task queue. Queue time: 0.00, task time: 0.00
 INFO Handling non-canceled request textDocument/inlayHint (158)
 INFO Language server processed event `LspRequest(textDocument/inlayHint)` in 0.00s (0.00s waiting)
 INFO Handling non-canceled request pyrefly/textDocument/typeErrorDisplayStatus (159)
 INFO Language server processed event `LspRequest(pyrefly/textDocument/typeErrorDisplayStatus)` in 0.00s (0.00s waiting)
 INFO Handling non-canceled request textDocument/codeAction (160)
 INFO Language server processed event `LspRequest(textDocument/codeAction)` in 0.00s (0.00s waiting)
 INFO Handling non-canceled request textDocument/inlayHint (161)
 INFO Language server processed event `LspRequest(textDocument/inlayHint)` in 0.00s (0.00s waiting)
 INFO Handling non-canceled request textDocument/codeAction (162)
 INFO Language server processed event `LspRequest(textDocument/codeAction)` in 0.00s (0.00s waiting)
 INFO Handling non-canceled request textDocument/codeAction (163)
 INFO Language server processed event `LspRequest(textDocument/codeAction)` in 0.00s (0.00s waiting)
 INFO Handling non-canceled request textDocument/codeAction (164)
 INFO Language server processed event `LspRequest(textDocument/codeAction)` in 0.00s (0.00s waiting)
 INFO Handling non-canceled request textDocument/foldingRange (165)
 INFO Language server processed event `LspRequest(textDocument/foldingRange)` in 0.00s (0.00s waiting)
 INFO Handling non-canceled request textDocument/codeLens (166)
 INFO Language server processed event `LspRequest(textDocument/codeLens)` in 0.00s (0.00s waiting)
 INFO Handling non-canceled request textDocument/semanticTokens/full (167)
 INFO Language server processed event `LspRequest(textDocument/semanticTokens/full)` in 0.00s (0.00s waiting)
 INFO Handling non-canceled request textDocument/documentSymbol (168)
 INFO Language server processed event `LspRequest(textDocument/documentSymbol)` in 0.00s (0.00s waiting)
 INFO Handling non-canceled request textDocument/codeAction (169)
 INFO Language server processed event `LspRequest(textDocument/codeAction)` in 0.00s (0.00s waiting)
 INFO Handling non-canceled request textDocument/codeAction (170)
 INFO Language server processed event `LspRequest(textDocument/codeAction)` in 0.00s (0.00s waiting)
 INFO Handling non-canceled request textDocument/codeAction (171)
 INFO Language server processed event `LspRequest(textDocument/codeAction)` in 0.00s (0.00s waiting)
 INFO Published 0 diagnostics for file:///home/dev/Documents/Dev/Tradingview/bot_v2.py
 INFO Language server processed event `DidCloseTextDocument` in 0.00s (0.00s waiting)
 INFO Ran task on sourcedb_queue heavy task queue. Queue time: 0.00, task time: 0.00
 INFO Ran task on recheck_queue heavy task queue. Queue time: 0.00, task time: 0.00
 INFO Published 0 diagnostics for file:///home/dev/Documents/Dev/Tradingview/api_server.py
 INFO Language server processed event `DidCloseTextDocument` in 0.00s (0.00s waiting)
 INFO Ran task on sourcedb_queue heavy task queue. Queue time: 0.00, task time: 0.00
 INFO Ran task on recheck_queue heavy task queue. Queue time: 0.00, task time: 0.00
 INFO Published 0 diagnostics for file:///home/dev/Documents/Dev/Tradingview/backtester.py
 INFO Language server processed event `DidCloseTextDocument` in 0.00s (0.00s waiting)
 INFO Ran task on sourcedb_queue heavy task queue. Queue time: 0.00, task time: 0.00
 INFO Ran task on recheck_queue heavy task queue. Queue time: 0.00, task time: 0.00
 INFO [Pyrefly] DidChangeWatchedFiles: 3 file(s) changed (0 created, 0 modified, 3 removed, 0 unknown)
 INFO [Pyrefly] Re-registering file watchers
 INFO Language server processed event `DidChangeWatchedFiles` in 0.00s (0.00s waiting)
 INFO Language server processed event `LspResponse` in 0.00s (0.00s waiting)
 INFO Invalidated state, prepare to recheck open files.
 INFO Ran task on recheck_queue heavy task queue. Queue time: 0.00, task time: 0.04
 INFO Validated open files and committed transaction.
 INFO Language server processed event `RecheckFinished` in 0.00s (0.00s waiting)
 INFO Language server processed event `LspResponse` in 0.00s (0.00s waiting)
 INFO Language server processed event `LspResponse` in 0.00s (0.00s waiting)
 INFO Unhandled notification: Notification { method: "$/setTrace", params: Object {"value": String("off")}, activity_key: None }
 INFO [Pyrefly] DidChangeWatchedFiles: 3 file(s) changed (3 created, 0 modified, 0 removed, 0 unknown)
 INFO [Pyrefly] Re-registering file watchers
 INFO Language server processed event `DidChangeWatchedFiles` in 0.00s (0.00s waiting)
 INFO Language server processed event `LspResponse` in 0.00s (0.00s waiting)
 INFO Language server processed event `LspResponse` in 0.00s (0.00s waiting)
 INFO Invalidated state, prepare to recheck open files.
 INFO Ran task on recheck_queue heavy task queue. Queue time: 0.00, task time: 0.04
 INFO Validated open files and committed transaction.
 INFO Language server processed event `RecheckFinished` in 0.00s (0.00s waiting)
 INFO Language server processed event `LspResponse` in 0.00s (0.00s waiting)
