2026-05-17 17:14:19.096 [info] Reading sessions from keychain...
2026-05-17 17:14:19.096 [info] Got stored sessions!
2026-05-17 17:14:19.096 [info] Got 1 verified sessions.
2026-05-17 17:14:19.096 [info] Getting sessions for all scopes...
2026-05-17 17:14:19.096 [info] Got 1 sessions for ...
2026-05-17 17:14:19.096 [info] Getting sessions for all scopes...
2026-05-17 17:14:19.096 [info] Got 1 sessions for ...
2026-05-17 17:14:19.096 [info] Getting sessions for repo,workflow...
2026-05-17 17:14:19.096 [info] Got 0 sessions for repo,workflow...
2026-05-17 17:14:19.096 [info] Getting sessions for read:user,repo,user:email...
2026-05-17 17:14:19.096 [info] Got 0 sessions for read:user,repo,user:email...
2026-05-17 17:14:19.096 [info] Getting sessions for all scopes...
2026-05-17 17:14:19.096 [info] Got 1 sessions for ...
2026-05-17 17:14:19.112 [info] Getting sessions for repo,workflow...
2026-05-17 17:14:19.112 [info] Got 0 sessions for repo,workflow...
2026-05-17 17:14:19.130 [info] Getting sessions for repo,workflow...
2026-05-17 17:14:19.130 [info] Got 0 sessions for repo,workflow...
2026-05-17 17:14:19.164 [info] Getting sessions for repo,workflow...
2026-05-17 17:14:19.164 [info] Got 0 sessions for repo,workflow...
2026-05-17 17:14:19.253 [info] Getting sessions for read:user,repo,user:email...
2026-05-17 17:14:19.253 [info] Got 0 sessions for read:user,repo,user:email...
2026-05-17 17:14:19.271 [info] Getting sessions for read:user,repo,user:email...
2026-05-17 17:14:19.271 [info] Got 0 sessions for read:user,repo,user:email...
2026-05-17 17:14:20.473 [info] FetcherService: Electron fetch failed with status: 401 
2026-05-17 17:14:21.348 [info] FetcherService: Node fetch failed with status: 401 Unauthorized
2026-05-17 17:14:22.151 [info] FetcherService: Node http/s failed with status: 401 Unauthorized
2026-05-17 17:14:37.212 [info] Reading sessions from keychain...
2026-05-17 17:14:37.212 [info] Getting sessions for all scopes...
2026-05-17 17:14:37.212 [info] Got stored sessions!
2026-05-17 17:14:37.212 [info] Got 1 verified sessions.
2026-05-17 17:14:37.212 [info] Got 1 sessions for ...
2026-05-17 17:14:37.212 [info] Getting sessions for all scopes...
2026-05-17 17:14:37.212 [info] Got 1 sessions for ...
2026-05-17 17:14:37.212 [info] Getting sessions for read:user,repo,user:email...
2026-05-17 17:14:37.212 [info] Got 0 sessions for read:user,repo,user:email...
2026-05-17 17:14:37.212 [info] Getting sessions for all scopes...
2026-05-17 17:14:37.212 [info] Got 1 sessions for ...
2026-05-17 17:14:37.273 [info] Getting sessions for read:user,repo,user:email...
2026-05-17 17:14:37.273 [info] Got 0 sessions for read:user,repo,user:email...
2026-05-17 17:14:39.093 [info] FetcherService: Electron fetch failed with status: 401 
2026-05-17 17:14:40.176 [info] FetcherService: Node fetch failed with status: 401 Unauthorized
2026-05-17 17:14:41.380 [info] FetcherService: Node http/s failed with status: 401 Unauthorized
