2026-05-17 01:51:28.375 [info] read schema from vscode: vscode://schemas/settings/folder
2026-05-17 01:51:28.599 [info] read schema from vscode: vscode://schemas/settings/resourceLanguage
2026-05-17 01:51:28.601 [info] read schema from vscode: vscode://schemas/launch
2026-05-17 01:51:28.601 [info] read schema from vscode: vscode://schemas/token-styling
2026-05-17 01:51:28.601 [info] read schema from vscode: vscode://schemas/textmate-colors
2026-05-17 01:51:28.601 [info] read schema from vscode: vscode://schemas/workbench-colors
2026-05-17 01:51:29.422 [info] schema change detected vscode://schemas/settings/folder
2026-05-17 01:51:29.424 [info] read schema from vscode: vscode://schemas/settings/folder
2026-05-17 01:51:31.651 [info] schema change detected vscode://schemas/settings/folder
2026-05-17 01:56:49.037 [info] schema change detected vscode://schemas/settings/folder
2026-05-17 01:56:52.985 [info] schema change detected vscode://schemas/launch
2026-05-17 01:57:53.584 [info] schema change detected vscode://schemas/settings/folder
2026-05-17 01:57:53.834 [info] schema change detected vscode://schemas/settings/folder
2026-05-17 01:58:16.886 [info] schema change detected vscode://schemas/settings/folder
2026-05-17 01:58:20.611 [info] schema change detected vscode://schemas/launch
2026-05-17 02:01:21.186 [info] read schema from vscode: vscode://schemas/vscode-extensions
2026-05-17 02:01:21.258 [info] read schema from vscode: vscode://schemas/toolsParameters
2026-05-17 02:01:21.258 [info] read schema from vscode: vscode://schemas/settings/configurationDefaults
2026-05-17 02:01:26.253 [info] schema change detected vscode://schemas/launch
2026-05-17 02:13:40.384 [info] schema change detected vscode://schemas/settings/resourceLanguage
2026-05-17 02:13:40.505 [info] schema change detected vscode://schemas/settings/folder
2026-05-17 02:13:40.505 [info] schema change detected vscode://schemas/settings/configurationDefaults
2026-05-17 02:13:41.208 [info] schema change detected vscode://schemas/settings/folder
2026-05-17 02:13:41.208 [info] schema change detected vscode://schemas/settings/configurationDefaults
2026-05-17 02:13:49.873 [info] schema change detected vscode://schemas/settings/resourceLanguage
2026-05-17 02:13:49.996 [info] schema change detected vscode://schemas/settings/folder
2026-05-17 02:13:49.997 [info] schema change detected vscode://schemas/settings/configurationDefaults
2026-05-17 02:13:50.702 [info] schema change detected vscode://schemas/settings/folder
2026-05-17 02:13:50.702 [info] schema change detected vscode://schemas/settings/configurationDefaults
2026-05-17 02:22:11.636 [info] schema change detected vscode://schemas/launch
2026-05-17 02:22:11.637 [info] schema change detected vscode://schemas/launch
2026-05-17 02:22:11.817 [info] schema change detected vscode://schemas/settings/folder
2026-05-17 02:22:11.817 [info] schema change detected vscode://schemas/settings/configurationDefaults
2026-05-17 02:22:11.958 [info] schema change detected vscode://schemas/workbench-colors
2026-05-17 02:22:12.325 [info] schema change detected vscode://schemas/settings/folder
2026-05-17 02:22:12.325 [info] schema change detected vscode://schemas/settings/configurationDefaults
2026-05-17 02:22:12.408 [info] schema change detected vscode://schemas/launch
2026-05-17 02:22:12.409 [info] schema change detected vscode://schemas/launch
2026-05-17 02:22:12.963 [info] schema change detected vscode://schemas/settings/folder
2026-05-17 02:22:12.964 [info] schema change detected vscode://schemas/settings/configurationDefaults
2026-05-17 02:22:12.990 [info] schema change detected vscode://schemas/settings/resourceLanguage
2026-05-17 02:22:13.076 [info] schema change detected vscode://schemas/settings/folder
2026-05-17 02:22:13.076 [info] schema change detected vscode://schemas/settings/configurationDefaults
2026-05-17 02:22:13.148 [info] schema change detected vscode://schemas/launch
2026-05-17 02:22:13.150 [info] schema change detected vscode://schemas/launch
2026-05-17 02:22:13.266 [info] schema change detected vscode://schemas/settings/folder
2026-05-17 02:22:13.267 [info] schema change detected vscode://schemas/settings/configurationDefaults
2026-05-17 02:22:13.445 [info] schema change detected vscode://schemas/launch
2026-05-17 02:22:13.445 [info] schema change detected vscode://schemas/launch
2026-05-17 02:22:13.513 [info] schema change detected vscode://schemas/settings/folder
2026-05-17 02:22:13.513 [info] schema change detected vscode://schemas/settings/configurationDefaults
2026-05-17 02:22:13.552 [info] schema change detected vscode://schemas/workbench-colors
2026-05-17 02:22:13.961 [info] schema change detected vscode://schemas/settings/folder
2026-05-17 02:22:13.961 [info] schema change detected vscode://schemas/settings/configurationDefaults
2026-05-17 02:22:24.344 [info] schema change detected vscode://schemas/launch
2026-05-17 02:22:24.344 [info] schema change detected vscode://schemas/launch
2026-05-17 02:22:24.419 [info] schema change detected vscode://schemas/settings/folder
2026-05-17 02:22:24.420 [info] schema change detected vscode://schemas/settings/configurationDefaults
2026-05-17 02:22:24.806 [info] schema change detected vscode://schemas/workbench-colors
2026-05-17 02:22:25.115 [info] schema change detected vscode://schemas/settings/folder
2026-05-17 02:22:25.117 [info] schema change detected vscode://schemas/settings/configurationDefaults
2026-05-17 02:22:26.225 [info] schema change detected vscode://schemas/settings/folder
2026-05-17 02:22:26.225 [info] schema change detected vscode://schemas/settings/configurationDefaults
2026-05-17 03:46:17.097 [info] cancelled
2026-05-17 03:54:07.791 [info] schema change detected vscode://schemas/settings/folder
2026-05-17 03:54:07.791 [info] schema change detected vscode://schemas/settings/configurationDefaults
2026-05-17 04:13:01.577 [info] schema change detected vscode://schemas/settings/folder
2026-05-17 04:13:01.577 [info] schema change detected vscode://schemas/settings/configurationDefaults
2026-05-17 04:20:42.281 [info] schema change detected vscode://schemas/settings/resourceLanguage
2026-05-17 04:20:42.398 [info] schema change detected vscode://schemas/settings/folder
2026-05-17 04:20:42.398 [info] schema change detected vscode://schemas/settings/configurationDefaults
2026-05-17 04:20:43.100 [info] schema change detected vscode://schemas/settings/folder
2026-05-17 04:20:43.101 [info] schema change detected vscode://schemas/settings/configurationDefaults
2026-05-17 04:53:15.273 [info] schema change detected vscode://schemas/settings/folder
2026-05-17 04:53:15.273 [info] schema change detected vscode://schemas/settings/configurationDefaults
2026-05-17 04:53:15.315 [info] schema change detected vscode://schemas/settings/resourceLanguage
2026-05-17 04:53:15.533 [info] schema change detected vscode://schemas/settings/folder
2026-05-17 04:53:15.534 [info] schema change detected vscode://schemas/settings/configurationDefaults
2026-05-17 04:53:15.930 [info] schema change detected vscode://schemas/settings/folder
2026-05-17 04:53:15.930 [info] schema change detected vscode://schemas/settings/configurationDefaults
