2026-05-17 01:49:23.918 [info] Reading sessions from keychain...
2026-05-17 01:49:23.918 [info] Got stored sessions!
2026-05-17 01:49:23.918 [info] Got 1 verified sessions.
2026-05-17 01:49:23.918 [info] Getting sessions for all scopes...
2026-05-17 01:49:23.918 [info] Got 1 sessions for ...
2026-05-17 01:49:23.918 [info] Getting sessions for all scopes...
2026-05-17 01:49:23.918 [info] Got 1 sessions for ...
2026-05-17 01:49:23.918 [info] Getting sessions for all scopes...
2026-05-17 01:49:23.918 [info] Got 1 sessions for ...
2026-05-17 01:49:23.918 [info] Getting sessions for read:user,repo,user:email...
2026-05-17 01:49:23.918 [info] Got 0 sessions for read:user,repo,user:email...
2026-05-17 01:49:23.938 [info] Getting sessions for all scopes...
2026-05-17 01:49:23.938 [info] Got 1 sessions for ...
2026-05-17 01:49:24.189 [info] Getting sessions for all scopes...
2026-05-17 01:49:24.189 [info] Got 1 sessions for ...
2026-05-17 01:49:24.906 [info] Getting sessions for all scopes...
2026-05-17 01:49:24.906 [info] Got 1 sessions for ...
2026-05-17 01:49:24.908 [info] Getting sessions for all scopes...
2026-05-17 01:49:24.908 [info] Got 1 sessions for ...
2026-05-17 01:49:25.372 [info] FetcherService: Electron fetch failed with status: 401 
2026-05-17 01:49:26.369 [info] FetcherService: Node fetch failed with status: 401 Unauthorized
2026-05-17 01:49:27.175 [info] FetcherService: Node http/s failed with status: 401 Unauthorized
2026-05-17 01:50:17.509 [info] Getting sessions for all scopes...
2026-05-17 01:50:17.509 [info] Got 1 sessions for ...
2026-05-17 01:50:31.433 [info] Reading sessions from keychain...
2026-05-17 01:50:31.433 [info] Got stored sessions!
2026-05-17 01:50:31.433 [info] Got 1 verified sessions.
2026-05-17 01:50:31.433 [info] Getting sessions for all scopes...
2026-05-17 01:50:31.433 [info] Got 1 sessions for ...
2026-05-17 01:50:31.433 [info] Getting sessions for all scopes...
2026-05-17 01:50:31.433 [info] Got 1 sessions for ...
2026-05-17 01:50:31.433 [info] Getting sessions for all scopes...
2026-05-17 01:50:31.433 [info] Got 1 sessions for ...
2026-05-17 01:50:31.433 [info] Getting sessions for read:user,repo,user:email...
2026-05-17 01:50:31.433 [info] Got 0 sessions for read:user,repo,user:email...
2026-05-17 01:50:31.433 [info] Getting sessions for all scopes...
2026-05-17 01:50:31.433 [info] Got 1 sessions for ...
2026-05-17 01:50:31.449 [info] Getting sessions for read:user,repo,user:email...
2026-05-17 01:50:31.449 [info] Got 0 sessions for read:user,repo,user:email...
2026-05-17 01:50:32.918 [info] Getting sessions for all scopes...
2026-05-17 01:50:32.918 [info] Got 1 sessions for ...
2026-05-17 01:50:32.919 [info] Getting sessions for all scopes...
2026-05-17 01:50:32.919 [info] Got 1 sessions for ...
2026-05-17 01:50:32.924 [info] Getting sessions for all scopes...
2026-05-17 01:50:32.924 [info] Got 1 sessions for ...
2026-05-17 01:50:33.835 [info] FetcherService: Electron fetch failed with status: 401 
2026-05-17 01:50:34.710 [info] FetcherService: Node fetch failed with status: 401 Unauthorized
2026-05-17 01:50:35.512 [info] FetcherService: Node http/s failed with status: 401 Unauthorized
