2026-05-17 01:49:19.439 [info] Reading sessions from keychain...
2026-05-17 01:49:19.439 [info] Got stored sessions!
2026-05-17 01:49:19.439 [info] Got 1 verified sessions.
2026-05-17 01:49:19.439 [info] Getting sessions for all scopes...
2026-05-17 01:49:19.439 [info] Got 1 sessions for ...
2026-05-17 01:49:19.439 [info] Getting sessions for all scopes...
2026-05-17 01:49:19.439 [info] Got 1 sessions for ...
2026-05-17 01:49:19.439 [info] Getting sessions for read:user,repo,user:email...
2026-05-17 01:49:19.439 [info] Got 0 sessions for read:user,repo,user:email...
2026-05-17 01:49:19.483 [info] Getting sessions for read:user,repo,user:email...
2026-05-17 01:49:19.483 [info] Got 0 sessions for read:user,repo,user:email...
2026-05-17 01:49:19.677 [info] Getting sessions for all scopes...
2026-05-17 01:49:19.677 [info] Got 1 sessions for ...
2026-05-17 01:49:19.748 [info] Getting sessions for read:user,repo,user:email,workflow...
2026-05-17 01:49:19.748 [info] Got 1 sessions for read:user,repo,user:email,workflow...
2026-05-17 01:49:21.369 [info] FetcherService: Electron fetch failed with status: 401 
2026-05-17 01:49:22.285 [info] FetcherService: Node fetch failed with status: 401 Unauthorized
2026-05-17 01:49:23.113 [info] FetcherService: Node http/s failed with status: 401 Unauthorized
2026-05-17 01:50:20.438 [info] Reading sessions from keychain...
2026-05-17 01:50:20.438 [info] Getting sessions for all scopes...
2026-05-17 01:50:20.438 [info] Got stored sessions!
2026-05-17 01:50:20.438 [info] Got 1 verified sessions.
2026-05-17 01:50:20.438 [info] Got 1 sessions for ...
2026-05-17 01:50:20.438 [info] Getting sessions for all scopes...
2026-05-17 01:50:20.438 [info] Got 1 sessions for ...
2026-05-17 01:50:20.438 [info] Getting sessions for all scopes...
2026-05-17 01:50:20.438 [info] Got 1 sessions for ...
2026-05-17 01:50:20.438 [info] Getting sessions for all scopes...
2026-05-17 01:50:20.438 [info] Got 1 sessions for ...
2026-05-17 01:50:20.438 [info] Getting sessions for read:user,repo,user:email...
2026-05-17 01:50:20.438 [info] Got 0 sessions for read:user,repo,user:email...
2026-05-17 01:50:20.438 [info] Getting sessions for read:user,repo,user:email...
2026-05-17 01:50:20.438 [info] Got 0 sessions for read:user,repo,user:email...
2026-05-17 01:50:20.989 [info] Getting sessions for all scopes...
2026-05-17 01:50:20.989 [info] Got 1 sessions for ...
2026-05-17 01:50:21.024 [info] Getting sessions for all scopes...
2026-05-17 01:50:21.024 [info] Got 1 sessions for ...
2026-05-17 01:50:22.023 [info] FetcherService: Electron fetch failed with status: 401 
2026-05-17 01:50:22.909 [info] FetcherService: Node fetch failed with status: 401 Unauthorized
2026-05-17 01:50:23.761 [info] FetcherService: Node http/s failed with status: 401 Unauthorized
2026-05-17 01:50:28.524 [info] Getting sessions for all scopes...
2026-05-17 01:50:28.525 [info] Got 1 sessions for ...
2026-05-17 01:50:34.415 [info] Getting sessions for all scopes...
2026-05-17 01:50:34.415 [info] Got 1 sessions for ...
2026-05-17 02:13:40.507 [info] Getting sessions for all scopes...
2026-05-17 02:13:40.507 [info] Got 1 sessions for ...
2026-05-17 02:13:50.000 [info] Getting sessions for all scopes...
2026-05-17 02:13:50.000 [info] Got 1 sessions for ...
2026-05-17 02:22:13.585 [info] Getting sessions for all scopes...
2026-05-17 02:22:13.585 [info] Got 1 sessions for ...
2026-05-17 02:22:24.822 [info] Getting sessions for all scopes...
2026-05-17 02:22:24.822 [info] Got 1 sessions for ...
2026-05-17 02:22:24.832 [info] Getting sessions for repo,workflow...
2026-05-17 02:22:24.832 [info] Got 0 sessions for repo,workflow...
2026-05-17 02:22:24.858 [info] Getting sessions for repo,workflow...
2026-05-17 02:22:24.858 [info] Got 0 sessions for repo,workflow...
2026-05-17 02:22:24.862 [info] Getting sessions for repo,workflow...
2026-05-17 02:22:24.862 [info] Got 0 sessions for repo,workflow...
2026-05-17 02:22:24.887 [info] Getting sessions for repo,workflow...
2026-05-17 02:22:24.887 [info] Got 0 sessions for repo,workflow...
2026-05-17 03:38:03.679 [info] Getting sessions for all scopes...
2026-05-17 03:38:03.679 [info] Got 1 sessions for ...
2026-05-17 03:39:17.376 [info] Getting sessions for all scopes...
2026-05-17 03:39:17.376 [info] Got 1 sessions for ...
2026-05-17 04:03:05.337 [info] Getting sessions for all scopes...
2026-05-17 04:03:05.337 [info] Got 1 sessions for ...
2026-05-17 04:04:06.507 [info] Getting sessions for all scopes...
2026-05-17 04:04:06.507 [info] Got 1 sessions for ...
2026-05-17 04:20:42.482 [info] Getting sessions for all scopes...
2026-05-17 04:20:42.482 [info] Got 1 sessions for ...
2026-05-17 04:53:15.556 [info] Getting sessions for all scopes...
2026-05-17 04:53:15.556 [info] Got 1 sessions for ...
2026-05-17 04:55:42.046 [info] Getting sessions for all scopes...
2026-05-17 04:55:42.046 [info] Got 1 sessions for ...
2026-05-17 05:02:42.806 [info] Getting sessions for all scopes...
2026-05-17 05:02:42.806 [info] Got 1 sessions for ...
2026-05-17 06:03:35.933 [info] Getting sessions for all scopes...
2026-05-17 06:03:35.933 [info] Got 1 sessions for ...
2026-05-17 06:04:44.355 [info] Getting sessions for all scopes...
2026-05-17 06:04:44.355 [info] Got 1 sessions for ...
