2026-05-15 18:50:18.953 [info] Python-envs extension version: 1.20.1
2026-05-15 18:50:18.953 [info] 
=== Python Envs Configuration Levels ===
2026-05-15 18:50:18.953 [info] {
  "section": "Python Envs Configuration Levels",
  "defaultEnvManager": {
    "workspaceFolderValue": "undefined",
    "workspaceValue": "undefined",
    "globalValue": "undefined",
    "defaultValue": "ms-python.python:venv"
  },
  "defaultPackageManager": {
    "workspaceFolderValue": "undefined",
    "workspaceValue": "undefined",
    "globalValue": "undefined",
    "defaultValue": "ms-python.python:pip"
  }
}
2026-05-15 18:50:18.953 [info] [pet] Starting Python Locator /home/dev/.antigravity/extensions/ms-python.python-2026.4.0-universal/python-env-tools/bin/pet server
2026-05-15 18:50:18.953 [error] [pet] Process error: A system error occurred (spawn /home/dev/.antigravity/extensions/ms-python.python-2026.4.0-universal/python-env-tools/bin/pet ENOENT)
2026-05-15 18:50:18.954 [warning] [pet] Restarting Python Environment Tools (attempt 1/3, waiting 1000ms)
2026-05-15 18:50:19.966 [info] [pet] Starting Python Locator /home/dev/.antigravity/extensions/ms-python.python-2026.4.0-universal/python-env-tools/bin/pet server
2026-05-15 18:50:19.966 [info] [pet] Python Environment Tools restarted successfully
2026-05-15 18:50:19.968 [info] [pet] configure: Sending configuration update: {"workspaceDirectories":["/home/dev/Documents/Dev/Tradingview"],"environmentDirectories":["/home/dev/Documents/Dev/Tradingview/**/.venv"],"pipenvExecutable":"pipenv","poetryExecutable":"poetry","cacheDirectory":"/home/dev/.config/Antigravity/User/globalStorage/ms-python.vscode-python-envs/pythonLocator"}
2026-05-15 18:50:19.968 [error] [pet] Process error: A system error occurred (spawn /home/dev/.antigravity/extensions/ms-python.python-2026.4.0-universal/python-env-tools/bin/pet ENOENT)
2026-05-15 18:50:49.969 [warning] [pet] Configure request timed out, killing hung process for restart
2026-05-15 18:50:49.969 [error] [pet] configure: Configuration error Request 'configure' timed out after 30000ms
2026-05-15 18:50:49.969 [warning] [pet] Request timed out, killing hung process for restart
2026-05-15 18:50:49.969 [error] [pet] Error refreshing Request 'configure' timed out after 30000ms
2026-05-15 18:50:49.969 [warning] [pet] Restarting Python Environment Tools (attempt 2/3, waiting 2000ms)
2026-05-15 18:50:49.970 [info] Pipenv not found, turning off pipenv features. If you have pipenv installed in a non-standard location, set the "python.pipenvPath" setting. [Error: Request 'configure' timed out after 30000ms
	at Timeout.<anonymous> (/home/dev/.antigravity/extensions/ms-python.vscode-python-envs-1.20.1-universal/dist/extension.js:2:534062)
	at listOnTimeout (node:internal/timers:588:17)
	at process.processTimers (node:internal/timers:523:7)]
2026-05-15 18:50:51.982 [info] [pet] Starting Python Locator /home/dev/.antigravity/extensions/ms-python.python-2026.4.0-universal/python-env-tools/bin/pet server
2026-05-15 18:50:51.982 [info] [pet] Python Environment Tools restarted successfully
2026-05-15 18:50:51.983 [info] [pet] configure: Sending configuration update: {"workspaceDirectories":["/home/dev/Documents/Dev/Tradingview"],"environmentDirectories":["/home/dev/Documents/Dev/Tradingview/**/.venv"],"pipenvExecutable":"pipenv","poetryExecutable":"poetry","cacheDirectory":"/home/dev/.config/Antigravity/User/globalStorage/ms-python.vscode-python-envs/pythonLocator"}
2026-05-15 18:50:51.983 [error] [pet] Process error: A system error occurred (spawn /home/dev/.antigravity/extensions/ms-python.python-2026.4.0-universal/python-env-tools/bin/pet ENOENT)
2026-05-15 18:51:21.983 [warning] [pet] Configure request timed out, killing hung process for restart
2026-05-15 18:51:21.983 [error] [pet] configure: Configuration error Request 'configure' timed out after 30000ms
2026-05-15 18:51:21.983 [warning] [pet] Request timed out, killing hung process for restart
2026-05-15 18:51:21.983 [error] [pet] Error refreshing Request 'configure' timed out after 30000ms
2026-05-15 18:51:21.984 [warning] [pet] Restarting Python Environment Tools (attempt 3/3, waiting 4000ms)
2026-05-15 18:51:21.984 [info] Conda not found, turning off conda features. [Error: Request 'configure' timed out after 30000ms
	at Timeout.<anonymous> (/home/dev/.antigravity/extensions/ms-python.vscode-python-envs-1.20.1-universal/dist/extension.js:2:534062)
	at listOnTimeout (node:internal/timers:588:17)
	at process.processTimers (node:internal/timers:523:7)]
2026-05-15 18:51:25.996 [info] [pet] Starting Python Locator /home/dev/.antigravity/extensions/ms-python.python-2026.4.0-universal/python-env-tools/bin/pet server
2026-05-15 18:51:25.996 [info] [pet] Python Environment Tools restarted successfully
2026-05-15 18:51:25.997 [info] [pet] configure: Sending configuration update: {"workspaceDirectories":["/home/dev/Documents/Dev/Tradingview"],"environmentDirectories":["/home/dev/Documents/Dev/Tradingview/**/.venv"],"pipenvExecutable":"pipenv","poetryExecutable":"poetry","cacheDirectory":"/home/dev/.config/Antigravity/User/globalStorage/ms-python.vscode-python-envs/pythonLocator"}
2026-05-15 18:51:25.997 [error] [pet] Process error: A system error occurred (spawn /home/dev/.antigravity/extensions/ms-python.python-2026.4.0-universal/python-env-tools/bin/pet ENOENT)
2026-05-15 18:51:55.997 [warning] [pet] Configure request timed out, killing hung process for restart
2026-05-15 18:51:55.998 [error] [pet] configure: Configuration error Request 'configure' timed out after 30000ms
2026-05-15 18:51:55.998 [warning] [pet] Request timed out, killing hung process for restart
2026-05-15 18:51:55.998 [error] [pet] Error refreshing Request 'configure' timed out after 30000ms
2026-05-15 18:51:55.998 [info] Pyenv not found, turning off pyenv features. [Error: Request 'configure' timed out after 30000ms
	at Timeout.<anonymous> (/home/dev/.antigravity/extensions/ms-python.vscode-python-envs-1.20.1-universal/dist/extension.js:2:534062)
	at listOnTimeout (node:internal/timers:588:17)
	at process.processTimers (node:internal/timers:523:7)]
2026-05-15 18:51:55.998 [info] Poetry not found, turning off poetry features. [Error: Python Environment Tools (PET) failed after 3 restart attempts. Please reload the window or check the output channel for details. To debug, run "Python Environments: Run Python Environment Tool (PET) in Terminal" from the Command Palette.
	at S.ensureProcessRunning (/home/dev/.antigravity/extensions/ms-python.vscode-python-envs-1.20.1-universal/dist/extension.js:2:535872)
	at S.doRefresh (/home/dev/.antigravity/extensions/ms-python.vscode-python-envs-1.20.1-universal/dist/extension.js:2:540575)
	at c.workerFunc (/home/dev/.antigravity/extensions/ms-python.vscode-python-envs-1.20.1-universal/dist/extension.js:2:535168)
	at o.workFunc (/home/dev/.antigravity/extensions/ms-python.vscode-python-envs-1.20.1-universal/dist/extension.js:2:287619)
	at o.start (/home/dev/.antigravity/extensions/ms-python.vscode-python-envs-1.20.1-universal/dist/extension.js:2:286434)]
2026-05-15 18:51:55.999 [info] [interpreterSelection] Applying initial environment selection for 1 workspace folder(s)
2026-05-15 18:51:56.001 [error] [interpreterSelection] Failed to set environment for /home/dev/Documents/Dev/Tradingview: Error: Python Environment Tools (PET) failed after 3 restart attempts. Please reload the window or check the output channel for details. To debug, run "Python Environments: Run Python Environment Tool (PET) in Terminal" from the Command Palette.
2026-05-15 18:51:56.004 [info] [interpreterSelection] global: none (source: autoDiscovery)
2026-05-15 19:27:45.077 [info] Python-envs extension version: 1.20.1
2026-05-15 19:27:45.077 [info] 
=== Python Envs Configuration Levels ===
2026-05-15 19:27:45.077 [info] {
  "section": "Python Envs Configuration Levels",
  "defaultEnvManager": {
    "workspaceFolderValue": "undefined",
    "workspaceValue": "undefined",
    "globalValue": "undefined",
    "defaultValue": "ms-python.python:venv"
  },
  "defaultPackageManager": {
    "workspaceFolderValue": "undefined",
    "workspaceValue": "undefined",
    "globalValue": "undefined",
    "defaultValue": "ms-python.python:pip"
  }
}
2026-05-15 19:27:45.077 [info] [pet] Starting Python Locator /home/dev/.antigravity/extensions/ms-python.python-2026.4.0-universal/python-env-tools/bin/pet server
2026-05-15 19:27:45.077 [error] [pet] Process error: A system error occurred (spawn /home/dev/.antigravity/extensions/ms-python.python-2026.4.0-universal/python-env-tools/bin/pet ENOENT)
2026-05-15 19:27:45.649 [warning] [pet] Restarting Python Environment Tools (attempt 1/3, waiting 1000ms)
2026-05-15 19:27:47.063 [info] [pet] Starting Python Locator /home/dev/.antigravity/extensions/ms-python.python-2026.4.0-universal/python-env-tools/bin/pet server
2026-05-15 19:27:47.063 [info] [pet] Python Environment Tools restarted successfully
2026-05-15 19:27:47.065 [info] [pet] configure: Sending configuration update: {"workspaceDirectories":["/home/dev/Documents/Dev/Tradingview"],"environmentDirectories":["/home/dev/Documents/Dev/Tradingview/**/.venv"],"pipenvExecutable":"pipenv","poetryExecutable":"poetry","cacheDirectory":"/home/dev/.config/Antigravity/User/globalStorage/ms-python.vscode-python-envs/pythonLocator"}
2026-05-15 19:27:47.065 [error] [pet] Process error: A system error occurred (spawn /home/dev/.antigravity/extensions/ms-python.python-2026.4.0-universal/python-env-tools/bin/pet ENOENT)
2026-05-15 19:28:02.451 [info] Python-envs extension version: 1.20.1
2026-05-15 19:28:02.451 [info] 
=== Python Envs Configuration Levels ===
2026-05-15 19:28:02.451 [info] {
  "section": "Python Envs Configuration Levels",
  "defaultEnvManager": {
    "workspaceFolderValue": "undefined",
    "workspaceValue": "undefined",
    "globalValue": "undefined",
    "defaultValue": "ms-python.python:venv"
  },
  "defaultPackageManager": {
    "workspaceFolderValue": "undefined",
    "workspaceValue": "undefined",
    "globalValue": "undefined",
    "defaultValue": "ms-python.python:pip"
  }
}
2026-05-15 19:28:02.451 [info] [pet] Starting Python Locator /home/dev/.antigravity/extensions/ms-python.python-2026.4.0-universal/python-env-tools/bin/pet server
2026-05-15 19:28:02.451 [error] [pet] Process error: A system error occurred (spawn /home/dev/.antigravity/extensions/ms-python.python-2026.4.0-universal/python-env-tools/bin/pet ENOENT)
2026-05-15 19:28:02.916 [warning] [pet] Restarting Python Environment Tools (attempt 1/3, waiting 1000ms)
2026-05-15 19:28:04.048 [info] [pet] Starting Python Locator /home/dev/.antigravity/extensions/ms-python.python-2026.4.0-universal/python-env-tools/bin/pet server
2026-05-15 19:28:04.048 [info] [pet] Python Environment Tools restarted successfully
2026-05-15 19:28:04.050 [info] [pet] configure: Sending configuration update: {"workspaceDirectories":[],"environmentDirectories":[],"pipenvExecutable":"pipenv","poetryExecutable":"poetry","cacheDirectory":"/home/dev/.config/Antigravity/User/globalStorage/ms-python.vscode-python-envs/pythonLocator"}
2026-05-15 19:28:04.050 [error] [pet] Process error: A system error occurred (spawn /home/dev/.antigravity/extensions/ms-python.python-2026.4.0-universal/python-env-tools/bin/pet ENOENT)
