2026-05-17 04:20:29.858 [info] [tsrelay] url: http://127.0.0.1:45379
2026-05-17 04:20:29.858 [info] websocket is open
2026-05-17 04:20:29.861 [info] [serve-status] Funnel is off
2026-05-17 04:20:29.861 [info] [serve-status] HTTPS is off
2026-05-17 04:20:29.894 [info] [tsrelay] initial ports are set
2026-05-17 04:20:30.198 [info] terminal opened
2026-05-17 04:20:30.286 [info] pid is 215010
2026-05-17 04:20:30.286 [info] pid sent
2026-05-17 04:20:42.273 [info] shutting down tsrelay
2026-05-17 04:20:42.275 [warning] [tsrelay] child process exited with code null
2026-05-17 04:20:44.207 [info] [tsrelay] url: http://127.0.0.1:40317
2026-05-17 04:20:44.207 [info] websocket is open
2026-05-17 04:20:44.207 [info] [serve-status] Funnel is off
2026-05-17 04:20:44.207 [info] [serve-status] HTTPS is off
2026-05-17 04:20:44.207 [info] [tsrelay] initial ports are set
2026-05-17 04:20:44.601 [info] terminal opened
2026-05-17 04:20:44.930 [info] pid is 215305
2026-05-17 04:20:44.930 [info] pid sent
2026-05-17 04:24:22.600 [info] terminal opened
2026-05-17 04:24:22.803 [info] pid is 216753
2026-05-17 04:24:22.803 [info] pid sent
2026-05-17 04:24:38.172 [info] got message
2026-05-17 04:24:38.172 [info] msg is newPort
2026-05-17 05:12:25.530 [info] terminal opened
2026-05-17 05:12:25.589 [info] pid is 255465
2026-05-17 05:12:25.589 [info] pid sent
2026-05-17 06:28:54.122 [info] shutting down tsrelay
2026-05-17 06:28:54.126 [warning] [tsrelay] child process exited with code null
2026-05-17 06:28:54.129 [info] websocket is closed
