2026-05-15 18:47:24.420 [info] To enable debug logging, run "GitLens: Enable Debug Logging" or "Developer: Set Log Level..." from the Command Palette
2026-05-15 18:47:24.420 [info]    [            1] GitLens v17.12.2  activating in Antigravity (1.107.0) on the desktop; mode=production,language='en', logLevel='info', defaultDateLocale='null' (antigravity|fba7d0e441f79ff4c5be727cba943b67ef55086d924406756b80b02747a938ee|e14dbb8c-2651-4367-bfb9-4f56d786e55d1778856441576)
2026-05-15 18:47:24.420 [info]    [            1] GitLens v17.12.2 activated [61ms]
2026-05-15 18:47:24.420 [info]    [IPC          ] Server started on http://127.0.0.1:40107
2026-05-15 18:47:33.292 [info] To enable debug logging, run "GitLens: Enable Debug Logging" or "Developer: Set Log Level..." from the Command Palette
2026-05-15 18:47:33.292 [info]    [            1] GitLens v17.12.2  activating in Antigravity (1.107.0) on the desktop; mode=production,language='en', logLevel='info', defaultDateLocale='null' (antigravity|fba7d0e441f79ff4c5be727cba943b67ef55086d924406756b80b02747a938ee|e8a74e4d-25ef-4c4b-99b8-880bb76082371778856450715)
2026-05-15 18:47:33.292 [info]    [            1] GitLens v17.12.2 activated [77ms]
2026-05-15 18:47:34.165 [info]    [   6f →    70] GlCliGitProvider.findGit Git (2.53.0) found in /usr/bin/git [948ms]
2026-05-15 18:47:34.167 [info]    [   6f →    9a] GlCliGitProvider.repositorySearch(/home/dev/Documents/Dev/scalping_bot_v2) searching (depth=1)...
2026-05-15 18:47:34.228 [info]    [GIT      60ms] [/home/dev/Documents/Dev/scalping_bot_v2] git rev-parse --show-toplevel --git-dir --git-common-dir --show-superproject-working-tree [60ms]
2026-05-15 18:47:34.232 [info]    [IPC          ] Server started on http://127.0.0.1:42181
2026-05-15 18:47:34.238 [info]    [   6f →    9a] GlCliGitProvider.repositorySearch(/home/dev/Documents/Dev/scalping_bot_v2) found root repository in '/home/dev/Documents/Dev/scalping_bot_v2'
2026-05-15 18:47:35.150 [info]    [GIT      41ms] [/home/dev/Documents/Dev/scalping_bot_v2] git rev-parse --show-toplevel --git-dir --git-common-dir --show-superproject-working-tree [41ms]
2026-05-15 18:47:35.508 [warning] [   74 →    75] GitProviderService.getOrOpenRepository(e=Uri(file:///home/dev/Documents/Dev/scalping_bot_v2), t={"detectNested":true}) returned GlRepository(/home/dev/Documents/Dev/scalping_bot_v2|1) [*2283ms] (slow)
2026-05-15 18:47:36.122 [warning] [   78 →    91] GitHubIntegration.isConnected returned false [*2858ms] (slow)
2026-05-15 18:47:36.140 [info]    [GIT      14ms] [/home/dev/Documents/Dev/scalping_bot_v2] git remote -v [14ms]
2026-05-15 18:47:36.152 [info]    [GIT      10ms] [/home/dev/Documents/Dev/scalping_bot_v2] git config --get -f /home/dev/Documents/Dev/scalping_bot_v2/.git/gk/config gk.defaultRemote [10ms]
2026-05-15 18:47:36.153 [warning] [   6d →    b1] RemotesGitSubProvider.getRemotes(repoPath=/home/dev/Documents/Dev/scalping_bot_v2) completed [*1811ms] (slow)
2026-05-15 18:48:09.370 [info]    [GIT      25ms] [/home/dev/Documents/Dev/scalping_bot_v2] git rev-list --max-parents=0 HEAD -- [25ms]
2026-05-15 18:48:11.371 [warning] [GIT          ] [/home/dev/Documents/Dev/scalping_bot_v2] git shortlog -s --all --no-min-parents --since=1.year.ago · ABORTED after 2024ms (timeout)
2026-05-15 18:48:11.371 [error]   [GIT          ] [/home/dev/Documents/Dev/scalping_bot_v2] git shortlog -s --all --no-min-parents --since=1.year.ago · cancelled [2025ms] (slow)
2026-05-15 18:48:11.371 [error] CancellationError: Operation cancelled; command=/usr/bin/git -c core.quotepath=false -c color.ui=false shortlog -s --all --no-min-parents --since=1.year.ago   [   b5 →   102] ContributorsGitSubProvider.getContributorsStats 
2026-05-15 18:48:11.372 [warning] [   b5 →   102] ContributorsGitSubProvider.getContributorsStats(e=/home/dev/Documents/Dev/scalping_bot_v2, t={"since":"1.year.ago"}, i=undefined, r=2000) completed [*2026ms] (slow)
