Error loading "hint" package from "/home/dev/AI_Workflow"
Trying to load shared version
Found hint at /home/dev/.config/Antigravity/User/globalStorage/ms-edgedevtools.vscode-edge-devtools/node_modules/hint/dist/src/lib/index.js
Checking if shared version of "hint" needs updated
npm verb cli /usr/bin/node /usr/bin/npm
npm info using npm@9.2.0
npm info using node@v22.22.1
npm verb title npm install @hint/configuration-development@latest hint@latest typescript@latest
npm verb argv "install" "@hint/configuration-development@latest" "hint@latest" "typescript@latest" "--save-dev" "--loglevel" "verbose"
npm verb logfile logs-max:10 dir:/home/dev/.npm/_logs/2026-05-20T19_17_06_553Z-
npm verb logfile /home/dev/.npm/_logs/2026-05-20T19_17_06_553Z-debug-0.log
npm http fetch GET 200 https://registry.npmjs.org/hint 379ms (cache revalidated)
npm http fetch GET 200 https://registry.npmjs.org/typescript 407ms (cache revalidated)
npm http fetch GET 200 https://registry.npmjs.org/@hint%2fconfiguration-development 750ms (cache revalidated)
npm verb reify failed optional dependency /home/dev/.config/Antigravity/User/globalStorage/ms-edgedevtools.vscode-edge-devtools/node_modules/fsevents
npm WARN deprecated npmlog@5.0.1: This package is no longer supported.
npm WARN deprecated are-we-there-yet@2.0.0: This package is no longer supported.
npm WARN deprecated gauge@3.0.2: This package is no longer supported.
npm info run canvas@2.11.2 install node_modules/canvas node-pre-gyp install --fallback-to-build --update-binary
npm http fetch POST 200 https://registry.npmjs.org/-/npm/v1/security/advisories/bulk 291ms
npm http fetch GET 200 https://registry.npmjs.org/ws 77ms (cache revalidated)
npm http fetch GET 200 https://registry.npmjs.org/file-type 89ms (cache revalidated)
npm http fetch GET 200 https://registry.npmjs.org/@tootallnate%2fonce 98ms (cache revalidated)
npm http fetch GET 200 https://registry.npmjs.org/fast-xml-parser 119ms (cache revalidated)
npm http fetch GET 200 https://registry.npmjs.org/tar-fs 122ms (cache revalidated)
npm http fetch GET 200 https://registry.npmjs.org/tar 125ms (cache revalidated)
npm http fetch GET 200 https://registry.npmjs.org/got 135ms (cache revalidated)
npm http fetch GET 200 https://registry.npmjs.org/http-proxy-agent 35ms (cache revalidated)
npm http fetch GET 200 https://registry.npmjs.org/is-svg 33ms (cache revalidated)
npm http fetch GET 200 https://registry.npmjs.org/@hint%2futils 412ms (cache revalidated)
npm http fetch GET 200 https://registry.npmjs.org/package-json 26ms (cache revalidated)
npm http fetch GET 200 https://registry.npmjs.org/puppeteer-core 309ms (cache updated)
npm http fetch GET 200 https://registry.npmjs.org/cacache 40ms (cache updated)
npm http fetch GET 200 https://registry.npmjs.org/@mapbox%2fnode-pre-gyp 50ms (cache revalidated)
npm http fetch GET 200 https://registry.npmjs.org/jsdom 28ms (cache revalidated)
npm http fetch GET 200 https://registry.npmjs.org/make-fetch-happen 41ms (cache updated)
npm http fetch GET 200 https://registry.npmjs.org/@hint%2fhint-content-type 219ms (cache revalidated)
npm http fetch GET 200 https://registry.npmjs.org/@hint%2fconnector-jsdom 228ms (cache revalidated)
npm http fetch GET 200 https://registry.npmjs.org/@hint%2fconnector-puppeteer 229ms (cache revalidated)
npm http fetch GET 200 https://registry.npmjs.org/@hint%2fhint-image-optimization-cloudinary 260ms (cache revalidated)
npm http fetch GET 200 https://registry.npmjs.org/@hint%2fhint-ssllabs 274ms (cache revalidated)
npm info run canvas@2.11.2 install { code: 1, signal: null }
npm verb reify failed optional dependency /home/dev/.config/Antigravity/User/globalStorage/ms-edgedevtools.vscode-edge-devtools/node_modules/canvas
npm verb reify failed optional dependency /home/dev/.config/Antigravity/User/globalStorage/ms-edgedevtools.vscode-edge-devtools/node_modules/@mapbox/node-pre-gyp
npm verb reify failed optional dependency /home/dev/.config/Antigravity/User/globalStorage/ms-edgedevtools.vscode-edge-devtools/node_modules/nan
npm verb reify failed optional dependency /home/dev/.config/Antigravity/User/globalStorage/ms-edgedevtools.vscode-edge-devtools/node_modules/simple-get
npm verb reify failed optional dependency /home/dev/.config/Antigravity/User/globalStorage/ms-edgedevtools.vscode-edge-devtools/node_modules/detect-libc
npm verb reify failed optional dependency /home/dev/.config/Antigravity/User/globalStorage/ms-edgedevtools.vscode-edge-devtools/node_modules/nopt
npm verb reify failed optional dependency /home/dev/.config/Antigravity/User/globalStorage/ms-edgedevtools.vscode-edge-devtools/node_modules/npmlog
npm verb reify failed optional dependency /home/dev/.config/Antigravity/User/globalStorage/ms-edgedevtools.vscode-edge-devtools/node_modules/simple-get/node_modules/decompress-response
npm verb reify failed optional dependency /home/dev/.config/Antigravity/User/globalStorage/ms-edgedevtools.vscode-edge-devtools/node_modules/simple-concat
npm verb reify failed optional dependency /home/dev/.config/Antigravity/User/globalStorage/ms-edgedevtools.vscode-edge-devtools/node_modules/abbrev
npm verb reify failed optional dependency /home/dev/.config/Antigravity/User/globalStorage/ms-edgedevtools.vscode-edge-devtools/node_modules/are-we-there-yet
npm verb reify failed optional dependency /home/dev/.config/Antigravity/User/globalStorage/ms-edgedevtools.vscode-edge-devtools/node_modules/console-control-strings
npm verb reify failed optional dependency /home/dev/.config/Antigravity/User/globalStorage/ms-edgedevtools.vscode-edge-devtools/node_modules/gauge
npm verb reify failed optional dependency /home/dev/.config/Antigravity/User/globalStorage/ms-edgedevtools.vscode-edge-devtools/node_modules/set-blocking
npm verb reify failed optional dependency /home/dev/.config/Antigravity/User/globalStorage/ms-edgedevtools.vscode-edge-devtools/node_modules/simple-get/node_modules/mimic-response
npm verb reify failed optional dependency /home/dev/.config/Antigravity/User/globalStorage/ms-edgedevtools.vscode-edge-devtools/node_modules/delegates
npm verb reify failed optional dependency /home/dev/.config/Antigravity/User/globalStorage/ms-edgedevtools.vscode-edge-devtools/node_modules/aproba
npm verb reify failed optional dependency /home/dev/.config/Antigravity/User/globalStorage/ms-edgedevtools.vscode-edge-devtools/node_modules/color-support
npm verb reify failed optional dependency /home/dev/.config/Antigravity/User/globalStorage/ms-edgedevtools.vscode-edge-devtools/node_modules/has-unicode
npm verb reify failed optional dependency /home/dev/.config/Antigravity/User/globalStorage/ms-edgedevtools.vscode-edge-devtools/node_modules/object-assign
npm verb reify failed optional dependency /home/dev/.config/Antigravity/User/globalStorage/ms-edgedevtools.vscode-edge-devtools/node_modules/gauge/node_modules/string-width
npm verb reify failed optional dependency /home/dev/.config/Antigravity/User/globalStorage/ms-edgedevtools.vscode-edge-devtools/node_modules/wide-align
npm verb reify failed optional dependency /home/dev/.config/Antigravity/User/globalStorage/ms-edgedevtools.vscode-edge-devtools/node_modules/gauge/node_modules/emoji-regex
npm verb reify failed optional dependency /home/dev/.config/Antigravity/User/globalStorage/ms-edgedevtools.vscode-edge-devtools/node_modules/wide-align/node_modules/string-width
npm verb reify failed optional dependency /home/dev/.config/Antigravity/User/globalStorage/ms-edgedevtools.vscode-edge-devtools/node_modules/wide-align/node_modules/emoji-regex
npm http fetch GET 200 https://registry.npmjs.org/@hint%2fformatter-stylish 574ms (cache revalidated)
npm http fetch GET 200 https://registry.npmjs.org/@hint%2fformatter-summary 575ms (cache revalidated)
npm http fetch GET 200 https://registry.npmjs.org/@hint%2fhint-no-vulnerable-javascript-libraries 574ms (cache revalidated)
npm http fetch GET 200 https://registry.npmjs.org/@hint%2fparser-javascript 575ms (cache revalidated)
npm http fetch GET 200 https://registry.npmjs.org/@hint%2fformatter-json 578ms (cache revalidated)
npm http fetch GET 200 https://registry.npmjs.org/@hint%2fhint-typescript-config 576ms (cache revalidated)
npm http fetch GET 200 https://registry.npmjs.org/@hint%2fformatter-html 581ms (cache revalidated)
npm http fetch GET 200 https://registry.npmjs.org/@hint%2fconnector-local 583ms (cache revalidated)
npm http fetch GET 200 https://registry.npmjs.org/@hint%2fhint-no-bom 580ms (cache revalidated)
npm http fetch GET 200 https://registry.npmjs.org/@hint%2fhint-html-checker 582ms (cache revalidated)
npm http fetch GET 200 https://registry.npmjs.org/@hint%2fhint-http-compression 583ms (cache revalidated)
npm http fetch GET 200 https://registry.npmjs.org/@hint%2fparser-webpack-config 641ms (cache revalidated)
npm http fetch GET 200 https://registry.npmjs.org/@hint%2futils-connector-tools 652ms (cache revalidated)
npm http fetch GET 200 https://registry.npmjs.org/@hint%2futils-network 675ms (cache revalidated)
npm http fetch GET 200 https://registry.npmjs.org/latest-version 30ms (cache revalidated)
npm http fetch GET 200 https://registry.npmjs.org/npm-registry-fetch 26ms (cache revalidated)
npm http fetch GET 200 https://registry.npmjs.org/@hint%2fconfiguration-progressive-web-apps 334ms (cache revalidated)
npm http fetch GET 200 https://registry.npmjs.org/@hint%2fhint-create-element-svg 335ms (cache revalidated)
npm http fetch GET 200 https://registry.npmjs.org/@hint%2fhint-button-type 337ms (cache revalidated)
npm http fetch GET 200 https://registry.npmjs.org/@hint%2fconfiguration-accessibility 344ms (cache revalidated)
npm http fetch GET 200 https://registry.npmjs.org/@hint%2fhint-highest-available-document-mode 345ms (cache revalidated)
npm http fetch GET 200 https://registry.npmjs.org/@hint%2fhint-manifest-app-name 350ms (cache revalidated)
npm http fetch GET 200 https://registry.npmjs.org/@hint%2fhint-http-cache 352ms (cache revalidated)
npm http fetch GET 200 https://registry.npmjs.org/@hint%2fhint-detect-css-reflows 355ms (cache revalidated)
npm http fetch GET 200 https://registry.npmjs.org/@hint%2fhint-axe 360ms (cache revalidated)
npm http fetch GET 200 https://registry.npmjs.org/@hint%2fhint-disown-opener 363ms (cache revalidated)
npm http fetch GET 200 https://registry.npmjs.org/@hint%2fhint-manifest-file-extension 488ms (cache revalidated)
npm http fetch GET 200 https://registry.npmjs.org/@hint%2fhint-leading-dot-classlist 493ms (cache revalidated)
npm http fetch GET 200 https://registry.npmjs.org/@hint%2fhint-meta-viewport 506ms (cache revalidated)
npm http fetch GET 200 https://registry.npmjs.org/@hint%2fhint-manifest-is-valid 509ms (cache revalidated)
npm http fetch GET 200 https://registry.npmjs.org/@hint%2fhint-no-inline-styles 525ms (cache revalidated)
npm http fetch GET 200 https://registry.npmjs.org/@hint%2fhint-compat-api 600ms (cache revalidated)
npm http fetch GET 200 https://registry.npmjs.org/@hint%2fhint-babel-config 601ms (cache revalidated)
npm http fetch GET 200 https://registry.npmjs.org/@hint%2fconfiguration-web-recommended 607ms (cache revalidated)
npm http fetch GET 200 https://registry.npmjs.org/@hint%2fhint-no-html-only-headers 646ms (cache revalidated)
npm http fetch GET 200 https://registry.npmjs.org/@hint%2fhint-scoped-svg-styles 660ms (cache revalidated)
npm http fetch GET 200 https://registry.npmjs.org/@hint%2fhint-css-prefix-order 680ms (cache revalidated)
npm http fetch GET 200 https://registry.npmjs.org/@hint%2fhint-strict-transport-security 690ms (cache revalidated)
npm http fetch GET 200 https://registry.npmjs.org/@hint%2fhint-webpack-config 747ms (cache revalidated)
npm http fetch GET 200 https://registry.npmjs.org/@hint%2fhint-meta-charset-utf-8 770ms (cache revalidated)
npm http fetch GET 200 https://registry.npmjs.org/@hint%2fhint-no-http-redirects 779ms (cache revalidated)
npm http fetch GET 200 https://registry.npmjs.org/@hint%2fhint-no-friendly-error-pages 812ms (cache revalidated)
npm http fetch GET 200 https://registry.npmjs.org/@hint%2fhint-x-content-type-options 811ms (cache revalidated)
npm http fetch GET 200 https://registry.npmjs.org/@hint%2fhint-no-disallowed-headers 826ms (cache revalidated)
npm http fetch GET 200 https://registry.npmjs.org/@hint%2fhint-stylesheet-limits 848ms (cache revalidated)
npm http fetch GET 200 https://registry.npmjs.org/@hint%2fhint-apple-touch-icons 867ms (cache revalidated)
npm http fetch GET 200 https://registry.npmjs.org/@hint%2fhint-no-protocol-relative-urls 893ms (cache revalidated)
npm http fetch GET 200 https://registry.npmjs.org/@hint%2fhint-sri 916ms (cache revalidated)
npm http fetch GET 200 https://registry.npmjs.org/@hint%2fparser-manifest 920ms (cache revalidated)
npm http fetch GET 200 https://registry.npmjs.org/@hint%2fparser-jsx 964ms (cache revalidated)
npm http fetch GET 200 https://registry.npmjs.org/@hint%2fhint-manifest-exists 979ms (cache revalidated)
npm http fetch GET 200 https://registry.npmjs.org/@hint%2fparser-typescript 978ms (cache revalidated)
npm http fetch GET 200 https://registry.npmjs.org/@hint%2fhint-validate-set-cookie-header 1002ms (cache revalidated)
npm http fetch GET 200 https://registry.npmjs.org/@hint%2fparser-css 1011ms (cache revalidated)
npm http fetch GET 200 https://registry.npmjs.org/@hint%2fparser-html 1154ms (cache revalidated)
npm http fetch GET 200 https://registry.npmjs.org/@hint%2fparser-typescript-config 1234ms (cache revalidated)
npm http fetch GET 200 https://registry.npmjs.org/@hint%2fparser-babel-config 1303ms (cache revalidated)
npm http fetch GET 200 https://registry.npmjs.org/@hint%2fparser-less 1333ms (cache revalidated)
npm http fetch GET 200 https://registry.npmjs.org/@hint%2fparser-sass 1423ms (cache revalidated)
npm http fetch GET 200 https://registry.npmjs.org/@hint%2futils-json 448ms (cache revalidated)
npm http fetch GET 200 https://registry.npmjs.org/update-notifier 34ms (cache revalidated)

up to date, audited 554 packages in 6s

97 packages are looking for funding
  run `npm fund` for details

83 vulnerabilities (4 low, 72 moderate, 7 high)

To address issues that do not require attention, run:
  npm audit fix

To address all issues (including breaking changes), run:
  npm audit fix --force

Run `npm audit` for details.
npm verb exit 0
npm info ok 
