2026-05-17 17:22:35.641 [info] Reading sessions from keychain...
2026-05-17 17:22:35.641 [info] Getting sessions for all scopes...
2026-05-17 17:22:35.641 [info] Got stored sessions!
2026-05-17 17:22:35.641 [info] Got 1 verified sessions.
2026-05-17 17:22:35.641 [info] Got 1 sessions for ...
2026-05-17 17:22:35.641 [info] Getting sessions for all scopes...
2026-05-17 17:22:35.641 [info] Got 1 sessions for ...
2026-05-17 17:22:35.641 [info] Getting sessions for all scopes...
2026-05-17 17:22:35.641 [info] Got 1 sessions for ...
2026-05-17 17:22:35.641 [info] Getting sessions for read:user,repo,user:email...
2026-05-17 17:22:35.641 [info] Got 0 sessions for read:user,repo,user:email...
2026-05-17 17:22:35.679 [info] Getting sessions for read:user,repo,user:email...
2026-05-17 17:22:35.679 [info] Got 0 sessions for read:user,repo,user:email...
2026-05-17 17:22:35.863 [info] Getting sessions for all scopes...
2026-05-17 17:22:35.863 [info] Got 1 sessions for ...
2026-05-17 17:22:35.881 [info] Getting sessions for all scopes...
2026-05-17 17:22:35.881 [info] Got 1 sessions for ...
2026-05-17 17:22:37.448 [info] FetcherService: Electron fetch failed with status: 401 
2026-05-17 17:22:38.275 [info] FetcherService: Node fetch failed with status: 401 Unauthorized
2026-05-17 17:22:39.119 [info] FetcherService: Node http/s failed with status: 401 Unauthorized
2026-05-17 17:27:03.478 [info] Getting sessions for all scopes...
2026-05-17 17:27:03.479 [info] Got 1 sessions for ...
2026-05-17 18:06:36.238 [info] Getting sessions for all scopes...
2026-05-17 18:06:36.238 [info] Got 1 sessions for ...
2026-05-17 18:22:49.331 [info] Getting sessions for all scopes...
2026-05-17 18:22:49.331 [info] Got 1 sessions for ...
2026-05-17 18:22:55.737 [info] Getting sessions for all scopes...
2026-05-17 18:22:55.737 [info] Got 1 sessions for ...
2026-05-17 18:33:07.623 [info] Getting sessions for all scopes...
2026-05-17 18:33:07.623 [info] Got 1 sessions for ...
2026-05-17 18:33:30.893 [info] Getting sessions for all scopes...
2026-05-17 18:33:30.893 [info] Got 1 sessions for ...
2026-05-17 18:34:03.830 [info] Getting sessions for all scopes...
2026-05-17 18:34:03.830 [info] Got 1 sessions for ...
2026-05-17 18:34:16.227 [info] Getting sessions for all scopes...
2026-05-17 18:34:16.227 [info] Got 1 sessions for ...
2026-05-17 18:34:57.539 [info] Getting sessions for read:user,repo,user:email...
2026-05-17 18:34:57.539 [info] Got 0 sessions for read:user,repo,user:email...
2026-05-17 18:50:36.544 [info] Getting sessions for read:user,repo,user:email...
2026-05-17 18:50:36.544 [info] Got 0 sessions for read:user,repo,user:email...
2026-05-17 19:11:16.586 [info] Getting sessions for read:user,repo,user:email...
2026-05-17 19:11:16.586 [info] Got 0 sessions for read:user,repo,user:email...
2026-05-17 19:29:59.641 [info] Getting sessions for all scopes...
2026-05-17 19:29:59.641 [info] Got 1 sessions for ...
2026-05-17 19:34:40.058 [info] Getting sessions for read:user,repo,user:email...
2026-05-17 19:34:40.058 [info] Got 0 sessions for read:user,repo,user:email...
2026-05-17 19:40:02.810 [info] Getting sessions for read:user,repo,user:email...
2026-05-17 19:40:02.810 [info] Got 0 sessions for read:user,repo,user:email...
2026-05-17 19:40:03.568 [info] Getting sessions for all scopes...
2026-05-17 19:40:03.569 [info] Got 1 sessions for ...
2026-05-17 20:28:43.814 [info] Getting sessions for all scopes...
2026-05-17 20:28:43.815 [info] Got 1 sessions for ...
2026-05-17 20:28:55.667 [info] Getting sessions for all scopes...
2026-05-17 20:28:55.667 [info] Got 1 sessions for ...
2026-05-17 20:31:26.564 [info] Getting sessions for read:user,repo,user:email...
2026-05-17 20:31:26.564 [info] Got 0 sessions for read:user,repo,user:email...
2026-05-17 20:35:44.218 [info] Getting sessions for all scopes...
2026-05-17 20:35:44.218 [info] Got 1 sessions for ...
2026-05-17 20:36:01.831 [info] Getting sessions for all scopes...
2026-05-17 20:36:01.831 [info] Got 1 sessions for ...
2026-05-17 20:36:08.392 [info] Getting sessions for all scopes...
2026-05-17 20:36:08.392 [info] Got 1 sessions for ...
2026-05-17 20:36:20.516 [info] Getting sessions for all scopes...
2026-05-17 20:36:20.516 [info] Got 1 sessions for ...
2026-05-17 20:37:25.262 [info] Getting sessions for all scopes...
2026-05-17 20:37:25.262 [info] Got 1 sessions for ...
2026-05-17 20:44:39.221 [info] Getting sessions for read:user,repo,user:email...
2026-05-17 20:44:39.221 [info] Got 0 sessions for read:user,repo,user:email...
2026-05-17 20:47:25.972 [info] Getting sessions for all scopes...
2026-05-17 20:47:25.972 [info] Got 1 sessions for ...
2026-05-17 20:47:28.002 [info] Getting sessions for all scopes...
2026-05-17 20:47:28.002 [info] Got 1 sessions for ...
2026-05-17 20:47:41.343 [info] Getting sessions for read:user,repo,user:email...
2026-05-17 20:47:41.343 [info] Got 0 sessions for read:user,repo,user:email...
2026-05-17 20:47:46.329 [info] Getting sessions for repo,workflow...
2026-05-17 20:47:46.329 [info] Got 0 sessions for repo,workflow...
2026-05-17 20:47:46.367 [info] Getting sessions for repo,workflow...
2026-05-17 20:47:46.367 [info] Got 0 sessions for repo,workflow...
2026-05-17 20:47:46.374 [info] Getting sessions for repo,workflow...
2026-05-17 20:47:46.375 [info] Got 0 sessions for repo,workflow...
2026-05-17 20:47:46.403 [info] Getting sessions for repo,workflow...
2026-05-17 20:47:46.403 [info] Got 0 sessions for repo,workflow...
2026-05-17 20:47:49.887 [info] Getting sessions for repo,workflow...
2026-05-17 20:47:49.887 [info] Got 0 sessions for repo,workflow...
2026-05-17 20:47:51.131 [info] Logging in with 'any' account...
2026-05-17 20:47:51.131 [info] Logging in for the following scopes: repo workflow
2026-05-17 20:47:51.147 [info] Trying device code flow... (repo workflow)
2026-05-17 20:48:13.740 [info] Getting user info...
2026-05-17 20:48:14.091 [info] Got account info!
2026-05-17 20:48:14.091 [info] Storing 2 sessions...
2026-05-17 20:48:14.094 [info] Reading sessions from keychain...
2026-05-17 20:48:14.094 [info] Stored 2 sessions!
2026-05-17 20:48:14.094 [info] Login success!
2026-05-17 20:48:14.098 [info] Got stored sessions!
2026-05-17 20:48:14.098 [info] Got 2 verified sessions.
2026-05-17 20:48:14.108 [info] Getting sessions for read:user,repo,user:email...
2026-05-17 20:48:14.108 [info] Got 0 sessions for read:user,repo,user:email...
2026-05-17 20:48:14.111 [info] Getting sessions for read:user,repo,user:email...
2026-05-17 20:48:14.111 [info] Got 0 sessions for read:user,repo,user:email...
2026-05-17 20:48:14.113 [info] Getting sessions for read:user,repo,user:email...
2026-05-17 20:48:14.113 [info] Got 0 sessions for read:user,repo,user:email...
2026-05-17 20:48:14.114 [info] Getting sessions for read:user,repo,user:email...
2026-05-17 20:48:14.114 [info] Got 0 sessions for read:user,repo,user:email...
2026-05-17 20:48:14.115 [info] Getting sessions for read:user,repo,user:email...
2026-05-17 20:48:14.116 [info] Got 0 sessions for read:user,repo,user:email...
2026-05-17 20:48:20.150 [info] Getting sessions for repo,workflow...
2026-05-17 20:48:20.151 [info] Got 1 sessions for repo,workflow...
2026-05-17 20:48:20.514 [info] Getting sessions for repo,workflow...
2026-05-17 20:48:20.514 [info] Got 1 sessions for repo,workflow...
2026-05-17 20:48:23.156 [info] Getting sessions for repo,workflow...
2026-05-17 20:48:23.156 [info] Got 1 sessions for repo,workflow...
2026-05-17 20:48:23.634 [info] Getting sessions for repo,workflow...
2026-05-17 20:48:23.635 [info] Got 1 sessions for repo,workflow...
2026-05-17 20:48:23.637 [info] Getting sessions for repo,workflow...
2026-05-17 20:48:23.637 [info] Got 1 sessions for repo,workflow...
2026-05-17 20:48:46.419 [info] Getting sessions for read:user,repo,user:email...
2026-05-17 20:48:46.419 [info] Got 0 sessions for read:user,repo,user:email...
2026-05-17 20:48:52.205 [info] Getting sessions for all scopes...
2026-05-17 20:48:52.205 [info] Got 2 sessions for ...
2026-05-17 20:49:09.806 [info] Getting sessions for all scopes...
2026-05-17 20:49:09.806 [info] Got 2 sessions for ...
2026-05-17 20:49:44.936 [info] Getting sessions for all scopes...
2026-05-17 20:49:44.936 [info] Got 2 sessions for ...
2026-05-17 20:49:46.659 [info] Getting sessions for all scopes...
2026-05-17 20:49:46.659 [info] Got 2 sessions for ...
2026-05-17 20:49:48.195 [info] Getting sessions for all scopes...
2026-05-17 20:49:48.195 [info] Got 2 sessions for ...
2026-05-17 20:49:48.717 [info] Getting sessions for all scopes...
2026-05-17 20:49:48.717 [info] Got 2 sessions for ...
2026-05-17 20:50:55.133 [info] Getting sessions for all scopes...
2026-05-17 20:50:55.133 [info] Got 2 sessions for ...
2026-05-17 20:51:34.250 [info] Getting sessions for all scopes...
2026-05-17 20:51:34.250 [info] Got 2 sessions for ...
2026-05-17 20:56:59.053 [info] Getting sessions for read:user,repo,user:email...
2026-05-17 20:56:59.054 [info] Got 0 sessions for read:user,repo,user:email...
2026-05-17 20:59:43.327 [info] Getting sessions for all scopes...
2026-05-17 20:59:43.327 [info] Got 2 sessions for ...
2026-05-17 21:13:37.023 [info] Getting sessions for read:user,repo,user:email...
2026-05-17 21:13:37.024 [info] Got 0 sessions for read:user,repo,user:email...
