2026-05-15 18:47:24.596 [info] Reading sessions from keychain...
2026-05-15 18:47:24.596 [info] Getting sessions for all scopes...
2026-05-15 18:47:24.596 [info] Got 0 sessions for ...
2026-05-15 18:47:24.596 [info] Getting sessions for all scopes...
2026-05-15 18:47:24.596 [info] Got 0 sessions for ...
2026-05-15 18:47:24.596 [info] Getting sessions for all scopes...
2026-05-15 18:47:24.596 [info] Got 0 sessions for ...
2026-05-15 18:47:24.596 [info] Getting sessions for read:user,repo,user:email...
2026-05-15 18:47:24.596 [info] Got 0 sessions for read:user,repo,user:email...
2026-05-15 18:47:24.644 [info] Getting sessions for all scopes...
2026-05-15 18:47:24.644 [info] Got 0 sessions for ...
2026-05-15 18:47:24.647 [info] Getting sessions for all scopes...
2026-05-15 18:47:24.647 [info] Got 0 sessions for ...
2026-05-15 18:47:36.120 [info] Reading sessions from keychain...
2026-05-15 18:47:36.120 [info] Getting sessions for all scopes...
2026-05-15 18:47:36.120 [info] Got 0 sessions for ...
2026-05-15 18:47:36.120 [info] Getting sessions for all scopes...
2026-05-15 18:47:36.120 [info] Got 0 sessions for ...
2026-05-15 18:47:36.120 [info] Getting sessions for read:user,repo,user:email...
2026-05-15 18:47:36.120 [info] Got 0 sessions for read:user,repo,user:email...
2026-05-15 18:47:36.120 [info] Getting sessions for all scopes...
2026-05-15 18:47:36.120 [info] Got 0 sessions for ...
2026-05-15 18:47:36.124 [info] Getting sessions for read:user,repo,user:email...
2026-05-15 18:47:36.124 [info] Got 0 sessions for read:user,repo,user:email...
