2026-05-17 02:13:00.578 [info] [main] Log level: Info
2026-05-17 02:13:00.578 [info] [main] Validating found git in: "git"
2026-05-17 02:13:00.578 [info] [main] Using git "2.53.0" from "git"
2026-05-17 02:13:00.578 [info] [Model][doInitialScan] Initial repository scan started
2026-05-17 02:13:00.578 [info] [Model][doInitialScan] Initial repository scan completed - repositories (0), closed repositories (0), parent repositories (0), unsafe repositories (0)
2026-05-17 02:13:42.687 [info] [main] Log level: Info
2026-05-17 02:13:42.687 [info] [main] Validating found git in: "git"
2026-05-17 02:13:42.687 [info] [main] Using git "2.53.0" from "git"
2026-05-17 02:13:42.687 [info] [Model][doInitialScan] Initial repository scan started
2026-05-17 02:13:42.687 [info] > git rev-parse --show-toplevel [282ms]
2026-05-17 02:13:42.687 [info] fatal: not a git repository (or any of the parent directories): .git
2026-05-17 02:13:42.743 [info] > git rev-parse --show-toplevel [50ms]
2026-05-17 02:13:42.771 [info] > git rev-parse --git-dir --git-common-dir --show-superproject-working-tree [13ms]
2026-05-17 02:13:42.785 [info] [Model][openRepository] Opened repository (path): /home/dev
2026-05-17 02:13:42.785 [info] [Model][openRepository] Opened repository (real path): /home/dev
2026-05-17 02:13:42.785 [info] [Model][openRepository] Opened repository (kind): repository
2026-05-17 02:13:42.788 [info] [Model][doInitialScan] Initial repository scan completed - repositories (1), closed repositories (0), parent repositories (0), unsafe repositories (0)
2026-05-17 02:13:42.803 [info] > git rev-parse --show-toplevel [4ms]
2026-05-17 02:13:42.803 [info] fatal: not a git repository (or any of the parent directories): .git
2026-05-17 02:13:42.804 [info] > git config --get commit.template [8ms]
2026-05-17 02:13:42.804 [info] > git fetch [20ms]
2026-05-17 02:13:42.825 [info] [Git][getRemotes] No remotes found in the git config file
2026-05-17 02:13:42.825 [info] > git config --get commit.template [5ms]
2026-05-17 02:13:42.832 [info] [Git][getRemotes] No remotes found in the git config file
2026-05-17 02:13:42.832 [info] > git for-each-ref --format=%(refname)%00%(upstream:short)%00%(objectname)%00%(upstream:track)%00%(upstream:remotename)%00%(upstream:remoteref) refs/heads/feat/h-factor-os refs/remotes/feat/h-factor-os [8ms]
2026-05-17 02:13:42.846 [info] > git for-each-ref --format=%(refname)%00%(upstream:short)%00%(objectname)%00%(upstream:track)%00%(upstream:remotename)%00%(upstream:remoteref) refs/heads/feat/h-factor-os refs/remotes/feat/h-factor-os [7ms]
2026-05-17 02:13:42.851 [info] > git for-each-ref --format=%(refname)%00%(upstream:short)%00%(objectname)%00%(upstream:track)%00%(upstream:remotename)%00%(upstream:remoteref) refs/heads/feat/h-factor-os refs/remotes/feat/h-factor-os [20ms]
2026-05-17 02:13:42.853 [info] > git config --get --local branch.feat/h-factor-os.vscode-merge-base [2ms]
2026-05-17 02:13:42.853 [warning] [Git][config] git config failed: Failed to execute git
2026-05-17 02:13:42.858 [info] > git config --get commit.template [13ms]
2026-05-17 02:13:42.863 [info] [Git][getRemotes] No remotes found in the git config file
2026-05-17 02:13:42.863 [info] > git reflog feat/h-factor-os --grep-reflog=branch: Created from *. [5ms]
2026-05-17 02:13:42.868 [info] > git for-each-ref --format=%(refname)%00%(upstream:short)%00%(objectname)%00%(upstream:track)%00%(upstream:remotename)%00%(upstream:remoteref) refs/heads/feat/h-factor-os refs/remotes/feat/h-factor-os [5ms]
2026-05-17 02:13:42.880 [info] > git reflog HEAD --grep-reflog=checkout: moving from .* to feat/h-factor-os [12ms]
2026-05-17 02:13:42.885 [info] > git for-each-ref --sort -committerdate --format %(refname)%00%(objectname)%00%(*objectname) [6ms]
2026-05-17 02:13:42.886 [info] > git for-each-ref --format=%(refname)%00%(upstream:short)%00%(objectname)%00%(upstream:track)%00%(upstream:remotename)%00%(upstream:remoteref) refs/heads/master refs/remotes/master [2ms]
2026-05-17 02:13:43.576 [info] > git status -z -uall [703ms] (cancelled)
2026-05-17 02:13:43.594 [info] > git check-ignore -v -z --stdin [19ms]
2026-05-17 02:13:44.596 [info] > git rev-parse --show-toplevel [2ms]
2026-05-17 02:13:44.596 [info] fatal: not a git repository (or any of the parent directories): .git
2026-05-17 02:13:44.604 [info] > git check-ignore -v -z --stdin [67ms]
2026-05-17 02:13:44.712 [info] > git rev-parse --show-toplevel [9ms]
2026-05-17 02:13:44.712 [info] fatal: not a git repository (or any of the parent directories): .git
2026-05-17 02:13:55.656 [info] [main] Log level: Info
2026-05-17 02:13:55.656 [info] [main] Validating found git in: "git"
2026-05-17 02:13:55.656 [info] [main] Using git "2.53.0" from "git"
2026-05-17 02:13:55.656 [info] [Model][doInitialScan] Initial repository scan started
2026-05-17 02:13:55.656 [info] > git rev-parse --show-toplevel [296ms]
2026-05-17 02:13:55.656 [info] fatal: not a git repository (or any of the parent directories): .git
2026-05-17 02:13:55.664 [info] > git rev-parse --show-toplevel [2ms]
2026-05-17 02:13:55.664 [info] fatal: not a git repository (or any of the parent directories): .git
2026-05-17 02:13:55.664 [warning] [Model][traverseWorkspaceFolder] Unable to read workspace folder '/lost+found': Error: EACCES: permission denied, scandir '/lost+found'
2026-05-17 02:13:55.667 [warning] [Model][traverseWorkspaceFolder] Unable to read workspace folder '/root': Error: EACCES: permission denied, scandir '/root'
2026-05-17 02:13:55.684 [info] > git rev-parse --show-toplevel [10ms]
2026-05-17 02:13:55.684 [info] fatal: not a git repository (or any of the parent directories): .git
2026-05-17 02:13:55.693 [info] > git rev-parse --show-toplevel [2ms]
2026-05-17 02:13:55.693 [info] fatal: not a git repository (or any of the parent directories): .git
2026-05-17 02:13:55.701 [info] > git rev-parse --show-toplevel [1ms]
2026-05-17 02:13:55.701 [info] fatal: not a git repository (or any parent up to mount point /)
Stopping at filesystem boundary (GIT_DISCOVERY_ACROSS_FILESYSTEM not set).
2026-05-17 02:13:55.712 [info] > git rev-parse --show-toplevel [4ms]
2026-05-17 02:13:55.712 [info] fatal: not a git repository (or any of the parent directories): .git
2026-05-17 02:13:55.719 [info] > git rev-parse --show-toplevel [1ms]
2026-05-17 02:13:55.719 [info] fatal: not a git repository (or any of the parent directories): .git
2026-05-17 02:13:55.726 [info] > git rev-parse --show-toplevel [1ms]
2026-05-17 02:13:55.726 [info] fatal: not a git repository (or any of the parent directories): .git
2026-05-17 02:13:55.734 [info] > git rev-parse --show-toplevel [1ms]
2026-05-17 02:13:55.734 [info] fatal: not a git repository (or any of the parent directories): .git
2026-05-17 02:13:55.748 [info] > git rev-parse --show-toplevel [7ms]
2026-05-17 02:13:55.748 [info] fatal: not a git repository (or any of the parent directories): .git
2026-05-17 02:13:55.755 [info] > git rev-parse --show-toplevel [1ms]
2026-05-17 02:13:55.755 [info] fatal: not a git repository (or any parent up to mount point /)
Stopping at filesystem boundary (GIT_DISCOVERY_ACROSS_FILESYSTEM not set).
2026-05-17 02:13:55.761 [info] > git rev-parse --show-toplevel [1ms]
2026-05-17 02:13:55.761 [info] fatal: not a git repository (or any parent up to mount point /)
Stopping at filesystem boundary (GIT_DISCOVERY_ACROSS_FILESYSTEM not set).
2026-05-17 02:13:55.768 [info] > git rev-parse --show-toplevel [1ms]
2026-05-17 02:13:55.768 [info] fatal: not a git repository (or any of the parent directories): .git
2026-05-17 02:13:55.774 [info] > git rev-parse --show-toplevel [1ms]
2026-05-17 02:13:55.774 [info] fatal: not a git repository (or any of the parent directories): .git
2026-05-17 02:13:55.781 [info] > git rev-parse --show-toplevel [1ms]
2026-05-17 02:13:55.781 [info] fatal: not a git repository (or any parent up to mount point /)
Stopping at filesystem boundary (GIT_DISCOVERY_ACROSS_FILESYSTEM not set).
2026-05-17 02:13:55.788 [info] > git rev-parse --show-toplevel [1ms]
2026-05-17 02:13:55.788 [info] fatal: not a git repository (or any parent up to mount point /)
Stopping at filesystem boundary (GIT_DISCOVERY_ACROSS_FILESYSTEM not set).
2026-05-17 02:13:55.796 [info] > git rev-parse --show-toplevel [3ms]
2026-05-17 02:13:55.796 [info] fatal: not a git repository (or any of the parent directories): .git
2026-05-17 02:13:55.804 [info] > git rev-parse --show-toplevel [1ms]
2026-05-17 02:13:55.804 [info] fatal: not a git repository (or any of the parent directories): .git
2026-05-17 02:13:55.807 [info] [Model][doInitialScan] Initial repository scan completed - repositories (0), closed repositories (0), parent repositories (0), unsafe repositories (0)
2026-05-17 02:13:56.155 [info] > git rev-parse --show-toplevel [3ms]
2026-05-17 02:13:56.155 [info] fatal: not a git repository (or any of the parent directories): .git
2026-05-17 02:13:57.206 [info] > git rev-parse --show-toplevel [9ms]
2026-05-17 02:13:57.206 [info] fatal: not a git repository (or any of the parent directories): .git
2026-05-17 02:14:23.955 [info] [main] Log level: Info
2026-05-17 02:14:23.955 [info] [main] Validating found git in: "git"
2026-05-17 02:14:23.955 [info] [main] Using git "2.53.0" from "git"
2026-05-17 02:14:23.955 [info] [Model][doInitialScan] Initial repository scan started
2026-05-17 02:14:23.955 [info] > git rev-parse --show-toplevel [283ms]
2026-05-17 02:14:23.955 [info] fatal: not a git repository (or any of the parent directories): .git
2026-05-17 02:14:23.957 [warning] [Model][traverseWorkspaceFolder] Unable to read workspace folder '/lost+found': Error: EACCES: permission denied, scandir '/lost+found'
2026-05-17 02:14:23.971 [warning] [Model][traverseWorkspaceFolder] Unable to read workspace folder '/root': Error: EACCES: permission denied, scandir '/root'
2026-05-17 02:14:23.985 [info] > git rev-parse --show-toplevel [2ms]
2026-05-17 02:14:23.985 [info] fatal: not a git repository (or any of the parent directories): .git
2026-05-17 02:14:24.002 [info] > git rev-parse --show-toplevel [10ms]
2026-05-17 02:14:24.003 [info] fatal: not a git repository (or any of the parent directories): .git
2026-05-17 02:14:24.012 [info] > git rev-parse --show-toplevel [1ms]
2026-05-17 02:14:24.012 [info] fatal: not a git repository (or any parent up to mount point /)
Stopping at filesystem boundary (GIT_DISCOVERY_ACROSS_FILESYSTEM not set).
2026-05-17 02:14:24.020 [info] > git rev-parse --show-toplevel [2ms]
2026-05-17 02:14:24.020 [info] fatal: not a git repository (or any of the parent directories): .git
2026-05-17 02:14:24.027 [info] > git rev-parse --show-toplevel [1ms]
2026-05-17 02:14:24.027 [info] fatal: not a git repository (or any of the parent directories): .git
2026-05-17 02:14:24.034 [info] > git rev-parse --show-toplevel [1ms]
2026-05-17 02:14:24.034 [info] fatal: not a git repository (or any of the parent directories): .git
2026-05-17 02:14:24.042 [info] > git rev-parse --show-toplevel [2ms]
2026-05-17 02:14:24.042 [info] fatal: not a git repository (or any of the parent directories): .git
2026-05-17 02:14:24.055 [info] > git rev-parse --show-toplevel [4ms]
2026-05-17 02:14:24.055 [info] fatal: not a git repository (or any of the parent directories): .git
2026-05-17 02:14:24.062 [info] > git rev-parse --show-toplevel [1ms]
2026-05-17 02:14:24.062 [info] fatal: not a git repository (or any parent up to mount point /)
Stopping at filesystem boundary (GIT_DISCOVERY_ACROSS_FILESYSTEM not set).
2026-05-17 02:14:24.068 [info] > git rev-parse --show-toplevel [2ms]
2026-05-17 02:14:24.068 [info] fatal: not a git repository (or any parent up to mount point /)
Stopping at filesystem boundary (GIT_DISCOVERY_ACROSS_FILESYSTEM not set).
2026-05-17 02:14:24.076 [info] > git rev-parse --show-toplevel [1ms]
2026-05-17 02:14:24.076 [info] fatal: not a git repository (or any of the parent directories): .git
2026-05-17 02:14:24.083 [info] > git rev-parse --show-toplevel [1ms]
2026-05-17 02:14:24.083 [info] fatal: not a git repository (or any of the parent directories): .git
2026-05-17 02:14:24.090 [info] > git rev-parse --show-toplevel [2ms]
2026-05-17 02:14:24.090 [info] fatal: not a git repository (or any parent up to mount point /)
Stopping at filesystem boundary (GIT_DISCOVERY_ACROSS_FILESYSTEM not set).
2026-05-17 02:14:24.096 [info] > git rev-parse --show-toplevel [2ms]
2026-05-17 02:14:24.096 [info] fatal: not a git repository (or any parent up to mount point /)
Stopping at filesystem boundary (GIT_DISCOVERY_ACROSS_FILESYSTEM not set).
2026-05-17 02:14:24.103 [info] > git rev-parse --show-toplevel [1ms]
2026-05-17 02:14:24.104 [info] fatal: not a git repository (or any of the parent directories): .git
2026-05-17 02:14:24.110 [info] > git rev-parse --show-toplevel [1ms]
2026-05-17 02:14:24.110 [info] fatal: not a git repository (or any of the parent directories): .git
2026-05-17 02:14:24.112 [info] [Model][doInitialScan] Initial repository scan completed - repositories (0), closed repositories (0), parent repositories (0), unsafe repositories (0)
2026-05-17 02:14:39.703 [info] [main] Log level: Info
2026-05-17 02:14:39.703 [info] [main] Validating found git in: "git"
2026-05-17 02:14:39.703 [info] [main] Using git "2.53.0" from "git"
2026-05-17 02:14:39.703 [info] [Model][doInitialScan] Initial repository scan started
2026-05-17 02:14:39.703 [info] > git rev-parse --show-toplevel [12ms]
2026-05-17 02:14:39.735 [info] > git rev-parse --git-dir --git-common-dir --show-superproject-working-tree [26ms]
2026-05-17 02:14:39.748 [info] [Model][openRepository] Opened repository (path): /home/dev
2026-05-17 02:14:39.748 [info] [Model][openRepository] Opened repository (real path): /home/dev
2026-05-17 02:14:39.748 [info] [Model][openRepository] Opened repository (kind): repository
2026-05-17 02:14:39.781 [info] > git fetch [33ms]
2026-05-17 02:14:39.797 [info] > git config --get commit.template [20ms]
2026-05-17 02:14:39.798 [info] > git config --get commit.template [2ms]
2026-05-17 02:14:39.804 [info] [Git][getRemotes] No remotes found in the git config file
2026-05-17 02:14:39.809 [info] [Git][getRemotes] No remotes found in the git config file
2026-05-17 02:14:39.811 [info] > git for-each-ref --format=%(refname)%00%(upstream:short)%00%(objectname)%00%(upstream:track)%00%(upstream:remotename)%00%(upstream:remoteref) refs/heads/feat/h-factor-os refs/remotes/feat/h-factor-os [2ms]
2026-05-17 02:14:39.822 [info] > git for-each-ref --format=%(refname)%00%(upstream:short)%00%(objectname)%00%(upstream:track)%00%(upstream:remotename)%00%(upstream:remoteref) refs/heads/feat/h-factor-os refs/remotes/feat/h-factor-os [18ms]
2026-05-17 02:14:39.832 [info] > git for-each-ref --sort -committerdate --format %(refname)%00%(objectname)%00%(*objectname) [10ms] (cancelled)
2026-05-17 02:14:39.839 [info] > git status -z -uall [23ms] (cancelled)
2026-05-17 02:14:39.839 [info] > git for-each-ref --format=%(refname)%00%(upstream:short)%00%(objectname)%00%(upstream:track)%00%(upstream:remotename)%00%(upstream:remoteref) refs/heads/feat/h-factor-os refs/remotes/feat/h-factor-os [9ms]
2026-05-17 02:14:39.857 [info] > git config --get --local branch.feat/h-factor-os.vscode-merge-base [13ms]
2026-05-17 02:14:39.858 [warning] [Git][config] git config failed: Failed to execute git
2026-05-17 02:14:39.862 [info] > git config --get commit.template [23ms]
2026-05-17 02:14:40.141 [info] > git reflog feat/h-factor-os --grep-reflog=branch: Created from *. [279ms]
2026-05-17 02:14:40.174 [info] [Git][getRemotes] No remotes found in the git config file
2026-05-17 02:14:40.174 [info] > git reflog HEAD --grep-reflog=checkout: moving from .* to feat/h-factor-os [26ms]
2026-05-17 02:14:40.181 [info] > git for-each-ref --format=%(refname)%00%(upstream:short)%00%(objectname)%00%(upstream:track)%00%(upstream:remotename)%00%(upstream:remoteref) refs/heads/master refs/remotes/master [2ms]
2026-05-17 02:14:40.182 [info] > git for-each-ref --format=%(refname)%00%(upstream:short)%00%(objectname)%00%(upstream:track)%00%(upstream:remotename)%00%(upstream:remoteref) refs/heads/feat/h-factor-os refs/remotes/feat/h-factor-os [8ms]
2026-05-17 02:14:40.371 [info] > git for-each-ref --sort -committerdate --format %(refname)%00%(objectname)%00%(*objectname) [178ms]
2026-05-17 02:14:40.524 [info] > git rev-parse --show-toplevel [3ms]
2026-05-17 02:14:40.536 [info] > git rev-parse --show-toplevel [2ms]
2026-05-17 02:14:40.548 [info] > git rev-parse --show-toplevel [2ms]
2026-05-17 02:14:40.557 [info] > git rev-parse --show-toplevel [2ms]
2026-05-17 02:14:40.578 [info] > git rev-parse --show-toplevel [15ms]
2026-05-17 02:14:40.621 [info] > git rev-parse --show-toplevel [11ms]
2026-05-17 02:14:40.641 [info] > git rev-parse --show-toplevel [10ms]
2026-05-17 02:14:40.654 [info] > git rev-parse --show-toplevel [1ms]
2026-05-17 02:14:40.673 [info] > git rev-parse --show-toplevel [11ms]
2026-05-17 02:14:40.692 [info] > git rev-parse --show-toplevel [10ms]
2026-05-17 02:14:40.714 [info] > git rev-parse --show-toplevel [11ms]
2026-05-17 02:14:40.752 [info] > git rev-parse --show-toplevel [22ms]
2026-05-17 02:14:40.762 [info] > git check-ignore -v -z --stdin [122ms]
2026-05-17 02:14:40.763 [info] > git rev-parse --show-toplevel [2ms]
2026-05-17 02:14:40.773 [info] > git rev-parse --show-toplevel [1ms]
2026-05-17 02:14:40.783 [info] > git rev-parse --show-toplevel [2ms]
2026-05-17 02:14:40.792 [info] > git rev-parse --show-toplevel [2ms]
2026-05-17 02:14:40.804 [info] > git rev-parse --show-toplevel [2ms]
2026-05-17 02:14:40.814 [info] > git rev-parse --show-toplevel [1ms]
2026-05-17 02:14:40.822 [info] > git rev-parse --show-toplevel [2ms]
2026-05-17 02:14:40.830 [info] > git rev-parse --show-toplevel [1ms]
2026-05-17 02:14:40.841 [info] > git rev-parse --show-toplevel [4ms]
2026-05-17 02:14:40.848 [info] > git rev-parse --show-toplevel [1ms]
2026-05-17 02:14:40.855 [info] > git rev-parse --show-toplevel [1ms]
2026-05-17 02:14:40.862 [info] > git rev-parse --show-toplevel [1ms]
2026-05-17 02:14:40.869 [info] > git rev-parse --show-toplevel [1ms]
2026-05-17 02:14:40.876 [info] > git rev-parse --show-toplevel [2ms]
2026-05-17 02:14:40.892 [info] > git rev-parse --show-toplevel [11ms]
2026-05-17 02:14:40.895 [info] [Model][doInitialScan] Initial repository scan completed - repositories (1), closed repositories (0), parent repositories (0), unsafe repositories (0)
2026-05-17 02:14:40.909 [info] > git status -z -uall [720ms] (cancelled)
2026-05-17 02:14:40.936 [info] > git check-ignore -v -z --stdin [28ms]
2026-05-17 02:14:50.518 [info] > git check-ignore -v -z --stdin [21ms]
2026-05-17 02:15:16.110 [info] > git check-ignore -v -z --stdin [12ms]
2026-05-17 02:17:17.422 [info] [main] Log level: Info
2026-05-17 02:17:17.422 [info] [main] Validating found git in: "git"
2026-05-17 02:17:17.422 [info] [main] Using git "2.53.0" from "git"
2026-05-17 02:17:17.422 [info] [Model][doInitialScan] Initial repository scan started
2026-05-17 02:17:17.422 [info] > git rev-parse --show-toplevel [4ms]
2026-05-17 02:17:17.422 [info] > git rev-parse --git-dir --git-common-dir --show-superproject-working-tree [7ms]
2026-05-17 02:17:17.422 [info] [Model][openRepository] Opened repository (path): /home/dev
2026-05-17 02:17:17.422 [info] [Model][openRepository] Opened repository (real path): /home/dev
2026-05-17 02:17:17.422 [info] [Model][openRepository] Opened repository (kind): repository
2026-05-17 02:17:17.422 [info] > git fetch [308ms]
2026-05-17 02:17:17.422 [info] > git rev-parse --show-toplevel [45ms]
2026-05-17 02:17:17.422 [info] > git config --get commit.template [50ms]
2026-05-17 02:17:17.422 [info] > git config --get commit.template [263ms]
2026-05-17 02:17:17.422 [info] [Git][getRemotes] No remotes found in the git config file
2026-05-17 02:17:17.423 [info] > git rev-parse --show-toplevel [39ms]
2026-05-17 02:17:17.434 [info] [Git][getRemotes] No remotes found in the git config file
2026-05-17 02:17:17.441 [info] > git for-each-ref --format=%(refname)%00%(upstream:short)%00%(objectname)%00%(upstream:track)%00%(upstream:remotename)%00%(upstream:remoteref) refs/heads/feat/h-factor-os refs/remotes/feat/h-factor-os [20ms]
2026-05-17 02:17:17.611 [info] > git for-each-ref --format=%(refname)%00%(upstream:short)%00%(objectname)%00%(upstream:track)%00%(upstream:remotename)%00%(upstream:remoteref) refs/heads/feat/h-factor-os refs/remotes/feat/h-factor-os [161ms]
2026-05-17 02:17:17.618 [info] > git rev-parse --show-toplevel [177ms]
2026-05-17 02:17:17.618 [info] > git for-each-ref --format=%(refname)%00%(upstream:short)%00%(objectname)%00%(upstream:track)%00%(upstream:remotename)%00%(upstream:remoteref) refs/heads/feat/h-factor-os refs/remotes/feat/h-factor-os [184ms]
2026-05-17 02:17:17.746 [info] > git check-ignore -v -z --stdin [121ms]
2026-05-17 02:17:17.758 [info] > git config --get --local branch.feat/h-factor-os.vscode-merge-base [141ms]
2026-05-17 02:17:17.758 [warning] [Git][config] git config failed: Failed to execute git
2026-05-17 02:17:17.766 [info] > git config --get commit.template [156ms]
2026-05-17 02:17:17.791 [info] > git reflog feat/h-factor-os --grep-reflog=branch: Created from *. [25ms]
2026-05-17 02:17:17.802 [info] > git rev-parse --show-toplevel [58ms]
2026-05-17 02:17:17.811 [info] [Git][getRemotes] No remotes found in the git config file
2026-05-17 02:17:17.816 [info] > git reflog HEAD --grep-reflog=checkout: moving from .* to feat/h-factor-os [16ms]
2026-05-17 02:17:17.824 [info] > git for-each-ref --format=%(refname)%00%(upstream:short)%00%(objectname)%00%(upstream:track)%00%(upstream:remotename)%00%(upstream:remoteref) refs/heads/master refs/remotes/master [2ms]
2026-05-17 02:17:17.825 [info] > git rev-parse --show-toplevel [9ms]
2026-05-17 02:17:17.828 [info] [Model][doInitialScan] Initial repository scan completed - repositories (1), closed repositories (0), parent repositories (0), unsafe repositories (0)
2026-05-17 02:17:17.828 [info] > git for-each-ref --format=%(refname)%00%(upstream:short)%00%(objectname)%00%(upstream:track)%00%(upstream:remotename)%00%(upstream:remoteref) refs/heads/feat/h-factor-os refs/remotes/feat/h-factor-os [17ms]
2026-05-17 02:17:17.867 [info] > git for-each-ref --sort -committerdate --format %(refname)%00%(objectname)%00%(*objectname) [27ms]
2026-05-17 02:17:18.982 [info] > git status -z -uall [1149ms] (cancelled)
2026-05-17 02:17:18.995 [info] > git check-ignore -v -z --stdin [14ms]
2026-05-17 02:17:25.107 [info] > git check-ignore -v -z --stdin [11ms]
2026-05-17 02:17:31.051 [info] > git check-ignore -v -z --stdin [11ms]
