2026-05-15 17:08:34.127 [info] Reading sessions from keychain...
2026-05-15 17:08:34.127 [info] Getting sessions for all scopes...
2026-05-15 17:08:34.127 [info] Got 0 sessions for ...
2026-05-15 17:08:34.127 [info] Getting sessions for all scopes...
2026-05-15 17:08:34.127 [info] Got 0 sessions for ...
2026-05-15 17:08:34.127 [info] Getting sessions for all scopes...
2026-05-15 17:08:34.127 [info] Got 0 sessions for ...
2026-05-15 17:08:34.127 [info] Getting sessions for read:user,repo,user:email...
2026-05-15 17:08:34.127 [info] Got 0 sessions for read:user,repo,user:email...
2026-05-15 17:08:34.127 [info] Getting sessions for all scopes...
2026-05-15 17:08:34.127 [info] Got 0 sessions for ...
2026-05-15 17:08:34.127 [info] Getting sessions for all scopes...
2026-05-15 17:08:34.127 [info] Got 0 sessions for ...
2026-05-15 17:08:34.128 [info] Getting sessions for read:user,repo,user:email...
2026-05-15 17:08:34.128 [info] Got 0 sessions for read:user,repo,user:email...
2026-05-15 17:08:46.167 [info] Getting sessions for all scopes...
2026-05-15 17:08:46.167 [info] Got 0 sessions for ...
2026-05-15 17:08:56.930 [info] Reading sessions from keychain...
2026-05-15 17:08:56.930 [info] Getting sessions for all scopes...
2026-05-15 17:08:56.930 [info] Got 0 sessions for ...
2026-05-15 17:08:56.930 [info] Getting sessions for all scopes...
2026-05-15 17:08:56.930 [info] Got 0 sessions for ...
2026-05-15 17:08:56.930 [info] Getting sessions for all scopes...
2026-05-15 17:08:56.930 [info] Got 0 sessions for ...
2026-05-15 17:08:56.930 [info] Getting sessions for all scopes...
2026-05-15 17:08:56.930 [info] Got 0 sessions for ...
2026-05-15 17:08:56.930 [info] Getting sessions for read:user,repo,user:email...
2026-05-15 17:08:56.930 [info] Got 0 sessions for read:user,repo,user:email...
2026-05-15 17:08:56.930 [info] Getting sessions for all scopes...
2026-05-15 17:08:56.930 [info] Got 0 sessions for ...
2026-05-15 17:08:57.004 [info] Getting sessions for read:user,repo,user:email...
2026-05-15 17:08:57.004 [info] Got 0 sessions for read:user,repo,user:email...
2026-05-15 17:08:57.480 [info] Getting sessions for all scopes...
2026-05-15 17:08:57.480 [info] Got 0 sessions for ...
2026-05-15 17:08:57.489 [info] Getting sessions for all scopes...
2026-05-15 17:08:57.489 [info] Got 0 sessions for ...
