2026-05-17 17:16:38.311 [info] Reading sessions from keychain...
2026-05-17 17:16:38.311 [info] Getting sessions for all scopes...
2026-05-17 17:16:38.311 [info] Got stored sessions!
2026-05-17 17:16:38.311 [info] Got 1 verified sessions.
2026-05-17 17:16:38.311 [info] Got 1 sessions for ...
2026-05-17 17:16:38.311 [info] Getting sessions for all scopes...
2026-05-17 17:16:38.311 [info] Got 1 sessions for ...
2026-05-17 17:16:38.311 [info] Getting sessions for all scopes...
2026-05-17 17:16:38.311 [info] Got 1 sessions for ...
2026-05-17 17:16:38.311 [info] Getting sessions for read:user,repo,user:email...
2026-05-17 17:16:38.311 [info] Got 0 sessions for read:user,repo,user:email...
2026-05-17 17:16:38.311 [info] Getting sessions for read:user,repo,user:email...
2026-05-17 17:16:38.311 [info] Got 0 sessions for read:user,repo,user:email...
2026-05-17 17:16:38.483 [info] Getting sessions for all scopes...
2026-05-17 17:16:38.483 [info] Got 1 sessions for ...
2026-05-17 17:16:38.634 [info] Getting sessions for all scopes...
2026-05-17 17:16:38.634 [info] Got 1 sessions for ...
2026-05-17 17:16:40.357 [info] FetcherService: Electron fetch failed with status: 401 
2026-05-17 17:16:41.250 [info] FetcherService: Node fetch failed with status: 401 Unauthorized
2026-05-17 17:16:42.136 [info] FetcherService: Node http/s failed with status: 401 Unauthorized
2026-05-17 17:20:07.825 [info] Getting sessions for all scopes...
2026-05-17 17:20:07.825 [info] Got 1 sessions for ...
2026-05-17 17:20:09.458 [info] Getting sessions for all scopes...
2026-05-17 17:20:09.458 [info] Got 1 sessions for ...
