2026-05-17 17:22:31.373 [info] [BrowserOnboardingClientMainService] Starting browser onboarding server
2026-05-17 17:22:31.379 [info] [BrowserOnboardingClientServer] Browser onboarding server started on http://localhost:38975
2026-05-17 17:22:31.434 [info] update#setState idle
2026-05-17 17:23:01.434 [info] update#setState checking for updates
2026-05-17 17:23:01.665 [info] update#setState idle
2026-05-17 17:23:08.996 [warning] [perf] profiling STARTED df822150-e7f5-4d60-92b5-257e7301c43c
2026-05-17 17:23:14.076 [warning] [perf] profiling DONE df822150-e7f5-4d60-92b5-257e7301c43c
2026-05-17 17:23:29.441 [warning] [perf] profiling STARTED df822150-e7f5-4d60-92b5-257e7301c43c
2026-05-17 17:23:34.478 [warning] [perf] profiling DONE df822150-e7f5-4d60-92b5-257e7301c43c
2026-05-17 17:23:49.769 [warning] [perf] profiling STARTED df822150-e7f5-4d60-92b5-257e7301c43c
2026-05-17 17:23:54.809 [warning] [perf] profiling DONE df822150-e7f5-4d60-92b5-257e7301c43c
2026-05-17 18:23:01.437 [info] update#setState checking for updates
2026-05-17 18:23:01.936 [info] update#setState idle
2026-05-17 18:50:41.185 [warning] [perf] profiling STARTED eea7316c-b04d-428a-a73d-6c79e71ba95c
2026-05-17 18:50:46.254 [warning] [perf] profiling DONE eea7316c-b04d-428a-a73d-6c79e71ba95c
2026-05-17 18:51:01.644 [warning] [perf] profiling STARTED eea7316c-b04d-428a-a73d-6c79e71ba95c
2026-05-17 18:51:06.695 [warning] [perf] profiling DONE eea7316c-b04d-428a-a73d-6c79e71ba95c
2026-05-17 18:51:22.075 [warning] [perf] profiling STARTED eea7316c-b04d-428a-a73d-6c79e71ba95c
2026-05-17 18:51:27.107 [warning] [perf] profiling DONE eea7316c-b04d-428a-a73d-6c79e71ba95c
2026-05-17 18:59:42.324 [warning] [perf] profiling STARTED 6e19ba9a-9403-4395-b76f-779a64572eb4
2026-05-17 18:59:47.376 [warning] [perf] profiling DONE 6e19ba9a-9403-4395-b76f-779a64572eb4
2026-05-17 19:00:02.784 [warning] [perf] profiling STARTED 6e19ba9a-9403-4395-b76f-779a64572eb4
2026-05-17 19:00:07.824 [warning] [perf] profiling DONE 6e19ba9a-9403-4395-b76f-779a64572eb4
2026-05-17 19:00:23.242 [warning] [perf] profiling STARTED 6e19ba9a-9403-4395-b76f-779a64572eb4
2026-05-17 19:00:28.291 [warning] [perf] profiling DONE 6e19ba9a-9403-4395-b76f-779a64572eb4
2026-05-17 19:05:45.131 [warning] [perf] profiling STARTED a771c4bf-e23b-44b8-9d1f-724ba0142270
2026-05-17 19:05:50.164 [warning] [perf] profiling DONE a771c4bf-e23b-44b8-9d1f-724ba0142270
2026-05-17 19:06:05.683 [warning] [perf] profiling STARTED a771c4bf-e23b-44b8-9d1f-724ba0142270
2026-05-17 19:06:10.729 [warning] [perf] profiling DONE a771c4bf-e23b-44b8-9d1f-724ba0142270
2026-05-17 19:06:26.275 [warning] [perf] profiling STARTED a771c4bf-e23b-44b8-9d1f-724ba0142270
2026-05-17 19:06:31.313 [warning] [perf] profiling DONE a771c4bf-e23b-44b8-9d1f-724ba0142270
2026-05-17 19:11:47.756 [warning] [perf] profiling STARTED fd18b96d-5848-4b7c-9585-e096b4b72356
2026-05-17 19:11:52.800 [warning] [perf] profiling DONE fd18b96d-5848-4b7c-9585-e096b4b72356
2026-05-17 19:12:08.175 [warning] [perf] profiling STARTED fd18b96d-5848-4b7c-9585-e096b4b72356
2026-05-17 19:12:13.220 [warning] [perf] profiling DONE fd18b96d-5848-4b7c-9585-e096b4b72356
2026-05-17 19:12:28.598 [warning] [perf] profiling STARTED fd18b96d-5848-4b7c-9585-e096b4b72356
2026-05-17 19:12:33.646 [warning] [perf] profiling DONE fd18b96d-5848-4b7c-9585-e096b4b72356
2026-05-17 19:17:50.433 [warning] [perf] profiling STARTED 77c9e545-2b29-4c4e-9942-fd78578e039b
2026-05-17 19:17:55.476 [warning] [perf] profiling DONE 77c9e545-2b29-4c4e-9942-fd78578e039b
2026-05-17 19:18:10.857 [warning] [perf] profiling STARTED 77c9e545-2b29-4c4e-9942-fd78578e039b
2026-05-17 19:18:15.886 [warning] [perf] profiling DONE 77c9e545-2b29-4c4e-9942-fd78578e039b
2026-05-17 19:18:31.279 [warning] [perf] profiling STARTED 77c9e545-2b29-4c4e-9942-fd78578e039b
2026-05-17 19:18:36.324 [warning] [perf] profiling DONE 77c9e545-2b29-4c4e-9942-fd78578e039b
2026-05-17 19:23:01.440 [info] update#setState checking for updates
2026-05-17 19:23:01.801 [info] update#setState idle
2026-05-17 19:23:52.907 [warning] [perf] profiling STARTED a6ce4ee4-0d15-4a56-a06f-1470674af0ea
2026-05-17 19:23:57.936 [warning] [perf] profiling DONE a6ce4ee4-0d15-4a56-a06f-1470674af0ea
2026-05-17 19:24:13.286 [warning] [perf] profiling STARTED a6ce4ee4-0d15-4a56-a06f-1470674af0ea
2026-05-17 19:24:18.330 [warning] [perf] profiling DONE a6ce4ee4-0d15-4a56-a06f-1470674af0ea
2026-05-17 19:24:33.704 [warning] [perf] profiling STARTED a6ce4ee4-0d15-4a56-a06f-1470674af0ea
2026-05-17 19:24:38.748 [warning] [perf] profiling DONE a6ce4ee4-0d15-4a56-a06f-1470674af0ea
2026-05-17 19:29:55.794 [warning] [perf] profiling STARTED 77453535-2e13-4488-81b9-7c84d70d4ec5
2026-05-17 19:30:00.850 [warning] [perf] profiling DONE 77453535-2e13-4488-81b9-7c84d70d4ec5
2026-05-17 19:30:16.251 [warning] [perf] profiling STARTED 77453535-2e13-4488-81b9-7c84d70d4ec5
2026-05-17 19:30:21.300 [warning] [perf] profiling DONE 77453535-2e13-4488-81b9-7c84d70d4ec5
2026-05-17 19:30:36.689 [warning] [perf] profiling STARTED 77453535-2e13-4488-81b9-7c84d70d4ec5
2026-05-17 19:30:41.736 [warning] [perf] profiling DONE 77453535-2e13-4488-81b9-7c84d70d4ec5
2026-05-17 19:35:58.458 [warning] [perf] profiling STARTED 0c1264d6-9026-476f-b569-bcfbaad636f5
2026-05-17 19:36:03.507 [warning] [perf] profiling DONE 0c1264d6-9026-476f-b569-bcfbaad636f5
2026-05-17 19:36:19.078 [warning] [perf] profiling STARTED 0c1264d6-9026-476f-b569-bcfbaad636f5
2026-05-17 19:36:24.126 [warning] [perf] profiling DONE 0c1264d6-9026-476f-b569-bcfbaad636f5
2026-05-17 19:36:39.688 [warning] [perf] profiling STARTED 0c1264d6-9026-476f-b569-bcfbaad636f5
2026-05-17 19:36:44.740 [warning] [perf] profiling DONE 0c1264d6-9026-476f-b569-bcfbaad636f5
2026-05-17 19:42:00.810 [warning] [perf] profiling STARTED d22c3b37-ce20-463c-a4e6-41a511c2967c
2026-05-17 19:42:05.858 [warning] [perf] profiling DONE d22c3b37-ce20-463c-a4e6-41a511c2967c
2026-05-17 19:42:21.273 [warning] [perf] profiling STARTED d22c3b37-ce20-463c-a4e6-41a511c2967c
2026-05-17 19:42:26.313 [warning] [perf] profiling DONE d22c3b37-ce20-463c-a4e6-41a511c2967c
2026-05-17 19:42:41.711 [warning] [perf] profiling STARTED d22c3b37-ce20-463c-a4e6-41a511c2967c
2026-05-17 19:42:46.761 [warning] [perf] profiling DONE d22c3b37-ce20-463c-a4e6-41a511c2967c
2026-05-17 19:48:03.719 [warning] [perf] profiling STARTED 533741b8-9d3c-4980-9062-12fdf1154e47
2026-05-17 19:48:08.768 [warning] [perf] profiling DONE 533741b8-9d3c-4980-9062-12fdf1154e47
2026-05-17 19:48:24.138 [warning] [perf] profiling STARTED 533741b8-9d3c-4980-9062-12fdf1154e47
2026-05-17 19:48:29.184 [warning] [perf] profiling DONE 533741b8-9d3c-4980-9062-12fdf1154e47
2026-05-17 19:48:44.552 [warning] [perf] profiling STARTED 533741b8-9d3c-4980-9062-12fdf1154e47
2026-05-17 19:48:49.600 [warning] [perf] profiling DONE 533741b8-9d3c-4980-9062-12fdf1154e47
2026-05-17 19:54:06.454 [warning] [perf] profiling STARTED 50e99f29-5632-4405-a174-16d87fd344ae
2026-05-17 19:54:11.488 [warning] [perf] profiling DONE 50e99f29-5632-4405-a174-16d87fd344ae
2026-05-17 19:54:26.874 [warning] [perf] profiling STARTED 50e99f29-5632-4405-a174-16d87fd344ae
2026-05-17 19:54:31.922 [warning] [perf] profiling DONE 50e99f29-5632-4405-a174-16d87fd344ae
2026-05-17 19:54:47.323 [warning] [perf] profiling STARTED 50e99f29-5632-4405-a174-16d87fd344ae
2026-05-17 19:54:52.369 [warning] [perf] profiling DONE 50e99f29-5632-4405-a174-16d87fd344ae
2026-05-17 20:00:08.817 [warning] [perf] profiling STARTED 51aaa8a9-cee6-4067-9925-f1c6b36e1395
2026-05-17 20:00:13.855 [warning] [perf] profiling DONE 51aaa8a9-cee6-4067-9925-f1c6b36e1395
2026-05-17 20:00:29.249 [warning] [perf] profiling STARTED 51aaa8a9-cee6-4067-9925-f1c6b36e1395
2026-05-17 20:00:34.296 [warning] [perf] profiling DONE 51aaa8a9-cee6-4067-9925-f1c6b36e1395
2026-05-17 20:00:49.674 [warning] [perf] profiling STARTED 51aaa8a9-cee6-4067-9925-f1c6b36e1395
2026-05-17 20:00:54.703 [warning] [perf] profiling DONE 51aaa8a9-cee6-4067-9925-f1c6b36e1395
2026-05-17 20:06:12.103 [warning] [perf] profiling STARTED 82c56f49-1b49-4c96-828f-d567d31dff1c
2026-05-17 20:06:17.152 [warning] [perf] profiling DONE 82c56f49-1b49-4c96-828f-d567d31dff1c
2026-05-17 20:06:32.548 [warning] [perf] profiling STARTED 82c56f49-1b49-4c96-828f-d567d31dff1c
2026-05-17 20:06:37.595 [warning] [perf] profiling DONE 82c56f49-1b49-4c96-828f-d567d31dff1c
2026-05-17 20:06:52.975 [warning] [perf] profiling STARTED 82c56f49-1b49-4c96-828f-d567d31dff1c
2026-05-17 20:06:58.005 [warning] [perf] profiling DONE 82c56f49-1b49-4c96-828f-d567d31dff1c
2026-05-17 20:12:14.626 [warning] [perf] profiling STARTED d42f2569-d572-4c0f-8655-555ce4294e0d
2026-05-17 20:12:19.676 [warning] [perf] profiling DONE d42f2569-d572-4c0f-8655-555ce4294e0d
2026-05-17 20:12:35.074 [warning] [perf] profiling STARTED d42f2569-d572-4c0f-8655-555ce4294e0d
2026-05-17 20:12:40.126 [warning] [perf] profiling DONE d42f2569-d572-4c0f-8655-555ce4294e0d
2026-05-17 20:12:55.523 [warning] [perf] profiling STARTED d42f2569-d572-4c0f-8655-555ce4294e0d
2026-05-17 20:13:00.572 [warning] [perf] profiling DONE d42f2569-d572-4c0f-8655-555ce4294e0d
2026-05-17 20:18:17.505 [warning] [perf] profiling STARTED a18b2620-5fc2-4bcd-9bd6-7bbe7864ae62
2026-05-17 20:18:22.557 [warning] [perf] profiling DONE a18b2620-5fc2-4bcd-9bd6-7bbe7864ae62
2026-05-17 20:18:38.148 [warning] [perf] profiling STARTED a18b2620-5fc2-4bcd-9bd6-7bbe7864ae62
2026-05-17 20:18:43.201 [warning] [perf] profiling DONE a18b2620-5fc2-4bcd-9bd6-7bbe7864ae62
2026-05-17 20:18:58.805 [warning] [perf] profiling STARTED a18b2620-5fc2-4bcd-9bd6-7bbe7864ae62
2026-05-17 20:19:03.854 [warning] [perf] profiling DONE a18b2620-5fc2-4bcd-9bd6-7bbe7864ae62
2026-05-17 20:23:01.442 [info] update#setState checking for updates
2026-05-17 20:23:02.716 [info] update#setState idle
2026-05-17 20:27:21.182 [warning] [perf] profiling STARTED 7ea0f0a6-3af4-49aa-81ae-069c626c5c32
2026-05-17 20:27:26.234 [warning] [perf] profiling DONE 7ea0f0a6-3af4-49aa-81ae-069c626c5c32
2026-05-17 20:27:41.664 [warning] [perf] profiling STARTED 7ea0f0a6-3af4-49aa-81ae-069c626c5c32
2026-05-17 20:27:46.716 [warning] [perf] profiling DONE 7ea0f0a6-3af4-49aa-81ae-069c626c5c32
2026-05-17 20:28:02.131 [warning] [perf] profiling STARTED 7ea0f0a6-3af4-49aa-81ae-069c626c5c32
2026-05-17 20:28:07.187 [warning] [perf] profiling DONE 7ea0f0a6-3af4-49aa-81ae-069c626c5c32
2026-05-17 20:33:24.003 [warning] [perf] profiling STARTED 9b7c40d2-983c-4fe5-b915-099a3ee2e229
2026-05-17 20:33:29.051 [warning] [perf] profiling DONE 9b7c40d2-983c-4fe5-b915-099a3ee2e229
2026-05-17 20:33:44.489 [warning] [perf] profiling STARTED 9b7c40d2-983c-4fe5-b915-099a3ee2e229
2026-05-17 20:33:49.526 [warning] [perf] profiling DONE 9b7c40d2-983c-4fe5-b915-099a3ee2e229
2026-05-17 20:34:04.951 [warning] [perf] profiling STARTED 9b7c40d2-983c-4fe5-b915-099a3ee2e229
2026-05-17 20:34:10.002 [warning] [perf] profiling DONE 9b7c40d2-983c-4fe5-b915-099a3ee2e229
2026-05-17 20:39:26.811 [warning] [perf] profiling STARTED d8378a8d-e12b-4ea4-bce5-fc0415c956d1
2026-05-17 20:39:31.870 [warning] [perf] profiling DONE d8378a8d-e12b-4ea4-bce5-fc0415c956d1
2026-05-17 20:39:47.288 [warning] [perf] profiling STARTED d8378a8d-e12b-4ea4-bce5-fc0415c956d1
2026-05-17 20:39:52.345 [warning] [perf] profiling DONE d8378a8d-e12b-4ea4-bce5-fc0415c956d1
2026-05-17 20:40:07.787 [warning] [perf] profiling STARTED d8378a8d-e12b-4ea4-bce5-fc0415c956d1
2026-05-17 20:40:12.837 [warning] [perf] profiling DONE d8378a8d-e12b-4ea4-bce5-fc0415c956d1
2026-05-17 20:45:29.561 [warning] [perf] profiling STARTED 7569a818-8437-4ee9-90c3-a2bb088ddde3
2026-05-17 20:45:34.611 [warning] [perf] profiling DONE 7569a818-8437-4ee9-90c3-a2bb088ddde3
2026-05-17 20:45:50.013 [warning] [perf] profiling STARTED 7569a818-8437-4ee9-90c3-a2bb088ddde3
2026-05-17 20:45:55.046 [warning] [perf] profiling DONE 7569a818-8437-4ee9-90c3-a2bb088ddde3
2026-05-17 20:46:10.452 [warning] [perf] profiling STARTED 7569a818-8437-4ee9-90c3-a2bb088ddde3
2026-05-17 20:46:15.503 [warning] [perf] profiling DONE 7569a818-8437-4ee9-90c3-a2bb088ddde3
2026-05-17 20:51:32.477 [warning] [perf] profiling STARTED 69c4585f-026a-4552-9d6a-1eae8d7a88ae
2026-05-17 20:51:37.540 [warning] [perf] profiling DONE 69c4585f-026a-4552-9d6a-1eae8d7a88ae
2026-05-17 20:51:53.055 [warning] [perf] profiling STARTED 69c4585f-026a-4552-9d6a-1eae8d7a88ae
2026-05-17 20:51:58.112 [warning] [perf] profiling DONE 69c4585f-026a-4552-9d6a-1eae8d7a88ae
2026-05-17 20:52:13.586 [warning] [perf] profiling STARTED 69c4585f-026a-4552-9d6a-1eae8d7a88ae
2026-05-17 20:52:18.640 [warning] [perf] profiling DONE 69c4585f-026a-4552-9d6a-1eae8d7a88ae
2026-05-17 20:57:35.259 [warning] [perf] profiling STARTED 0ac67407-1ae9-4f7c-8f5b-bd606edd8c03
2026-05-17 20:57:40.300 [warning] [perf] profiling DONE 0ac67407-1ae9-4f7c-8f5b-bd606edd8c03
2026-05-17 20:57:55.748 [warning] [perf] profiling STARTED 0ac67407-1ae9-4f7c-8f5b-bd606edd8c03
2026-05-17 20:58:00.803 [warning] [perf] profiling DONE 0ac67407-1ae9-4f7c-8f5b-bd606edd8c03
2026-05-17 20:58:16.269 [warning] [perf] profiling STARTED 0ac67407-1ae9-4f7c-8f5b-bd606edd8c03
2026-05-17 20:58:21.323 [warning] [perf] profiling DONE 0ac67407-1ae9-4f7c-8f5b-bd606edd8c03
2026-05-17 21:03:37.749 [warning] [perf] profiling STARTED c61239fd-3877-4473-92c5-4c0a8b96216b
2026-05-17 21:03:42.810 [warning] [perf] profiling DONE c61239fd-3877-4473-92c5-4c0a8b96216b
2026-05-17 21:03:58.276 [warning] [perf] profiling STARTED c61239fd-3877-4473-92c5-4c0a8b96216b
2026-05-17 21:04:03.331 [warning] [perf] profiling DONE c61239fd-3877-4473-92c5-4c0a8b96216b
2026-05-17 21:04:18.801 [warning] [perf] profiling STARTED c61239fd-3877-4473-92c5-4c0a8b96216b
2026-05-17 21:04:23.862 [warning] [perf] profiling DONE c61239fd-3877-4473-92c5-4c0a8b96216b
2026-05-17 21:09:40.644 [warning] [perf] profiling STARTED 1551a75e-eb12-4e21-b046-4249eead5369
2026-05-17 21:09:45.702 [warning] [perf] profiling DONE 1551a75e-eb12-4e21-b046-4249eead5369
2026-05-17 21:10:01.188 [warning] [perf] profiling STARTED 1551a75e-eb12-4e21-b046-4249eead5369
2026-05-17 21:10:06.240 [warning] [perf] profiling DONE 1551a75e-eb12-4e21-b046-4249eead5369
2026-05-17 21:10:21.715 [warning] [perf] profiling STARTED 1551a75e-eb12-4e21-b046-4249eead5369
2026-05-17 21:10:26.769 [warning] [perf] profiling DONE 1551a75e-eb12-4e21-b046-4249eead5369
2026-05-17 21:14:32.626 [info] Extension host with pid 42261 exited with code: 0, signal: unknown.
