2026-05-17 17:21:19.151 [info] Reading sessions from keychain...
2026-05-17 17:21:19.151 [info] Got stored sessions!
2026-05-17 17:21:19.151 [info] Got 1 verified sessions.
2026-05-17 17:21:19.151 [info] Getting sessions for all scopes...
2026-05-17 17:21:19.151 [info] Got 1 sessions for ...
2026-05-17 17:21:19.151 [info] Getting sessions for all scopes...
2026-05-17 17:21:19.151 [info] Got 1 sessions for ...
2026-05-17 17:21:19.151 [info] Getting sessions for read:user,repo,user:email,workflow...
2026-05-17 17:21:19.151 [info] Got 1 sessions for read:user,repo,user:email,workflow...
2026-05-17 17:21:19.151 [info] Getting sessions for read:user,repo,user:email...
2026-05-17 17:21:19.151 [info] Got 0 sessions for read:user,repo,user:email...
2026-05-17 17:21:19.151 [info] Getting sessions for read:user,repo,user:email...
2026-05-17 17:21:19.151 [info] Got 0 sessions for read:user,repo,user:email...
2026-05-17 17:21:19.166 [info] Getting sessions for read:user,repo,user:email...
2026-05-17 17:21:19.166 [info] Got 0 sessions for read:user,repo,user:email...
2026-05-17 17:21:21.820 [info] FetcherService: Electron fetch failed with status: 401 
2026-05-17 17:21:22.692 [info] FetcherService: Node fetch failed with status: 401 Unauthorized
2026-05-17 17:21:23.486 [info] FetcherService: Node http/s failed with status: 401 Unauthorized
2026-05-17 17:21:23.741 [info] Getting sessions for all scopes...
2026-05-17 17:21:23.741 [info] Got 1 sessions for ...
2026-05-17 17:21:24.760 [info] Getting sessions for all scopes...
2026-05-17 17:21:24.760 [info] Got 1 sessions for ...
2026-05-17 17:21:28.825 [info] Getting sessions for all scopes...
2026-05-17 17:21:28.825 [info] Got 1 sessions for ...
2026-05-17 17:21:29.834 [info] Getting sessions for all scopes...
2026-05-17 17:21:29.834 [info] Got 1 sessions for ...
2026-05-17 17:21:30.883 [info] Getting sessions for all scopes...
2026-05-17 17:21:30.883 [info] Got 1 sessions for ...
2026-05-17 17:21:30.954 [info] Getting sessions for all scopes...
2026-05-17 17:21:30.954 [info] Got 1 sessions for ...
