2026-05-17 17:22:35.115 [info] [tsrelay] url: http://127.0.0.1:41517
2026-05-17 17:22:35.115 [info] websocket is open
2026-05-17 17:22:35.115 [info] [serve-status] Funnel is off
2026-05-17 17:22:35.115 [info] [serve-status] HTTPS is off
2026-05-17 17:22:35.115 [info] [tsrelay] initial ports are set
2026-05-17 17:22:35.171 [info] terminal opened
2026-05-17 17:22:35.492 [info] pid is 42395
2026-05-17 17:22:35.492 [info] pid sent
2026-05-17 17:22:39.712 [info] terminal opened
2026-05-17 17:22:39.819 [info] pid is 42908
2026-05-17 17:22:39.819 [info] pid sent
2026-05-17 17:23:08.199 [info] terminal opened
2026-05-17 17:23:09.022 [info] pid is 43077
2026-05-17 17:23:09.022 [info] pid sent
2026-05-17 17:23:10.654 [info] got message
2026-05-17 17:23:10.654 [info] msg is newPort
2026-05-17 17:25:19.268 [info] terminal opened
2026-05-17 17:25:19.913 [info] pid is 43637
2026-05-17 17:25:19.913 [info] pid sent
2026-05-17 17:29:06.977 [info] terminal opened
2026-05-17 17:29:07.563 [info] pid is 44688
2026-05-17 17:29:07.563 [info] pid sent
2026-05-17 21:14:32.617 [info] shutting down tsrelay
2026-05-17 21:14:32.621 [warning] [tsrelay] child process exited with code null
2026-05-17 21:14:32.624 [info] websocket is closed
