2026-05-16 00:53:18.347 [info] I0516 00:53:18.336613 27068 server.go:1236] Starting language server process with pid 27068
2026-05-16 00:53:18.347 [info] I0516 00:53:18.336695 27068 server.go:301] Setting GOMAXPROCS to 4
2026-05-16 00:53:18.347 [info] I0516 00:53:18.337517 27068 server.go:440] Language server will attempt to listen on host 127.0.0.1
2026-05-16 00:53:18.347 [info] I0516 00:53:18.337689 27068 server.go:454] Language server listening on random port at 46507 for HTTPS (gRPC)
2026-05-16 00:53:18.347 [info] I0516 00:53:18.337719 27068 server.go:461] Language server listening on random port at 41063 for HTTP
2026-05-16 00:53:18.763 [info] I0516 00:53:18.762849 27068 server.go:433] Created extension server client at port 38937
2026-05-16 00:53:18.781 [info] I0516 00:53:18.781188 27068 cascade_manager.go:773] Reactive state is disabled
2026-05-16 00:53:18.798 [info] (Antigravity) 2026-05-16 00:53:18.797 [INFO]: Language server started
2026-05-16 00:53:18.811 [info] I0516 00:53:18.804544 27068 server.go:1693] initialized server successfully in 467.815286ms
2026-05-16 00:53:18.838 [info] (Antigravity) 2026-05-16 00:53:18.838 [INFO]: LS lspClient started successfully
2026-05-16 00:53:20.289 [info] I0516 00:53:20.289499 27068 http_helpers.go:151] URL: https://daily-cloudcode-pa.googleapis.com/v1internal:loadCodeAssist Trace: 0x1d69b81dd6e8869
2026-05-16 00:53:21.113 [info] I0516 00:53:21.112803 27068 http_helpers.go:151] URL: https://daily-cloudcode-pa.googleapis.com/v1internal:fetchAvailableModels Trace: 0xd918e4cc944f1d16
2026-05-16 00:54:29.867 [info] (Antigravity) 2026-05-16 00:54:29.867 [INFO]: [Terminal] Command completed: PYTHON3 BOT.PY exit code 127
2026-05-16 00:54:41.090 [info] (Antigravity) 2026-05-16 00:54:41.089 [INFO]: [Terminal] Command completed: cd dashboard exit code 0
2026-05-16 00:54:47.159 [info] (Antigravity) 2026-05-16 00:54:47.158 [INFO]: [Terminal] Command completed: npm install exit code 0
2026-05-16 00:55:09.756 [info] (Antigravity) 2026-05-16 00:55:09.756 [INFO]: [SupercompleteProvider] No supercomplete response
2026-05-16 00:55:10.565 [info] (Antigravity) 2026-05-16 00:55:10.565 [INFO]: [SupercompleteProvider] No supercomplete response
2026-05-16 00:55:14.459 [info] (Antigravity) 2026-05-16 00:55:14.459 [INFO]: [Terminal] Command completed: python bot.py exit code 127
2026-05-16 00:58:19.578 [info] I0516 00:58:19.577825 27068 http_helpers.go:151] URL: https://daily-cloudcode-pa.googleapis.com/v1internal:loadCodeAssist Trace: 0x509a9f95ab31717f
2026-05-16 00:58:20.296 [info] I0516 00:58:20.295929 27068 http_helpers.go:151] URL: https://daily-cloudcode-pa.googleapis.com/v1internal:fetchAvailableModels Trace: 0x9b00bc9fddf57f59
2026-05-16 01:04:19.698 [info] I0516 01:04:19.698277 27068 http_helpers.go:151] URL: https://daily-cloudcode-pa.googleapis.com/v1internal:fetchAvailableModels Trace: 0x443021ab04edb5ff
2026-05-16 01:04:20.012 [info] I0516 01:04:20.011749 27068 http_helpers.go:151] URL: https://daily-cloudcode-pa.googleapis.com/v1internal:loadCodeAssist Trace: 0x8437fe6ffae61d3
2026-05-16 01:10:20.387 [info] I0516 01:10:20.387346 27068 http_helpers.go:151] URL: https://daily-cloudcode-pa.googleapis.com/v1internal:fetchAvailableModels Trace: 0xf5bec838a8bbe3d8
2026-05-16 01:10:20.851 [info] I0516 01:10:20.851234 27068 http_helpers.go:151] URL: https://daily-cloudcode-pa.googleapis.com/v1internal:loadCodeAssist Trace: 0x4891fcf6c15af115
2026-05-16 01:16:19.784 [info] I0516 01:16:19.783796 27068 http_helpers.go:151] URL: https://daily-cloudcode-pa.googleapis.com/v1internal:fetchAvailableModels Trace: 0x8aa1248196db64d9
2026-05-16 01:16:20.105 [info] I0516 01:16:20.105376 27068 http_helpers.go:151] URL: https://daily-cloudcode-pa.googleapis.com/v1internal:loadCodeAssist Trace: 0x2e07491cd88ec5f2
2026-05-16 01:22:19.881 [info] I0516 01:22:19.881057 27068 http_helpers.go:151] URL: https://daily-cloudcode-pa.googleapis.com/v1internal:fetchAvailableModels Trace: 0xdbc5ba9251428a4a
2026-05-16 01:22:20.524 [info] I0516 01:22:20.524433 27068 http_helpers.go:151] URL: https://daily-cloudcode-pa.googleapis.com/v1internal:loadCodeAssist Trace: 0x8f6a1030c46a5d4b
2026-05-16 01:26:25.355 [info] (Antigravity) 2026-05-16 01:26:25.355 [INFO]: [Terminal] Command completed: source venv/bin/activate && python bot.py exit code 130
