2026-05-17 01:49:23.938 [info] I0517 01:49:23.937850 106376 server.go:1236] Starting language server process with pid 106376
2026-05-17 01:49:23.938 [info] I0517 01:49:23.937928 106376 server.go:301] Setting GOMAXPROCS to 4
2026-05-17 01:49:23.939 [info] I0517 01:49:23.938919 106376 server.go:440] Language server will attempt to listen on host 127.0.0.1
2026-05-17 01:49:23.939 [info] I0517 01:49:23.939097 106376 server.go:454] Language server listening on random port at 41761 for HTTPS (gRPC)
2026-05-17 01:49:23.939 [info] I0517 01:49:23.939120 106376 server.go:461] Language server listening on random port at 36115 for HTTP
2026-05-17 01:49:24.357 [info] I0517 01:49:24.356978 106376 server.go:433] Created extension server client at port 38945
2026-05-17 01:49:24.442 [info] I0517 01:49:24.442127 106376 cascade_manager.go:773] Reactive state is disabled
2026-05-17 01:49:24.461 [info] (Antigravity) 2026-05-17 01:49:24.460 [INFO]: Language server started
2026-05-17 01:49:24.479 [info] I0517 01:49:24.471240 106376 server.go:1693] initialized server successfully in 533.283858ms
2026-05-17 01:49:24.925 [info] (Antigravity) 2026-05-17 01:49:24.925 [INFO]: LS lspClient started successfully
2026-05-17 01:49:26.391 [info] I0517 01:49:26.390962 106376 http_helpers.go:151] URL: https://daily-cloudcode-pa.googleapis.com/v1internal:loadCodeAssist Trace: 0x8b28dddf8d3d5c01
2026-05-17 01:49:27.211 [info] I0517 01:49:27.211600 106376 http_helpers.go:151] URL: https://daily-cloudcode-pa.googleapis.com/v1internal:fetchAvailableModels Trace: 0x331986f40d183530
2026-05-17 01:50:31.435 [info] I0517 01:50:31.435760 107063 server.go:1236] Starting language server process with pid 107063
2026-05-17 01:50:31.436 [info] I0517 01:50:31.435829 107063 server.go:301] Setting GOMAXPROCS to 4
2026-05-17 01:50:31.436 [info] I0517 01:50:31.436871 107063 server.go:440] Language server will attempt to listen on host 127.0.0.1
2026-05-17 01:50:31.437 [info] I0517 01:50:31.437042 107063 server.go:454] Language server listening on random port at 39677 for HTTPS (gRPC)
2026-05-17 01:50:31.437 [info] I0517 01:50:31.437066 107063 server.go:461] Language server listening on random port at 41597 for HTTP
2026-05-17 01:50:31.868 [info] I0517 01:50:31.867928 107063 server.go:433] Created extension server client at port 45677
2026-05-17 01:50:32.912 [info] I0517 01:50:31.927231 107063 cascade_manager.go:773] Reactive state is disabled
2026-05-17 01:50:32.932 [info] (Antigravity) 2026-05-17 01:50:32.931 [INFO]: Language server started
2026-05-17 01:50:32.948 [info] I0517 01:50:32.942130 107063 server.go:1693] initialized server successfully in 1.50624871s
2026-05-17 01:50:33.420 [info] (Antigravity) 2026-05-17 01:50:33.420 [INFO]: LS lspClient started successfully
2026-05-17 01:50:34.726 [info] I0517 01:50:34.717670 107063 http_helpers.go:151] URL: https://daily-cloudcode-pa.googleapis.com/v1internal:loadCodeAssist Trace: 0x7a0c5dd76a3a29c0
2026-05-17 01:50:35.184 [info] I0517 01:50:35.184302 107063 http_helpers.go:151] URL: https://daily-cloudcode-pa.googleapis.com/v1internal:fetchAvailableModels Trace: 0x15474a823793314b
2026-05-17 01:54:32.645 [info] I0517 01:54:32.645057 107063 http_helpers.go:151] URL: https://daily-cloudcode-pa.googleapis.com/v1internal:loadCodeAssist Trace: 0x1fd6e842295e6bba
2026-05-17 01:54:33.173 [info] I0517 01:54:33.173380 107063 http_helpers.go:151] URL: https://daily-cloudcode-pa.googleapis.com/v1internal:fetchAvailableModels Trace: 0xe44f2b9afde41ccd
2026-05-17 02:00:33.073 [info] I0517 02:00:33.073233 107063 http_helpers.go:151] URL: https://daily-cloudcode-pa.googleapis.com/v1internal:fetchAvailableModels Trace: 0x6079212b5b4de790
2026-05-17 02:00:33.160 [info] I0517 02:00:33.160381 107063 http_helpers.go:151] URL: https://daily-cloudcode-pa.googleapis.com/v1internal:loadCodeAssist Trace: 0xe74806258ca44a6d
2026-05-17 02:06:32.586 [info] I0517 02:06:32.586492 107063 http_helpers.go:151] URL: https://daily-cloudcode-pa.googleapis.com/v1internal:fetchAvailableModels Trace: 0xbd9d3387188ac21f
2026-05-17 02:06:32.881 [info] I0517 02:06:32.880884 107063 http_helpers.go:151] URL: https://daily-cloudcode-pa.googleapis.com/v1internal:loadCodeAssist Trace: 0xf76df94a1d02d0e8
2026-05-17 02:12:32.681 [info] I0517 02:12:32.681589 107063 http_helpers.go:151] URL: https://daily-cloudcode-pa.googleapis.com/v1internal:fetchAvailableModels Trace: 0x256b57079f1ca601
2026-05-17 02:12:33.137 [info] I0517 02:12:33.136920 107063 http_helpers.go:151] URL: https://daily-cloudcode-pa.googleapis.com/v1internal:loadCodeAssist Trace: 0xf41a961c356f4f10
