2026-05-17 17:14:17.017 [info] [tsrelay] url: http://127.0.0.1:42699
2026-05-17 17:14:17.018 [info] websocket is open
2026-05-17 17:14:17.018 [info] [serve-status] Funnel is off
2026-05-17 17:14:17.018 [info] [serve-status] HTTPS is off
2026-05-17 17:14:17.018 [info] [tsrelay] initial ports are set
2026-05-17 17:14:17.536 [info] terminal opened
2026-05-17 17:14:18.009 [info] pid is 27516
2026-05-17 17:14:18.009 [info] pid sent
2026-05-17 17:14:31.598 [info] shutting down tsrelay
2026-05-17 17:14:34.097 [info] [tsrelay] url: http://127.0.0.1:34191
2026-05-17 17:14:34.097 [info] websocket is open
2026-05-17 17:14:34.097 [info] [serve-status] Funnel is off
2026-05-17 17:14:34.097 [info] [serve-status] HTTPS is off
2026-05-17 17:14:34.097 [info] [tsrelay] initial ports are set
2026-05-17 17:14:34.995 [info] terminal opened
2026-05-17 17:14:34.996 [info] pid is 28195
2026-05-17 17:14:34.996 [info] pid sent
2026-05-17 17:14:37.278 [info] terminal opened
2026-05-17 17:14:37.390 [info] pid is 28391
2026-05-17 17:14:37.390 [info] pid sent
2026-05-17 17:15:02.721 [info] shutting down tsrelay
