2026-05-17 01:49:12.951 [info] [BrowserOnboardingClientMainService] Starting browser onboarding server
2026-05-17 01:49:12.951 [info] [BrowserOnboardingClientServer] Browser onboarding server started on http://localhost:44277
2026-05-17 01:49:13.086 [info] update#setState idle
2026-05-17 01:49:43.086 [info] update#setState checking for updates
2026-05-17 01:49:43.316 [info] update#setState idle
2026-05-17 01:50:17.332 [info] Extension host with pid 105754 exited with code: 0, signal: unknown.
2026-05-17 01:50:18.605 [error] [UtilityProcess id: 1, type: fileWatcher, pid: 105770]: crashed with code 133 and reason 'crashed'
2026-05-17 01:50:28.337 [info] Extension host with pid 106253 exited with code: 0, signal: unknown.
2026-05-17 01:50:29.490 [error] [UtilityProcess id: 3, type: fileWatcher, pid: 106237]: crashed with code 133 and reason 'crashed'
2026-05-17 01:50:48.800 [warning] [perf] profiling STARTED 81f49fa6-bcd1-4950-b829-59b095d0855e
2026-05-17 01:50:53.871 [warning] [perf] profiling DONE 81f49fa6-bcd1-4950-b829-59b095d0855e
2026-05-17 01:51:09.175 [warning] [perf] profiling STARTED 81f49fa6-bcd1-4950-b829-59b095d0855e
2026-05-17 01:51:14.210 [warning] [perf] profiling DONE 81f49fa6-bcd1-4950-b829-59b095d0855e
2026-05-17 01:51:29.493 [warning] [perf] profiling STARTED 81f49fa6-bcd1-4950-b829-59b095d0855e
2026-05-17 01:51:34.524 [warning] [perf] profiling DONE 81f49fa6-bcd1-4950-b829-59b095d0855e
2026-05-17 02:12:46.402 [info] Extension host with pid 106920 exited with code: 0, signal: unknown.
2026-05-17 02:13:10.422 [info] Extension host with pid 117666 exited with code: 0, signal: unknown.
2026-05-17 02:13:27.557 [info] Extension host with pid 117651 exited with code: 0, signal: unknown.
2026-05-17 02:13:28.622 [error] [UtilityProcess id: 7, type: fileWatcher, pid: 117621]: crashed with code 139 and reason 'crashed'
2026-05-17 02:13:40.385 [info] Extension host with pid 117388 exited with code: 0, signal: unknown.
2026-05-17 02:13:41.537 [error] [UtilityProcess id: 4, type: fileWatcher, pid: 117373]: crashed with code 133 and reason 'crashed'
2026-05-17 02:13:49.900 [info] Extension host with pid 118293 exited with code: 0, signal: unknown.
2026-05-17 02:13:53.482 [info] Extension host with pid 118562 exited with code: 0, signal: unknown.
2026-05-17 02:14:17.770 [warning] [perf] profiling STARTED 124d1752-2ad6-4080-83e3-ec157118cd84
2026-05-17 02:14:21.304 [info] Extension host with pid 118607 exited with code: 0, signal: unknown.
2026-05-17 02:14:22.805 [warning] [perf] profiling DONE 124d1752-2ad6-4080-83e3-ec157118cd84
2026-05-17 02:14:36.848 [info] Extension host with pid 118818 exited with code: 0, signal: unknown.
2026-05-17 02:14:37.974 [error] [UtilityProcess id: 4, type: fileWatcher, pid: 118592]: crashed with code 139 and reason 'crashed'
2026-05-17 02:14:43.696 [warning] [perf] profiling STARTED 5a35c819-c160-44dc-bcc6-3167b92e0305
2026-05-17 02:14:48.748 [warning] [perf] profiling DONE 5a35c819-c160-44dc-bcc6-3167b92e0305
2026-05-17 02:15:04.103 [warning] [perf] profiling STARTED 5a35c819-c160-44dc-bcc6-3167b92e0305
2026-05-17 02:15:09.139 [warning] [perf] profiling DONE 5a35c819-c160-44dc-bcc6-3167b92e0305
2026-05-17 02:15:24.406 [warning] [perf] profiling STARTED 5a35c819-c160-44dc-bcc6-3167b92e0305
2026-05-17 02:15:29.432 [warning] [perf] profiling DONE 5a35c819-c160-44dc-bcc6-3167b92e0305
2026-05-17 02:17:14.396 [info] Extension host with pid 119142 exited with code: 0, signal: unknown.
2026-05-17 02:17:15.584 [error] [UtilityProcess id: 4, type: fileWatcher, pid: 119127]: crashed with code 139 and reason 'crashed'
2026-05-17 02:17:32.443 [info] Extension host with pid 120169 exited with code: 0, signal: unknown.
2026-05-17 02:22:11.526 [warning] [File Watcher (node.js)] Watcher shutdown because watched path got deleted
2026-05-17 02:49:43.088 [info] update#setState checking for updates
2026-05-17 02:49:43.570 [info] update#setState idle
2026-05-17 03:38:03.571 [warning] [perf] profiling STARTED 812edd66-ca80-4d12-9c6f-4b6d1946b005
2026-05-17 03:38:08.618 [warning] [perf] profiling DONE 812edd66-ca80-4d12-9c6f-4b6d1946b005
2026-05-17 03:38:23.997 [warning] [perf] profiling STARTED 812edd66-ca80-4d12-9c6f-4b6d1946b005
2026-05-17 03:38:29.027 [warning] [perf] profiling DONE 812edd66-ca80-4d12-9c6f-4b6d1946b005
2026-05-17 03:38:44.356 [warning] [perf] profiling STARTED 812edd66-ca80-4d12-9c6f-4b6d1946b005
2026-05-17 03:38:49.407 [warning] [perf] profiling DONE 812edd66-ca80-4d12-9c6f-4b6d1946b005
2026-05-17 03:49:43.090 [info] update#setState checking for updates
2026-05-17 03:49:43.584 [info] update#setState idle
2026-05-17 03:54:13.647 [warning] [perf] profiling STARTED b6fe7652-633b-43f0-a907-de824e6747ef
2026-05-17 03:54:18.713 [warning] [perf] profiling DONE b6fe7652-633b-43f0-a907-de824e6747ef
2026-05-17 03:54:34.078 [warning] [perf] profiling STARTED b6fe7652-633b-43f0-a907-de824e6747ef
2026-05-17 03:54:39.125 [warning] [perf] profiling DONE b6fe7652-633b-43f0-a907-de824e6747ef
2026-05-17 03:54:54.470 [warning] [perf] profiling STARTED b6fe7652-633b-43f0-a907-de824e6747ef
2026-05-17 03:54:59.512 [warning] [perf] profiling DONE b6fe7652-633b-43f0-a907-de824e6747ef
2026-05-17 04:20:42.279 [info] Extension host with pid 214946 exited with code: 0, signal: unknown.
2026-05-17 04:20:43.409 [error] [UtilityProcess id: 8, type: fileWatcher, pid: 214931]: crashed with code 139 and reason 'crashed'
2026-05-17 04:49:43.093 [info] update#setState checking for updates
2026-05-17 04:49:43.449 [info] update#setState idle
2026-05-17 04:52:17.512 [warning] [perf] profiling STARTED 26fe4b27-b2c9-4554-88e5-bbb0324b465e
2026-05-17 04:52:22.581 [warning] [perf] profiling DONE 26fe4b27-b2c9-4554-88e5-bbb0324b465e
2026-05-17 04:52:38.057 [warning] [perf] profiling STARTED 26fe4b27-b2c9-4554-88e5-bbb0324b465e
2026-05-17 04:52:43.117 [warning] [perf] profiling DONE 26fe4b27-b2c9-4554-88e5-bbb0324b465e
2026-05-17 04:52:58.545 [warning] [perf] profiling STARTED 26fe4b27-b2c9-4554-88e5-bbb0324b465e
2026-05-17 04:53:03.597 [warning] [perf] profiling DONE 26fe4b27-b2c9-4554-88e5-bbb0324b465e
2026-05-17 05:12:17.909 [warning] [perf] profiling STARTED 301fad6a-9f0a-4258-93e8-46233cb20edb
2026-05-17 05:12:17.973 [warning] [perf] profiling STARTED dd177ad4-cc04-4af5-9066-49e8000b4a2b
2026-05-17 05:12:22.960 [warning] [perf] profiling DONE 301fad6a-9f0a-4258-93e8-46233cb20edb
2026-05-17 05:12:23.012 [warning] [perf] profiling DONE dd177ad4-cc04-4af5-9066-49e8000b4a2b
2026-05-17 05:12:38.391 [warning] [perf] profiling STARTED 301fad6a-9f0a-4258-93e8-46233cb20edb
2026-05-17 05:12:38.508 [warning] [perf] profiling STARTED dd177ad4-cc04-4af5-9066-49e8000b4a2b
2026-05-17 05:12:43.443 [warning] [perf] profiling DONE 301fad6a-9f0a-4258-93e8-46233cb20edb
2026-05-17 05:12:43.545 [warning] [perf] profiling DONE dd177ad4-cc04-4af5-9066-49e8000b4a2b
2026-05-17 05:12:58.861 [warning] [perf] profiling STARTED 301fad6a-9f0a-4258-93e8-46233cb20edb
2026-05-17 05:12:59.082 [warning] [perf] profiling STARTED dd177ad4-cc04-4af5-9066-49e8000b4a2b
2026-05-17 05:13:03.918 [warning] [perf] profiling DONE 301fad6a-9f0a-4258-93e8-46233cb20edb
2026-05-17 05:13:04.146 [warning] [perf] profiling DONE dd177ad4-cc04-4af5-9066-49e8000b4a2b
2026-05-17 05:18:29.141 [warning] [perf] profiling STARTED 247ce120-f8ad-49d0-a29a-f0439bd988ec
2026-05-17 05:18:29.173 [warning] [perf] profiling STARTED f80d56c6-dea1-445b-9956-8fcc42c06196
2026-05-17 05:18:34.192 [warning] [perf] profiling DONE 247ce120-f8ad-49d0-a29a-f0439bd988ec
2026-05-17 05:18:34.217 [warning] [perf] profiling DONE f80d56c6-dea1-445b-9956-8fcc42c06196
2026-05-17 05:18:49.590 [warning] [perf] profiling STARTED f80d56c6-dea1-445b-9956-8fcc42c06196
2026-05-17 05:18:49.637 [warning] [perf] profiling STARTED 247ce120-f8ad-49d0-a29a-f0439bd988ec
2026-05-17 05:18:55.213 [warning] [perf] profiling DONE 247ce120-f8ad-49d0-a29a-f0439bd988ec
2026-05-17 05:18:55.367 [warning] [perf] profiling DONE f80d56c6-dea1-445b-9956-8fcc42c06196
2026-05-17 05:19:10.800 [warning] [perf] profiling STARTED 247ce120-f8ad-49d0-a29a-f0439bd988ec
2026-05-17 05:19:10.892 [warning] [perf] profiling STARTED f80d56c6-dea1-445b-9956-8fcc42c06196
2026-05-17 05:19:15.854 [warning] [perf] profiling DONE 247ce120-f8ad-49d0-a29a-f0439bd988ec
2026-05-17 05:19:15.938 [warning] [perf] profiling DONE f80d56c6-dea1-445b-9956-8fcc42c06196
2026-05-17 05:49:43.094 [info] update#setState checking for updates
2026-05-17 05:49:43.569 [info] update#setState idle
2026-05-17 06:03:58.170 [warning] [perf] profiling STARTED 0f43f828-5d86-4eca-b5b9-da99c6275567
2026-05-17 06:04:03.233 [warning] [perf] profiling DONE 0f43f828-5d86-4eca-b5b9-da99c6275567
2026-05-17 06:04:18.657 [warning] [perf] profiling STARTED 0f43f828-5d86-4eca-b5b9-da99c6275567
2026-05-17 06:04:23.711 [warning] [perf] profiling DONE 0f43f828-5d86-4eca-b5b9-da99c6275567
2026-05-17 06:04:39.144 [warning] [perf] profiling STARTED 0f43f828-5d86-4eca-b5b9-da99c6275567
2026-05-17 06:04:44.198 [warning] [perf] profiling DONE 0f43f828-5d86-4eca-b5b9-da99c6275567
2026-05-17 06:04:52.088 [info] Extension host with pid 106660 exited with code: 0, signal: unknown.
2026-05-17 06:04:53.388 [error] [UtilityProcess id: 1, type: fileWatcher, pid: 106645]: crashed with code 139 and reason 'crashed'
2026-05-17 06:28:54.134 [info] Extension host with pid 215204 exited with code: 0, signal: unknown.
