2026-05-17 01:49:18.689 [info] Render performance baseline is 30ms
2026-05-17 01:49:25.096 [info] Render performance baseline is 20ms
2026-05-17 01:50:21.441 [info] Render performance baseline is 20ms
2026-05-17 01:50:32.433 [info] Render performance baseline is 22ms
2026-05-17 01:50:48.077 [warning] Renderer reported VERY LONG TASK (262ms), starting profiling session '81f49fa6-bcd1-4950-b829-59b095d0855e'
2026-05-17 02:13:02.680 [info] Render performance baseline is 21ms
2026-05-17 02:13:44.517 [info] Render performance baseline is 20ms
2026-05-17 02:13:57.384 [info] Render performance baseline is 20ms
2026-05-17 02:14:16.720 [warning] Renderer reported VERY LONG TASK (319ms), starting profiling session '124d1752-2ad6-4080-83e3-ec157118cd84'
2026-05-17 02:14:22.930 [error] 
	 at addMatch (vscode-file://vscode-app/usr/share/antigravity/resources/app/out/vs/workbench/workbench.desktop.main.js:5086:21844)
	 at $handleFileMatch (vscode-file://vscode-app/usr/share/antigravity/resources/app/out/vs/workbench/workbench.desktop.main.js:5086:21210)
	 at S (vscode-file://vscode-app/usr/share/antigravity/resources/app/out/vs/workbench/workbench.desktop.main.js:8501:39014)
	 at M (vscode-file://vscode-app/usr/share/antigravity/resources/app/out/vs/workbench/workbench.desktop.main.js:8501:37872)
	 at L (vscode-file://vscode-app/usr/share/antigravity/resources/app/out/vs/workbench/workbench.desktop.main.js:8501:36949)
	 at (anonymous) (vscode-file://vscode-app/usr/share/antigravity/resources/app/out/vs/workbench/workbench.desktop.main.js:8501:35941)
	 at C (vscode-file://vscode-app/usr/share/antigravity/resources/app/out/vs/workbench/workbench.desktop.main.js:2791:2267)
	 at fire (vscode-file://vscode-app/usr/share/antigravity/resources/app/out/vs/workbench/workbench.desktop.main.js:2791:2457)
	 at fire (vscode-file://vscode-app/usr/share/antigravity/resources/app/out/vs/workbench/workbench.desktop.main.js:5077:10311)
	 at l.onmessage (vscode-file://vscode-app/usr/share/antigravity/resources/app/out/vs/workbench/workbench.desktop.main.js:8512:13334)
2026-05-17 02:14:22.931 [error] 
	 at hDr (vscode-file://vscode-app/usr/share/antigravity/resources/app/out/vs/workbench/workbench.desktop.main.js:2792:61070)
	 at WGi (vscode-file://vscode-app/usr/share/antigravity/resources/app/out/vs/workbench/workbench.desktop.main.js:2792:62116)
	 at addMatch (vscode-file://vscode-app/usr/share/antigravity/resources/app/out/vs/workbench/workbench.desktop.main.js:5086:21844)
	 at $handleFileMatch (vscode-file://vscode-app/usr/share/antigravity/resources/app/out/vs/workbench/workbench.desktop.main.js:5086:21210)
	 at S (vscode-file://vscode-app/usr/share/antigravity/resources/app/out/vs/workbench/workbench.desktop.main.js:8501:39014)
	 at M (vscode-file://vscode-app/usr/share/antigravity/resources/app/out/vs/workbench/workbench.desktop.main.js:8501:37872)
	 at L (vscode-file://vscode-app/usr/share/antigravity/resources/app/out/vs/workbench/workbench.desktop.main.js:8501:36949)
	 at (anonymous) (vscode-file://vscode-app/usr/share/antigravity/resources/app/out/vs/workbench/workbench.desktop.main.js:8501:35941)
	 at C (vscode-file://vscode-app/usr/share/antigravity/resources/app/out/vs/workbench/workbench.desktop.main.js:2791:2267)
	 at fire (vscode-file://vscode-app/usr/share/antigravity/resources/app/out/vs/workbench/workbench.desktop.main.js:2791:2457)
	 at fire (vscode-file://vscode-app/usr/share/antigravity/resources/app/out/vs/workbench/workbench.desktop.main.js:5077:10311)
	 at l.onmessage (vscode-file://vscode-app/usr/share/antigravity/resources/app/out/vs/workbench/workbench.desktop.main.js:8512:13334)
2026-05-17 02:14:22.951 [info] Stored profile to DISK 'file:///tmp/renderer-67a67c.cpuprofile.json' 124d1752-2ad6-4080-83e3-ec157118cd84
2026-05-17 02:14:41.708 [info] Render performance baseline is 20ms
2026-05-17 02:14:42.893 [warning] Renderer reported VERY LONG TASK (543ms), starting profiling session '5a35c819-c160-44dc-bcc6-3167b92e0305'
2026-05-17 02:17:19.173 [info] Render performance baseline is 21ms
2026-05-17 04:20:32.225 [info] Render performance baseline is 21ms
2026-05-17 04:20:46.209 [info] Render performance baseline is 20ms
2026-05-17 04:52:17.098 [warning] Renderer reported VERY LONG TASK (602ms), starting profiling session '26fe4b27-b2c9-4554-88e5-bbb0324b465e'
2026-05-17 05:12:17.281 [warning] Renderer reported VERY LONG TASK (631ms), starting profiling session 'dd177ad4-cc04-4af5-9066-49e8000b4a2b'
2026-05-17 05:12:17.341 [warning] Renderer reported VERY LONG TASK (625ms), starting profiling session '301fad6a-9f0a-4258-93e8-46233cb20edb'
2026-05-17 05:18:28.644 [warning] Renderer reported VERY LONG TASK (724ms), starting profiling session '247ce120-f8ad-49d0-a29a-f0439bd988ec'
2026-05-17 05:18:28.734 [warning] Renderer reported VERY LONG TASK (917ms), starting profiling session 'f80d56c6-dea1-445b-9956-8fcc42c06196'
2026-05-17 06:03:57.617 [warning] Renderer reported VERY LONG TASK (361ms), starting profiling session '0f43f828-5d86-4eca-b5b9-da99c6275567'
