2026-05-15 18:50:08.323 [warning] Dir "/home/dev/Documents/Dev/Tradingview/.pixi/envs" is not watchable (directory does not exist)
2026-05-15 18:50:08.676 [info] Starting Environment refresh
2026-05-15 18:50:08.676 [info] Starting Environment refresh
2026-05-15 18:50:08.697 [info] > hatch env show --json
2026-05-15 18:50:08.697 [info] cwd: .
2026-05-15 18:50:08.714 [info] Skipping ActivatedEnv Detection:  process.env.VSCODE_CLI !== '1'
2026-05-15 18:50:08.714 [info] Skipping ActivatedEnv Detection:  process.env.VSCODE_CLI !== '1'
2026-05-15 18:50:10.080 [info] > ./venv/bin/python -I ~/.antigravity/extensions/ms-python.python-2026.4.0-universal/python_files/get_output_via_markers.py ~/.antigravity/extensions/ms-python.python-2026.4.0-universal/python_files/interpreterInfo.py
2026-05-15 18:50:10.080 [info] Environments refresh paths discovered: 1404 milliseconds
2026-05-15 18:50:10.080 [info] Environments refresh paths discovered: 1404 milliseconds
2026-05-15 18:50:10.081 [error] [Error: Command failed: /home/dev/Documents/Dev/Tradingview/venv/bin/python -I /home/dev/.antigravity/extensions/ms-python.python-2026.4.0-universal/python_files/get_output_via_markers.py /home/dev/.antigravity/extensions/ms-python.python-2026.4.0-universal/python_files/interpreterInfo.py
/bin/sh: 1: /home/dev/Documents/Dev/Tradingview/venv/bin/python: not found

	at genericNodeError (node:internal/errors:983:15)
	at wrappedFn (node:internal/errors:537:14)
	at ChildProcess.exithandler (node:child_process:417:12)
	at ChildProcess.emit (node:events:531:35)
	at maybeClose (node:internal/child_process:1101:16)
	at Socket.<anonymous> (node:internal/child_process:456:11)
	at Socket.emit (node:events:519:28)
	at Pipe.<anonymous> (node:net:346:12)
	at Pipe.callbackTrampoline (node:internal/async_hooks:130:17)] {
  code: 127,
  killed: false,
  signal: null,
  cmd: '/home/dev/Documents/Dev/Tradingview/venv/bin/python -I /home/dev/.antigravity/extensions/ms-python.python-2026.4.0-universal/python_files/get_output_via_markers.py /home/dev/.antigravity/extensions/ms-python.python-2026.4.0-universal/python_files/interpreterInfo.py'
}
2026-05-15 18:50:12.316 [info] > ./venv/bin/python -I ~/.antigravity/extensions/ms-python.python-2026.4.0-universal/python_files/get_output_via_markers.py ~/.antigravity/extensions/ms-python.python-2026.4.0-universal/python_files/interpreterInfo.py
2026-05-15 18:50:12.453 [error] [Error: Command failed: /home/dev/Documents/Dev/Tradingview/venv/bin/python -I /home/dev/.antigravity/extensions/ms-python.python-2026.4.0-universal/python_files/get_output_via_markers.py /home/dev/.antigravity/extensions/ms-python.python-2026.4.0-universal/python_files/interpreterInfo.py
/bin/sh: 1: /home/dev/Documents/Dev/Tradingview/venv/bin/python: not found

	at genericNodeError (node:internal/errors:983:15)
	at wrappedFn (node:internal/errors:537:14)
	at ChildProcess.exithandler (node:child_process:417:12)
	at ChildProcess.emit (node:events:531:35)
	at maybeClose (node:internal/child_process:1101:16)
	at Socket.<anonymous> (node:internal/child_process:456:11)
	at Socket.emit (node:events:519:28)
	at Pipe.<anonymous> (node:net:346:12)
	at Pipe.callbackTrampoline (node:internal/async_hooks:130:17)] {
  code: 127,
  killed: false,
  signal: null,
  cmd: '/home/dev/Documents/Dev/Tradingview/venv/bin/python -I /home/dev/.antigravity/extensions/ms-python.python-2026.4.0-universal/python_files/get_output_via_markers.py /home/dev/.antigravity/extensions/ms-python.python-2026.4.0-universal/python_files/interpreterInfo.py'
}
2026-05-15 18:50:12.453 [info] Environments refresh finished (event): 3777 milliseconds
2026-05-15 18:50:12.453 [info] Environments refresh finished (event): 3777 milliseconds
2026-05-15 18:50:12.467 [info] Environment refresh took 3792 milliseconds
2026-05-15 18:50:12.468 [info] Environment refresh took 3792 milliseconds
2026-05-15 18:50:12.566 [info] > pyenv which python
2026-05-15 18:50:12.566 [info] cwd: .
2026-05-15 18:50:12.676 [info] Python interpreter path: /bin/python3
2026-05-15 18:50:12.719 [info] Editor support is inactive since language server is set to None.
2026-05-15 18:50:19.026 [info] > conda info --json
2026-05-15 18:50:19.333 [error] Unable to find workspace for given file
2026-05-15 18:51:53.086 [error] Unable to find workspace for given file
2026-05-15 18:57:56.010 [info] Running installed packages checker:  {
  id: '/bin/python3',
  sysPrefix: '/usr',
  envType: 'Global',
  envName: '',
  envPath: '',
  path: '/bin/python3',
  architecture: 3,
  sysVersion: '3.14.4 (main, Apr  8 2026, 04:02:31) [GCC 15.2.0]',
  version: {
    raw: '3.14.4',
    major: 3,
    minor: 14,
    patch: 4,
    build: [],
    prerelease: [ 'final', '0' ]
  },
  displayName: 'Python 3.14.4 64-bit',
  detailedDisplayName: 'Python 3.14.4 64-bit',
  type: undefined
} /home/dev/.antigravity/extensions/ms-python.python-2026.4.0-universal/python_files/installed_check.py /home/dev/Documents/Dev/Tradingview/requirements.txt
2026-05-15 18:57:56.010 [info] > /bin/python3 ~/.antigravity/extensions/ms-python.python-2026.4.0-universal/python_files/installed_check.py ./requirements.txt
2026-05-15 19:12:08.701 [info] Running installed packages checker:  {
  id: '/bin/python3',
  sysPrefix: '/usr',
  envType: 'Global',
  envName: '',
  envPath: '',
  path: '/bin/python3',
  architecture: 3,
  sysVersion: '3.14.4 (main, Apr  8 2026, 04:02:31) [GCC 15.2.0]',
  version: {
    raw: '3.14.4',
    major: 3,
    minor: 14,
    patch: 4,
    build: [],
    prerelease: [ 'final', '0' ]
  },
  displayName: 'Python 3.14.4 64-bit',
  detailedDisplayName: 'Python 3.14.4 64-bit',
  type: undefined
} /home/dev/.antigravity/extensions/ms-python.python-2026.4.0-universal/python_files/installed_check.py /home/dev/Documents/Dev/Tradingview/requirements.txt
2026-05-15 19:12:08.701 [info] > /bin/python3 ~/.antigravity/extensions/ms-python.python-2026.4.0-universal/python_files/installed_check.py ./requirements.txt
2026-05-15 19:13:48.599 [info] > ./venv/bin/python -I ~/.antigravity/extensions/ms-python.python-2026.4.0-universal/python_files/get_output_via_markers.py ~/.antigravity/extensions/ms-python.python-2026.4.0-universal/python_files/interpreterInfo.py
2026-05-15 19:13:48.600 [info] Environments refresh paths discovered: 72 milliseconds
2026-05-15 19:13:48.625 [info] Environments refresh finished (event): 97 milliseconds
2026-05-15 19:13:59.494 [info] Editor support is inactive since language server is set to None.
2026-05-15 19:13:59.496 [info] Active interpreter [/home/dev/Documents/Dev/Tradingview]:  /home/dev/Documents/Dev/Tradingview/venv/bin/python
2026-05-15 19:13:59.499 [info] Python interpreter path: ./venv/bin/python
2026-05-15 19:27:45.077 [warning] Dir "/home/dev/Documents/Dev/Tradingview/.pixi/envs" is not watchable (directory does not exist)
2026-05-15 19:27:45.618 [info] Starting Environment refresh
2026-05-15 19:27:45.650 [info] Skipping ActivatedEnv Detection:  process.env.VSCODE_CLI !== '1'
2026-05-15 19:27:45.660 [info] Python interpreter path: ./venv/bin/python
2026-05-15 19:27:46.020 [info] > hatch env show --json
2026-05-15 19:27:46.021 [info] cwd: .
2026-05-15 19:27:46.021 [info] Environments refresh paths discovered: 403 milliseconds
2026-05-15 19:27:46.028 [info] > conda info --json
2026-05-15 19:27:46.038 [info] > ./venv/bin/python -I ~/.antigravity/extensions/ms-python.python-2026.4.0-universal/python_files/get_output_via_markers.py ~/.antigravity/extensions/ms-python.python-2026.4.0-universal/python_files/interpreterInfo.py
2026-05-15 19:27:46.081 [info] Environments refresh finished (event): 463 milliseconds
2026-05-15 19:27:46.096 [info] Environment refresh took 478 milliseconds
2026-05-15 19:27:46.122 [info] > pyenv which python
2026-05-15 19:27:46.122 [info] cwd: .
2026-05-15 19:27:46.132 [info] Editor support is inactive since language server is set to None.
2026-05-15 19:27:59.923 [info] Searching for interpreters in posix paths locator
2026-05-15 19:27:59.926 [info] Searching for pyenv environments
2026-05-15 19:27:59.926 [info] Searching for conda environments
2026-05-15 19:27:59.926 [info] Searching for global virtual environments
2026-05-15 19:27:59.926 [info] Searching for custom virtual environments
2026-05-15 19:27:59.927 [info] pyenv is not installed
2026-05-15 19:27:59.927 [info] Finished searching for pyenv environments: 3 milliseconds
2026-05-15 19:27:59.927 [info] Finished searching for custom virtual envs: 3 milliseconds
2026-05-15 19:27:59.928 [info] Finished searching for global virtual envs: 4 milliseconds
2026-05-15 19:27:59.935 [info] Found: /bin/python3 --> /bin/python3.14
2026-05-15 19:27:59.936 [info] Found: /bin/python3.14 --> /bin/python3.14
2026-05-15 19:27:59.954 [info] Found: /usr/bin/python3 --> /usr/bin/python3.14
2026-05-15 19:27:59.954 [info] Found: /usr/bin/python3.14 --> /usr/bin/python3.14
2026-05-15 19:28:02.451 [info] Skipping ActivatedEnv Detection:  process.env.VSCODE_CLI !== '1'
2026-05-15 19:28:02.451 [info] Python interpreter path: /bin/python3
2026-05-15 19:28:02.771 [info] Editor support is inactive since language server is set to None.
2026-05-15 19:28:02.840 [info] > conda info --json
2026-05-15 19:28:36.008 [warning] Dir "/home/dev/Documents/Dev/Tradingview/.pixi/envs" is not watchable (directory does not exist)
2026-05-15 19:28:36.730 [info] Skipping ActivatedEnv Detection:  process.env.VSCODE_CLI !== '1'
2026-05-15 19:28:36.740 [info] Python interpreter path: ./venv/bin/python
2026-05-15 19:28:37.185 [info] > pyenv which python
2026-05-15 19:28:37.185 [info] cwd: .
2026-05-15 19:28:37.227 [info] Editor support is inactive since language server is set to None.
2026-05-15 19:28:45.606 [warning] Dir "/home/dev/Documents/Dev/Tradingview/.pixi/envs" is not watchable (directory does not exist)
2026-05-15 19:28:45.775 [info] Starting Environment refresh
2026-05-15 19:28:45.791 [info] Skipping ActivatedEnv Detection:  process.env.VSCODE_CLI !== '1'
2026-05-15 19:28:45.797 [info] Python interpreter path: ./venv/bin/python
2026-05-15 19:28:45.841 [info] > hatch env show --json
2026-05-15 19:28:45.841 [info] cwd: .
2026-05-15 19:28:45.909 [info] > /bin/python3 -I ~/.antigravity/extensions/ms-python.python-2026.4.0-universal/python_files/get_output_via_markers.py ~/.antigravity/extensions/ms-python.python-2026.4.0-universal/python_files/interpreterInfo.py
2026-05-15 19:28:45.938 [info] > ./venv/bin/python -I ~/.antigravity/extensions/ms-python.python-2026.4.0-universal/python_files/get_output_via_markers.py ~/.antigravity/extensions/ms-python.python-2026.4.0-universal/python_files/interpreterInfo.py
2026-05-15 19:28:45.938 [info] Environments refresh paths discovered: 163 milliseconds
2026-05-15 19:28:45.957 [info] Environments refresh finished (event): 182 milliseconds
2026-05-15 19:28:45.959 [info] Environment refresh took 184 milliseconds
2026-05-15 19:28:45.968 [info] > pyenv which python
2026-05-15 19:28:45.968 [info] cwd: .
2026-05-15 19:28:45.975 [info] Editor support is inactive since language server is set to None.
