2026-05-15 18:49:54.273 [info] Reading sessions from keychain...
2026-05-15 18:49:54.273 [info] Getting sessions for all scopes...
2026-05-15 18:49:54.273 [info] Got 0 sessions for ...
2026-05-15 18:49:54.273 [info] Getting sessions for all scopes...
2026-05-15 18:49:54.273 [info] Got 0 sessions for ...
2026-05-15 18:49:54.273 [info] Getting sessions for all scopes...
2026-05-15 18:49:54.273 [info] Got 0 sessions for ...
2026-05-15 18:49:54.273 [info] Getting sessions for read:user,repo,user:email...
2026-05-15 18:49:54.273 [info] Got 0 sessions for read:user,repo,user:email...
2026-05-15 18:49:54.296 [info] Getting sessions for all scopes...
2026-05-15 18:49:54.296 [info] Got 0 sessions for ...
2026-05-15 18:49:54.329 [info] Getting sessions for all scopes...
2026-05-15 18:49:54.329 [info] Got 0 sessions for ...
2026-05-15 18:49:59.872 [info] Getting sessions for all scopes...
2026-05-15 18:49:59.872 [info] Got 0 sessions for ...
2026-05-15 18:50:11.322 [info] Reading sessions from keychain...
2026-05-15 18:50:11.323 [info] Getting sessions for all scopes...
2026-05-15 18:50:11.323 [info] Got 0 sessions for ...
2026-05-15 18:50:11.324 [info] Getting sessions for all scopes...
2026-05-15 18:50:11.324 [info] Got 0 sessions for ...
2026-05-15 18:50:11.963 [info] Getting sessions for read:user,repo,user:email...
2026-05-15 18:50:11.963 [info] Got 0 sessions for read:user,repo,user:email...
2026-05-15 18:50:11.992 [info] Getting sessions for all scopes...
2026-05-15 18:50:11.992 [info] Got 0 sessions for ...
2026-05-15 18:50:11.998 [info] Getting sessions for read:user,repo,user:email...
2026-05-15 18:50:11.998 [info] Got 0 sessions for read:user,repo,user:email...
2026-05-15 18:51:12.026 [info] Getting sessions for read:user,repo,user:email,workflow...
2026-05-15 18:51:12.026 [info] Got 0 sessions for read:user,repo,user:email,workflow...
2026-05-15 18:51:13.385 [info] Logging in with 'any' account...
2026-05-15 18:51:13.385 [info] Logging in for the following scopes: read:user repo user:email workflow
2026-05-15 18:51:13.408 [info] Trying device code flow... (read:user repo user:email workflow)
2026-05-15 18:51:25.288 [info] Getting user info...
2026-05-15 18:51:25.665 [info] Got account info!
2026-05-15 18:51:25.666 [info] Storing 1 sessions...
2026-05-15 18:51:25.668 [info] Reading sessions from keychain...
2026-05-15 18:51:25.669 [info] Stored 1 sessions!
2026-05-15 18:51:25.669 [info] Login success!
2026-05-15 18:51:25.672 [info] Got stored sessions!
2026-05-15 18:51:25.672 [info] Got 1 verified sessions.
2026-05-15 18:51:25.679 [info] Getting sessions for read:user,repo,user:email...
2026-05-15 18:51:25.679 [info] Got 0 sessions for read:user,repo,user:email...
2026-05-15 18:51:25.681 [info] Getting sessions for read:user,repo,user:email...
2026-05-15 18:51:25.681 [info] Got 0 sessions for read:user,repo,user:email...
2026-05-15 18:51:25.682 [info] Getting sessions for read:user,repo,user:email...
2026-05-15 18:51:25.682 [info] Got 0 sessions for read:user,repo,user:email...
2026-05-15 18:51:25.701 [info] Getting sessions for read:user,repo,user:email...
2026-05-15 18:51:25.701 [info] Got 0 sessions for read:user,repo,user:email...
2026-05-15 18:51:25.722 [info] Getting sessions for read:user,repo,user:email...
2026-05-15 18:51:25.722 [info] Got 0 sessions for read:user,repo,user:email...
2026-05-15 18:51:26.422 [info] FetcherService: Electron fetch failed with status: 401 
2026-05-15 18:51:27.240 [info] FetcherService: Node fetch failed with status: 401 Unauthorized
2026-05-15 18:51:28.062 [info] FetcherService: Node http/s failed with status: 401 Unauthorized
2026-05-15 18:51:49.392 [info] Getting sessions for read:user,repo,user:email,workflow...
2026-05-15 18:51:49.392 [info] Got 1 sessions for read:user,repo,user:email,workflow...
2026-05-15 18:51:50.881 [info] Getting sessions for read:user,repo,user:email,workflow...
2026-05-15 18:51:50.881 [info] Got 1 sessions for read:user,repo,user:email,workflow...
2026-05-15 18:52:00.576 [info] Getting sessions for read:user,repo,user:email,workflow...
2026-05-15 18:52:00.576 [info] Got 1 sessions for read:user,repo,user:email,workflow...
2026-05-15 18:52:10.250 [info] Getting sessions for read:user,repo,user:email,workflow...
2026-05-15 18:52:10.250 [info] Got 1 sessions for read:user,repo,user:email,workflow...
2026-05-15 18:54:20.923 [info] Getting sessions for read:user,repo,user:email...
2026-05-15 18:54:20.923 [info] Got 0 sessions for read:user,repo,user:email...
2026-05-15 19:01:00.261 [info] Getting sessions for all scopes...
2026-05-15 19:01:00.261 [info] Got 1 sessions for ...
2026-05-15 19:01:59.673 [info] Getting sessions for read:user,repo,user:email...
2026-05-15 19:01:59.673 [info] Got 0 sessions for read:user,repo,user:email...
2026-05-15 19:02:46.026 [info] Getting sessions for read:user,repo,user:email,workflow...
2026-05-15 19:02:46.026 [info] Got 1 sessions for read:user,repo,user:email,workflow...
2026-05-15 19:02:51.216 [info] Getting sessions for read:user,repo,user:email,workflow...
2026-05-15 19:02:51.216 [info] Got 1 sessions for read:user,repo,user:email,workflow...
2026-05-15 19:03:06.598 [info] Getting sessions for read:user,repo,user:email,workflow...
2026-05-15 19:03:06.598 [info] Got 1 sessions for read:user,repo,user:email,workflow...
2026-05-15 19:07:45.145 [info] Getting sessions for read:user,repo,user:email...
2026-05-15 19:07:45.145 [info] Got 0 sessions for read:user,repo,user:email...
2026-05-15 19:11:57.765 [info] Getting sessions for all scopes...
2026-05-15 19:11:57.766 [info] Got 1 sessions for ...
2026-05-15 19:11:58.689 [info] Getting sessions for all scopes...
2026-05-15 19:11:58.689 [info] Got 1 sessions for ...
2026-05-15 19:12:08.861 [info] Getting sessions for read:user,repo,user:email...
2026-05-15 19:12:08.861 [info] Got 0 sessions for read:user,repo,user:email...
2026-05-15 19:15:14.000 [info] Getting sessions for all scopes...
2026-05-15 19:15:14.000 [info] Got 1 sessions for ...
2026-05-15 19:15:59.551 [info] Getting sessions for all scopes...
2026-05-15 19:15:59.551 [info] Got 1 sessions for ...
2026-05-15 19:17:39.440 [info] Getting sessions for all scopes...
2026-05-15 19:17:39.440 [info] Got 1 sessions for ...
2026-05-15 19:18:14.022 [info] Getting sessions for all scopes...
2026-05-15 19:18:14.022 [info] Got 1 sessions for ...
2026-05-15 19:25:57.001 [info] Getting sessions for all scopes...
2026-05-15 19:25:57.001 [info] Got 1 sessions for ...
2026-05-15 19:26:13.464 [info] Getting sessions for all scopes...
2026-05-15 19:26:13.465 [info] Got 1 sessions for ...
2026-05-15 19:27:45.077 [info] Reading sessions from keychain...
2026-05-15 19:27:45.077 [info] Getting sessions for all scopes...
2026-05-15 19:27:45.077 [info] Got stored sessions!
2026-05-15 19:27:45.077 [info] Got 1 verified sessions.
2026-05-15 19:27:45.077 [info] Got 1 sessions for ...
2026-05-15 19:27:45.077 [info] Getting sessions for all scopes...
2026-05-15 19:27:45.077 [info] Got 1 sessions for ...
2026-05-15 19:27:45.077 [info] Getting sessions for all scopes...
2026-05-15 19:27:45.077 [info] Got 1 sessions for ...
2026-05-15 19:27:45.077 [info] Getting sessions for read:user,repo,user:email...
2026-05-15 19:27:45.077 [info] Got 0 sessions for read:user,repo,user:email...
2026-05-15 19:27:45.099 [info] Getting sessions for all scopes...
2026-05-15 19:27:45.099 [info] Got 1 sessions for ...
2026-05-15 19:27:46.006 [info] Getting sessions for read:user,repo,user:email,workflow...
2026-05-15 19:27:46.006 [info] Got 1 sessions for read:user,repo,user:email,workflow...
2026-05-15 19:27:46.006 [info] Getting sessions for read:user,repo,user:email...
2026-05-15 19:27:46.006 [info] Got 0 sessions for read:user,repo,user:email...
2026-05-15 19:27:47.099 [info] FetcherService: Electron fetch failed with status: 401 
2026-05-15 19:27:48.038 [info] FetcherService: Node fetch failed with status: 401 Unauthorized
2026-05-15 19:27:48.926 [info] FetcherService: Node http/s failed with status: 401 Unauthorized
2026-05-15 19:28:02.451 [info] Reading sessions from keychain...
2026-05-15 19:28:02.451 [info] Getting sessions for all scopes...
2026-05-15 19:28:02.451 [info] Got stored sessions!
2026-05-15 19:28:02.451 [info] Got 1 verified sessions.
2026-05-15 19:28:02.451 [info] Got 1 sessions for ...
2026-05-15 19:28:02.451 [info] Getting sessions for all scopes...
2026-05-15 19:28:02.451 [info] Got 1 sessions for ...
2026-05-15 19:28:02.451 [info] Getting sessions for all scopes...
2026-05-15 19:28:02.451 [info] Got 1 sessions for ...
2026-05-15 19:28:02.451 [info] Getting sessions for read:user,repo,user:email...
2026-05-15 19:28:02.451 [info] Got 0 sessions for read:user,repo,user:email...
2026-05-15 19:28:02.757 [info] Getting sessions for all scopes...
2026-05-15 19:28:02.757 [info] Got 1 sessions for ...
2026-05-15 19:28:04.074 [info] FetcherService: Electron fetch failed with status: 401 
2026-05-15 19:28:05.357 [info] FetcherService: Node fetch failed with status: 401 Unauthorized
2026-05-15 19:28:06.179 [info] FetcherService: Node http/s failed with status: 401 Unauthorized
2026-05-15 19:28:27.468 [info] Reading sessions from keychain...
2026-05-15 19:28:27.468 [info] Got stored sessions!
2026-05-15 19:28:27.468 [info] Got 1 verified sessions.
2026-05-15 19:28:27.468 [info] Getting sessions for all scopes...
2026-05-15 19:28:27.468 [info] Got 1 sessions for ...
2026-05-15 19:28:27.468 [info] Getting sessions for all scopes...
2026-05-15 19:28:27.468 [info] Got 1 sessions for ...
2026-05-15 19:28:27.468 [info] Getting sessions for all scopes...
2026-05-15 19:28:27.468 [info] Got 1 sessions for ...
2026-05-15 19:28:27.468 [info] Getting sessions for read:user,repo,user:email...
2026-05-15 19:28:27.468 [info] Got 0 sessions for read:user,repo,user:email...
2026-05-15 19:28:27.526 [info] Getting sessions for read:user,repo,user:email...
2026-05-15 19:28:27.526 [info] Got 0 sessions for read:user,repo,user:email...
2026-05-15 19:28:27.530 [info] Getting sessions for read:user,repo,user:email,workflow...
2026-05-15 19:28:27.530 [info] Got 1 sessions for read:user,repo,user:email,workflow...
2026-05-15 19:28:27.973 [info] Getting sessions for all scopes...
2026-05-15 19:28:27.973 [info] Got 1 sessions for ...
2026-05-15 19:28:27.975 [info] Getting sessions for all scopes...
2026-05-15 19:28:27.975 [info] Got 1 sessions for ...
2026-05-15 19:28:28.945 [info] FetcherService: Electron fetch failed with status: 401 
2026-05-15 19:28:29.778 [info] FetcherService: Node fetch failed with status: 401 Unauthorized
2026-05-15 19:28:30.626 [info] FetcherService: Node http/s failed with status: 401 Unauthorized
2026-05-15 19:28:37.201 [info] Reading sessions from keychain...
2026-05-15 19:28:37.202 [info] Getting sessions for all scopes...
2026-05-15 19:28:37.202 [info] Got stored sessions!
2026-05-15 19:28:37.202 [info] Got 1 verified sessions.
2026-05-15 19:28:37.202 [info] Got 1 sessions for ...
2026-05-15 19:28:37.202 [info] Getting sessions for all scopes...
2026-05-15 19:28:37.202 [info] Got 1 sessions for ...
2026-05-15 19:28:37.202 [info] Getting sessions for read:user,repo,user:email,workflow...
2026-05-15 19:28:37.202 [info] Got 1 sessions for read:user,repo,user:email,workflow...
2026-05-15 19:28:37.202 [info] Getting sessions for all scopes...
2026-05-15 19:28:37.202 [info] Got 1 sessions for ...
2026-05-15 19:28:37.202 [info] Getting sessions for read:user,repo,user:email...
2026-05-15 19:28:37.202 [info] Got 0 sessions for read:user,repo,user:email...
2026-05-15 19:28:37.223 [info] Getting sessions for all scopes...
2026-05-15 19:28:37.223 [info] Got 1 sessions for ...
2026-05-15 19:28:37.244 [info] Getting sessions for read:user,repo,user:email...
2026-05-15 19:28:37.244 [info] Got 0 sessions for read:user,repo,user:email...
2026-05-15 19:28:37.432 [info] Getting sessions for all scopes...
2026-05-15 19:28:37.432 [info] Got 1 sessions for ...
2026-05-15 19:28:37.437 [info] Getting sessions for all scopes...
2026-05-15 19:28:37.437 [info] Got 1 sessions for ...
2026-05-15 19:28:38.676 [info] FetcherService: Electron fetch failed with status: 401 
2026-05-15 19:28:39.580 [info] FetcherService: Node fetch failed with status: 401 Unauthorized
2026-05-15 19:28:40.424 [info] FetcherService: Node http/s failed with status: 401 Unauthorized
2026-05-15 19:28:45.078 [info] Reading sessions from keychain...
2026-05-15 19:28:45.078 [info] Getting sessions for all scopes...
2026-05-15 19:28:45.078 [info] Got stored sessions!
2026-05-15 19:28:45.078 [info] Got 1 verified sessions.
2026-05-15 19:28:45.078 [info] Got 1 sessions for ...
2026-05-15 19:28:45.078 [info] Getting sessions for all scopes...
2026-05-15 19:28:45.078 [info] Got 1 sessions for ...
2026-05-15 19:28:45.078 [info] Getting sessions for all scopes...
2026-05-15 19:28:45.078 [info] Got 1 sessions for ...
2026-05-15 19:28:45.078 [info] Getting sessions for read:user,repo,user:email...
2026-05-15 19:28:45.078 [info] Got 0 sessions for read:user,repo,user:email...
2026-05-15 19:28:45.389 [info] Getting sessions for all scopes...
2026-05-15 19:28:45.389 [info] Got 1 sessions for ...
2026-05-15 19:28:45.843 [info] Getting sessions for read:user,repo,user:email...
2026-05-15 19:28:45.843 [info] Got 0 sessions for read:user,repo,user:email...
2026-05-15 19:28:45.892 [info] Getting sessions for read:user,repo,user:email,workflow...
2026-05-15 19:28:45.892 [info] Got 1 sessions for read:user,repo,user:email,workflow...
2026-05-15 19:28:46.208 [info] FetcherService: Electron fetch failed with status: 401 
2026-05-15 19:28:47.530 [info] FetcherService: Node fetch failed with status: 401 Unauthorized
2026-05-15 19:28:48.333 [info] FetcherService: Node http/s failed with status: 401 Unauthorized
2026-05-15 19:34:19.787 [info] Getting sessions for read:user,repo,user:email...
2026-05-15 19:34:19.787 [info] Got 0 sessions for read:user,repo,user:email...
2026-05-15 19:35:46.489 [info] Getting sessions for read:user,repo,user:email...
2026-05-15 19:35:46.489 [info] Got 0 sessions for read:user,repo,user:email...
2026-05-15 19:38:14.096 [info] Getting sessions for read:user,repo,user:email...
2026-05-15 19:38:14.096 [info] Got 0 sessions for read:user,repo,user:email...
2026-05-15 19:39:15.001 [info] Getting sessions for all scopes...
2026-05-15 19:39:15.001 [info] Got 1 sessions for ...
2026-05-15 19:39:15.689 [info] Getting sessions for all scopes...
2026-05-15 19:39:15.689 [info] Got 1 sessions for ...
2026-05-15 19:39:17.390 [info] Getting sessions for all scopes...
2026-05-15 19:39:17.390 [info] Got 1 sessions for ...
2026-05-15 19:39:19.554 [info] Getting sessions for all scopes...
2026-05-15 19:39:19.554 [info] Got 1 sessions for ...
2026-05-15 19:43:11.183 [info] Getting sessions for all scopes...
2026-05-15 19:43:11.183 [info] Got 1 sessions for ...
2026-05-15 19:46:28.933 [info] Getting sessions for read:user,repo,user:email...
2026-05-15 19:46:28.933 [info] Got 0 sessions for read:user,repo,user:email...
2026-05-15 19:46:50.572 [info] Getting sessions for all scopes...
2026-05-15 19:46:50.572 [info] Got 1 sessions for ...
2026-05-15 19:48:48.196 [info] Getting sessions for all scopes...
2026-05-15 19:48:48.196 [info] Got 1 sessions for ...
