2026-05-17 02:13:07.464 [info] [main] Log level: Info
2026-05-17 02:13:07.464 [info] [main] Validating found git in: "git"
2026-05-17 02:13:07.464 [info] [main] Using git "2.53.0" from "git"
2026-05-17 02:13:07.464 [info] [Model][doInitialScan] Initial repository scan started
2026-05-17 02:13:07.464 [info] > git rev-parse --show-toplevel [339ms]
2026-05-17 02:13:07.464 [info] > git rev-parse --git-dir --git-common-dir --show-superproject-working-tree [12ms]
2026-05-17 02:13:07.464 [info] [Model][openRepository] Opened repository (path): /home/dev
2026-05-17 02:13:07.464 [info] [Model][openRepository] Opened repository (real path): /home/dev
2026-05-17 02:13:07.464 [info] [Model][openRepository] Opened repository (kind): repository
2026-05-17 02:13:07.464 [info] [Model][doInitialScan] Initial repository scan completed - repositories (1), closed repositories (0), parent repositories (0), unsafe repositories (0)
2026-05-17 02:13:07.464 [info] > git fetch [44ms]
2026-05-17 02:13:07.474 [info] > git rev-parse --show-toplevel [36ms]
2026-05-17 02:13:07.475 [info] > git config --get commit.template [43ms]
2026-05-17 02:13:07.800 [info] > git config --get commit.template [329ms]
2026-05-17 02:13:07.825 [info] [Git][getRemotes] No remotes found in the git config file
2026-05-17 02:13:07.826 [info] > git rev-parse --show-toplevel [27ms]
2026-05-17 02:13:07.838 [info] [Git][getRemotes] No remotes found in the git config file
2026-05-17 02:13:07.847 [info] > git for-each-ref --format=%(refname)%00%(upstream:short)%00%(objectname)%00%(upstream:track)%00%(upstream:remotename)%00%(upstream:remoteref) refs/heads/feat/h-factor-os refs/remotes/feat/h-factor-os [22ms]
2026-05-17 02:13:07.894 [info] > git for-each-ref --format=%(refname)%00%(upstream:short)%00%(objectname)%00%(upstream:track)%00%(upstream:remotename)%00%(upstream:remoteref) refs/heads/feat/h-factor-os refs/remotes/feat/h-factor-os [38ms]
2026-05-17 02:13:07.902 [info] > git rev-parse --show-toplevel [56ms]
2026-05-17 02:13:07.902 [info] > git for-each-ref --format=%(refname)%00%(upstream:short)%00%(objectname)%00%(upstream:track)%00%(upstream:remotename)%00%(upstream:remoteref) refs/heads/feat/h-factor-os refs/remotes/feat/h-factor-os [64ms]
2026-05-17 02:13:07.906 [info] > git config --get --local branch.feat/h-factor-os.vscode-merge-base [4ms]
2026-05-17 02:13:07.906 [warning] [Git][config] git config failed: Failed to execute git
2026-05-17 02:13:07.914 [info] > git config --get commit.template [32ms]
2026-05-17 02:13:07.928 [info] > git reflog feat/h-factor-os --grep-reflog=branch: Created from *. [14ms]
2026-05-17 02:13:07.942 [info] [Git][getRemotes] No remotes found in the git config file
2026-05-17 02:13:07.943 [info] > git reflog HEAD --grep-reflog=checkout: moving from .* to feat/h-factor-os [9ms]
2026-05-17 02:13:07.965 [info] > git for-each-ref --format=%(refname)%00%(upstream:short)%00%(objectname)%00%(upstream:track)%00%(upstream:remotename)%00%(upstream:remoteref) refs/heads/master refs/remotes/master [16ms]
2026-05-17 02:13:07.966 [info] > git for-each-ref --format=%(refname)%00%(upstream:short)%00%(objectname)%00%(upstream:track)%00%(upstream:remotename)%00%(upstream:remoteref) refs/heads/feat/h-factor-os refs/remotes/feat/h-factor-os [24ms]
2026-05-17 02:13:07.988 [info] > git check-ignore -v -z --stdin [32ms]
2026-05-17 02:13:07.992 [info] > git for-each-ref --sort -committerdate --format %(refname)%00%(objectname)%00%(*objectname) [12ms]
2026-05-17 02:13:08.913 [info] > git status -z -uall [941ms] (cancelled)
2026-05-17 02:13:08.924 [info] > git check-ignore -v -z --stdin [12ms]
