2026-05-16 00:53:13.649 [error] Failed to set Cloud Code URL on Language Server: Language server client has not been initialized!
2026-05-16 00:53:15.378 [info] [CloudCode] POST v1internal:loadCodeAssist traceId: bc88cdede69147d8
2026-05-16 00:53:15.379 [error] Failed to set Cloud Code URL on Language Server: Language server client has not been initialized!
2026-05-16 00:53:15.410 [info] [CloudCode] POST v1internal:loadCodeAssist traceId: 43b0702f1f640c0
2026-05-16 00:53:15.410 [error] Failed to set Cloud Code URL on Language Server: Language server client has not been initialized!
2026-05-16 00:53:16.359 [info] [CloudCode] POST v1internal:fetchAvailableModels traceId: 400d3275c1d4daa1
2026-05-16 00:53:16.643 [info] [CloudCode] POST v1internal:onboardUser traceId: de25512da683d270
2026-05-16 00:53:17.877 [info] [CloudCode] POST v1internal:loadCodeAssist traceId: f8cf3b7a35bd0715
2026-05-16 00:53:18.674 [info] [CloudCode] POST v1internal:fetchAvailableModels traceId: b47a785069fa2d24
2026-05-16 00:58:14.618 [info] [CloudCode] POST v1internal:loadCodeAssist traceId: b5b498eacee215e0
2026-05-16 00:58:15.277 [info] [CloudCode] POST v1internal:fetchAvailableModels traceId: 304a340ec9faa353
2026-05-16 01:03:14.236 [info] [CloudCode] POST v1internal:loadCodeAssist traceId: 6cf5dc278a1b6b25
2026-05-16 01:03:14.761 [info] [CloudCode] POST v1internal:fetchAvailableModels traceId: a5e3c5f7f328648f
2026-05-16 01:08:14.560 [info] [CloudCode] POST v1internal:loadCodeAssist traceId: 9f4f013d69a3313f
2026-05-16 01:08:14.887 [info] [CloudCode] POST v1internal:fetchAvailableModels traceId: 19a0a8bbbf64d0cb
2026-05-16 01:10:30.163 [info] [CloudCode] POST v1internal:recordCodeAssistMetrics traceId: 158650ca20a359b4
2026-05-16 01:13:14.169 [info] [CloudCode] POST v1internal:loadCodeAssist traceId: f72752b30372a0da
2026-05-16 01:13:14.630 [info] [CloudCode] POST v1internal:fetchAvailableModels traceId: 9d5053ba0362c1e0
2026-05-16 01:18:14.133 [info] [CloudCode] POST v1internal:loadCodeAssist traceId: a3a7c04dcbc6d17a
2026-05-16 01:18:14.622 [info] [CloudCode] POST v1internal:fetchAvailableModels traceId: 6861825bfb823b6a
2026-05-16 01:23:14.153 [info] [CloudCode] POST v1internal:loadCodeAssist traceId: c0f871afa177d02b
2026-05-16 01:23:14.620 [info] [CloudCode] POST v1internal:fetchAvailableModels traceId: 645adf468571aa95
