2026-05-17 02:13:01.214 [info] I0517 02:13:01.205112 117474 server.go:1236] Starting language server process with pid 117474
2026-05-17 02:13:01.214 [info] I0517 02:13:01.205171 117474 server.go:301] Setting GOMAXPROCS to 4
2026-05-17 02:13:01.214 [info] I0517 02:13:01.206035 117474 server.go:440] Language server will attempt to listen on host 127.0.0.1
2026-05-17 02:13:01.214 [info] I0517 02:13:01.206194 117474 server.go:454] Language server listening on random port at 36475 for HTTPS (gRPC)
2026-05-17 02:13:01.214 [info] I0517 02:13:01.206218 117474 server.go:461] Language server listening on random port at 40853 for HTTP
2026-05-17 02:13:02.084 [info] I0517 02:13:02.084392 117474 server.go:433] Created extension server client at port 36765
2026-05-17 02:13:02.105 [info] I0517 02:13:02.105792 117474 cascade_manager.go:773] Reactive state is disabled
2026-05-17 02:13:02.127 [info] (Antigravity) 2026-05-17 02:13:02.126 [INFO]: Language server started
2026-05-17 02:13:02.155 [info] I0517 02:13:02.144736 117474 server.go:1693] initialized server successfully in 939.542094ms
2026-05-17 02:13:02.385 [info] (Antigravity) 2026-05-17 02:13:02.385 [INFO]: LS lspClient started successfully
2026-05-17 02:13:03.136 [info] I0517 02:13:03.135928 117474 http_helpers.go:151] URL: https://daily-cloudcode-pa.googleapis.com/v1internal:loadCodeAssist Trace: 0xb4ebeaa1b370f80b
2026-05-17 02:13:03.609 [info] I0517 02:13:03.609106 117474 http_helpers.go:151] URL: https://daily-cloudcode-pa.googleapis.com/v1internal:fetchAvailableModels Trace: 0x8cc4a2fa05d45d72
2026-05-17 02:13:44.646 [info] I0517 02:13:44.646104 118456 server.go:1236] Starting language server process with pid 118456
2026-05-17 02:13:44.646 [info] I0517 02:13:44.646228 118456 server.go:301] Setting GOMAXPROCS to 4
2026-05-17 02:13:44.647 [info] I0517 02:13:44.647593 118456 server.go:440] Language server will attempt to listen on host 127.0.0.1
2026-05-17 02:13:44.647 [info] I0517 02:13:44.647830 118456 server.go:454] Language server listening on random port at 34105 for HTTPS (gRPC)
2026-05-17 02:13:44.647 [info] I0517 02:13:44.647866 118456 server.go:461] Language server listening on random port at 43533 for HTTP
2026-05-17 02:13:45.072 [info] I0517 02:13:45.072630 118456 server.go:433] Created extension server client at port 40371
2026-05-17 02:13:45.097 [info] I0517 02:13:45.093054 118456 cascade_manager.go:773] Reactive state is disabled
2026-05-17 02:13:45.132 [info] (Antigravity) 2026-05-17 02:13:45.131 [INFO]: Language server started
2026-05-17 02:13:45.170 [info] I0517 02:13:45.147906 118456 server.go:1693] initialized server successfully in 501.655086ms
2026-05-17 02:13:45.938 [info] (Antigravity) 2026-05-17 02:13:45.938 [INFO]: LS lspClient started successfully
2026-05-17 02:13:46.720 [info] I0517 02:13:46.720291 118456 http_helpers.go:151] URL: https://daily-cloudcode-pa.googleapis.com/v1internal:loadCodeAssist Trace: 0x23dc8718367369de
2026-05-17 02:13:47.137 [info] I0517 02:13:47.137129 118456 http_helpers.go:151] URL: https://daily-cloudcode-pa.googleapis.com/v1internal:fetchAvailableModels Trace: 0xc0e47ce25e8e8fa5
2026-05-17 02:13:56.217 [info] I0517 02:13:56.217348 118726 server.go:1236] Starting language server process with pid 118726
2026-05-17 02:13:56.217 [info] I0517 02:13:56.217443 118726 server.go:301] Setting GOMAXPROCS to 4
2026-05-17 02:13:56.218 [info] I0517 02:13:56.218691 118726 server.go:440] Language server will attempt to listen on host 127.0.0.1
2026-05-17 02:13:56.218 [info] I0517 02:13:56.218896 118726 server.go:454] Language server listening on random port at 37623 for HTTPS (gRPC)
2026-05-17 02:13:56.219 [info] I0517 02:13:56.218930 118726 server.go:461] Language server listening on random port at 34521 for HTTP
2026-05-17 02:13:56.674 [info] I0517 02:13:56.674204 118726 server.go:433] Created extension server client at port 40141
2026-05-17 02:13:56.694 [info] I0517 02:13:56.694119 118726 cascade_manager.go:773] Reactive state is disabled
2026-05-17 02:13:56.713 [info] (Antigravity) 2026-05-17 02:13:56.712 [INFO]: Language server started
2026-05-17 02:13:56.740 [info] I0517 02:13:56.729445 118726 server.go:1693] initialized server successfully in 511.966302ms
2026-05-17 02:13:57.205 [info] (Antigravity) 2026-05-17 02:13:57.205 [INFO]: LS lspClient started successfully
2026-05-17 02:13:57.495 [info] I0517 02:13:57.495348 118726 http_helpers.go:151] URL: https://daily-cloudcode-pa.googleapis.com/v1internal:loadCodeAssist Trace: 0x7a326982f09486aa
2026-05-17 02:13:57.965 [info] I0517 02:13:57.964881 118726 http_helpers.go:151] URL: https://daily-cloudcode-pa.googleapis.com/v1internal:fetchAvailableModels Trace: 0x25bab98768b85ce2
2026-05-17 02:14:21.300 [info] (Antigravity) 2026-05-17 02:14:21.300 [ERROR]: LS update error: Canceled
2026-05-17 02:14:24.225 [info] I0517 02:14:24.225139 118978 server.go:1236] Starting language server process with pid 118978
2026-05-17 02:14:24.225 [info] I0517 02:14:24.225208 118978 server.go:301] Setting GOMAXPROCS to 4
2026-05-17 02:14:24.226 [info] I0517 02:14:24.226288 118978 server.go:440] Language server will attempt to listen on host 127.0.0.1
2026-05-17 02:14:24.226 [info] I0517 02:14:24.226478 118978 server.go:454] Language server listening on random port at 41525 for HTTPS (gRPC)
2026-05-17 02:14:24.226 [info] I0517 02:14:24.226511 118978 server.go:461] Language server listening on random port at 43535 for HTTP
2026-05-17 02:14:24.649 [info] I0517 02:14:24.649423 118978 server.go:433] Created extension server client at port 43439
2026-05-17 02:14:24.671 [info] I0517 02:14:24.670227 118978 cascade_manager.go:773] Reactive state is disabled
2026-05-17 02:14:24.685 [info] (Antigravity) 2026-05-17 02:14:24.684 [INFO]: Language server started
2026-05-17 02:14:24.703 [info] I0517 02:14:24.693700 118978 server.go:1693] initialized server successfully in 468.471813ms
2026-05-17 02:14:25.102 [info] (Antigravity) 2026-05-17 02:14:25.102 [INFO]: LS lspClient started successfully
2026-05-17 02:14:25.728 [info] I0517 02:14:25.728379 118978 http_helpers.go:151] URL: https://daily-cloudcode-pa.googleapis.com/v1internal:loadCodeAssist Trace: 0x1a699f4cf19ed71e
2026-05-17 02:14:26.198 [info] I0517 02:14:26.198521 118978 http_helpers.go:151] URL: https://daily-cloudcode-pa.googleapis.com/v1internal:fetchAvailableModels Trace: 0x809e4e22e21328c7
2026-05-17 02:14:40.713 [info] I0517 02:14:40.704070 119312 server.go:1236] Starting language server process with pid 119312
2026-05-17 02:14:40.713 [info] I0517 02:14:40.704155 119312 server.go:301] Setting GOMAXPROCS to 4
2026-05-17 02:14:40.713 [info] I0517 02:14:40.705129 119312 server.go:440] Language server will attempt to listen on host 127.0.0.1
2026-05-17 02:14:40.713 [info] I0517 02:14:40.705320 119312 server.go:454] Language server listening on random port at 34843 for HTTPS (gRPC)
2026-05-17 02:14:40.713 [info] I0517 02:14:40.705352 119312 server.go:461] Language server listening on random port at 43457 for HTTP
2026-05-17 02:14:41.911 [info] I0517 02:14:41.225389 119312 server.go:433] Created extension server client at port 34251
2026-05-17 02:14:43.042 [info] I0517 02:14:43.012042 119312 cascade_manager.go:773] Reactive state is disabled
2026-05-17 02:14:43.051 [info] (Antigravity) 2026-05-17 02:14:43.051 [INFO]: Language server started
2026-05-17 02:14:43.077 [info] I0517 02:14:43.068674 119312 server.go:1693] initialized server successfully in 2.364501768s
2026-05-17 02:14:43.111 [info] (Antigravity) 2026-05-17 02:14:43.111 [INFO]: LS lspClient started successfully
2026-05-17 02:14:44.619 [info] I0517 02:14:44.587569 119312 http_helpers.go:151] URL: https://daily-cloudcode-pa.googleapis.com/v1internal:loadCodeAssist Trace: 0xf9c2bc83e46455c7
2026-05-17 02:14:45.068 [info] I0517 02:14:45.067836 119312 http_helpers.go:151] URL: https://daily-cloudcode-pa.googleapis.com/v1internal:fetchAvailableModels Trace: 0x5e00722dececacdc
2026-05-17 02:17:17.975 [info] I0517 02:17:17.973101 120348 server.go:1236] Starting language server process with pid 120348
2026-05-17 02:17:17.975 [info] I0517 02:17:17.973156 120348 server.go:301] Setting GOMAXPROCS to 4
2026-05-17 02:17:17.975 [info] I0517 02:17:17.973956 120348 server.go:440] Language server will attempt to listen on host 127.0.0.1
2026-05-17 02:17:17.975 [info] I0517 02:17:17.974131 120348 server.go:454] Language server listening on random port at 40579 for HTTPS (gRPC)
2026-05-17 02:17:17.975 [info] I0517 02:17:17.974162 120348 server.go:461] Language server listening on random port at 35871 for HTTP
2026-05-17 02:17:18.415 [info] I0517 02:17:18.414915 120348 server.go:433] Created extension server client at port 37563
2026-05-17 02:17:18.446 [info] I0517 02:17:18.446140 120348 cascade_manager.go:773] Reactive state is disabled
2026-05-17 02:17:18.463 [info] (Antigravity) 2026-05-17 02:17:18.462 [INFO]: Language server started
2026-05-17 02:17:18.483 [info] I0517 02:17:18.475387 120348 server.go:1693] initialized server successfully in 502.204365ms
2026-05-17 02:17:18.965 [info] (Antigravity) 2026-05-17 02:17:18.965 [INFO]: LS lspClient started successfully
2026-05-17 02:17:19.971 [info] I0517 02:17:19.823326 120348 http_helpers.go:151] URL: https://daily-cloudcode-pa.googleapis.com/v1internal:loadCodeAssist Trace: 0x501c8a6bd8dbaf70
2026-05-17 02:17:20.471 [info] I0517 02:17:20.287058 120348 http_helpers.go:151] URL: https://daily-cloudcode-pa.googleapis.com/v1internal:fetchAvailableModels Trace: 0x2ae71f7aa744a5f8
