2026-05-17 02:13:43.543 [error] [          8ms] [/home] git rev-parse --show-toplevel --git-dir --git-common-dir --show-superproject-working-tree • FAILED
Error: fatal: not a git repository (or any of the parent directories): .git
2026-05-17 02:13:43.553 [info] [         10ms] [/home/dev] git rev-parse --show-toplevel --git-dir --git-common-dir --show-superproject-working-tree • completed
2026-05-17 02:13:44.595 [info] [         56ms] [/home/dev] git rev-parse --show-toplevel --git-dir --git-common-dir --show-superproject-working-tree • completed
2026-05-17 02:13:44.704 [info] [         16ms] [/home/dev] git remote -v • completed
2026-05-17 02:13:44.712 [info] [          7ms] [/home/dev] git config --get -f /home/dev/.git/gk/config gk.defaultRemote • completed
2026-05-17 02:13:56.154 [error] [         19ms] [/] git rev-parse --show-toplevel --git-dir --git-common-dir --show-superproject-working-tree • FAILED
Error: fatal: not a git repository (or any of the parent directories): .git
2026-05-17 02:14:23.527 [error] [         51ms] [/] git rev-parse --show-toplevel --git-dir --git-common-dir --show-superproject-working-tree • FAILED
Error: fatal: not a git repository (or any of the parent directories): .git
2026-05-17 02:14:40.497 [info] [         31ms] [/home/dev] git rev-parse --show-toplevel --git-dir --git-common-dir --show-superproject-working-tree • completed
2026-05-17 02:14:40.693 [info] [         27ms] [/home/dev] git rev-parse --show-toplevel --git-dir --git-common-dir --show-superproject-working-tree • completed
2026-05-17 02:14:40.704 [info] [         20ms] [/home/dev] git remote -v • completed
2026-05-17 02:14:40.731 [info] [         26ms] [/home/dev] git config --get -f /home/dev/.git/gk/config gk.defaultRemote • completed
2026-05-17 02:15:15.672 [info] [         25ms] [/home/dev] git rev-list --max-parents=0 HEAD -- • completed
2026-05-17 02:15:15.672 [info] [         25ms] [/home/dev] git shortlog -s --all --no-min-parents --since=1.year.ago • completed
2026-05-17 02:17:10.520 [info] [         22ms] [/home/dev] git for-each-ref --format=%1E%(HEAD)%1D%(refname)%1D%(upstream)%1D%(upstream:track)%1D%(objectname)%1D%(committerdate:iso8601)%1D%(worktreepath)%1D refs/heads/ refs/remotes/ • completed
2026-05-17 02:17:10.520 [info] [         11ms] [/home/dev] git config --get-regex -f /home/dev/.git/gk/config ^branch\..*\.gk-(last-(accessed|modified)|disposition)$ • completed
2026-05-17 02:17:10.535 [info] [         11ms] [/home/dev] git config --get -f /home/dev/.git/gk/config branch.feat/h-factor-os.gk-last-accessed • completed
2026-05-17 02:17:10.547 [info] [         11ms] [/home/dev] git config -f /home/dev/.git/gk/config branch.feat/h-factor-os.gk-last-accessed 2026-05-16T22:17:10.522Z • completed
2026-05-17 02:17:17.870 [info] [         51ms] [/home/dev/.opencode] git rev-parse --show-toplevel --git-dir --git-common-dir --show-superproject-working-tree • completed
2026-05-17 02:17:17.956 [info] [         14ms] [/home/dev] git rev-parse --show-toplevel --git-dir --git-common-dir --show-superproject-working-tree • completed
2026-05-17 02:17:17.968 [info] [          7ms] [/home/dev] git remote -v • completed
2026-05-17 02:17:17.976 [info] [          6ms] [/home/dev] git config --get -f /home/dev/.git/gk/config gk.defaultRemote • completed
