2026-05-16 00:53:18.314 [info] [         58ms] [/home/dev/Documents/Dev/Tradingview] git rev-parse --show-toplevel --git-dir --git-common-dir --show-superproject-working-tree • completed
2026-05-16 00:53:18.373 [info] [         23ms] [/home/dev/Documents/Dev/Tradingview] git rev-parse --show-toplevel --git-dir --git-common-dir --show-superproject-working-tree • completed
2026-05-16 00:53:18.377 [info] [          9ms] [/home/dev/Documents/Dev/Tradingview] git remote -v • completed
2026-05-16 00:53:18.389 [info] [         10ms] [/home/dev/Documents/Dev/Tradingview] git config --get -f /home/dev/Documents/Dev/Tradingview/.git/gk/config gk.defaultRemote • completed
2026-05-16 00:53:53.357 [info] [         20ms] [/home/dev/Documents/Dev/Tradingview] git rev-list --max-parents=0 HEAD -- • completed
2026-05-16 00:53:53.360 [info] [         23ms] [/home/dev/Documents/Dev/Tradingview] git shortlog -s --all --no-min-parents --since=1.year.ago • completed
2026-05-16 00:54:23.082 [info] [         21ms] [/home/dev/Documents/Dev/Tradingview] git for-each-ref --format=%1E%(HEAD)%1D%(refname)%1D%(upstream)%1D%(upstream:track)%1D%(objectname)%1D%(committerdate:iso8601)%1D%(worktreepath)%1D refs/heads/ refs/remotes/ • completed
2026-05-16 00:54:23.083 [info] [          9ms] [/home/dev/Documents/Dev/Tradingview] git config --get-regex -f /home/dev/Documents/Dev/Tradingview/.git/gk/config ^branch\..*\.gk-(last-(accessed|modified)|disposition)$ • completed
2026-05-16 00:54:23.096 [info] [         10ms] [/home/dev/Documents/Dev/Tradingview] git for-each-ref --format=%1E%(refname)%1D%(objectname)%1D%(*objectname)%1D%(creatordate:iso8601)%1D%(authordate:iso8601)%1D%(subject)%1D refs/tags/ • completed
2026-05-16 00:54:33.738 [info] [         11ms] [/home/dev/Documents/Dev/Tradingview] git ls-files -- SETUP.md • completed
2026-05-16 00:54:33.755 [info] [         13ms] [/home/dev/Documents/Dev/Tradingview] git config --get-regex ^user\.(name|email)$ • completed
2026-05-16 00:54:33.771 [info] [         15ms] [/home/dev/Documents/Dev/Tradingview] git check-mailmap Abdullah Abdul Hakim <abdullaabdulhakeem25@gmail.com> • completed
2026-05-16 00:54:33.782 [info] [→1           ] (spawn) [/home/dev/Documents/Dev/Tradingview] git blame --root --incremental --encoding=utf-8 -- SETUP.md • starting...
2026-05-16 00:54:33.791 [info] [←1       17ms] (spawn) [/home/dev/Documents/Dev/Tradingview] git blame --root --incremental --encoding=utf-8 -- SETUP.md • completed
2026-05-16 00:54:33.841 [info] [         48ms] [/home/dev/Documents/Dev/Tradingview] git show --textconv HEAD:./SETUP.md -- • completed
2026-05-16 00:54:34.814 [info] [        999ms] [/home/dev/Documents/Dev/Tradingview] git log --format=%x1E%H%x1D%aN%x1D%aE%x1D%at%x1D%cN%x1D%cE%x1D%ct%x1D%P%x1D%D%x1D%B%x1D --numstat --raw -M --use-mailmap -m --no-min-parents -n1 9b50ddb8725bbdf9dacacdd9f1c8bd84bd78dd19 -- • completed
2026-05-16 00:55:09.673 [info] [         14ms] [/home/dev/Documents/Dev/Tradingview] git log --format=%x1E%H%x1D%aN%x1D%aE%x1D%at%x1D%cN%x1D%cE%x1D%ct%x1D%P%x1D%D%x1D%B%x1D --numstat --raw -M --use-mailmap -m --no-min-parents -n1 7fa9b5e2bc81860681d1228680aaf777458b348b -- • completed
2026-05-16 00:55:22.139 [info] [         27ms] [/home/dev/Documents/Dev/Tradingview] git cat-file commit 7fa9b5e2bc81860681d1228680aaf777458b348b • completed
2026-05-16 00:55:22.148 [info] [         22ms] [/home/dev/Documents/Dev/Tradingview] git diff --no-ext-diff --minimal -U0 -M --diff-filter=M 2f5b9e047e95dba44a29467b40ae9d533f37f9bc -- SETUP.md • completed
2026-05-16 00:55:48.308 [info] [         12ms] [/home/dev/Documents/Dev/Tradingview] git config --get -f /home/dev/Documents/Dev/Tradingview/.git/gk/config branch.lightweight-charts.gk-last-accessed • completed
2026-05-16 00:55:48.321 [info] [         11ms] [/home/dev/Documents/Dev/Tradingview] git config -f /home/dev/Documents/Dev/Tradingview/.git/gk/config branch.lightweight-charts.gk-last-accessed 2026-05-15T20:55:48.295Z • completed
2026-05-16 00:57:50.293 [info] [         11ms] [/home/dev/Documents/Dev/Tradingview] git config --get -f /home/dev/Documents/Dev/Tradingview/.git/gk/config branch.lightweight-charts.gk-last-accessed • completed
2026-05-16 00:57:50.304 [info] [         10ms] [/home/dev/Documents/Dev/Tradingview] git config --get -f /home/dev/Documents/Dev/Tradingview/.git/gk/config branch.lightweight-charts.gk-last-modified • completed
2026-05-16 00:57:50.316 [info] [         11ms] [/home/dev/Documents/Dev/Tradingview] git config -f /home/dev/Documents/Dev/Tradingview/.git/gk/config branch.lightweight-charts.gk-last-modified 2026-05-15T20:57:50.281Z • completed
