2026-05-17 17:14:08.899 [info] Reading sessions from keychain...
2026-05-17 17:14:08.899 [info] Getting sessions for all scopes...
2026-05-17 17:14:08.899 [info] Got stored sessions!
2026-05-17 17:14:08.899 [info] Got 1 verified sessions.
2026-05-17 17:14:08.899 [info] Got 1 sessions for ...
2026-05-17 17:14:08.899 [info] Getting sessions for read:user,repo,user:email...
2026-05-17 17:14:08.899 [info] Got 0 sessions for read:user,repo,user:email...
2026-05-17 17:14:08.910 [info] Getting sessions for all scopes...
2026-05-17 17:14:08.910 [info] Got 1 sessions for ...
2026-05-17 17:14:08.910 [info] Getting sessions for all scopes...
2026-05-17 17:14:08.910 [info] Got 1 sessions for ...
2026-05-17 17:14:08.934 [info] Getting sessions for read:user,repo,user:email...
2026-05-17 17:14:08.934 [info] Got 0 sessions for read:user,repo,user:email...
2026-05-17 17:14:09.186 [info] Getting sessions for all scopes...
2026-05-17 17:14:09.186 [info] Got 1 sessions for ...
2026-05-17 17:14:09.247 [info] Getting sessions for all scopes...
2026-05-17 17:14:09.248 [info] Got 1 sessions for ...
2026-05-17 17:14:10.698 [info] FetcherService: Electron fetch failed with status: 401 
2026-05-17 17:14:11.563 [info] FetcherService: Node fetch failed with status: 401 Unauthorized
2026-05-17 17:14:12.389 [info] FetcherService: Node http/s failed with status: 401 Unauthorized
