2026-05-20 23:14:58.134 [info] [tsrelay] url: http://127.0.0.1:45681
2026-05-20 23:14:58.134 [info] websocket is open
2026-05-20 23:14:58.134 [info] [serve-status] Funnel is off
2026-05-20 23:14:58.134 [info] [serve-status] HTTPS is off
2026-05-20 23:14:58.134 [info] [tsrelay] initial ports are set
2026-05-20 23:14:58.134 [info] terminal opened
2026-05-20 23:14:58.589 [info] pid is 12455
2026-05-20 23:14:58.589 [info] pid sent
2026-05-20 23:14:59.133 [info] terminal opened
2026-05-20 23:14:59.244 [info] pid is 12553
2026-05-20 23:14:59.244 [info] pid sent
2026-05-20 23:20:27.245 [info] terminal opened
2026-05-20 23:20:28.094 [info] pid is 17528
2026-05-20 23:20:28.094 [info] pid sent
2026-05-20 23:20:30.469 [info] got message
2026-05-20 23:20:30.469 [info] msg is newPort
2026-05-20 23:28:15.459 [info] got message
2026-05-20 23:28:15.459 [info] msg is newPort
2026-05-20 23:28:21.456 [info] got message
2026-05-20 23:28:21.456 [info] msg is newPort
2026-05-20 23:28:21.456 [info] got message
2026-05-20 23:28:21.456 [info] msg is newPort
2026-05-20 23:28:45.474 [info] got message
2026-05-20 23:28:45.474 [info] msg is newPort
