2026-05-20 23:14:58.134 [info] [main] Log level: Info
2026-05-20 23:14:58.134 [info] [main] Validating found git in: "git"
2026-05-20 23:14:58.134 [info] [main] Using git "2.53.0" from "git"
2026-05-20 23:14:58.134 [info] [Model][doInitialScan] Initial repository scan started
2026-05-20 23:14:58.134 [info] > git rev-parse --show-toplevel [17ms]
2026-05-20 23:14:58.134 [info] > git rev-parse --git-dir --git-common-dir --show-superproject-working-tree [113ms]
2026-05-20 23:14:58.134 [info] [Model][openRepository] Opened repository (path): /home/dev/AI_Workflow
2026-05-20 23:14:58.134 [info] [Model][openRepository] Opened repository (real path): /home/dev/AI_Workflow
2026-05-20 23:14:58.134 [info] [Model][openRepository] Opened repository (kind): repository
2026-05-20 23:14:58.148 [info] > git config --get commit.template [23ms]
2026-05-20 23:14:58.563 [info] > git for-each-ref --format=%(refname)%00%(upstream:short)%00%(objectname)%00%(upstream:track)%00%(upstream:remotename)%00%(upstream:remoteref) refs/heads/master refs/remotes/master [418ms]
2026-05-20 23:14:58.963 [info] > git check-ignore -v -z --stdin [64ms]
2026-05-20 23:14:58.966 [info] > git for-each-ref --sort -committerdate --format %(refname)%00%(objectname)%00%(*objectname) [16ms]
2026-05-20 23:14:59.006 [info] > git rev-parse --show-toplevel [5ms]
2026-05-20 23:14:59.016 [info] > git rev-parse --show-toplevel [2ms]
2026-05-20 23:14:59.033 [info] > git rev-parse --show-toplevel [9ms]
2026-05-20 23:14:59.042 [info] > git rev-parse --show-toplevel [2ms]
2026-05-20 23:14:59.059 [info] > git rev-parse --show-toplevel [2ms]
2026-05-20 23:14:59.067 [info] > git rev-parse --show-toplevel [1ms]
2026-05-20 23:14:59.079 [info] > git rev-parse --show-toplevel [5ms]
2026-05-20 23:14:59.133 [info] > git rev-parse --show-toplevel [31ms]
2026-05-20 23:14:59.144 [info] > git rev-parse --show-toplevel [3ms]
2026-05-20 23:14:59.190 [info] > git rev-parse --show-toplevel [1ms]
2026-05-20 23:14:59.202 [info] > git rev-parse --show-toplevel [5ms]
2026-05-20 23:14:59.210 [info] > git rev-parse --show-toplevel [1ms]
2026-05-20 23:14:59.227 [info] > git status -z -uall [284ms]
2026-05-20 23:14:59.244 [info] > git rev-parse --show-toplevel [26ms]
2026-05-20 23:14:59.265 [info] > git for-each-ref --format=%(refname)%00%(upstream:short)%00%(objectname)%00%(upstream:track)%00%(upstream:remotename)%00%(upstream:remoteref) refs/heads/master refs/remotes/master [24ms]
2026-05-20 23:14:59.275 [info] > git config --get --local branch.master.vscode-merge-base [2ms]
2026-05-20 23:14:59.283 [info] > git rev-parse --show-toplevel [19ms]
2026-05-20 23:14:59.284 [info] > git config --get commit.template [27ms]
2026-05-20 23:14:59.295 [info] > git for-each-ref --format=%(refname)%00%(upstream:short)%00%(objectname)%00%(upstream:track)%00%(upstream:remotename)%00%(upstream:remoteref) refs/heads/origin/master refs/remotes/origin/master [12ms]
2026-05-20 23:14:59.311 [info] > git rev-parse --show-toplevel [17ms]
2026-05-20 23:14:59.323 [info] > git for-each-ref --format=%(refname)%00%(upstream:short)%00%(objectname)%00%(upstream:track)%00%(upstream:remotename)%00%(upstream:remoteref) refs/heads/master refs/remotes/master [12ms]
2026-05-20 23:14:59.323 [info] > git merge-base refs/heads/master refs/remotes/origin/master [20ms]
2026-05-20 23:14:59.331 [info] > git diff --name-status -z --diff-filter=ADMR --find-renames=50% 26ce11ea70fed40d5757bb85e68a09d85bf8be06...refs/remotes/origin/master -- [2ms]
2026-05-20 23:14:59.332 [info] > git rev-parse --show-toplevel [9ms]
2026-05-20 23:14:59.353 [info] > git status -z -uall [8ms]
2026-05-20 23:14:59.353 [info] > git rev-parse --show-toplevel [15ms]
2026-05-20 23:14:59.354 [info] [Model][doInitialScan] Initial repository scan completed - repositories (1), closed repositories (0), parent repositories (0), unsafe repositories (0)
2026-05-20 23:14:59.354 [info] > git for-each-ref --sort -committerdate --format %(refname)%00%(objectname)%00%(*objectname) [2ms]
2026-05-20 23:14:59.775 [info] > git fetch [1674ms]
2026-05-20 23:14:59.789 [info] > git config --get commit.template [6ms]
2026-05-20 23:14:59.790 [info] > git for-each-ref --format=%(refname)%00%(upstream:short)%00%(objectname)%00%(upstream:track)%00%(upstream:remotename)%00%(upstream:remoteref) refs/heads/master refs/remotes/master [1ms]
2026-05-20 23:14:59.810 [info] > git status -z -uall [11ms]
2026-05-20 23:14:59.811 [info] > git for-each-ref --sort -committerdate --format %(refname)%00%(objectname)%00%(*objectname) [2ms]
2026-05-20 23:15:21.654 [info] > git log --format=%H%n%aN%n%aE%n%at%n%ct%n%P%n%D%n%B -z --shortstat --diff-merges=first-parent -n50 --skip=0 --topo-order --decorate=full --stdin [296ms]
2026-05-20 23:15:21.716 [info] > git merge-base master origin/master [1ms]
2026-05-20 23:15:21.957 [info] > git check-ignore -v -z --stdin [1ms]
2026-05-20 23:15:33.828 [info] > git check-ignore -v -z --stdin [1ms]
2026-05-20 23:15:41.672 [info] > git check-ignore -v -z --stdin [2ms]
2026-05-20 23:15:42.930 [info] > git check-ignore -v -z --stdin [2ms]
2026-05-20 23:15:44.836 [info] > git check-ignore -v -z --stdin [2ms]
2026-05-20 23:15:47.327 [info] > git check-ignore -v -z --stdin [2ms]
2026-05-20 23:15:48.633 [info] > git check-ignore -v -z --stdin [2ms]
2026-05-20 23:15:49.824 [info] > git check-ignore -v -z --stdin [2ms]
2026-05-20 23:15:51.917 [info] > git check-ignore -v -z --stdin [2ms]
2026-05-20 23:15:52.874 [info] > git check-ignore -v -z --stdin [57ms]
2026-05-20 23:15:53.071 [info] > git show --textconv :knowledge/docs/notes.md [16ms]
2026-05-20 23:15:53.087 [info] > git ls-files --stage -- knowledge/docs/notes.md [18ms]
2026-05-20 23:15:53.102 [info] > git cat-file -s e69de29bb2d1d6434b8b29ae775ad8c2e48c5391 [4ms]
2026-05-20 23:15:53.984 [info] > git check-ignore -v -z --stdin [1ms]
2026-05-20 23:16:21.420 [info] > git check-ignore -v -z --stdin [1ms]
2026-05-20 23:18:00.606 [info] > git fetch [780ms]
2026-05-20 23:18:00.625 [info] > git config --get commit.template [9ms]
2026-05-20 23:18:00.625 [info] > git for-each-ref --format=%(refname)%00%(upstream:short)%00%(objectname)%00%(upstream:track)%00%(upstream:remotename)%00%(upstream:remoteref) refs/heads/master refs/remotes/master [1ms]
2026-05-20 23:18:00.649 [info] > git for-each-ref --sort -committerdate --format %(refname)%00%(objectname)%00%(*objectname) [2ms]
2026-05-20 23:18:00.652 [info] > git status -z -uall [16ms]
2026-05-20 23:18:01.689 [info] > git config --get commit.template [1ms]
2026-05-20 23:18:01.701 [info] > git for-each-ref --format=%(refname)%00%(upstream:short)%00%(objectname)%00%(upstream:track)%00%(upstream:remotename)%00%(upstream:remoteref) refs/heads/master refs/remotes/master [2ms]
2026-05-20 23:18:01.724 [info] > git for-each-ref --sort -committerdate --format %(refname)%00%(objectname)%00%(*objectname) [1ms]
2026-05-20 23:18:01.728 [info] > git status -z -uall [16ms]
2026-05-20 23:21:01.551 [info] > git fetch [883ms]
2026-05-20 23:21:01.576 [info] > git config --get commit.template [13ms]
2026-05-20 23:21:01.576 [info] > git for-each-ref --format=%(refname)%00%(upstream:short)%00%(objectname)%00%(upstream:track)%00%(upstream:remotename)%00%(upstream:remoteref) refs/heads/master refs/remotes/master [1ms]
2026-05-20 23:21:01.601 [info] > git for-each-ref --sort -committerdate --format %(refname)%00%(objectname)%00%(*objectname) [2ms]
2026-05-20 23:21:01.603 [info] > git status -z -uall [16ms]
2026-05-20 23:21:02.645 [info] > git config --get commit.template [13ms]
2026-05-20 23:21:02.645 [info] > git for-each-ref --format=%(refname)%00%(upstream:short)%00%(objectname)%00%(upstream:track)%00%(upstream:remotename)%00%(upstream:remoteref) refs/heads/master refs/remotes/master [1ms]
2026-05-20 23:21:02.671 [info] > git for-each-ref --sort -committerdate --format %(refname)%00%(objectname)%00%(*objectname) [2ms]
2026-05-20 23:21:02.673 [info] > git status -z -uall [16ms]
2026-05-20 23:24:02.470 [info] > git fetch [851ms]
2026-05-20 23:24:02.496 [info] > git config --get commit.template [14ms]
2026-05-20 23:24:02.496 [info] > git for-each-ref --format=%(refname)%00%(upstream:short)%00%(objectname)%00%(upstream:track)%00%(upstream:remotename)%00%(upstream:remoteref) refs/heads/master refs/remotes/master [2ms]
2026-05-20 23:24:02.521 [info] > git for-each-ref --sort -committerdate --format %(refname)%00%(objectname)%00%(*objectname) [1ms]
2026-05-20 23:24:02.524 [info] > git status -z -uall [17ms]
2026-05-20 23:24:03.552 [info] > git config --get commit.template [1ms]
2026-05-20 23:24:03.565 [info] > git for-each-ref --format=%(refname)%00%(upstream:short)%00%(objectname)%00%(upstream:track)%00%(upstream:remotename)%00%(upstream:remoteref) refs/heads/master refs/remotes/master [2ms]
2026-05-20 23:24:03.590 [info] > git for-each-ref --sort -committerdate --format %(refname)%00%(objectname)%00%(*objectname) [2ms]
2026-05-20 23:24:03.591 [info] > git status -z -uall [15ms]
2026-05-20 23:27:03.298 [info] > git fetch [758ms]
2026-05-20 23:27:03.322 [info] > git config --get commit.template [11ms]
2026-05-20 23:27:03.322 [info] > git for-each-ref --format=%(refname)%00%(upstream:short)%00%(objectname)%00%(upstream:track)%00%(upstream:remotename)%00%(upstream:remoteref) refs/heads/master refs/remotes/master [1ms]
2026-05-20 23:27:03.345 [info] > git for-each-ref --sort -committerdate --format %(refname)%00%(objectname)%00%(*objectname) [1ms]
2026-05-20 23:27:03.348 [info] > git status -z -uall [15ms]
2026-05-20 23:27:04.391 [info] > git config --get commit.template [12ms]
2026-05-20 23:27:04.392 [info] > git for-each-ref --format=%(refname)%00%(upstream:short)%00%(objectname)%00%(upstream:track)%00%(upstream:remotename)%00%(upstream:remoteref) refs/heads/master refs/remotes/master [1ms]
2026-05-20 23:27:04.415 [info] > git for-each-ref --sort -committerdate --format %(refname)%00%(objectname)%00%(*objectname) [2ms]
2026-05-20 23:27:04.418 [info] > git status -z -uall [16ms]
2026-05-20 23:30:04.180 [info] > git fetch [817ms]
2026-05-20 23:30:04.198 [info] > git config --get commit.template [8ms]
2026-05-20 23:30:04.199 [info] > git for-each-ref --format=%(refname)%00%(upstream:short)%00%(objectname)%00%(upstream:track)%00%(upstream:remotename)%00%(upstream:remoteref) refs/heads/master refs/remotes/master [1ms]
2026-05-20 23:30:04.219 [info] > git for-each-ref --sort -committerdate --format %(refname)%00%(objectname)%00%(*objectname) [2ms]
2026-05-20 23:30:04.225 [info] > git status -z -uall [17ms]
2026-05-20 23:30:05.276 [info] > git config --get commit.template [10ms]
2026-05-20 23:30:05.277 [info] > git for-each-ref --format=%(refname)%00%(upstream:short)%00%(objectname)%00%(upstream:track)%00%(upstream:remotename)%00%(upstream:remoteref) refs/heads/master refs/remotes/master [2ms]
2026-05-20 23:30:05.300 [info] > git for-each-ref --sort -committerdate --format %(refname)%00%(objectname)%00%(*objectname) [3ms]
2026-05-20 23:30:05.313 [info] > git status -z -uall [25ms]
