2026-05-17 17:20:39.183 [info] [main] Log level: Info
2026-05-17 17:20:39.183 [info] [main] Validating found git in: "git"
2026-05-17 17:20:39.183 [info] [main] Using git "2.53.0" from "git"
2026-05-17 17:20:39.183 [info] [Model][doInitialScan] Initial repository scan started
2026-05-17 17:20:39.183 [info] [Model][doInitialScan] Initial repository scan completed - repositories (0), closed repositories (0), parent repositories (0), unsafe repositories (0)
2026-05-17 17:20:46.464 [info] [main] Log level: Info
2026-05-17 17:20:46.464 [info] [main] Validating found git in: "git"
2026-05-17 17:20:46.464 [info] [main] Using git "2.53.0" from "git"
2026-05-17 17:20:46.464 [info] [Model][doInitialScan] Initial repository scan started
2026-05-17 17:20:46.464 [info] > git rev-parse --show-toplevel [292ms]
2026-05-17 17:20:46.492 [info] > git rev-parse --git-dir --git-common-dir --show-superproject-working-tree [20ms]
2026-05-17 17:20:46.505 [info] [Model][openRepository] Opened repository (path): /home/dev
2026-05-17 17:20:46.505 [info] [Model][openRepository] Opened repository (real path): /home/dev
2026-05-17 17:20:46.505 [info] [Model][openRepository] Opened repository (kind): repository
2026-05-17 17:20:46.531 [info] > git rev-parse --show-toplevel [10ms]
2026-05-17 17:20:46.532 [info] > git config --get commit.template [16ms]
2026-05-17 17:20:46.532 [info] > git fetch [27ms]
2026-05-17 17:20:46.849 [info] [Git][getRemotes] No remotes found in the git config file
2026-05-17 17:20:46.850 [info] > git config --get commit.template [303ms]
2026-05-17 17:20:46.850 [info] > git rev-parse --git-dir --git-common-dir --show-superproject-working-tree [309ms]
2026-05-17 17:20:46.860 [info] [Model][openRepository] Opened repository (path): /home/dev/Documents/Dev/Tradingview
2026-05-17 17:20:46.860 [info] [Model][openRepository] Opened repository (real path): /home/dev/Documents/Dev/Tradingview
2026-05-17 17:20:46.860 [info] [Model][openRepository] Opened repository (kind): repository
2026-05-17 17:20:46.897 [info] > git for-each-ref --format=%(refname)%00%(upstream:short)%00%(objectname)%00%(upstream:track)%00%(upstream:remotename)%00%(upstream:remoteref) refs/heads/feat/h-factor-os refs/remotes/feat/h-factor-os [48ms]
2026-05-17 17:20:46.918 [info] [Git][getRemotes] No remotes found in the git config file
2026-05-17 17:20:46.925 [info] > git for-each-ref --format=%(refname)%00%(upstream:short)%00%(objectname)%00%(upstream:track)%00%(upstream:remotename)%00%(upstream:remoteref) refs/heads/feat/h-factor-os refs/remotes/feat/h-factor-os [20ms]
2026-05-17 17:20:46.932 [info] > git rev-parse --show-toplevel [35ms]
2026-05-17 17:20:46.932 [info] > git config --get commit.template [42ms]
2026-05-17 17:20:46.941 [info] > git config --get --local branch.feat/h-factor-os.vscode-merge-base [10ms]
2026-05-17 17:20:46.941 [warning] [Git][config] git config failed: Failed to execute git
2026-05-17 17:20:46.947 [info] > git config --get commit.template [23ms]
2026-05-17 17:20:46.947 [info] > git for-each-ref --format=%(refname)%00%(upstream:short)%00%(objectname)%00%(upstream:track)%00%(upstream:remotename)%00%(upstream:remoteref) refs/heads/feat/h-factor-os refs/remotes/feat/h-factor-os [30ms]
2026-05-17 17:20:46.963 [info] > git reflog feat/h-factor-os --grep-reflog=branch: Created from *. [16ms]
2026-05-17 17:20:46.968 [info] > git rev-parse --show-toplevel [28ms]
2026-05-17 17:20:46.970 [info] [Model][doInitialScan] Initial repository scan completed - repositories (2), closed repositories (0), parent repositories (0), unsafe repositories (0)
2026-05-17 17:20:46.971 [info] [Git][getRemotes] No remotes found in the git config file
2026-05-17 17:20:46.977 [info] > git reflog HEAD --grep-reflog=checkout: moving from .* to feat/h-factor-os [8ms]
2026-05-17 17:20:46.982 [info] > git for-each-ref --format=%(refname)%00%(upstream:short)%00%(objectname)%00%(upstream:track)%00%(upstream:remotename)%00%(upstream:remoteref) refs/heads/lightweight-charts refs/remotes/lightweight-charts [20ms]
2026-05-17 17:20:47.005 [info] > git for-each-ref --format=%(refname)%00%(upstream:short)%00%(objectname)%00%(upstream:track)%00%(upstream:remotename)%00%(upstream:remoteref) refs/heads/master refs/remotes/master [23ms]
2026-05-17 17:20:47.006 [info] > git for-each-ref --format=%(refname)%00%(upstream:short)%00%(objectname)%00%(upstream:track)%00%(upstream:remotename)%00%(upstream:remoteref) refs/heads/feat/h-factor-os refs/remotes/feat/h-factor-os [30ms]
2026-05-17 17:20:47.025 [info] > git for-each-ref --sort -committerdate --format %(refname)%00%(objectname)%00%(*objectname) [7ms]
2026-05-17 17:20:47.038 [info] > git status -z -uall [6ms]
2026-05-17 17:20:47.045 [info] > git for-each-ref --sort -committerdate --format %(refname)%00%(objectname)%00%(*objectname) [8ms]
2026-05-17 17:20:47.063 [info] > git for-each-ref --format=%(refname)%00%(upstream:short)%00%(objectname)%00%(upstream:track)%00%(upstream:remotename)%00%(upstream:remoteref) refs/heads/lightweight-charts refs/remotes/lightweight-charts [10ms]
2026-05-17 17:20:47.075 [info] > git config --get --local branch.lightweight-charts.vscode-merge-base [7ms]
2026-05-17 17:20:47.081 [info] > git config --get commit.template [18ms]
2026-05-17 17:20:47.083 [info] > git for-each-ref --format=%(refname)%00%(upstream:short)%00%(objectname)%00%(upstream:track)%00%(upstream:remotename)%00%(upstream:remoteref) refs/heads/origin/main refs/remotes/origin/main [2ms]
2026-05-17 17:20:47.095 [info] > git merge-base refs/heads/lightweight-charts refs/remotes/origin/lightweight-charts [7ms]
2026-05-17 17:20:47.102 [info] > git for-each-ref --format=%(refname)%00%(upstream:short)%00%(objectname)%00%(upstream:track)%00%(upstream:remotename)%00%(upstream:remoteref) refs/heads/lightweight-charts refs/remotes/lightweight-charts [8ms]
2026-05-17 17:20:47.103 [info] > git diff --name-status -z --diff-filter=ADMR --find-renames=50% 7fa9b5e2bc81860681d1228680aaf777458b348b...refs/remotes/origin/lightweight-charts -- [2ms]
2026-05-17 17:20:47.123 [info] > git status -z -uall [6ms]
2026-05-17 17:20:47.138 [info] > git for-each-ref --sort -committerdate --format %(refname)%00%(objectname)%00%(*objectname) [16ms]
2026-05-17 17:20:48.144 [info] > git status -z -uall [1132ms] (cancelled)
2026-05-17 17:20:48.145 [info] > git check-ignore -v -z --stdin [26ms]
2026-05-17 17:20:49.205 [info] > git fetch [2346ms]
2026-05-17 17:20:49.222 [info] > git config --get commit.template [9ms]
2026-05-17 17:20:49.223 [info] > git for-each-ref --format=%(refname)%00%(upstream:short)%00%(objectname)%00%(upstream:track)%00%(upstream:remotename)%00%(upstream:remoteref) refs/heads/lightweight-charts refs/remotes/lightweight-charts [1ms]
2026-05-17 17:20:49.244 [info] > git status -z -uall [11ms]
2026-05-17 17:20:49.245 [info] > git for-each-ref --sort -committerdate --format %(refname)%00%(objectname)%00%(*objectname) [2ms]
