2026-05-17 17:21:18.146 [info] [main] Log level: Info
2026-05-17 17:21:18.146 [info] [main] Validating found git in: "git"
2026-05-17 17:21:18.146 [info] [main] Using git "2.53.0" from "git"
2026-05-17 17:21:18.146 [info] [Model][doInitialScan] Initial repository scan started
2026-05-17 17:21:18.146 [info] > git rev-parse --show-toplevel [285ms]
2026-05-17 17:21:18.146 [info] > git rev-parse --git-dir --git-common-dir --show-superproject-working-tree [21ms]
2026-05-17 17:21:18.146 [info] [Model][openRepository] Opened repository (path): /home/dev
2026-05-17 17:21:18.146 [info] [Model][openRepository] Opened repository (real path): /home/dev
2026-05-17 17:21:18.146 [info] [Model][openRepository] Opened repository (kind): repository
2026-05-17 17:21:18.147 [info] > git rev-parse --show-toplevel [17ms]
2026-05-17 17:21:18.147 [info] > git config --get commit.template [23ms]
2026-05-17 17:21:18.147 [info] > git fetch [32ms]
2026-05-17 17:21:18.167 [info] [Git][getRemotes] No remotes found in the git config file
2026-05-17 17:21:18.169 [info] > git config --get commit.template [7ms]
2026-05-17 17:21:18.169 [info] > git rev-parse --git-dir --git-common-dir --show-superproject-working-tree [14ms]
2026-05-17 17:21:18.178 [info] [Model][openRepository] Opened repository (path): /home/dev/Documents/Dev/Tradingview
2026-05-17 17:21:18.178 [info] [Model][openRepository] Opened repository (real path): /home/dev/Documents/Dev/Tradingview
2026-05-17 17:21:18.178 [info] [Model][openRepository] Opened repository (kind): repository
2026-05-17 17:21:18.183 [info] [Git][getRemotes] No remotes found in the git config file
2026-05-17 17:21:18.194 [info] > git for-each-ref --format=%(refname)%00%(upstream:short)%00%(objectname)%00%(upstream:track)%00%(upstream:remotename)%00%(upstream:remoteref) refs/heads/feat/h-factor-os refs/remotes/feat/h-factor-os [27ms]
2026-05-17 17:21:18.482 [info] > git for-each-ref --format=%(refname)%00%(upstream:short)%00%(objectname)%00%(upstream:track)%00%(upstream:remotename)%00%(upstream:remoteref) refs/heads/feat/h-factor-os refs/remotes/feat/h-factor-os [279ms]
2026-05-17 17:21:18.487 [info] > git rev-parse --show-toplevel [293ms]
2026-05-17 17:21:18.487 [info] > git config --get commit.template [298ms]
2026-05-17 17:21:18.487 [info] > git for-each-ref --format=%(refname)%00%(upstream:short)%00%(objectname)%00%(upstream:track)%00%(upstream:remotename)%00%(upstream:remoteref) refs/heads/feat/h-factor-os refs/remotes/feat/h-factor-os [304ms]
2026-05-17 17:21:18.518 [info] > git config --get --local branch.feat/h-factor-os.vscode-merge-base [31ms]
2026-05-17 17:21:18.519 [warning] [Git][config] git config failed: Failed to execute git
2026-05-17 17:21:18.525 [info] > git config --get commit.template [44ms]
2026-05-17 17:21:18.538 [info] > git reflog feat/h-factor-os --grep-reflog=branch: Created from *. [13ms]
2026-05-17 17:21:18.542 [info] > git rev-parse --show-toplevel [24ms]
2026-05-17 17:21:18.544 [info] [Model][doInitialScan] Initial repository scan completed - repositories (2), closed repositories (0), parent repositories (0), unsafe repositories (0)
2026-05-17 17:21:18.714 [info] [Git][getRemotes] No remotes found in the git config file
2026-05-17 17:21:18.734 [info] > git reflog HEAD --grep-reflog=checkout: moving from .* to feat/h-factor-os [192ms]
2026-05-17 17:21:18.740 [info] > git for-each-ref --format=%(refname)%00%(upstream:short)%00%(objectname)%00%(upstream:track)%00%(upstream:remotename)%00%(upstream:remoteref) refs/heads/lightweight-charts refs/remotes/lightweight-charts [203ms]
2026-05-17 17:21:18.843 [info] > git for-each-ref --format=%(refname)%00%(upstream:short)%00%(objectname)%00%(upstream:track)%00%(upstream:remotename)%00%(upstream:remoteref) refs/heads/master refs/remotes/master [103ms]
2026-05-17 17:21:18.844 [info] > git for-each-ref --format=%(refname)%00%(upstream:short)%00%(objectname)%00%(upstream:track)%00%(upstream:remotename)%00%(upstream:remoteref) refs/heads/feat/h-factor-os refs/remotes/feat/h-factor-os [131ms]
2026-05-17 17:21:18.879 [info] > git for-each-ref --sort -committerdate --format %(refname)%00%(objectname)%00%(*objectname) [21ms]
2026-05-17 17:21:18.899 [info] > git status -z -uall [10ms]
2026-05-17 17:21:18.913 [info] > git for-each-ref --sort -committerdate --format %(refname)%00%(objectname)%00%(*objectname) [17ms]
2026-05-17 17:21:18.941 [info] > git for-each-ref --format=%(refname)%00%(upstream:short)%00%(objectname)%00%(upstream:track)%00%(upstream:remotename)%00%(upstream:remoteref) refs/heads/lightweight-charts refs/remotes/lightweight-charts [11ms]
2026-05-17 17:21:18.982 [info] > git config --get --local branch.lightweight-charts.vscode-merge-base [35ms]
2026-05-17 17:21:18.988 [info] > git config --get commit.template [47ms]
2026-05-17 17:21:19.017 [info] > git for-each-ref --format=%(refname)%00%(upstream:short)%00%(objectname)%00%(upstream:track)%00%(upstream:remotename)%00%(upstream:remoteref) refs/heads/origin/main refs/remotes/origin/main [29ms]
2026-05-17 17:21:19.069 [info] > git check-ignore -v -z --stdin [38ms]
2026-05-17 17:21:19.069 [info] > git check-ignore -v -z --stdin [31ms]
2026-05-17 17:21:19.070 [info] > git merge-base refs/heads/lightweight-charts refs/remotes/origin/lightweight-charts [46ms]
2026-05-17 17:21:19.079 [info] > git diff --name-status -z --diff-filter=ADMR --find-renames=50% 7fa9b5e2bc81860681d1228680aaf777458b348b...refs/remotes/origin/lightweight-charts -- [3ms]
2026-05-17 17:21:19.079 [info] > git for-each-ref --format=%(refname)%00%(upstream:short)%00%(objectname)%00%(upstream:track)%00%(upstream:remotename)%00%(upstream:remoteref) refs/heads/lightweight-charts refs/remotes/lightweight-charts [20ms]
2026-05-17 17:21:19.105 [info] > git status -z -uall [17ms]
2026-05-17 17:21:19.138 [info] > git for-each-ref --sort -committerdate --format %(refname)%00%(objectname)%00%(*objectname) [45ms]
2026-05-17 17:21:20.074 [info] > git status -z -uall [1224ms] (cancelled)
2026-05-17 17:21:20.111 [info] > git check-ignore -v -z --stdin [39ms]
2026-05-17 17:21:21.121 [info] > git fetch [2944ms]
2026-05-17 17:21:21.146 [info] > git config --get commit.template [9ms]
2026-05-17 17:21:21.147 [info] > git for-each-ref --format=%(refname)%00%(upstream:short)%00%(objectname)%00%(upstream:track)%00%(upstream:remotename)%00%(upstream:remoteref) refs/heads/lightweight-charts refs/remotes/lightweight-charts [2ms]
2026-05-17 17:21:21.167 [info] > git status -z -uall [9ms]
2026-05-17 17:21:21.167 [info] > git for-each-ref --sort -committerdate --format %(refname)%00%(objectname)%00%(*objectname) [2ms]
